Component: ARM Compiler 5.06 update 5 (build 528) Tool: armlink [4d35e2]

==============================================================================

Section Cross References

    adc.o(.text) refers to interrupt.o(.text) for IntRegister
    adc.o(.text) refers to adc.o(.data) for g_pui8OversampleFactor
    aes.o(.text) refers to interrupt.o(.text) for IntRegister
    can.o(.text) refers to interrupt.o(.text) for IntRegister
    can.o(.text) refers to can.o(.constdata) for g_ui16CANBitValues
    comp.o(.text) refers to interrupt.o(.text) for IntRegister
    des.o(.text) refers to interrupt.o(.text) for IntRegister
    eeprom.o(.text) refers to sysctl.o(.emb_text) for SysCtlDelay
    eeprom.o(.text) refers to sysctl.o(.text) for SysCtlPeripheralReset
    emac.o(.text) refers to sysctl.o(.text) for SysCtlPeripheralReset
    emac.o(.text) refers to sysctl.o(.emb_text) for SysCtlDelay
    emac.o(.text) refers to sw_crc.o(.text) for Crc32
    emac.o(.text) refers to interrupt.o(.text) for IntRegister
    emac.o(.text) refers to emac.o(.constdata) for g_pi16MIIClockDiv
    epi.o(.text) refers to interrupt.o(.text) for IntRegister
    flash.o(.text) refers to interrupt.o(.text) for IntRegister
    flash.o(.text) refers to flash.o(.constdata) for g_pui32FMPRERegs
    gpio.o(.text) refers to interrupt.o(.text) for IntRegister
    gpio.o(.text) refers to gpio.o(.constdata) for g_ppui32GPIOIntMapBlizzard
    hibernate.o(.text) refers to interrupt.o(.text) for IntRegister
    i2c.o(.text) refers to interrupt.o(.text) for IntRegister
    i2c.o(.text) refers to i2c.o(.constdata) for g_ppui32I2CIntMap
    interrupt.o(.text) refers to cpu.o(.emb_text) for CPUcpsie
    interrupt.o(.text) refers to interrupt.o(vtable) for g_pfnRAMVectors
    interrupt.o(.text) refers to interrupt.o(.constdata) for g_pui32Priority
    lcd.o(.text) refers to sysctl.o(.emb_text) for SysCtlDelay
    lcd.o(.text) refers to interrupt.o(.text) for IntRegister
    mpu.o(.text) refers to interrupt.o(.text) for IntRegister
    pwm.o(.text) refers to interrupt.o(.text) for IntRegister
    qei.o(.text) refers to interrupt.o(.text) for IntRegister
    shamd5.o(.text) refers to interrupt.o(.text) for IntRegister
    ssi.o(.text) refers to interrupt.o(.text) for IntRegister
    ssi.o(.text) refers to ssi.o(.constdata) for g_ppui32SSIIntMap
    sw_crc.o(.text) refers to sw_crc.o(.constdata) for g_pui8Crc8CCITT
    sysctl.o(.text) refers to interrupt.o(.text) for IntRegister
    sysctl.o(.text) refers to sysctl.o(.constdata) for g_sXTALtoMEMTIM
    sysctl.o(.text) refers to cpu.o(.emb_text) for CPUwfi
    sysctl.o(.text) refers to sysctl.o(.emb_text) for SysCtlDelay
    sysexc.o(.text) refers to interrupt.o(.text) for IntRegister
    systick.o(.text) refers to interrupt.o(.text) for IntRegister
    timer.o(.text) refers to interrupt.o(.text) for IntRegister
    timer.o(.text) refers to timer.o(.constdata) for g_ppui32TimerIntMap
    uart.o(.text) refers to interrupt.o(.text) for IntRegister
    uart.o(.text) refers to uart.o(.constdata) for g_ppui32UARTIntMap
    udma.o(.text) refers to interrupt.o(.text) for IntRegister
    usb.o(.text) refers to interrupt.o(.text) for IntRegister
    watchdog.o(.text) refers to interrupt.o(.text) for IntRegister
    led.o(.text) refers to sysctl.o(.text) for SysCtlPeripheralEnable
    led.o(.text) refers to gpio.o(.text) for GPIOPinTypeGPIOOutput
    oled.o(.text) refers to gpio.o(.text) for GPIOPinWrite
    oled.o(.text) refers to sysctl.o(.text) for SysCtlPeripheralEnable
    oled.o(.text) refers to dflti.o(.text) for __aeabi_i2d
    oled.o(.text) refers to atan2.o(i.__hardfp_atan2) for __hardfp_atan2
    oled.o(.text) refers to ddiv.o(.text) for __aeabi_ddiv
    oled.o(.text) refers to dmul.o(.text) for __aeabi_dmul
    oled.o(.text) refers to dfixi.o(.text) for __aeabi_d2iz
    oled.o(.text) refers to oled.o(.bss) for OLED_DisplayBuf
    oled.o(.text) refers to cdrcmple.o(.text) for __aeabi_cdrcmple
    oled.o(.text) refers to dfixui.o(.text) for __aeabi_d2uiz
    oled.o(.text) refers to dfltui.o(.text) for __aeabi_ui2d
    oled.o(.text) refers to dadd.o(.text) for __aeabi_drsub
    oled.o(.text) refers to oled_data.o(.constdata) for OLED_F8x16
    oled.o(.text) refers to round.o(i.__hardfp_round) for __hardfp_round
    oled.o(.text) refers to strcmp.o(.text) for strcmp
    oled.o(.text) refers to printfa.o(i.__0vsprintf) for vsprintf
    oled.o(.text) refers to d2f.o(.text) for __aeabi_d2f
    oled.o(.text) refers to cdcmple.o(.text) for __aeabi_cdcmple
    serial.o(.text) refers to uart.o(.text) for UARTCharPut
    serial.o(.text) refers to sysctl.o(.text) for SysCtlClockGet
    serial.o(.text) refers to main.o(.text) for ROM_UART1IntHandler
    serial.o(.text) refers to tof.o(.text) for ROM_UART6IntHandler
    serial.o(.text) refers to gpio.o(.text) for GPIOPinConfigure
    serial.o(.text) refers to interrupt.o(.text) for IntPrioritySet
    timer_user.o(.text) refers to sysctl.o(.text) for SysCtlClockGet
[...]
    atan_x.o(i.____softfp_atan$lsc) refers (Special) to iusefp.o(.text) for __I$use$fp
    atan_x.o(i.____softfp_atan$lsc) refers to atan_x.o(i.____hardfp_atan$lsc) for ____hardfp_atan$lsc
    atan_x.o(i.__atan$lsc) refers (Special) to iusefp.o(.text) for __I$use$fp
    atan_x.o(i.__atan$lsc) refers to atan_x.o(i.____hardfp_atan$lsc) for ____hardfp_atan$lsc
    atan_x.o(.constdata) refers (Special) to iusefp.o(.text) for __I$use$fp
    dunder.o(i.__mathlib_dbl_divzero) refers to ddiv.o(.text) for __aeabi_ddiv
    dunder.o(i.__mathlib_dbl_infnan) refers to dadd.o(.text) for __aeabi_dadd
    dunder.o(i.__mathlib_dbl_infnan2) refers to dadd.o(.text) for __aeabi_dadd
    dunder.o(i.__mathlib_dbl_invalid) refers to ddiv.o(.text) for __aeabi_ddiv
    dunder.o(i.__mathlib_dbl_overflow) refers to dmul.o(.text) for __aeabi_dmul
    dunder.o(i.__mathlib_dbl_posinfnan) refers to dmul.o(.text) for __aeabi_dmul
    dunder.o(i.__mathlib_dbl_underflow) refers to dmul.o(.text) for __aeabi_dmul
    fabs.o(i.__hardfp_fabs) refers (Special) to iusefp.o(.text) for __I$use$fp
    fabs.o(i.__softfp_fabs) refers (Special) to iusefp.o(.text) for __I$use$fp
    fabs.o(i.fabs) refers (Special) to iusefp.o(.text) for __I$use$fp
    qnan.o(.constdata) refers (Special) to iusefp.o(.text) for __I$use$fp
    entry2.o(.ARM.Collect$$$$00000001) refers to entry2.o(.ARM.Collect$$$$00002712) for __lit__00000000
    entry2.o(.ARM.Collect$$$$00002712) refers to startup_rvmdk.o(STACK) for __initial_sp
    entry2.o(__vectab_stack_and_reset_area) refers to startup_rvmdk.o(STACK) for __initial_sp
    entry2.o(__vectab_stack_and_reset_area) refers to entry.o(.ARM.Collect$$$$00000000) for __main
    entry5.o(.ARM.Collect$$$$00000004) refers to init.o(.text) for __scatterload
    entry9a.o(.ARM.Collect$$$$0000000B) refers to main.o(.text) for main
    entry9b.o(.ARM.Collect$$$$0000000C) refers to main.o(.text) for main
    uldiv.o(.text) refers to llushr.o(.text) for __aeabi_llsr
    uldiv.o(.text) refers to llshl.o(.text) for __aeabi_llsl
    errno.o(i.__aeabi_errno_addr) refers to errno.o(.data) for .data
    errno.o(i.__read_errno) refers to errno.o(.data) for .data
    errno.o(i.__set_errno) refers to errno.o(.data) for .data
    depilogue.o(.text) refers to llshl.o(.text) for __aeabi_llsl
    depilogue.o(.text) refers to llushr.o(.text) for __aeabi_llsr
    drnd.o(.text) refers to llshl.o(.text) for __aeabi_llsl
    drnd.o(.text) refers to llushr.o(.text) for __aeabi_llsr
    drnd.o(.text) refers to depilogue.o(.text) for _double_round
    dfixul.o(.text) refers to llushr.o(.text) for __aeabi_llsr
    dfixul.o(.text) refers to llshl.o(.text) for __aeabi_llsl
    fpclassify.o(i.__ARM_fpclassify) refers (Special) to iusefp.o(.text) for __I$use$fp
    poly.o(i.__kernel_poly) refers (Special) to iusefp.o(.text) for __I$use$fp
    poly.o(i.__kernel_poly) refers to dmul.o(.text) for __aeabi_dmul
    poly.o(i.__kernel_poly) refers to dadd.o(.text) for __aeabi_dadd
    init.o(.text) refers to entry5.o(.ARM.Collect$$$$00000004) for __main_after_scatterload


==============================================================================

Removing Unused input sections from the image.

    Removing adc.o(.text), (964 bytes).
    Removing adc.o(.data), (3 bytes).
    Removing aes.o(.text), (864 bytes).
    Removing can.o(.text), (1628 bytes).
    Removing can.o(.constdata), (32 bytes).
    Removing comp.o(.text), (162 bytes).
    Removing crc.o(.text), (102 bytes).
    Removing des.o(.text), (448 bytes).
    Removing eeprom.o(.text), (892 bytes).
    Removing emac.o(.text), (2044 bytes).
    Removing emac.o(.constdata), (24 bytes).
    Removing epi.o(.text), (800 bytes).
    Removing flash.o(.text), (616 bytes).
    Removing flash.o(.constdata), (128 bytes).
    Removing fpu.o(.text), (164 bytes).
    Removing hibernate.o(.text), (2004 bytes).
    Removing i2c.o(.text), (904 bytes).
    Removing i2c.o(.constdata), (128 bytes).
    Removing lcd.o(.text), (832 bytes).
    Removing mpu.o(.text), (180 bytes).
    Removing qei.o(.text), (288 bytes).
    Removing shamd5.o(.text), (832 bytes).
    Removing ssi.o(.text), (488 bytes).
    Removing ssi.o(.constdata), (64 bytes).
    Removing sw_crc.o(.text), (724 bytes).
    Removing sw_crc.o(.constdata), (1792 bytes).
    Removing sysexc.o(.text), (156 bytes).
    Removing udma.o(.text), (812 bytes).
    Removing usb.o(.text), (3742 bytes).
    Removing watchdog.o(.text), (200 bytes).
    Removing adc_user.o(.text), (352 bytes).
    Removing adc_user.o(.bss), (72 bytes).
    Removing adc_user.o(.data), (4 bytes).
    Removing uartstdio.o(.text), (952 bytes).
    Removing uartstdio.o(.constdata), (28 bytes).
    Removing uartstdio.o(.conststring), (17 bytes).
    Removing uartstdio.o(.data), (5 bytes).
    Removing startup_rvmdk.o(HEAP), (0 bytes).
    Removing startup_rvmdk.o(.text), (0 bytes).
    Removing dneg.o(.text), (6 bytes).
    Removing epi.o(i.EPIWorkaroundWordWrite), (12 bytes).
    Removing epi.o(i.EPIWorkaroundWordRead), (14 bytes).
    Removing epi.o(i.EPIWorkaroundHWordWrite), (12 bytes).
    Removing epi.o(i.EPIWorkaroundByteWrite), (12 bytes).
    Removing epi.o(i.EPIWorkaroundByteRead), (14 bytes).

45 unused section(s) (total 23517 bytes) removed from the image.

==============================================================================

Image Symbol Table

    Local Symbols

    Symbol Name                              Value     Ov Type        Size  Object(Section)

    RESET                                    0x00000000   Section      648  startup_rvmdk.o(RESET)
    ../clib/../cmprslib/zerorunl.c           0x00000000   Number         0  __dczerorl.o ABSOLUTE
    ../clib/microlib/division.c              0x00000000   Number         0  uldiv.o ABSOLUTE
    ../clib/microlib/division.c              0x00000000   Number         0  uidiv.o ABSOLUTE
    ../clib/microlib/errno.c                 0x00000000   Number         0  errno.o ABSOLUTE
    ../clib/microlib/init/entry.s            0x00000000   Number         0  entry11b.o ABSOLUTE
    ../clib/microlib/init/entry.s            0x00000000   Number         0  entry5.o ABSOLUTE
    ../clib/microlib/init/entry.s            0x00000000   Number         0  entry7b.o ABSOLUTE
    ../clib/microlib/init/entry.s            0x00000000   Number         0  entry8a.o ABSOLUTE
    ../clib/microlib/init/entry.s            0x00000000   Number         0  entry8b.o ABSOLUTE
    ../clib/microlib/init/entry.s            0x00000000   Number         0  entry9a.o ABSOLUTE
    ../clib/microlib/init/entry.s            0x00000000   Number         0  entry9b.o ABSOLUTE
    ../clib/microlib/init/entry.s            0x00000000   Number         0  entry.o ABSOLUTE
    ../clib/microlib/init/entry.s            0x00000000   Number         0  entry2.o ABSOLUTE
    ../clib/microlib/init/entry.s            0x00000000   Number         0  entry10a.o ABSOLUTE
    ../clib/microlib/init/entry.s            0x00000000   Number         0  entry7a.o ABSOLUTE
    ../clib/microlib/init/entry.s            0x00000000   Number         0  entry10b.o ABSOLUTE
    ../clib/microlib/init/entry.s            0x00000000   Number         0  entry11a.o ABSOLUTE
    ../clib/microlib/longlong.c              0x00000000   Number         0  llsshr.o ABSOLUTE
    ../clib/microlib/longlong.c              0x00000000   Number         0  llshl.o ABSOLUTE
    ../clib/microlib/longlong.c              0x00000000   Number         0  llushr.o ABSOLUTE
    ../clib/microlib/printf/printf.c         0x00000000   Number         0  printfa.o ABSOLUTE
    ../clib/microlib/stdio/streams.c         0x00000000   Number         0  stdout.o ABSOLUTE
    ../clib/microlib/string/memset.c         0x00000000   Number         0  memseta.o ABSOLUTE
    ../clib/microlib/string/strcmp.c         0x00000000   Number         0  strcmp.o ABSOLUTE
    ../clib/microlib/string/strstr.c         0x00000000   Number         0  strstr.o ABSOLUTE
    ../clib/microlib/stubs.s                 0x00000000   Number         0  iusefp.o ABSOLUTE
    ../fplib/microlib/d2f.c                  0x00000000   Number         0  d2f.o ABSOLUTE
    ../fplib/microlib/fpadd.c                0x00000000   Number         0  dadd.o ABSOLUTE
    ../fplib/microlib/fpdiv.c                0x00000000   Number         0  ddiv.o ABSOLUTE
    ../fplib/microlib/fpepilogue.c           0x00000000   Number         0  depilogue.o ABSOLUTE
    ../fplib/microlib/fpepilogue.c           0x00000000   Number         0  fepilogue.o ABSOLUTE
    ../fplib/microlib/fpfix.c                0x00000000   Number         0  dfixui.o ABSOLUTE
    ../fplib/microlib/fpfix.c                0x00000000   Number         0  dfixul.o ABSOLUTE
    ../fplib/microlib/fpfix.c                0x00000000   Number         0  dfixi.o ABSOLUTE
    ../fplib/microlib/fpflt.c                0x00000000   Number         0  dflti.o ABSOLUTE
    ../fplib/microlib/fpflt.c                0x00000000   Number         0  dfltui.o ABSOLUTE
    ../fplib/microlib/fpmul.c                0x00000000   Number         0  dmul.o ABSOLUTE
    ../fplib/microlib/fpneg.c                0x00000000   Number         0  dneg.o ABSOLUTE
    ../fplib/microlib/fprnd.c                0x00000000   Number         0  drnd.o ABSOLUTE
    ../mathlib/atan.c                        0x00000000   Number         0  atan.o ABSOLUTE
    ../mathlib/atan.c                        0x00000000   Number         0  atan_x.o ABSOLUTE
    ../mathlib/atan2.c                       0x00000000   Number         0  atan2_x.o ABSOLUTE
    ../mathlib/atan2.c                       0x00000000   Number         0  atan2.o ABSOLUTE
    ../mathlib/dunder.c                      0x00000000   Number         0  dunder.o ABSOLUTE
    ../mathlib/fabs.c                        0x00000000   Number         0  fabs.o ABSOLUTE
    ../mathlib/fpclassify.c                  0x00000000   Number         0  fpclassify.o ABSOLUTE
    ../mathlib/poly.c                        0x00000000   Number         0  poly.o ABSOLUTE
    ../mathlib/qnan.c                        0x00000000   Number         0  qnan.o ABSOLUTE
    ../mathlib/round.c                       0x00000000   Number         0  round.o ABSOLUTE
    ..\..\Drivers\SystickTime.c              0x00000000   Number         0  systicktime.o ABSOLUTE
    ..\..\Hardware\ADC_user.c                0x00000000   Number         0  adc_user.o ABSOLUTE
    ..\..\Hardware\ButtonsInterrupt.c        0x00000000   Number         0  buttonsinterrupt.o ABSOLUTE
    ..\..\Hardware\LED.c                     0x00000000   Number         0  led.o ABSOLUTE
    ..\..\Hardware\Motor.c                   0x00000000   Number         0  motor.o ABSOLUTE
    ..\..\Hardware\OLED.c                    0x00000000   Number         0  oled.o ABSOLUTE
    ..\..\Hardware\OLED_Data.c               0x00000000   Number         0  oled_data.o ABSOLUTE
    ..\..\Hardware\PID.c                     0x00000000   Number         0  pid.o ABSOLUTE
    ..\..\Hardware\PWM_user.c                0x00000000   Number         0  pwm_user.o ABSOLUTE
    ..\..\Hardware\Serial.c                  0x00000000   Number         0  serial.o ABSOLUTE
    ..\..\Hardware\Timer_user.c              0x00000000   Number         0  timer_user.o ABSOLUTE
    ..\..\Hardware\Tof.c                     0x00000000   Number         0  tof.o ABSOLUTE
    ..\..\Libraries\driverlib\adc.c          0x00000000   Number         0  adc.o ABSOLUTE
    ..\..\Libraries\driverlib\aes.c          0x00000000   Number         0  aes.o ABSOLUTE
    ..\..\Libraries\driverlib\can.c          0x00000000   Number         0  can.o ABSOLUTE
    ..\..\Libraries\driverlib\comp.c         0x00000000   Number         0  comp.o ABSOLUTE
    ..\..\Libraries\driverlib\cpu.c          0x00000000   Number         0  cpu.o ABSOLUTE
    ..\..\Libraries\driverlib\crc.c          0x00000000   Number         0  crc.o ABSOLUTE
    ..\..\Libraries\driverlib\des.c          0x00000000   Number         0  des.o ABSOLUTE
    ..\..\Libraries\driverlib\eeprom.c       0x00000000   Number         0  eeprom.o ABSOLUTE
    ..\..\Libraries\driverlib\emac.c         0x00000000   Number         0  emac.o ABSOLUTE
    ..\..\Libraries\driverlib\epi.c          0x00000000   Number         0  epi.o ABSOLUTE
    ..\..\Libraries\driverlib\flash.c        0x00000000   Number         0  flash.o ABSOLUTE
    ..\..\Libraries\driverlib\fpu.c          0x00000000   Number         0  fpu.o ABSOLUTE
    ..\..\Libraries\driverlib\gpio.c         0x00000000   Number         0  gpio.o ABSOLUTE
    ..\..\Libraries\driverlib\hibernate.c    0x00000000   Number         0  hibernate.o ABSOLUTE
    ..\..\Libraries\driverlib\i2c.c          0x00000000   Number         0  i2c.o ABSOLUTE
    ..\..\Libraries\driverlib\interrupt.c    0x00000000   Number         0  interrupt.o ABSOLUTE
    ..\..\Libraries\driverlib\lcd.c          0x00000000   Number         0  lcd.o ABSOLUTE
    ..\..\Libraries\driverlib\mpu.c          0x00000000   Number         0  mpu.o ABSOLUTE
    ..\..\Libraries\driverlib\pwm.c          0x00000000   Number         0  pwm.o ABSOLUTE
    ..\..\Libraries\driverlib\qei.c          0x00000000   Number         0  qei.o ABSOLUTE
    ..\..\Libraries\driverlib\shamd5.c       0x00000000   Number         0  shamd5.o ABSOLUTE
    ..\..\Libraries\driverlib\ssi.c          0x00000000   Number         0  ssi.o ABSOLUTE
    ..\..\Libraries\driverlib\sw_crc.c       0x00000000   Number         0  sw_crc.o ABSOLUTE
    ..\..\Libraries\driverlib\sysctl.c       0x00000000   Number         0  sysctl.o ABSOLUTE
    ..\..\Libraries\driverlib\sysexc.c       0x00000000   Number         0  sysexc.o ABSOLUTE
    ..\..\Libraries\driverlib\systick.c      0x00000000   Number         0  systick.o ABSOLUTE
    ..\..\Libraries\driverlib\timer.c        0x00000000   Number         0  timer.o ABSOLUTE
    ..\..\Libraries\driverlib\uart.c         0x00000000   Number         0  uart.o ABSOLUTE
    ..\..\Libraries\driverlib\udma.c         0x00000000   Number         0  udma.o ABSOLUTE
    ..\..\Libraries\driverlib\usb.c          0x00000000   Number         0  usb.o ABSOLUTE
    ..\..\Libraries\driverlib\watchdog.c     0x00000000   Number         0  watchdog.o ABSOLUTE
    ..\..\Libraries\utils\uartstdio.c        0x00000000   Number         0  uartstdio.o ABSOLUTE
    ..\..\User\main.c                        0x00000000   Number         0  main.o ABSOLUTE
    ..\..\User\startup_rvmdk.S               0x00000000   Number         0  startup_rvmdk.o ABSOLUTE
    ..\\..\\Libraries\\driverlib\\cpu.c      0x00000000   Number         0  cpu.o ABSOLUTE
    ..\\..\\Libraries\\driverlib\\sysctl.c   0x00000000   Number         0  sysctl.o ABSOLUTE
    cdcmple.s                                0x00000000   Number         0  cdcmple.o ABSOLUTE
    cdrcmple.s                               0x00000000   Number         0  cdrcmple.o ABSOLUTE
    dc.s                                     0x00000000   Number         0  dc.o ABSOLUTE
    handlers.s                               0x00000000   Number         0  handlers.o ABSOLUTE
    init.s                                   0x00000000   Number         0  init.o ABSOLUTE
    $v0                                      0x0000026c   Number         0  startup_rvmdk.o(RESET)
    NmiSR                                    0x00000281   Thumb Code     0  startup_rvmdk.o(RESET)
    FaultISR                                 0x00000283   Thumb Code     0  startup_rvmdk.o(RESET)
    IntDefaultHandler                        0x00000285   Thumb Code     0  startup_rvmdk.o(RESET)
    .ARM.Collect$$$$00000000                 0x00000288   Section        0  entry.o(.ARM.Collect$$$$00000000)
    .ARM.Collect$$$$00000001                 0x00000288   Section        4  entry2.o(.ARM.Collect$$$$00000001)
    .ARM.Collect$$$$00000004                 0x0000028c   Section        4  entry5.o(.ARM.Collect$$$$00000004)
    .ARM.Collect$$$$00000008                 0x00000290   Section        0  entry7b.o(.ARM.Collect$$$$00000008)
    .ARM.Collect$$$$0000000A                 0x00000290   Section        0  entry8b.o(.ARM.Collect$$$$0000000A)
    .ARM.Collect$$$$0000000B                 0x00000290   Section        8  entry9a.o(.ARM.Collect$$$$0000000B)
    .ARM.Collect$$$$0000000D                 0x00000298   Section        0  entry10a.o(.ARM.Collect$$$$0000000D)
    .ARM.Collect$$$$0000000F                 0x00000298   Section        0  entry11a.o(.ARM.Collect$$$$0000000F)
    .ARM.Collect$$$$00002712                 0x00000298   Section        4  entry2.o(.ARM.Collect$$$$00002712)
    __lit__00000000                          0x00000298   Data           4  entry2.o(.ARM.Collect$$$$00002712)
    .emb_text                                0x0000029c   Section       38  cpu.o(.emb_text)
    $v0                                      0x0000029c   Number         0  cpu.o(.emb_text)
    .emb_text                                0x000002c4   Section        6  sysctl.o(.emb_text)
    $v0                                      0x000002c4   Number         0  sysctl.o(.emb_text)
    .text                                    0x000002cc   Section        0  gpio.o(.text)
    _GPIOIntNumberGet                        0x000002cd   Thumb Code    56  gpio.o(.text)
    .text                                    0x00000ac4   Section        0  interrupt.o(.text)
    _IntDefaultHandler                       0x00000ac5   Thumb Code     4  interrupt.o(.text)
    .text                                    0x00000df4   Section        0  pwm.o(.text)
    _PWMGenIntNumberGet                      0x00000f27   Thumb Code   248  pwm.o(.text)
    _PWMFaultIntNumberGet                    0x00001063   Thumb Code    62  pwm.o(.text)
    .text                                    0x00001254   Section        0  sysctl.o(.text)
    _SysCtlMemTimingGet                      0x00001255   Thumb Code    36  sysctl.o(.text)
    _SysCtlFrequencyGet                      0x00001279   Thumb Code    96  sysctl.o(.text)
    .text                                    0x00001dac   Section        0  systick.o(.text)
    .text                                    0x00001e48   Section        0  timer.o(.text)
    _TimerIntNumberGet                       0x00001e49   Thumb Code    68  timer.o(.text)
    .text                                    0x00002140   Section        0  uart.o(.text)
    _UARTIntNumberGet                        0x00002141   Thumb Code    56  uart.o(.text)
    .text                                    0x00002470   Section        0  led.o(.text)
    .text                                    0x000024b0   Section        0  oled.o(.text)
    .text                                    0x00003960   Section        0  serial.o(.text)
    .text                                    0x0000480c   Section        0  timer_user.o(.text)
    .text                                    0x000048e4   Section        0  pwm_user.o(.text)
    .text                                    0x00004b38   Section        0  buttonsinterrupt.o(.text)
    .text                                    0x00004be8   Section        0  motor.o(.text)
    .text                                    0x00004e3c   Section        0  tof.o(.text)
    .text                                    0x000056bc   Section        0  pid.o(.text)
    .text                                    0x0000582c   Section        0  main.o(.text)
    .text                                    0x00006390   Section        0  systicktime.o(.text)
    SycTickHandler                           0x00006391   Thumb Code    12  systicktime.o(.text)
    .text                                    0x00006438   Section        0  memseta.o(.text)
    .text                                    0x0000645c   Section        0  strstr.o(.text)
    .text                                    0x00006480   Section        0  strcmp.o(.text)
    .text                                    0x0000649c   Section        0  dadd.o(.text)
    .text                                    0x000065ea   Section        0  dmul.o(.text)
    .text                                    0x000066ce   Section        0  ddiv.o(.text)
    .text                                    0x000067ac   Section        0  dflti.o(.text)
    .text                                    0x000067ce   Section        0  dfltui.o(.text)
    .text                                    0x000067e8   Section        0  dfixi.o(.text)
    .text                                    0x00006826   Section        0  dfixui.o(.text)
    .text                                    0x00006858   Section       48  cdcmple.o(.text)
    .text                                    0x00006888   Section       48  cdrcmple.o(.text)
    .text                                    0x000068b8   Section        0  d2f.o(.text)
    .text                                    0x000068f0   Section        0  uidiv.o(.text)
    .text                                    0x0000691c   Section        0  uldiv.o(.text)
    .text                                    0x0000697e   Section        0  llshl.o(.text)
    .text                                    0x0000699c   Section        0  llushr.o(.text)
    .text                                    0x000069bc   Section        0  llsshr.o(.text)
    .text                                    0x000069e0   Section        0  fepilogue.o(.text)
    .text                                    0x000069e0   Section        0  iusefp.o(.text)
    .text                                    0x00006a4e   Section        0  depilogue.o(.text)
    .text                                    0x00006b08   Section        0  drnd.o(.text)
    .text                                    0x00006b90   Section        0  dfixul.o(.text)
    .text                                    0x00006bc0   Section       36  init.o(.text)
    .text                                    0x00006be4   Section        0  __dczerorl.o(.text)
    i.__0vsprintf                            0x00006c20   Section        0  printfa.o(i.__0vsprintf)
    i.__ARM_fpclassify                       0x00006c44   Section        0  fpclassify.o(i.__ARM_fpclassify)
    i.__hardfp_atan                          0x00006c78   Section        0  atan.o(i.__hardfp_atan)
    i.__hardfp_atan2                         0x00006f50   Section        0  atan2.o(i.__hardfp_atan2)
    i.__hardfp_round                         0x00007140   Section        0  round.o(i.__hardfp_round)
    i.__kernel_poly                          0x00007220   Section        0  poly.o(i.__kernel_poly)
    i.__mathlib_dbl_infnan                   0x00007318   Section        0  dunder.o(i.__mathlib_dbl_infnan)
    i.__mathlib_dbl_infnan2                  0x0000732c   Section        0  dunder.o(i.__mathlib_dbl_infnan2)
    i.__mathlib_dbl_underflow                0x00007340   Section        0  dunder.o(i.__mathlib_dbl_underflow)
    i.__scatterload_copy                     0x00007360   Section       14  handlers.o(i.__scatterload_copy)
    i.__scatterload_null                     0x0000736e   Section        2  handlers.o(i.__scatterload_null)
    i.__scatterload_zeroinit                 0x00007370   Section       14  handlers.o(i.__scatterload_zeroinit)
    i._fp_digits                             0x00007380   Section        0  printfa.o(i._fp_digits)
    _fp_digits                               0x00007381   Thumb Code   366  printfa.o(i._fp_digits)
    i._printf_core                           0x00007504   Section        0  printfa.o(i._printf_core)
    _printf_core                             0x00007505   Thumb Code  1744  printfa.o(i._printf_core)
    i._printf_post_padding                   0x00007be0   Section        0  printfa.o(i._printf_post_padding)
    _printf_post_padding                     0x00007be1   Thumb Code    36  printfa.o(i._printf_post_padding)
    i._printf_pre_padding                    0x00007c04   Section        0  printfa.o(i._printf_pre_padding)
    _printf_pre_padding                      0x00007c05   Thumb Code    46  printfa.o(i._printf_pre_padding)
    i._sputc                                 0x00007c32   Section        0  printfa.o(i._sputc)
    _sputc                                   0x00007c33   Thumb Code    10  printfa.o(i._sputc)
    i.atan                                   0x00007c3c   Section        0  atan.o(i.atan)
    i.fabs                                   0x00007c4c   Section        0  fabs.o(i.fabs)
    .constdata                               0x00007c64   Section      528  gpio.o(.constdata)
    g_ppui32GPIOIntMapBlizzard               0x00007c64   Data         192  gpio.o(.constdata)
    g_ppui32GPIOIntMapSnowflake              0x00007d24   Data         192  gpio.o(.constdata)
    g_pui32GPIOBaseAddrs                     0x00007de4   Data         144  gpio.o(.constdata)
    .constdata                               0x00007e74   Section      268  interrupt.o(.constdata)
    g_pui32Priority                          0x00007e74   Data          32  interrupt.o(.constdata)
    g_pui32Regs                              0x00007e94   Data         156  interrupt.o(.constdata)
    g_pui32EnRegs                            0x00007f30   Data          20  interrupt.o(.constdata)
    g_pui32Dii16Regs                         0x00007f44   Data          20  interrupt.o(.constdata)
    g_pui32PendRegs                          0x00007f58   Data          20  interrupt.o(.constdata)
    g_pui32UnpendRegs                        0x00007f6c   Data          20  interrupt.o(.constdata)
    .constdata                               0x00007f80   Section      460  sysctl.o(.constdata)
    g_pui32Xtals                             0x00007f80   Data         108  sysctl.o(.constdata)
    g_pppui32XTALtoVCO                       0x00007fec   Data         288  sysctl.o(.constdata)
    g_sXTALtoMEMTIM                          0x0000810c   Data          56  sysctl.o(.constdata)
    g_pui32VCOFrequencies                    0x00008144   Data           8  sysctl.o(.constdata)
    .constdata                               0x0000814c   Section      160  timer.o(.constdata)
    g_ppui32TimerIntMap                      0x0000814c   Data          96  timer.o(.constdata)
    g_ppui32TimerIntMapSnowflake             0x000081ac   Data          64  timer.o(.constdata)
    .constdata                               0x000081ec   Section      128  uart.o(.constdata)
    g_ppui32UARTIntMap                       0x000081ec   Data          64  uart.o(.constdata)
    g_ppui32UARTIntMapSnowflake              0x0000822c   Data          64  uart.o(.constdata)
    .constdata                               0x0000826c   Section     3242  oled_data.o(.constdata)
    .constdata                               0x00008f18   Section      152  atan.o(.constdata)
    atanhi                                   0x00008f18   Data          32  atan.o(.constdata)
    atanlo                                   0x00008f38   Data          32  atan.o(.constdata)
    aTodd                                    0x00008f58   Data          40  atan.o(.constdata)
    aTeven                                   0x00008f80   Data          48  atan.o(.constdata)
    .constdata                               0x00008fb0   Section        8  qnan.o(.constdata)
    .data                                    0x20000000   Section       36  tof.o(.data)
    state                                    0x2000000a   Data           1  tof.o(.data)
    crc                                      0x2000000b   Data           1  tof.o(.data)
    cnt                                      0x2000000c   Data           1  tof.o(.data)
    PACK_FLAG                                0x2000000d   Data           1  tof.o(.data)
    data_len                                 0x2000000e   Data           1  tof.o(.data)
    timestamp                                0x20000010   Data           4  tof.o(.data)
    state_flag                               0x20000014   Data           1  tof.o(.data)
    state_num                                0x20000015   Data           1  tof.o(.data)
    cnt                                      0x20000016   Data           1  tof.o(.data)
    count                                    0x20000018   Data           2  tof.o(.data)
    sum                                      0x2000001c   Data           4  tof.o(.data)
    distanceindex                            0x20000020   Data           2  tof.o(.data)
    filtered_value                           0x20000022   Data           2  tof.o(.data)
    .data                                    0x20000024   Section       95  main.o(.data)
    RxCounter1                               0x20000080   Data           1  main.o(.data)
    RxState                                  0x20000081   Data           1  main.o(.data)
    RxFlag1                                  0x20000082   Data           1  main.o(.data)
    .data                                    0x20000084   Section        4  systicktime.o(.data)
    counter                                  0x20000084   Data           4  systicktime.o(.data)
    vtable                                   0x20000400   Section      620  interrupt.o(vtable)
    g_pfnRAMVectors                          0x20000400   Data         620  interrupt.o(vtable)
    .bss                                     0x2000066c   Section     1024  oled.o(.bss)
    .bss                                     0x20000a6c   Section      500  tof.o(.bss)
    distancedata                             0x20000c38   Data          40  tof.o(.bss)
    .bss                                     0x20000c60   Section       64  pid.o(.bss)
    .bss                                     0x20000ca0   Section      360  main.o(.bss)
    RxBuffer1                                0x20000d68   Data         100  main.o(.bss)
    arr                                      0x20000dcc   Data          60  main.o(.bss)
    STACK                                    0x20000e08   Section      512  startup_rvmdk.o(STACK)
    StackMem                                 0x20000e08   Data           0  startup_rvmdk.o(STACK)

    Global Symbols

    Symbol Name                              Value     Ov Type        Size  Object(Section)

    BuildAttributes$$THM_ISAv4$E$P$D$K$B$S$7EM$VFPi3$EXTD16$VFPS$VFMA$PE$A:L22UL41UL21$X:L11$S22US41US21$IEEE1$IW$USESV6$~STKCKD$USESV7$~SHL$OTIME$ROPI$IEEEX$EBA8$MICROLIB$REQ8$PRES8$EABIv2 0x00000000   Number         0  anon$$obj.o ABSOLUTE
    __ARM_use_no_argv                        0x00000000   Number         0  main.o ABSOLUTE
    __Vectors                                0x00000000   Data           0  startup_rvmdk.o(RESET)
    __cpp_initialize__aeabi_                  - Undefined Weak Reference
    __cxa_finalize                            - Undefined Weak Reference
    _clock_init                               - Undefined Weak Reference
    _microlib_exit                            - Undefined Weak Reference
    Reset_Handler                            0x0000026d   Thumb Code     0  startup_rvmdk.o(RESET)
    __main                                   0x00000289   Thumb Code     0  entry.o(.ARM.Collect$$$$00000000)
    _main_stk                                0x00000289   Thumb Code     0  entry2.o(.ARM.Collect$$$$00000001)
    _main_scatterload                        0x0000028d   Thumb Code     0  entry5.o(.ARM.Collect$$$$00000004)
    __main_after_scatterload                 0x00000291   Thumb Code     0  entry5.o(.ARM.Collect$$$$00000004)
    _main_clock                              0x00000291   Thumb Code     0  entry7b.o(.ARM.Collect$$$$00000008)
    _main_cpp_init                           0x00000291   Thumb Code     0  entry8b.o(.ARM.Collect$$$$0000000A)
    _main_init                               0x00000291   Thumb Code     0  entry9a.o(.ARM.Collect$$$$0000000B)
    __rt_final_cpp                           0x00000299   Thumb Code     0  entry10a.o(.ARM.Collect$$$$0000000D)
    __rt_final_exit                          0x00000299   Thumb Code     0  entry11a.o(.ARM.Collect$$$$0000000F)
    CPUcpsid                                 0x0000029d   Thumb Code     8  cpu.o(.emb_text)
    CPUprimask                               0x000002a5   Thumb Code     6  cpu.o(.emb_text)
    CPUcpsie                                 0x000002ab   Thumb Code     8  cpu.o(.emb_text)
    CPUwfi                                   0x000002b3   Thumb Code     4  cpu.o(.emb_text)
    CPUbasepriSet                            0x000002b7   Thumb Code     6  cpu.o(.emb_text)
    CPUbasepriGet                            0x000002bd   Thumb Code     6  cpu.o(.emb_text)
    SysCtlDelay                              0x000002c5   Thumb Code     6  sysctl.o(.emb_text)
    GPIODirModeSet                           0x00000305   Thumb Code    50  gpio.o(.text)
    GPIODirModeGet                           0x00000337   Thumb Code    46  gpio.o(.text)
    GPIOIntTypeSet                           0x00000365   Thumb Code   102  gpio.o(.text)
    GPIOIntTypeGet                           0x000003cb   Thumb Code    84  gpio.o(.text)
    GPIOPadConfigSet                         0x0000041f   Thumb Code   342  gpio.o(.text)
    GPIOPadConfigGet                         0x00000575   Thumb Code   206  gpio.o(.text)
    GPIOIntEnable                            0x00000643   Thumb Code    12  gpio.o(.text)
    GPIOIntDisable                           0x0000064f   Thumb Code    12  gpio.o(.text)
    GPIOIntStatus                            0x0000065b   Thumb Code    16  gpio.o(.text)
    GPIOIntClear                             0x0000066b   Thumb Code     6  gpio.o(.text)
    GPIOIntRegister                          0x00000671   Thumb Code    30  gpio.o(.text)
    GPIOIntUnregister                        0x0000068f   Thumb Code    26  gpio.o(.text)
    GPIOPinRead                              0x000006a9   Thumb Code    32  gpio.o(.text)
    GPIOPinWrite                             0x000006c9   Thumb Code    10  gpio.o(.text)
    GPIOPinTypeADC                           0x000006d3   Thumb Code    30  gpio.o(.text)
    GPIOPinTypeCAN                           0x000006f1   Thumb Code    30  gpio.o(.text)
    GPIOPinTypeComparator                    0x0000070f   Thumb Code    30  gpio.o(.text)
    GPIOPinTypeEPI                           0x0000072d   Thumb Code    30  gpio.o(.text)
    GPIOPinTypeEthernetLED                   0x0000074b   Thumb Code    30  gpio.o(.text)
    GPIOPinTypeEthernetMII                   0x00000769   Thumb Code    30  gpio.o(.text)
    GPIOPinTypeFan                           0x00000787   Thumb Code    30  gpio.o(.text)
    GPIOPinTypeGPIOInput                     0x000007a5   Thumb Code    30  gpio.o(.text)
    GPIOPinTypeGPIOOutput                    0x000007c3   Thumb Code    30  gpio.o(.text)
    GPIOPinTypeGPIOOutputOD                  0x000007e1   Thumb Code    30  gpio.o(.text)
    GPIOPinTypeI2C                           0x000007ff   Thumb Code    30  gpio.o(.text)
    GPIOPinTypeI2CSCL                        0x0000081d   Thumb Code    30  gpio.o(.text)
    GPIOPinTypeLCD                           0x0000083b   Thumb Code    30  gpio.o(.text)
    GPIOPinTypeLPC                           0x00000859   Thumb Code    30  gpio.o(.text)
    GPIOPinTypePECIRx                        0x00000877   Thumb Code    30  gpio.o(.text)
    GPIOPinTypePECITx                        0x00000895   Thumb Code    30  gpio.o(.text)
    GPIOPinTypePWM                           0x000008b3   Thumb Code    30  gpio.o(.text)
    GPIOPinTypeQEI                           0x000008d1   Thumb Code    30  gpio.o(.text)
    GPIOPinTypeSSI                           0x000008ef   Thumb Code    30  gpio.o(.text)
    GPIOPinTypeTimer                         0x0000090d   Thumb Code    30  gpio.o(.text)
    GPIOPinTypeUART                          0x0000092b   Thumb Code    30  gpio.o(.text)
    GPIOPinTypeUSBAnalog                     0x00000949   Thumb Code    30  gpio.o(.text)
    GPIOPinTypeUSBDigital                    0x00000967   Thumb Code    30  gpio.o(.text)
    GPIOPinTypeWakeHigh                      0x00000985   Thumb Code    32  gpio.o(.text)
    GPIOPinTypeWakeLow                       0x000009a5   Thumb Code    32  gpio.o(.text)
    GPIOPinTypeKBRow                         0x000009c5   Thumb Code    30  gpio.o(.text)
    GPIOPinTypeKBColumn                      0x000009e3   Thumb Code    30  gpio.o(.text)
    GPIOPinTypeLEDSeq                        0x00000a01   Thumb Code    30  gpio.o(.text)
    GPIOPinTypeCIR                           0x00000a1f   Thumb Code    30  gpio.o(.text)
    GPIOPinWakeStatus                        0x00000a3d   Thumb Code     8  gpio.o(.text)
    GPIOPinConfigure                         0x00000a45   Thumb Code    70  gpio.o(.text)
    GPIODMATriggerEnable                     0x00000a8b   Thumb Code    12  gpio.o(.text)
    GPIODMATriggerDisable                    0x00000a97   Thumb Code    12  gpio.o(.text)
    GPIOADCTriggerEnable                     0x00000aa3   Thumb Code    12  gpio.o(.text)
    GPIOADCTriggerDisable                    0x00000aaf   Thumb Code    12  gpio.o(.text)
    IntMasterEnable                          0x00000ac9   Thumb Code    16  interrupt.o(.text)
    IntMasterDisable                         0x00000ad9   Thumb Code    16  interrupt.o(.text)
    IntRegister                              0x00000ae9   Thumb Code    52  interrupt.o(.text)
    IntUnregister                            0x00000b1d   Thumb Code    10  interrupt.o(.text)
    IntPriorityGroupingSet                   0x00000b27   Thumb Code    18  interrupt.o(.text)
    IntPriorityGroupingGet                   0x00000b39   Thumb Code    36  interrupt.o(.text)
    IntPrioritySet                           0x00000b5d   Thumb Code    46  interrupt.o(.text)
    IntPriorityGet                           0x00000b8b   Thumb Code    22  interrupt.o(.text)
    IntEnable                                0x00000ba1   Thumb Code   120  interrupt.o(.text)
    IntDisable                               0x00000c19   Thumb Code   120  interrupt.o(.text)
    IntIsEnabled                             0x00000c91   Thumb Code   106  interrupt.o(.text)
    IntPendSet                               0x00000cfb   Thumb Code    98  interrupt.o(.text)
    IntPendClear                             0x00000d5d   Thumb Code    76  interrupt.o(.text)
    IntPriorityMaskSet                       0x00000da9   Thumb Code    12  interrupt.o(.text)
    IntPriorityMaskGet                       0x00000db5   Thumb Code     8  interrupt.o(.text)
    IntTrigger                               0x00000dbd   Thumb Code    10  interrupt.o(.text)
    PWMGenConfigure                          0x00000df5   Thumb Code    42  pwm.o(.text)
    PWMGenPeriodSet                          0x00000e1f   Thumb Code    22  pwm.o(.text)
    PWMGenPeriodGet                          0x00000e35   Thumb Code    24  pwm.o(.text)
    PWMGenEnable                             0x00000e4d   Thumb Code    10  pwm.o(.text)
    PWMGenDisable                            0x00000e57   Thumb Code    10  pwm.o(.text)
    PWMPulseWidthSet                         0x00000e61   Thumb Code    38  pwm.o(.text)
    PWMPulseWidthGet                         0x00000e87   Thumb Code    40  pwm.o(.text)
    PWMDeadBandEnable                        0x00000eaf   Thumb Code    18  pwm.o(.text)
    PWMDeadBandDisable                       0x00000ec1   Thumb Code    14  pwm.o(.text)
    PWMSyncUpdate                            0x00000ecf   Thumb Code     4  pwm.o(.text)
    PWMSyncTimeBase                          0x00000ed3   Thumb Code     4  pwm.o(.text)
    PWMOutputState                           0x00000ed7   Thumb Code    20  pwm.o(.text)
    PWMOutputInvert                          0x00000eeb   Thumb Code    20  pwm.o(.text)
    PWMOutputFaultLevel                      0x00000eff   Thumb Code    20  pwm.o(.text)
    PWMOutputFault                           0x00000f13   Thumb Code    20  pwm.o(.text)
    PWMGenIntRegister                        0x0000101f   Thumb Code    38  pwm.o(.text)
    PWMGenIntUnregister                      0x00001045   Thumb Code    30  pwm.o(.text)
    PWMFaultIntRegister                      0x000010a1   Thumb Code    30  pwm.o(.text)
    PWMFaultIntUnregister                    0x000010bf   Thumb Code    26  pwm.o(.text)
    PWMGenIntTrigEnable                      0x000010d9   Thumb Code    14  pwm.o(.text)
    PWMGenIntTrigDisable                     0x000010e7   Thumb Code    14  pwm.o(.text)
    PWMGenIntStatus                          0x000010f5   Thumb Code    16  pwm.o(.text)
    PWMGenIntClear                           0x00001105   Thumb Code     6  pwm.o(.text)
    PWMIntEnable                             0x0000110b   Thumb Code     8  pwm.o(.text)
    PWMIntDisable                            0x00001113   Thumb Code     8  pwm.o(.text)
    PWMFaultIntClear                         0x0000111b   Thumb Code     8  pwm.o(.text)
    PWMIntStatus                             0x00001123   Thumb Code    14  pwm.o(.text)
    PWMFaultIntClearExt                      0x00001131   Thumb Code     4  pwm.o(.text)
    PWMGenFaultConfigure                     0x00001135   Thumb Code    20  pwm.o(.text)
    PWMGenFaultTriggerSet                    0x00001149   Thumb Code    16  pwm.o(.text)
    PWMGenFaultTriggerGet                    0x00001159   Thumb Code    16  pwm.o(.text)
    PWMGenFaultStatus                        0x00001169   Thumb Code    38  pwm.o(.text)
    PWMGenFaultClear                         0x0000118f   Thumb Code    36  pwm.o(.text)
    PWMClockSet                              0x000011b3   Thumb Code    18  pwm.o(.text)
    PWMClockGet                              0x000011c5   Thumb Code    60  pwm.o(.text)
    PWMOutputUpdateMode                      0x00001201   Thumb Code    82  pwm.o(.text)
    SysCtlSRAMSizeGet                        0x000012d9   Thumb Code    12  sysctl.o(.text)
    SysCtlFlashSizeGet                       0x000012e5   Thumb Code    42  sysctl.o(.text)
    SysCtlFlashSectorSizeGet                 0x0000130f   Thumb Code    40  sysctl.o(.text)
    SysCtlPeripheralPresent                  0x00001337   Thumb Code    52  sysctl.o(.text)
    SysCtlPeripheralReady                    0x0000136b   Thumb Code    52  sysctl.o(.text)
    SysCtlPeripheralPowerOn                  0x0000139f   Thumb Code    46  sysctl.o(.text)
    SysCtlPeripheralPowerOff                 0x000013cd   Thumb Code    46  sysctl.o(.text)
    SysCtlPeripheralReset                    0x000013fb   Thumb Code   106  sysctl.o(.text)
    SysCtlPeripheralEnable                   0x00001465   Thumb Code    46  sysctl.o(.text)
    SysCtlPeripheralDisable                  0x00001493   Thumb Code    46  sysctl.o(.text)
    SysCtlPeripheralSleepEnable              0x000014c1   Thumb Code    46  sysctl.o(.text)
    SysCtlPeripheralSleepDisable             0x000014ef   Thumb Code    46  sysctl.o(.text)
    SysCtlPeripheralDeepSleepEnable          0x0000151d   Thumb Code    46  sysctl.o(.text)
    SysCtlPeripheralDeepSleepDisable         0x0000154b   Thumb Code    46  sysctl.o(.text)
    SysCtlPeripheralClockGating              0x00001579   Thumb Code    82  sysctl.o(.text)
    SysCtlIntRegister                        0x000015cb   Thumb Code    20  sysctl.o(.text)
    SysCtlIntUnregister                      0x000015df   Thumb Code    16  sysctl.o(.text)
    SysCtlIntEnable                          0x000015ef   Thumb Code    12  sysctl.o(.text)
    SysCtlIntDisable                         0x000015fb   Thumb Code    12  sysctl.o(.text)
    SysCtlIntClear                           0x00001607   Thumb Code     6  sysctl.o(.text)
    SysCtlIntStatus                          0x0000160d   Thumb Code    16  sysctl.o(.text)
    SysCtlLDOSleepSet                        0x0000161d   Thumb Code     6  sysctl.o(.text)
    SysCtlLDOSleepGet                        0x00001623   Thumb Code     6  sysctl.o(.text)
    SysCtlLDODeepSleepSet                    0x00001629   Thumb Code     8  sysctl.o(.text)
    SysCtlLDODeepSleepGet                    0x00001631   Thumb Code    60  sysctl.o(.text)
    SysCtlSleepPowerSet                      0x0000166d   Thumb Code     6  sysctl.o(.text)
    SysCtlDeepSleepPowerSet                  0x00001673   Thumb Code     8  sysctl.o(.text)
    SysCtlReset                              0x0000167b   Thumb Code    10  sysctl.o(.text)
    SysCtlSleep                              0x00001685   Thumb Code     8  sysctl.o(.text)
    SysCtlDeepSleep                          0x0000168d   Thumb Code    40  sysctl.o(.text)
    SysCtlResetCauseGet                      0x000016b5   Thumb Code     6  sysctl.o(.text)
    SysCtlResetCauseClear                    0x000016bb   Thumb Code    12  sysctl.o(.text)
    SysCtlMOSCConfigSet                      0x000016c7   Thumb Code     6  sysctl.o(.text)
    SysCtlPIOSCCalibrate                     0x000016cd   Thumb Code    82  sysctl.o(.text)
    SysCtlResetBehaviorSet                   0x0000171f   Thumb Code     8  sysctl.o(.text)
    SysCtlResetBehaviorGet                   0x00001727   Thumb Code     8  sysctl.o(.text)
    SysCtlClockFreqSet                       0x0000172f   Thumb Code   646  sysctl.o(.text)
    SysCtlClockSet                           0x000019b5   Thumb Code   362  sysctl.o(.text)
    SysCtlClockGet                           0x00001b1f   Thumb Code   244  sysctl.o(.text)
    SysCtlDeepSleepClockSet                  0x00001c13   Thumb Code     8  sysctl.o(.text)
    SysCtlDeepSleepClockConfigSet            0x00001c1b   Thumb Code   140  sysctl.o(.text)
    SysCtlPWMClockSet                        0x00001ca7   Thumb Code    16  sysctl.o(.text)
    SysCtlPWMClockGet                        0x00001cb7   Thumb Code    24  sysctl.o(.text)
    SysCtlADCSpeedSet                        0x00001ccf   Thumb Code    36  sysctl.o(.text)
    SysCtlADCSpeedGet                        0x00001cf3   Thumb Code    12  sysctl.o(.text)
    SysCtlGPIOAHBEnable                      0x00001cff   Thumb Code    20  sysctl.o(.text)
    SysCtlGPIOAHBDisable                     0x00001d13   Thumb Code    20  sysctl.o(.text)
    SysCtlUSBPLLEnable                       0x00001d27   Thumb Code    14  sysctl.o(.text)
    SysCtlUSBPLLDisable                      0x00001d35   Thumb Code    14  sysctl.o(.text)
    SysCtlVoltageEventConfig                 0x00001d43   Thumb Code     6  sysctl.o(.text)
    SysCtlVoltageEventStatus                 0x00001d49   Thumb Code     6  sysctl.o(.text)
    SysCtlVoltageEventClear                  0x00001d4f   Thumb Code    12  sysctl.o(.text)
    SysCtlNMIStatus                          0x00001d5b   Thumb Code     6  sysctl.o(.text)
    SysCtlNMIClear                           0x00001d61   Thumb Code    12  sysctl.o(.text)
    SysCtlClockOutConfig                     0x00001d6d   Thumb Code    14  sysctl.o(.text)
    SysCtlAltClkConfig                       0x00001d7b   Thumb Code     8  sysctl.o(.text)
    SysTickEnable                            0x00001dad   Thumb Code    18  systick.o(.text)
    SysTickDisable                           0x00001dbf   Thumb Code    18  systick.o(.text)
    SysTickIntRegister                       0x00001dd1   Thumb Code    30  systick.o(.text)
    SysTickIntUnregister                     0x00001def   Thumb Code    26  systick.o(.text)
    SysTickIntEnable                         0x00001e09   Thumb Code    18  systick.o(.text)
    SysTickIntDisable                        0x00001e1b   Thumb Code    18  systick.o(.text)
    SysTickPeriodSet                         0x00001e2d   Thumb Code    10  systick.o(.text)
    SysTickPeriodGet                         0x00001e37   Thumb Code    10  systick.o(.text)
    SysTickValueGet                          0x00001e41   Thumb Code     8  systick.o(.text)
    TimerEnable                              0x00001e8d   Thumb Code    14  timer.o(.text)
    TimerDisable                             0x00001e9b   Thumb Code    14  timer.o(.text)
    TimerConfigure                           0x00001ea9   Thumb Code    84  timer.o(.text)
    TimerControlLevel                        0x00001efd   Thumb Code    22  timer.o(.text)
    TimerControlTrigger                      0x00001f13   Thumb Code    60  timer.o(.text)
    TimerControlEvent                        0x00001f4f   Thumb Code    22  timer.o(.text)
    TimerControlStall                        0x00001f65   Thumb Code    22  timer.o(.text)
    TimerControlWaitOnTrigger                0x00001f7b   Thumb Code    52  timer.o(.text)
    TimerRTCEnable                           0x00001faf   Thumb Code    10  timer.o(.text)
    TimerRTCDisable                          0x00001fb9   Thumb Code    10  timer.o(.text)
    TimerClockSourceSet                      0x00001fc3   Thumb Code     6  timer.o(.text)
    TimerClockSourceGet                      0x00001fc9   Thumb Code     8  timer.o(.text)
    TimerPrescaleSet                         0x00001fd1   Thumb Code    16  timer.o(.text)
    TimerPrescaleGet                         0x00001fe1   Thumb Code    14  timer.o(.text)
    TimerPrescaleMatchSet                    0x00001fef   Thumb Code    16  timer.o(.text)
    TimerPrescaleMatchGet                    0x00001fff   Thumb Code    14  timer.o(.text)
    TimerLoadSet                             0x0000200d   Thumb Code    16  timer.o(.text)
    TimerLoadGet                             0x0000201d   Thumb Code    14  timer.o(.text)
    TimerLoadSet64                           0x0000202b   Thumb Code     6  timer.o(.text)
    TimerLoadGet64                           0x00002031   Thumb Code    26  timer.o(.text)
    TimerValueGet                            0x0000204b   Thumb Code    14  timer.o(.text)
    TimerValueGet64                          0x00002059   Thumb Code    26  timer.o(.text)
    TimerMatchSet                            0x00002073   Thumb Code    16  timer.o(.text)
    TimerMatchGet                            0x00002083   Thumb Code    14  timer.o(.text)
    TimerMatchSet64                          0x00002091   Thumb Code     6  timer.o(.text)
    TimerMatchGet64                          0x00002097   Thumb Code    26  timer.o(.text)
    TimerIntRegister                         0x000020b1   Thumb Code    38  timer.o(.text)
    TimerIntUnregister                       0x000020d7   Thumb Code    30  timer.o(.text)
    TimerIntEnable                           0x000020f5   Thumb Code     8  timer.o(.text)
    TimerIntDisable                          0x000020fd   Thumb Code     8  timer.o(.text)
    TimerIntStatus                           0x00002105   Thumb Code    12  timer.o(.text)
    TimerIntClear                            0x00002111   Thumb Code     4  timer.o(.text)
    TimerSynchronize                         0x00002115   Thumb Code     4  timer.o(.text)
    TimerADCEventSet                         0x00002119   Thumb Code     4  timer.o(.text)
    TimerADCEventGet                         0x0000211d   Thumb Code     6  timer.o(.text)
    TimerDMAEventSet                         0x00002123   Thumb Code     4  timer.o(.text)
    TimerDMAEventGet                         0x00002127   Thumb Code     6  timer.o(.text)
    UARTParityModeSet                        0x00002179   Thumb Code    12  uart.o(.text)
    UARTParityModeGet                        0x00002185   Thumb Code    10  uart.o(.text)
    UARTFIFOLevelSet                         0x0000218f   Thumb Code     8  uart.o(.text)
    UARTFIFOLevelGet                         0x00002197   Thumb Code    18  uart.o(.text)
    UARTEnable                               0x000021a9   Thumb Code    20  uart.o(.text)
    UARTDisable                              0x000021bd   Thumb Code    32  uart.o(.text)
    UARTConfigSetExpClk                      0x000021dd   Thumb Code    76  uart.o(.text)
    UARTConfigGetExpClk                      0x00002229   Thumb Code    44  uart.o(.text)
    UARTFIFOEnable                           0x00002255   Thumb Code    10  uart.o(.text)
    UARTFIFODisable                          0x0000225f   Thumb Code    10  uart.o(.text)
    UARTEnableSIR                            0x00002269   Thumb Code    22  uart.o(.text)
    UARTDisableSIR                           0x0000227f   Thumb Code    10  uart.o(.text)
    UARTSmartCardEnable                      0x00002289   Thumb Code    22  uart.o(.text)
    UARTSmartCardDisable                     0x0000229f   Thumb Code    10  uart.o(.text)
    UARTModemControlSet                      0x000022a9   Thumb Code    12  uart.o(.text)
    UARTModemControlClear                    0x000022b5   Thumb Code    12  uart.o(.text)
    UARTModemControlGet                      0x000022c1   Thumb Code    10  uart.o(.text)
    UARTModemStatusGet                       0x000022cb   Thumb Code    12  uart.o(.text)
    UARTFlowControlSet                       0x000022d7   Thumb Code    12  uart.o(.text)
    UARTFlowControlGet                       0x000022e3   Thumb Code    10  uart.o(.text)
    UARTTxIntModeSet                         0x000022ed   Thumb Code    12  uart.o(.text)
    UARTTxIntModeGet                         0x000022f9   Thumb Code    10  uart.o(.text)
    UARTCharsAvail                           0x00002303   Thumb Code    12  uart.o(.text)
    UARTSpaceAvail                           0x0000230f   Thumb Code    12  uart.o(.text)
    UARTCharGetNonBlocking                   0x0000231b   Thumb Code    20  uart.o(.text)
    UARTCharGet                              0x0000232f   Thumb Code    18  uart.o(.text)
    UARTCharPutNonBlocking                   0x00002341   Thumb Code    20  uart.o(.text)
    UARTCharPut                              0x00002355   Thumb Code    16  uart.o(.text)
    UARTBreakCtl                             0x00002365   Thumb Code    20  uart.o(.text)
    UARTBusy                                 0x00002379   Thumb Code    10  uart.o(.text)
    UARTIntRegister                          0x00002383   Thumb Code    30  uart.o(.text)
    UARTIntUnregister                        0x000023a1   Thumb Code    26  uart.o(.text)
    UARTIntEnable                            0x000023bb   Thumb Code     8  uart.o(.text)
    UARTIntDisable                           0x000023c3   Thumb Code     8  uart.o(.text)
    UARTIntStatus                            0x000023cb   Thumb Code    12  uart.o(.text)
    UARTIntClear                             0x000023d7   Thumb Code     4  uart.o(.text)
    UARTDMAEnable                            0x000023db   Thumb Code     8  uart.o(.text)
    UARTDMADisable                           0x000023e3   Thumb Code     8  uart.o(.text)
    UARTRxErrorGet                           0x000023eb   Thumb Code    10  uart.o(.text)
    UARTRxErrorClear                         0x000023f5   Thumb Code     6  uart.o(.text)
    UARTClockSourceSet                       0x000023fb   Thumb Code     6  uart.o(.text)
    UARTClockSourceGet                       0x00002401   Thumb Code     8  uart.o(.text)
    UART9BitEnable                           0x00002409   Thumb Code    14  uart.o(.text)
    UART9BitDisable                          0x00002417   Thumb Code    14  uart.o(.text)
    UART9BitAddrSet                          0x00002425   Thumb Code    10  uart.o(.text)
    UART9BitAddrSend                         0x0000242f   Thumb Code    44  uart.o(.text)
    LED_GPIO_Config                          0x00002471   Thumb Code    28  led.o(.text)
    Buzzer_Init                              0x0000248d   Thumb Code    28  led.o(.text)
    OLED_W_SCL                               0x000024b1   Thumb Code    36  oled.o(.text)
    OLED_W_SDA                               0x000024d5   Thumb Code    36  oled.o(.text)
    OLED_GPIO_Init                           0x000024f9   Thumb Code    66  oled.o(.text)
    OLED_I2C_Start                           0x0000253b   Thumb Code    28  oled.o(.text)
    OLED_I2C_Stop                            0x00002557   Thumb Code    22  oled.o(.text)
    OLED_I2C_SendByte                        0x0000256d   Thumb Code    62  oled.o(.text)
    OLED_WriteCommand                        0x000025ab   Thumb Code    32  oled.o(.text)
    OLED_WriteData                           0x000025cb   Thumb Code    46  oled.o(.text)
    OLED_SetCursor                           0x000025f9   Thumb Code    34  oled.o(.text)
    OLED_Update                              0x0000261b   Thumb Code    36  oled.o(.text)
    OLED_Clear                               0x0000263f   Thumb Code    36  oled.o(.text)
    OLED_Init                                0x00002663   Thumb Code   154  oled.o(.text)
    OLED_Pow                                 0x000026fd   Thumb Code    20  oled.o(.text)
    OLED_pnpoly                              0x00002711   Thumb Code   140  oled.o(.text)
    OLED_IsInAngle                           0x0000279d   Thumb Code   144  oled.o(.text)
    OLED_UpdateArea                          0x0000282d   Thumb Code   120  oled.o(.text)
    OLED_ClearArea                           0x000028a5   Thumb Code   168  oled.o(.text)
    OLED_Reverse                             0x0000294d   Thumb Code    46  oled.o(.text)
    OLED_ReverseArea                         0x0000297b   Thumb Code   140  oled.o(.text)
    OLED_ShowImage                           0x00002a07   Thumb Code   248  oled.o(.text)
    OLED_ShowChar                            0x00002aff   Thumb Code    74  oled.o(.text)
    OLED_ShowString                          0x00002b49   Thumb Code    46  oled.o(.text)
    OLED_ShowNum                             0x00002b77   Thumb Code    76  oled.o(.text)
    OLED_ShowSignedNum                       0x00002bc3   Thumb Code   112  oled.o(.text)
    OLED_ShowHexNum                          0x00002c33   Thumb Code    96  oled.o(.text)
    OLED_ShowBinNum                          0x00002c93   Thumb Code    70  oled.o(.text)
    OLED_ShowFloatNum                        0x00002cd9   Thumb Code   270  oled.o(.text)
    OLED_ShowChinese                         0x00002de7   Thumb Code   148  oled.o(.text)
    OLED_Printf                              0x00002e7b   Thumb Code    50  oled.o(.text)
    OLED_DrawPoint                           0x00002ead   Thumb Code    76  oled.o(.text)
    OLED_GetPoint                            0x00002ef9   Thumb Code    64  oled.o(.text)
    OLED_DrawLine                            0x00002f39   Thumb Code   374  oled.o(.text)
    OLED_DrawRectangle                       0x000030af   Thumb Code   142  oled.o(.text)
    OLED_DrawTriangle                        0x0000313d   Thumb Code   246  oled.o(.text)
    OLED_DrawCircle                          0x00003233   Thumb Code   352  oled.o(.text)
    OLED_DrawEllipse                         0x00003393   Thumb Code   858  oled.o(.text)
    OLED_DrawArc                             0x000036ed   Thumb Code   626  oled.o(.text)
    fputc                                    0x00003961   Thumb Code    18  serial.o(.text)
    fgetc                                    0x00003973   Thumb Code    16  serial.o(.text)
    Serial_SendByte                          0x00003983   Thumb Code   122  serial.o(.text)
    Serial_SendArray                         0x000039fd   Thumb Code    34  serial.o(.text)
    Serial_SendString                        0x00003a1f   Thumb Code    30  serial.o(.text)
    Serial_Pow                               0x00003a3d   Thumb Code    20  serial.o(.text)
    Serial_SendNumber                        0x00003a51   Thumb Code    62  serial.o(.text)
    ROM_UART0IntHandler                      0x00003a8f   Thumb Code    78  serial.o(.text)
    ROM_UART0_Init                           0x00003add   Thumb Code   184  serial.o(.text)
    ROM_UART1_Init                           0x00003b95   Thumb Code   182  serial.o(.text)
    ROM_UART2IntHandler                      0x00003c4b   Thumb Code    78  serial.o(.text)
    ROM_UART2_Init                           0x00003c99   Thumb Code   248  serial.o(.text)
    ROM_UART3IntHandler                      0x00003d91   Thumb Code    78  serial.o(.text)
    ROM_UART3_Init                           0x00003ddf   Thumb Code   178  serial.o(.text)
    ROM_UART4IntHandler                      0x00003e91   Thumb Code    78  serial.o(.text)
    ROM_UART4_Init                           0x00003edf   Thumb Code   180  serial.o(.text)
    ROM_UART5_Init                           0x00003f93   Thumb Code   180  serial.o(.text)
    ROM_UART6_Init                           0x00004047   Thumb Code   180  serial.o(.text)
    ROM_UART7IntHandler                      0x000040fb   Thumb Code    78  serial.o(.text)
    ROM_UART7_Init                           0x00004149   Thumb Code   274  serial.o(.text)
    UART0IntHandler                          0x0000425b   Thumb Code    54  serial.o(.text)
    UART0_Init                               0x00004291   Thumb Code   112  serial.o(.text)
    UART1IntHandler                          0x00004301   Thumb Code    54  serial.o(.text)
    UART1_Init                               0x00004337   Thumb Code   112  serial.o(.text)
    UART2IntHandler                          0x000043a7   Thumb Code    54  serial.o(.text)
    UART2_Init                               0x000043dd   Thumb Code   110  serial.o(.text)
    UART3_Init                               0x0000444b   Thumb Code   110  serial.o(.text)
    UART4_Init                               0x000044b9   Thumb Code   110  serial.o(.text)
    UART5_Init                               0x00004527   Thumb Code   110  serial.o(.text)
    UART6_Init                               0x00004595   Thumb Code   214  serial.o(.text)
    UART7_Init                               0x0000466b   Thumb Code   106  serial.o(.text)
    UART3IntHandler                          0x000046d5   Thumb Code    54  serial.o(.text)
    UART4IntHandler                          0x0000470b   Thumb Code    54  serial.o(.text)
    UART5IntHandler                          0x00004741   Thumb Code    54  serial.o(.text)
    UART6IntHandler                          0x00004777   Thumb Code    54  serial.o(.text)
    UART7IntHandler                          0x000047ad   Thumb Code    54  serial.o(.text)
    Timer_init                               0x0000480d   Thumb Code   130  timer_user.o(.text)
    Test_Period                              0x0000488f   Thumb Code    68  timer_user.o(.text)
    PWM_Init                                 0x000048e5   Thumb Code   240  pwm_user.o(.text)
    SetCycle                                 0x000049d5   Thumb Code   144  pwm_user.o(.text)
    SetDuty                                  0x00004a65   Thumb Code   176  pwm_user.o(.text)
    GPIO_interrupt                           0x00004b39   Thumb Code    50  buttonsinterrupt.o(.text)
    ButtonsInit                              0x00004b6b   Thumb Code    78  buttonsinterrupt.o(.text)
    Key_Init                                 0x00004bb9   Thumb Code    34  buttonsinterrupt.o(.text)
    Motor_Init                               0x00004be9   Thumb Code   120  motor.o(.text)
    Motor_speed                              0x00004c61   Thumb Code   184  motor.o(.text)
    Motor_SetStep_up                         0x00004d19   Thumb Code   136  motor.o(.text)
    Motor_SetStep_down                       0x00004da1   Thumb Code   136  motor.o(.text)
    data_process                             0x00004e3d   Thumb Code   290  tof.o(.text)
    Tof_ReceiveData                          0x00004f5f   Thumb Code  1620  tof.o(.text)
    ROM_UART6IntHandler                      0x000055b3   Thumb Code    66  tof.o(.text)
    Hand                                     0x000055f5   Thumb Code    22  tof.o(.text)
    CLR_Buf                                  0x0000560b   Thumb Code    18  tof.o(.text)
    distance_filter                          0x0000561d   Thumb Code   150  tof.o(.text)
    PID_Init                                 0x000056bd   Thumb Code   134  pid.o(.text)
    P_realize                                0x00005743   Thumb Code    46  pid.o(.text)
    PI_realize                               0x00005771   Thumb Code    74  pid.o(.text)
    PID_realize                              0x000057bb   Thumb Code   102  pid.o(.text)
    main                                     0x0000582d   Thumb Code   622  main.o(.text)
    abs_user                                 0x00005a9b   Thumb Code    18  main.o(.text)
    TIMER0A_Handler                          0x00005aad   Thumb Code  1492  main.o(.text)
    ROM_UART1IntHandler                      0x00006081   Thumb Code   558  main.o(.text)
    ROM_UART5IntHandler                      0x000062af   Thumb Code   106  main.o(.text)
    initTime                                 0x0000639d   Thumb Code    34  systicktime.o(.text)
    micros                                   0x000063bf   Thumb Code     6  systicktime.o(.text)
    delayMicroseconds                        0x000063c5   Thumb Code    24  systicktime.o(.text)
    delay                                    0x000063dd   Thumb Code    18  systicktime.o(.text)
    millis                                   0x000063ef   Thumb Code    14  systicktime.o(.text)
    Delay_Ms                                 0x000063fd   Thumb Code    12  systicktime.o(.text)
    delay_ms                                 0x00006409   Thumb Code    12  systicktime.o(.text)
    delay_us                                 0x00006415   Thumb Code    12  systicktime.o(.text)
    Delay_Us                                 0x00006421   Thumb Code    12  systicktime.o(.text)
    __aeabi_memset                           0x00006439   Thumb Code    14  memseta.o(.text)
    __aeabi_memset4                          0x00006439   Thumb Code     0  memseta.o(.text)
    __aeabi_memset8                          0x00006439   Thumb Code     0  memseta.o(.text)
    __aeabi_memclr                           0x00006447   Thumb Code     4  memseta.o(.text)
    __aeabi_memclr4                          0x00006447   Thumb Code     0  memseta.o(.text)
    __aeabi_memclr8                          0x00006447   Thumb Code     0  memseta.o(.text)
    _memset$wrapper                          0x0000644b   Thumb Code    18  memseta.o(.text)
    strstr                                   0x0000645d   Thumb Code    36  strstr.o(.text)
    strcmp                                   0x00006481   Thumb Code    28  strcmp.o(.text)
    __aeabi_dadd                             0x0000649d   Thumb Code   322  dadd.o(.text)
    __aeabi_dsub                             0x000065df   Thumb Code     6  dadd.o(.text)
    __aeabi_drsub                            0x000065e5   Thumb Code     6  dadd.o(.text)
    __aeabi_dmul                             0x000065eb   Thumb Code   228  dmul.o(.text)
    __aeabi_ddiv                             0x000066cf   Thumb Code   222  ddiv.o(.text)
    __aeabi_i2d                              0x000067ad   Thumb Code    34  dflti.o(.text)
    __aeabi_ui2d                             0x000067cf   Thumb Code    26  dfltui.o(.text)
    __aeabi_d2iz                             0x000067e9   Thumb Code    62  dfixi.o(.text)
    __aeabi_d2uiz                            0x00006827   Thumb Code    50  dfixui.o(.text)
    __aeabi_cdcmpeq                          0x00006859   Thumb Code     0  cdcmple.o(.text)
    __aeabi_cdcmple                          0x00006859   Thumb Code    48  cdcmple.o(.text)
    __aeabi_cdrcmple                         0x00006889   Thumb Code    48  cdrcmple.o(.text)
    __aeabi_d2f                              0x000068b9   Thumb Code    56  d2f.o(.text)
    __aeabi_uidiv                            0x000068f1   Thumb Code     0  uidiv.o(.text)
    __aeabi_uidivmod                         0x000068f1   Thumb Code    44  uidiv.o(.text)
    __aeabi_uldivmod                         0x0000691d   Thumb Code    98  uldiv.o(.text)
    __aeabi_llsl                             0x0000697f   Thumb Code    30  llshl.o(.text)
    _ll_shift_l                              0x0000697f   Thumb Code     0  llshl.o(.text)
    __aeabi_llsr                             0x0000699d   Thumb Code    32  llushr.o(.text)
    _ll_ushift_r                             0x0000699d   Thumb Code     0  llushr.o(.text)
    __aeabi_lasr                             0x000069bd   Thumb Code    36  llsshr.o(.text)
    _ll_sshift_r                             0x000069bd   Thumb Code     0  llsshr.o(.text)
    __I$use$fp                               0x000069e1   Thumb Code     0  iusefp.o(.text)
    _float_round                             0x000069e1   Thumb Code    18  fepilogue.o(.text)
    _float_epilogue                          0x000069f3   Thumb Code    92  fepilogue.o(.text)
    _double_round                            0x00006a4f   Thumb Code    30  depilogue.o(.text)
    _double_epilogue                         0x00006a6d   Thumb Code   156  depilogue.o(.text)
    _drnd                                    0x00006b09   Thumb Code   132  drnd.o(.text)
    __aeabi_d2ulz                            0x00006b91   Thumb Code    48  dfixul.o(.text)
    __scatterload                            0x00006bc1   Thumb Code    28  init.o(.text)
    __scatterload_rt2                        0x00006bc1   Thumb Code     0  init.o(.text)
    __decompress                             0x00006be5   Thumb Code     0  __dczerorl.o(.text)
    __decompress0                            0x00006be5   Thumb Code    58  __dczerorl.o(.text)
    __0vsprintf                              0x00006c21   Thumb Code    30  printfa.o(i.__0vsprintf)
    __1vsprintf                              0x00006c21   Thumb Code     0  printfa.o(i.__0vsprintf)
    __2vsprintf                              0x00006c21   Thumb Code     0  printfa.o(i.__0vsprintf)
    __c89vsprintf                            0x00006c21   Thumb Code     0  printfa.o(i.__0vsprintf)
    vsprintf                                 0x00006c21   Thumb Code     0  printfa.o(i.__0vsprintf)
    __ARM_fpclassify                         0x00006c45   Thumb Code    48  fpclassify.o(i.__ARM_fpclassify)
    __hardfp_atan                            0x00006c79   Thumb Code   622  atan.o(i.__hardfp_atan)
    __hardfp_atan2                           0x00006f51   Thumb Code   432  atan2.o(i.__hardfp_atan2)
    __hardfp_round                           0x00007141   Thumb Code   194  round.o(i.__hardfp_round)
    __kernel_poly                            0x00007221   Thumb Code   248  poly.o(i.__kernel_poly)
    __mathlib_dbl_infnan                     0x00007319   Thumb Code    20  dunder.o(i.__mathlib_dbl_infnan)
    __mathlib_dbl_infnan2                    0x0000732d   Thumb Code    20  dunder.o(i.__mathlib_dbl_infnan2)
    __mathlib_dbl_underflow                  0x00007341   Thumb Code    24  dunder.o(i.__mathlib_dbl_underflow)
    __scatterload_copy                       0x00007361   Thumb Code    14  handlers.o(i.__scatterload_copy)
    __scatterload_null                       0x0000736f   Thumb Code     2  handlers.o(i.__scatterload_null)
    __scatterload_zeroinit                   0x00007371   Thumb Code    14  handlers.o(i.__scatterload_zeroinit)
    atan                                     0x00007c3d   Thumb Code    16  atan.o(i.atan)
    fabs                                     0x00007c4d   Thumb Code    24  fabs.o(i.fabs)
    OLED_F8x16                               0x0000826c   Data        1520  oled_data.o(.constdata)
    OLED_F6x8                                0x0000885c   Data         570  oled_data.o(.constdata)
    OLED_CF16x16                             0x00008a96   Data        1120  oled_data.o(.constdata)
    Diode                                    0x00008ef6   Data          32  oled_data.o(.constdata)
    __mathlib_zero                           0x00008fb0   Data           8  qnan.o(.constdata)
    Region$$Table$$Base                      0x00008fb8   Number         0  anon$$obj.o(Region$$Table)
    Region$$Table$$Limit                     0x00008fd8   Number         0  anon$$obj.o(Region$$Table)
    point1                                   0x20000000   Data           2  tof.o(.data)
    q                                        0x20000004   Data           4  tof.o(.data)
    distance_last                            0x20000008   Data           2  tof.o(.data)
    receive_cnt                              0x20000024   Data           2  main.o(.data)
    confidence                               0x20000026   Data           1  main.o(.data)
    distance                                 0x20000028   Data           2  main.o(.data)
    noise                                    0x2000002a   Data           2  main.o(.data)
    reftof                                   0x2000002c   Data           2  main.o(.data)
    peak                                     0x20000030   Data           4  main.o(.data)
    intg                                     0x20000034   Data           4  main.o(.data)
    dis                                      0x20000038   Data           1  main.o(.data)
    OPENMV_index                             0x20000039   Data           1  main.o(.data)
    ASR_index                                0x2000003a   Data           1  main.o(.data)
    key1_num                                 0x2000003b   Data           1  main.o(.data)
    key2_num                                 0x2000003c   Data           1  main.o(.data)
    key3_num                                 0x2000003d   Data           1  main.o(.data)
    key4_num                                 0x2000003e   Data           1  main.o(.data)
    Wtimer0A_cnt                             0x20000040   Data           2  main.o(.data)
    out_flag                                 0x20000042   Data           1  main.o(.data)
    out_flag_first                           0x20000043   Data           1  main.o(.data)
    target_x                                 0x20000044   Data           2  main.o(.data)
    target_y                                 0x20000046   Data           2  main.o(.data)
    middle_x                                 0x20000048   Data           2  main.o(.data)
    middle_y                                 0x2000004a   Data           2  main.o(.data)
    point_x                                  0x2000004c   Data           2  main.o(.data)
    point_y                                  0x2000004e   Data           2  main.o(.data)
    x1                                       0x20000050   Data           2  main.o(.data)
    y1                                       0x20000052   Data           2  main.o(.data)
    x2                                       0x20000054   Data           2  main.o(.data)
    y2                                       0x20000056   Data           2  main.o(.data)
    x3                                       0x20000058   Data           2  main.o(.data)
    y3                                       0x2000005a   Data           2  main.o(.data)
    x4                                       0x2000005c   Data           2  main.o(.data)
    y4                                       0x2000005e   Data           2  main.o(.data)
    x5                                       0x20000060   Data           2  main.o(.data)
    y5                                       0x20000062   Data           2  main.o(.data)
    x6                                       0x20000064   Data           2  main.o(.data)
    y6                                       0x20000066   Data           2  main.o(.data)
    x7                                       0x20000068   Data           2  main.o(.data)
    y7                                       0x2000006a   Data           2  main.o(.data)
    x8                                       0x2000006c   Data           2  main.o(.data)
    y8                                       0x2000006e   Data           2  main.o(.data)
    Motor1_Speed                             0x20000070   Data           2  main.o(.data)
    Motor2_Speed                             0x20000072   Data           2  main.o(.data)
    flag                                     0x20000074   Data           4  main.o(.data)
    flag1                                    0x20000078   Data           4  main.o(.data)
    tx                                       0x2000007c   Data           2  main.o(.data)
    ty                                       0x2000007e   Data           2  main.o(.data)
    OLED_DisplayBuf                          0x2000066c   Data        1024  oled.o(.bss)
    USART_RX_BUF                             0x20000a6c   Data         200  tof.o(.bss)
    Pack_Data                                0x20000b34   Data         240  tof.o(.bss)
    Pack_sum                                 0x20000c24   Data          20  tof.o(.bss)
    PID_Motor1_Speed                         0x20000c60   Data          32  pid.o(.bss)
    PID_Motor2_Speed                         0x20000c80   Data          32  pid.o(.bss)
    OPENMV_buff                              0x20000ca0   Data         100  main.o(.bss)
    ASR_buff                                 0x20000d04   Data         100  main.o(.bss)
    __initial_sp                             0x20001008   Data           0  startup_rvmdk.o(STACK)



==============================================================================

Memory Map of the image

  Image Entry point : 0x00000289

  Load Region LR_IROM1 (Base: 0x00000000, Size: 0x00009644, Max: 0x00040000, ABSOLUTE, COMPRESSED[0x00008ff0])

    Execution Region ER_IROM1 (Exec base: 0x00000000, Load base: 0x00000000, Size: 0x00008fd8, Max: 0x00040000, ABSOLUTE)

    Exec Addr    Load Addr    Size         Type   Attr      Idx    E Section Name        Object

    0x00000000   0x00000000   0x00000288   Code   RO          880    RESET               startup_rvmdk.o
    0x00000288   0x00000288   0x00000000   Code   RO          917  * .ARM.Collect$$$$00000000  mc_w.l(entry.o)
    0x00000288   0x00000288   0x00000004   Code   RO         1011    .ARM.Collect$$$$00000001  mc_w.l(entry2.o)
    0x0000028c   0x0000028c   0x00000004   Code   RO         1014    .ARM.Collect$$$$00000004  mc_w.l(entry5.o)
    0x00000290   0x00000290   0x00000000   Code   RO         1016    .ARM.Collect$$$$00000008  mc_w.l(entry7b.o)
    0x00000290   0x00000290   0x00000000   Code   RO         1018    .ARM.Collect$$$$0000000A  mc_w.l(entry8b.o)
    0x00000290   0x00000290   0x00000008   Code   RO         1019    .ARM.Collect$$$$0000000B  mc_w.l(entry9a.o)
    0x00000298   0x00000298   0x00000000   Code   RO         1021    .ARM.Collect$$$$0000000D  mc_w.l(entry10a.o)
    0x00000298   0x00000298   0x00000000   Code   RO         1023    .ARM.Collect$$$$0000000F  mc_w.l(entry11a.o)
    0x00000298   0x00000298   0x00000004   Code   RO         1012    .ARM.Collect$$$$00002712  mc_w.l(entry2.o)
    0x0000029c   0x0000029c   0x00000026   Code   RO          109    .emb_text           cpu.o
    0x000002c2   0x000002c2   0x00000002   PAD
    0x000002c4   0x000002c4   0x00000006   Code   RO          481    .emb_text           sysctl.o
    0x000002ca   0x000002ca   0x00000002   PAD
    0x000002cc   0x000002cc   0x000007f8   Code   RO          284    .text               gpio.o
    0x00000ac4   0x00000ac4   0x00000330   Code   RO          345    .text               interrupt.o
    0x00000df4   0x00000df4   0x0000045e   Code   RO          393    .text               pwm.o
    0x00001252   0x00001252   0x00000002   PAD
    0x00001254   0x00001254   0x00000b58   Code   RO          482    .text               sysctl.o
    0x00001dac   0x00001dac   0x0000009c   Code   RO          514    .text               systick.o
    0x00001e48   0x00001e48   0x000002f8   Code   RO          529    .text               timer.o
    0x00002140   0x00002140   0x00000330   Code   RO          549    .text               uart.o
    0x00002470   0x00002470   0x00000040   Code   RO          623    .text               led.o
    0x000024b0   0x000024b0   0x000014ae   Code   RO          714    .text               oled.o
    0x0000395e   0x0000395e   0x00000002   PAD
    0x00003960   0x00003960   0x00000eac   Code   RO          729    .text               serial.o
    0x0000480c   0x0000480c   0x000000d8   Code   RO          741    .text               timer_user.o
    0x000048e4   0x000048e4   0x00000254   Code   RO          753    .text               pwm_user.o
    0x00004b38   0x00004b38   0x000000b0   Code   RO          765    .text               buttonsinterrupt.o
    0x00004be8   0x00004be8   0x00000254   Code   RO          794    .text               motor.o
    0x00004e3c   0x00004e3c   0x00000880   Code   RO          806    .text               tof.o
    0x000056bc   0x000056bc   0x00000170   Code   RO          827    .text               pid.o
    0x0000582c   0x0000582c   0x00000b64   Code   RO          842    .text               main.o
    0x00006390   0x00006390   0x000000a8   Code   RO          884    .text               systicktime.o
    0x00006438   0x00006438   0x00000024   Code   RO          920    .text               mc_w.l(memseta.o)
    0x0000645c   0x0000645c   0x00000024   Code   RO          922    .text               mc_w.l(strstr.o)
    0x00006480   0x00006480   0x0000001c   Code   RO          924    .text               mc_w.l(strcmp.o)
    0x0000649c   0x0000649c   0x0000014e   Code   RO          954    .text               mf_w.l(dadd.o)
    0x000065ea   0x000065ea   0x000000e4   Code   RO          956    .text               mf_w.l(dmul.o)
    0x000066ce   0x000066ce   0x000000de   Code   RO          958    .text               mf_w.l(ddiv.o)
    0x000067ac   0x000067ac   0x00000022   Code   RO          962    .text               mf_w.l(dflti.o)
    0x000067ce   0x000067ce   0x0000001a   Code   RO          964    .text               mf_w.l(dfltui.o)
    0x000067e8   0x000067e8   0x0000003e   Code   RO          966    .text               mf_w.l(dfixi.o)
    0x00006826   0x00006826   0x00000032   Code   RO          968    .text               mf_w.l(dfixui.o)
    0x00006858   0x00006858   0x00000030   Code   RO          970    .text               mf_w.l(cdcmple.o)
    0x00006888   0x00006888   0x00000030   Code   RO          972    .text               mf_w.l(cdrcmple.o)
    0x000068b8   0x000068b8   0x00000038   Code   RO          974    .text               mf_w.l(d2f.o)
    0x000068f0   0x000068f0   0x0000002c   Code   RO         1026    .text               mc_w.l(uidiv.o)
    0x0000691c   0x0000691c   0x00000062   Code   RO         1028    .text               mc_w.l(uldiv.o)
    0x0000697e   0x0000697e   0x0000001e   Code   RO         1030    .text               mc_w.l(llshl.o)
    0x0000699c   0x0000699c   0x00000020   Code   RO         1032    .text               mc_w.l(llushr.o)
    0x000069bc   0x000069bc   0x00000024   Code   RO         1034    .text               mc_w.l(llsshr.o)
    0x000069e0   0x000069e0   0x00000000   Code   RO         1043    .text               mc_w.l(iusefp.o)
    0x000069e0   0x000069e0   0x0000006e   Code   RO         1044    .text               mf_w.l(fepilogue.o)
    0x00006a4e   0x00006a4e   0x000000ba   Code   RO         1046    .text               mf_w.l(depilogue.o)
    0x00006b08   0x00006b08   0x00000088   Code   RO         1048    .text               mf_w.l(drnd.o)
    0x00006b90   0x00006b90   0x00000030   Code   RO         1050    .text               mf_w.l(dfixul.o)
    0x00006bc0   0x00006bc0   0x00000024   Code   RO         1056    .text               mc_w.l(init.o)
    0x00006be4   0x00006be4   0x0000003a   Code   RO         1066    .text               mc_w.l(__dczerorl.o)
    0x00006c1e   0x00006c1e   0x00000002   PAD
    0x00006c20   0x00006c20   0x00000024   Code   RO          933    i.__0vsprintf       mc_w.l(printfa.o)
    0x00006c44   0x00006c44   0x00000030   Code   RO         1052    i.__ARM_fpclassify  m_wm.l(fpclassify.o)
    0x00006c74   0x00006c74   0x00000004   PAD
    0x00006c78   0x00006c78   0x000002d8   Code   RO          976    i.__hardfp_atan     m_wm.l(atan.o)
    0x00006f50   0x00006f50   0x000001f0   Code   RO          901    i.__hardfp_atan2    m_wm.l(atan2.o)
    0x00007140   0x00007140   0x000000e0   Code   RO          913    i.__hardfp_round    m_wm.l(round.o)
    0x00007220   0x00007220   0x000000f8   Code   RO         1054    i.__kernel_poly     m_wm.l(poly.o)
    0x00007318   0x00007318   0x00000014   Code   RO          991    i.__mathlib_dbl_infnan  m_wm.l(dunder.o)
    0x0000732c   0x0000732c   0x00000014   Code   RO          992    i.__mathlib_dbl_infnan2  m_wm.l(dunder.o)
    0x00007340   0x00007340   0x00000020   Code   RO          996    i.__mathlib_dbl_underflow  m_wm.l(dunder.o)
    0x00007360   0x00007360   0x0000000e   Code   RO         1060    i.__scatterload_copy  mc_w.l(handlers.o)
    0x0000736e   0x0000736e   0x00000002   Code   RO         1061    i.__scatterload_null  mc_w.l(handlers.o)
    0x00007370   0x00007370   0x0000000e   Code   RO         1062    i.__scatterload_zeroinit  mc_w.l(handlers.o)
    0x0000737e   0x0000737e   0x00000002   PAD
    0x00007380   0x00007380   0x00000184   Code   RO          934    i._fp_digits        mc_w.l(printfa.o)
    0x00007504   0x00007504   0x000006dc   Code   RO          935    i._printf_core      mc_w.l(printfa.o)
    0x00007be0   0x00007be0   0x00000024   Code   RO          936    i._printf_post_padding  mc_w.l(printfa.o)
    0x00007c04   0x00007c04   0x0000002e   Code   RO          937    i._printf_pre_padding  mc_w.l(printfa.o)
    0x00007c32   0x00007c32   0x0000000a   Code   RO          939    i._sputc            mc_w.l(printfa.o)
    0x00007c3c   0x00007c3c   0x00000010   Code   RO          978    i.atan              m_wm.l(atan.o)
    0x00007c4c   0x00007c4c   0x00000018   Code   RO         1006    i.fabs              m_wm.l(fabs.o)
    0x00007c64   0x00007c64   0x00000210   Data   RO          285    .constdata          gpio.o
    0x00007e74   0x00007e74   0x0000010c   Data   RO          346    .constdata          interrupt.o
    0x00007f80   0x00007f80   0x000001cc   Data   RO          483    .constdata          sysctl.o
    0x0000814c   0x0000814c   0x000000a0   Data   RO          530    .constdata          timer.o
    0x000081ec   0x000081ec   0x00000080   Data   RO          550    .constdata          uart.o
    0x0000826c   0x0000826c   0x00000caa   Data   RO          702    .constdata          oled_data.o
    0x00008f16   0x00008f16   0x00000002   PAD
    0x00008f18   0x00008f18   0x00000098   Data   RO          979    .constdata          m_wm.l(atan.o)
    0x00008fb0   0x00008fb0   0x00000008   Data   RO         1010    .constdata          m_wm.l(qnan.o)
    0x00008fb8   0x00008fb8   0x00000020   Data   RO         1058    Region$$Table       anon$$obj.o


    Execution Region RW_IRAM1 (Exec base: 0x20000000, Load base: 0x00008fd8, Size: 0x00001008, Max: 0x00008000, ABSOLUTE, COMPRESSED[0x00000018])

    Exec Addr    Load Addr    Size         Type   Attr      Idx    E Section Name        Object

    0x20000000   COMPRESSED   0x00000024   Data   RW          808    .data               tof.o
    0x20000024   COMPRESSED   0x0000005f   Data   RW          844    .data               main.o
    0x20000083   COMPRESSED   0x00000001   PAD
    0x20000084   COMPRESSED   0x00000004   Data   RW          885    .data               systicktime.o
    0x20000088   COMPRESSED   0x00000378   PAD
    0x20000400   COMPRESSED   0x0000026c   Data   RW          347    vtable              interrupt.o
    0x2000066c        -       0x00000400   Zero   RW          715    .bss                oled.o
    0x20000a6c        -       0x000001f4   Zero   RW          807    .bss                tof.o
    0x20000c60        -       0x00000040   Zero   RW          828    .bss                pid.o
    0x20000ca0        -       0x00000168   Zero   RW          843    .bss                main.o
    0x20000e08        -       0x00000200   Zero   RW          878    STACK               startup_rvmdk.o


==============================================================================

Image component sizes


      Code (inc. data)   RO Data    RW Data    ZI Data      Debug   Object Name

         0          0          0          0          0       4548   adc.o
       176         14          0          0          0        850   buttonsinterrupt.o
        38          0          0          0          0        648   cpu.o
      2040         30        528          0          0      14336   gpio.o
       816         46        268        620          0       4844   interrupt.o
        64          8          0          0          0       3302   led.o
      2916        354          0         95        360       4699   main.o
       596         20          0          0          0       1613   motor.o
      5294         66          0          0       1024      15684   oled.o
         0          0       3242          0          0       1178   oled_data.o
       368         12          0          0         64       1924   pid.o
      1118         32          0          0          0      10349   pwm.o
       596         36          0          0          0       1500   pwm_user.o
      3756        300          0          0          0       8798   serial.o
       648        622          0          0        512        276   startup_rvmdk.o
      2910        154        460          0          0      14565   sysctl.o
       156          0          0          0          0       1864   systick.o
       168         12          0          4          0       2861   systicktime.o
       760         20        160          0          0      10394   timer.o
       216         18          0          0          0       1021   timer_user.o
      2176        150          0         36        500       4817   tof.o
       816         22        128          0          0      11092   uart.o

    ----------------------------------------------------------------------
     25636       1916       4820       1644       2460     121163   Object Totals
         0          0         32          0          0          0   (incl. Generated)
         8          0          2        889          0          0   (incl. Padding)

    ----------------------------------------------------------------------

      Code (inc. data)   RO Data    RW Data    ZI Data      Debug   Library Member Name

       744        106        152          0          0        352   atan.o
       496         64          0          0          0        192   atan2.o
        72          8          0          0          0        372   dunder.o
        24          0          0          0          0        124   fabs.o
        48          0          0          0          0        124   fpclassify.o
       248          0          0          0          0        152   poly.o
         0          0          8          0          0          0   qnan.o
       224         30          0          0          0        172   round.o
        58          0          0          0          0          0   __dczerorl.o
         0          0          0          0          0          0   entry.o
         0          0          0          0          0          0   entry10a.o
         0          0          0          0          0          0   entry11a.o
         8          4          0          0          0          0   entry2.o
         4          0          0          0          0          0   entry5.o
         0          0          0          0          0          0   entry7b.o
         0          0          0          0          0          0   entry8b.o
         8          4          0          0          0          0   entry9a.o
        30          0          0          0          0          0   handlers.o
        36          8          0          0          0         68   init.o
         0          0          0          0          0          0   iusefp.o
        30          0          0          0          0         68   llshl.o
        36          0          0          0          0         68   llsshr.o
        32          0          0          0          0         68   llushr.o
        36          0          0          0          0        108   memseta.o
      2272         86          0          0          0        516   printfa.o
        28          0          0          0          0         76   strcmp.o
        36          0          0          0          0         80   strstr.o
        44          0          0          0          0         80   uidiv.o
        98          0          0          0          0         92   uldiv.o
        48          0          0          0          0         68   cdcmple.o
        48          0          0          0          0         68   cdrcmple.o
        56          0          0          0          0         88   d2f.o
       334          0          0          0          0        148   dadd.o
       222          0          0          0          0        100   ddiv.o
       186          0          0          0          0        176   depilogue.o
        62          0          0          0          0         80   dfixi.o
        50          0          0          0          0         76   dfixui.o
        48          0          0          0          0         68   dfixul.o
        34          0          0          0          0         76   dflti.o
        26          0          0          0          0         76   dfltui.o
       228          0          0          0          0         96   dmul.o
       136          4          0          0          0         92   drnd.o
       110          0          0          0          0        168   fepilogue.o

    ----------------------------------------------------------------------
      6208        314        160          0          0       4092   Library Totals
         8          0          0          0          0          0   (incl. Padding)

    ----------------------------------------------------------------------

      Code (inc. data)   RO Data    RW Data    ZI Data      Debug   Library Name

      1856        208        160          0          0       1488   m_wm.l
      2756        102          0          0          0       1224   mc_w.l
      1588          4          0          0          0       1380   mf_w.l

    ----------------------------------------------------------------------
      6208        314        160          0          0       4092   Library Totals

    ----------------------------------------------------------------------

==============================================================================


      Code (inc. data)   RO Data    RW Data    ZI Data      Debug   

     31844       2230       4980       1644       2460     118935   Grand Totals
     31844       2230       4980         24       2460     118935   ELF Image Totals (compressed)
     31844       2230       4980         24          0          0   ROM Totals

==============================================================================

    Total RO  Size (Code + RO Data)                36824 (  35.96kB)
    Total RW  Size (RW Data + ZI Data)              4104 (   4.01kB)
    Total ROM Size (Code + RO Data + RW Data)      36848 (  35.98kB)

==============================================================================

