Component: ARM Compiler 5.06 update 5 (build 528) Tool: armlink [4d35e2]

==============================================================================

Section Cross References

    adc.o(.text) refers to interrupt.o(.text) for IntRegister
    adc.o(.text) refers to adc.o(.data) for g_pui8OversampleFactor
    aes.o(.text) refers to interrupt.o(.text) for IntRegister
    can.o(.text) refers to interrupt.o(.text) for IntRegister
    can.o(.text) refers to can.o(.constdata) for g_ui16CANBitValues
    comp.o(.text) refers to interrupt.o(.text) for IntRegister
    des.o(.text) refers to interrupt.o(.text) for IntRegister
    eeprom.o(.text) refers to sysctl.o(.emb_text) for SysCtlDelay
    eeprom.o(.text) refers to sysctl.o(.text) for SysCtlPeripheralReset
    emac.o(.text) refers to sysctl.o(.text) for SysCtlPeripheralReset
    emac.o(.text) refers to sysctl.o(.emb_text) for SysCtlDelay
    emac.o(.text) refers to sw_crc.o(.text) for Crc32
    emac.o(.text) refers to interrupt.o(.text) for IntRegister
    emac.o(.text) refers to emac.o(.constdata) for g_pi16MIIClockDiv
    epi.o(.text) refers to interrupt.o(.text) for IntRegister
    flash.o(.text) refers to interrupt.o(.text) for IntRegister
    flash.o(.text) refers to flash.o(.constdata) for g_pui32FMPRERegs
    gpio.o(.text) refers to interrupt.o(.text) for IntRegister
    gpio.o(.text) refers to gpio.o(.constdata) for g_ppui32GPIOIntMapBlizzard
    hibernate.o(.text) refers to interrupt.o(.text) for IntRegister
    i2c.o(.text) refers to interrupt.o(.text) for IntRegister
    i2c.o(.text) refers to i2c.o(.constdata) for g_ppui32I2CIntMap
    interrupt.o(.text) refers to cpu.o(.emb_text) for CPUcpsie
    interrupt.o(.text) refers to interrupt.o(vtable) for g_pfnRAMVectors
    interrupt.o(.text) refers to interrupt.o(.constdata) for g_pui32Priority
    lcd.o(.text) refers to sysctl.o(.emb_text) for SysCtlDelay
    lcd.o(.text) refers to interrupt.o(.text) for IntRegister
    mpu.o(.text) refers to interrupt.o(.text) for IntRegister
    pwm.o(.text) refers to interrupt.o(.text) for IntRegister
    qei.o(.text) refers to interrupt.o(.text) for IntRegister
    shamd5.o(.text) refers to interrupt.o(.text) for IntRegister
    ssi.o(.text) refers to interrupt.o(.text) for IntRegister
    ssi.o(.text) refers to ssi.o(.constdata) for g_ppui32SSIIntMap
    sw_crc.o(.text) refers to sw_crc.o(.constdata) for g_pui8Crc8CCITT
    sysctl.o(.text) refers to interrupt.o(.text) for IntRegister
    sysctl.o(.text) refers to sysctl.o(.constdata) for g_sXTALtoMEMTIM
    sysctl.o(.text) refers to cpu.o(.emb_text) for CPUwfi
    sysctl.o(.text) refers to sysctl.o(.emb_text) for SysCtlDelay
    sysexc.o(.text) refers to interrupt.o(.text) for IntRegister
    systick.o(.text) refers to interrupt.o(.text) for IntRegister
    timer.o(.text) refers to interrupt.o(.text) for IntRegister
    timer.o(.text) refers to timer.o(.constdata) for g_ppui32TimerIntMap
    uart.o(.text) refers to interrupt.o(.text) for IntRegister
    uart.o(.text) refers to uart.o(.constdata) for g_ppui32UARTIntMap
    udma.o(.text) refers to interrupt.o(.text) for IntRegister
    usb.o(.text) refers to interrupt.o(.text) for IntRegister
    watchdog.o(.text) refers to interrupt.o(.text) for IntRegister
    led.o(.text) refers to sysctl.o(.text) for SysCtlPeripheralEnable
    led.o(.text) refers to gpio.o(.text) for GPIOPinTypeGPIOOutput
    oled.o(.text) refers to gpio.o(.text) for GPIOPinWrite
    oled.o(.text) refers to sysctl.o(.text) for SysCtlPeripheralEnable
    oled.o(.text) refers to dflti.o(.text) for __aeabi_i2d
    oled.o(.text) refers to atan2.o(i.__hardfp_atan2) for __hardfp_atan2
    oled.o(.text) refers to ddiv.o(.text) for __aeabi_ddiv
    oled.o(.text) refers to dmul.o(.text) for __aeabi_dmul
    oled.o(.text) refers to dfixi.o(.text) for __aeabi_d2iz
    oled.o(.text) refers to oled.o(.bss) for OLED_DisplayBuf
    oled.o(.text) refers to cdrcmple.o(.text) for __aeabi_cdrcmple
    oled.o(.text) refers to dfixui.o(.text) for __aeabi_d2uiz
    oled.o(.text) refers to dfltui.o(.text) for __aeabi_ui2d
    oled.o(.text) refers to dadd.o(.text) for __aeabi_drsub
    oled.o(.text) refers to oled_data.o(.constdata) for OLED_F8x16
    oled.o(.text) refers to round.o(i.__hardfp_round) for __hardfp_round
    oled.o(.text) refers to strcmp.o(.text) for strcmp
    oled.o(.text) refers to printfa.o(i.__0vsprintf) for vsprintf
    oled.o(.text) refers to d2f.o(.text) for __aeabi_d2f
    oled.o(.text) refers to cdcmple.o(.text) for __aeabi_cdcmple
    serial.o(.text) refers to uart.o(.text) for UARTCharPut
    serial.o(.text) refers to sysctl.o(.text) for SysCtlClockGet
    serial.o(.text) refers to bleuart.o(.text) for ROM_UART1IntHandler
    serial.o(.text) refers to tof.o(.text) for ROM_UART3IntHandler
    serial.o(.text) refers to gpio.o(.text) for GPIOPinConfigure
    serial.o(.text) refers to interrupt.o(.text) for IntPrioritySet
    timer_user.o(.text) refers to sysctl.o(.text) for SysCtlClockGet
[...]
    ../clib/microlib/longlong.c              0x00000000   Number         0  llushr.o ABSOLUTE
    ../clib/microlib/malloc/malloc.c         0x00000000   Number         0  malloc.o ABSOLUTE
    ../clib/microlib/malloc/malloc.c         0x00000000   Number         0  mallocr.o ABSOLUTE
    ../clib/microlib/malloc/malloc.c         0x00000000   Number         0  malloca.o ABSOLUTE
    ../clib/microlib/malloc/malloc.c         0x00000000   Number         0  mallocra.o ABSOLUTE
    ../clib/microlib/malloc/mvars.c          0x00000000   Number         0  mvars.o ABSOLUTE
    ../clib/microlib/printf/printf.c         0x00000000   Number         0  printfa.o ABSOLUTE
    ../clib/microlib/stdio/streams.c         0x00000000   Number         0  stdout.o ABSOLUTE
    ../clib/microlib/string/memcpy.c         0x00000000   Number         0  memcpya.o ABSOLUTE
    ../clib/microlib/string/memcpy.c         0x00000000   Number         0  memcpyb.o ABSOLUTE
    ../clib/microlib/string/memset.c         0x00000000   Number         0  memseta.o ABSOLUTE
    ../clib/microlib/string/strcmp.c         0x00000000   Number         0  strcmp.o ABSOLUTE
    ../clib/microlib/string/strstr.c         0x00000000   Number         0  strstr.o ABSOLUTE
    ../clib/microlib/stubs.s                 0x00000000   Number         0  iusefp.o ABSOLUTE
    ../fplib/microlib/d2f.c                  0x00000000   Number         0  d2f.o ABSOLUTE
    ../fplib/microlib/f2d.c                  0x00000000   Number         0  f2d.o ABSOLUTE
    ../fplib/microlib/fpadd.c                0x00000000   Number         0  dadd.o ABSOLUTE
    ../fplib/microlib/fpdiv.c                0x00000000   Number         0  ddiv.o ABSOLUTE
    ../fplib/microlib/fpepilogue.c           0x00000000   Number         0  fepilogue.o ABSOLUTE
    ../fplib/microlib/fpepilogue.c           0x00000000   Number         0  depilogue.o ABSOLUTE
    ../fplib/microlib/fpfix.c                0x00000000   Number         0  dfixul.o ABSOLUTE
    ../fplib/microlib/fpfix.c                0x00000000   Number         0  dfixui.o ABSOLUTE
    ../fplib/microlib/fpfix.c                0x00000000   Number         0  dfixi.o ABSOLUTE
    ../fplib/microlib/fpflt.c                0x00000000   Number         0  dfltui.o ABSOLUTE
    ../fplib/microlib/fpflt.c                0x00000000   Number         0  dflti.o ABSOLUTE
    ../fplib/microlib/fpmul.c                0x00000000   Number         0  dmul.o ABSOLUTE
    ../fplib/microlib/fpneg.c                0x00000000   Number         0  dneg.o ABSOLUTE
    ../fplib/microlib/fprnd.c                0x00000000   Number         0  drnd.o ABSOLUTE
    ../mathlib/atan.c                        0x00000000   Number         0  atan.o ABSOLUTE
    ../mathlib/atan.c                        0x00000000   Number         0  atan_x.o ABSOLUTE
    ../mathlib/atan2.c                       0x00000000   Number         0  atan2.o ABSOLUTE
    ../mathlib/atan2.c                       0x00000000   Number         0  atan2_x.o ABSOLUTE
    ../mathlib/dunder.c                      0x00000000   Number         0  dunder.o ABSOLUTE
    ../mathlib/fabs.c                        0x00000000   Number         0  fabs.o ABSOLUTE
    ../mathlib/fpclassify.c                  0x00000000   Number         0  fpclassify.o ABSOLUTE
    ../mathlib/poly.c                        0x00000000   Number         0  poly.o ABSOLUTE
    ../mathlib/qnan.c                        0x00000000   Number         0  qnan.o ABSOLUTE
    ../mathlib/round.c                       0x00000000   Number         0  round.o ABSOLUTE
    ..\..\Drivers\SystickTime.c              0x00000000   Number         0  systicktime.o ABSOLUTE
    ..\..\Hardware\ADC_user.c                0x00000000   Number         0  adc_user.o ABSOLUTE
    ..\..\Hardware\BLEUART.c                 0x00000000   Number         0  bleuart.o ABSOLUTE
    ..\..\Hardware\ButtonsInterrupt.c        0x00000000   Number         0  buttonsinterrupt.o ABSOLUTE
    ..\..\Hardware\Buzzer.c                  0x00000000   Number         0  buzzer.o ABSOLUTE
    ..\..\Hardware\LED.c                     0x00000000   Number         0  led.o ABSOLUTE
    ..\..\Hardware\Motor.c                   0x00000000   Number         0  motor.o ABSOLUTE
    ..\..\Hardware\OLED.c                    0x00000000   Number         0  oled.o ABSOLUTE
    ..\..\Hardware\OLED_Data.c               0x00000000   Number         0  oled_data.o ABSOLUTE
    ..\..\Hardware\PID.c                     0x00000000   Number         0  pid.o ABSOLUTE
    ..\..\Hardware\PWM_user.c                0x00000000   Number         0  pwm_user.o ABSOLUTE
    ..\..\Hardware\RedSensor.c               0x00000000   Number         0  redsensor.o ABSOLUTE
    ..\..\Hardware\Serial.c                  0x00000000   Number         0  serial.o ABSOLUTE
    ..\..\Hardware\Task.c                    0x00000000   Number         0  task.o ABSOLUTE
    ..\..\Hardware\Timer_user.c              0x00000000   Number         0  timer_user.o ABSOLUTE
    ..\..\Hardware\Tof.c                     0x00000000   Number         0  tof.o ABSOLUTE
    ..\..\Hardware\VOFA.c                    0x00000000   Number         0  vofa.o ABSOLUTE
    ..\..\Libraries\driverlib\adc.c          0x00000000   Number         0  adc.o ABSOLUTE
    ..\..\Libraries\driverlib\aes.c          0x00000000   Number         0  aes.o ABSOLUTE
    ..\..\Libraries\driverlib\can.c          0x00000000   Number         0  can.o ABSOLUTE
    ..\..\Libraries\driverlib\comp.c         0x00000000   Number         0  comp.o ABSOLUTE
    ..\..\Libraries\driverlib\cpu.c          0x00000000   Number         0  cpu.o ABSOLUTE
    ..\..\Libraries\driverlib\crc.c          0x00000000   Number         0  crc.o ABSOLUTE
    ..\..\Libraries\driverlib\des.c          0x00000000   Number         0  des.o ABSOLUTE
    ..\..\Libraries\driverlib\eeprom.c       0x00000000   Number         0  eeprom.o ABSOLUTE
    ..\..\Libraries\driverlib\emac.c         0x00000000   Number         0  emac.o ABSOLUTE
    ..\..\Libraries\driverlib\epi.c          0x00000000   Number         0  epi.o ABSOLUTE
    ..\..\Libraries\driverlib\flash.c        0x00000000   Number         0  flash.o ABSOLUTE
    ..\..\Libraries\driverlib\fpu.c          0x00000000   Number         0  fpu.o ABSOLUTE
    ..\..\Libraries\driverlib\gpio.c         0x00000000   Number         0  gpio.o ABSOLUTE
    ..\..\Libraries\driverlib\hibernate.c    0x00000000   Number         0  hibernate.o ABSOLUTE
    ..\..\Libraries\driverlib\i2c.c          0x00000000   Number         0  i2c.o ABSOLUTE
    ..\..\Libraries\driverlib\interrupt.c    0x00000000   Number         0  interrupt.o ABSOLUTE
    ..\..\Libraries\driverlib\lcd.c          0x00000000   Number         0  lcd.o ABSOLUTE
    ..\..\Libraries\driverlib\mpu.c          0x00000000   Number         0  mpu.o ABSOLUTE
    ..\..\Libraries\driverlib\pwm.c          0x00000000   Number         0  pwm.o ABSOLUTE
    ..\..\Libraries\driverlib\qei.c          0x00000000   Number         0  qei.o ABSOLUTE
    ..\..\Libraries\driverlib\shamd5.c       0x00000000   Number         0  shamd5.o ABSOLUTE
    ..\..\Libraries\driverlib\ssi.c          0x00000000   Number         0  ssi.o ABSOLUTE
    ..\..\Libraries\driverlib\sw_crc.c       0x00000000   Number         0  sw_crc.o ABSOLUTE
    ..\..\Libraries\driverlib\sysctl.c       0x00000000   Number         0  sysctl.o ABSOLUTE
    ..\..\Libraries\driverlib\sysexc.c       0x00000000   Number         0  sysexc.o ABSOLUTE
    ..\..\Libraries\driverlib\systick.c      0x00000000   Number         0  systick.o ABSOLUTE
    ..\..\Libraries\driverlib\timer.c        0x00000000   Number         0  timer.o ABSOLUTE
    ..\..\Libraries\driverlib\uart.c         0x00000000   Number         0  uart.o ABSOLUTE
    ..\..\Libraries\driverlib\udma.c         0x00000000   Number         0  udma.o ABSOLUTE
    ..\..\Libraries\driverlib\usb.c          0x00000000   Number         0  usb.o ABSOLUTE
    ..\..\Libraries\driverlib\watchdog.c     0x00000000   Number         0  watchdog.o ABSOLUTE
    ..\..\Libraries\utils\uartstdio.c        0x00000000   Number         0  uartstdio.o ABSOLUTE
    ..\..\User\main.c                        0x00000000   Number         0  main.o ABSOLUTE
    ..\..\User\startup_rvmdk.S               0x00000000   Number         0  startup_rvmdk.o ABSOLUTE
    ..\\..\\Libraries\\driverlib\\cpu.c      0x00000000   Number         0  cpu.o ABSOLUTE
    ..\\..\\Libraries\\driverlib\\sysctl.c   0x00000000   Number         0  sysctl.o ABSOLUTE
    cdcmple.s                                0x00000000   Number         0  cdcmple.o ABSOLUTE
    cdrcmple.s                               0x00000000   Number         0  cdrcmple.o ABSOLUTE
    dc.s                                     0x00000000   Number         0  dc.o ABSOLUTE
    handlers.s                               0x00000000   Number         0  handlers.o ABSOLUTE
    init.s                                   0x00000000   Number         0  init.o ABSOLUTE
    $v0                                      0x0000026c   Number         0  startup_rvmdk.o(RESET)
    NmiSR                                    0x00000281   Thumb Code     0  startup_rvmdk.o(RESET)
    FaultISR                                 0x00000283   Thumb Code     0  startup_rvmdk.o(RESET)
    IntDefaultHandler                        0x00000285   Thumb Code     0  startup_rvmdk.o(RESET)
    .ARM.Collect$$$$00000000                 0x00000288   Section        0  entry.o(.ARM.Collect$$$$00000000)
    .ARM.Collect$$$$00000001                 0x00000288   Section        4  entry2.o(.ARM.Collect$$$$00000001)
    .ARM.Collect$$$$00000004                 0x0000028c   Section        4  entry5.o(.ARM.Collect$$$$00000004)
    .ARM.Collect$$$$00000008                 0x00000290   Section        0  entry7b.o(.ARM.Collect$$$$00000008)
    .ARM.Collect$$$$0000000A                 0x00000290   Section        0  entry8b.o(.ARM.Collect$$$$0000000A)
    .ARM.Collect$$$$0000000B                 0x00000290   Section        8  entry9a.o(.ARM.Collect$$$$0000000B)
    .ARM.Collect$$$$0000000D                 0x00000298   Section        0  entry10a.o(.ARM.Collect$$$$0000000D)
    .ARM.Collect$$$$0000000F                 0x00000298   Section        0  entry11a.o(.ARM.Collect$$$$0000000F)
    .ARM.Collect$$$$00002712                 0x00000298   Section        4  entry2.o(.ARM.Collect$$$$00002712)
    __lit__00000000                          0x00000298   Data           4  entry2.o(.ARM.Collect$$$$00002712)
    .emb_text                                0x0000029c   Section       38  cpu.o(.emb_text)
    $v0                                      0x0000029c   Number         0  cpu.o(.emb_text)
    .emb_text                                0x000002c4   Section        6  sysctl.o(.emb_text)
    $v0                                      0x000002c4   Number         0  sysctl.o(.emb_text)
    .text                                    0x000002cc   Section        0  gpio.o(.text)
    _GPIOIntNumberGet                        0x000002cd   Thumb Code    56  gpio.o(.text)
    .text                                    0x00000ac4   Section        0  interrupt.o(.text)
    _IntDefaultHandler                       0x00000ac5   Thumb Code     4  interrupt.o(.text)
    .text                                    0x00000df4   Section        0  pwm.o(.text)
    _PWMGenIntNumberGet                      0x00000f27   Thumb Code   248  pwm.o(.text)
    _PWMFaultIntNumberGet                    0x00001063   Thumb Code    62  pwm.o(.text)
    .text                                    0x00001254   Section        0  sysctl.o(.text)
    _SysCtlMemTimingGet                      0x00001255   Thumb Code    36  sysctl.o(.text)
    _SysCtlFrequencyGet                      0x00001279   Thumb Code    96  sysctl.o(.text)
    .text                                    0x00001dac   Section        0  systick.o(.text)
    .text                                    0x00001e48   Section        0  timer.o(.text)
    _TimerIntNumberGet                       0x00001e49   Thumb Code    68  timer.o(.text)
    .text                                    0x00002140   Section        0  uart.o(.text)
    _UARTIntNumberGet                        0x00002141   Thumb Code    56  uart.o(.text)
    .text                                    0x00002470   Section        0  led.o(.text)
    .text                                    0x0000248c   Section        0  oled.o(.text)
    .text                                    0x0000393c   Section        0  serial.o(.text)
    .text                                    0x00004830   Section        0  timer_user.o(.text)
    .text                                    0x00004908   Section        0  pwm_user.o(.text)
    .text                                    0x00004b28   Section        0  buttonsinterrupt.o(.text)
    .text                                    0x00004bec   Section        0  motor.o(.text)
    .text                                    0x00005070   Section        0  pid.o(.text)
    .text                                    0x0000529c   Section        0  redsensor.o(.text)
    .text                                    0x00005308   Section        0  tof.o(.text)
    .text                                    0x00005aec   Section        0  bleuart.o(.text)
    .text                                    0x00005c38   Section        0  main.o(.text)
    .text                                    0x00007c50   Section        0  systicktime.o(.text)
    SycTickHandler                           0x00007c51   Thumb Code    12  systicktime.o(.text)
    .text                                    0x00007cf8   Section        0  memseta.o(.text)
    .text                                    0x00007d1c   Section        0  strstr.o(.text)
    .text                                    0x00007d40   Section        0  strcmp.o(.text)
    .text                                    0x00007d5c   Section        0  dadd.o(.text)
    .text                                    0x00007eaa   Section        0  dmul.o(.text)
    .text                                    0x00007f8e   Section        0  ddiv.o(.text)
    .text                                    0x0000806c   Section        0  dflti.o(.text)
    .text                                    0x0000808e   Section        0  dfltui.o(.text)
    .text                                    0x000080a8   Section        0  dfixi.o(.text)
    .text                                    0x000080e6   Section        0  dfixui.o(.text)
    .text                                    0x00008118   Section        0  f2d.o(.text)
    .text                                    0x00008140   Section       48  cdcmple.o(.text)
    .text                                    0x00008170   Section       48  cdrcmple.o(.text)
    .text                                    0x000081a0   Section        0  d2f.o(.text)
    .text                                    0x000081d8   Section        0  uidiv.o(.text)
    .text                                    0x00008204   Section        0  uldiv.o(.text)
    .text                                    0x00008266   Section        0  llshl.o(.text)
    .text                                    0x00008284   Section        0  llushr.o(.text)
    .text                                    0x000082a4   Section        0  llsshr.o(.text)
    .text                                    0x000082c8   Section        0  fepilogue.o(.text)
    .text                                    0x000082c8   Section        0  iusefp.o(.text)
    .text                                    0x00008336   Section        0  depilogue.o(.text)
    .text                                    0x000083f0   Section        0  drnd.o(.text)
    .text                                    0x00008478   Section        0  dfixul.o(.text)
    .text                                    0x000084a8   Section       36  init.o(.text)
    .text                                    0x000084cc   Section        0  __dczerorl.o(.text)
    i.__0vsprintf                            0x00008508   Section        0  printfa.o(i.__0vsprintf)
    i.__ARM_fpclassify                       0x0000852c   Section        0  fpclassify.o(i.__ARM_fpclassify)
    i.__hardfp_atan                          0x00008560   Section        0  atan.o(i.__hardfp_atan)
    i.__hardfp_atan2                         0x00008838   Section        0  atan2.o(i.__hardfp_atan2)
    i.__hardfp_round                         0x00008a28   Section        0  round.o(i.__hardfp_round)
    i.__kernel_poly                          0x00008b08   Section        0  poly.o(i.__kernel_poly)
    i.__mathlib_dbl_infnan                   0x00008c00   Section        0  dunder.o(i.__mathlib_dbl_infnan)
    i.__mathlib_dbl_infnan2                  0x00008c14   Section        0  dunder.o(i.__mathlib_dbl_infnan2)
    i.__mathlib_dbl_underflow                0x00008c28   Section        0  dunder.o(i.__mathlib_dbl_underflow)
    i.__scatterload_copy                     0x00008c48   Section       14  handlers.o(i.__scatterload_copy)
    i.__scatterload_null                     0x00008c56   Section        2  handlers.o(i.__scatterload_null)
    i.__scatterload_zeroinit                 0x00008c58   Section       14  handlers.o(i.__scatterload_zeroinit)
    i._fp_digits                             0x00008c68   Section        0  printfa.o(i._fp_digits)
    _fp_digits                               0x00008c69   Thumb Code   366  printfa.o(i._fp_digits)
    i._printf_core                           0x00008dec   Section        0  printfa.o(i._printf_core)
    _printf_core                             0x00008ded   Thumb Code  1744  printfa.o(i._printf_core)
    i._printf_post_padding                   0x000094c8   Section        0  printfa.o(i._printf_post_padding)
    _printf_post_padding                     0x000094c9   Thumb Code    36  printfa.o(i._printf_post_padding)
    i._printf_pre_padding                    0x000094ec   Section        0  printfa.o(i._printf_pre_padding)
    _printf_pre_padding                      0x000094ed   Thumb Code    46  printfa.o(i._printf_pre_padding)
    i._sputc                                 0x0000951a   Section        0  printfa.o(i._sputc)
    _sputc                                   0x0000951b   Thumb Code    10  printfa.o(i._sputc)
    i.atan                                   0x00009524   Section        0  atan.o(i.atan)
    i.fabs                                   0x00009534   Section        0  fabs.o(i.fabs)
    i.free                                   0x0000954c   Section        0  malloc.o(i.free)
    i.malloc                                 0x0000959c   Section        0  malloc.o(i.malloc)
    .constdata                               0x00009608   Section      528  gpio.o(.constdata)
    g_ppui32GPIOIntMapBlizzard               0x00009608   Data         192  gpio.o(.constdata)
    g_ppui32GPIOIntMapSnowflake              0x000096c8   Data         192  gpio.o(.constdata)
    g_pui32GPIOBaseAddrs                     0x00009788   Data         144  gpio.o(.constdata)
    .constdata                               0x00009818   Section      268  interrupt.o(.constdata)
    g_pui32Priority                          0x00009818   Data          32  interrupt.o(.constdata)
    g_pui32Regs                              0x00009838   Data         156  interrupt.o(.constdata)
    g_pui32EnRegs                            0x000098d4   Data          20  interrupt.o(.constdata)
    g_pui32Dii16Regs                         0x000098e8   Data          20  interrupt.o(.constdata)
    g_pui32PendRegs                          0x000098fc   Data          20  interrupt.o(.constdata)
    g_pui32UnpendRegs                        0x00009910   Data          20  interrupt.o(.constdata)
    .constdata                               0x00009924   Section      460  sysctl.o(.constdata)
    g_pui32Xtals                             0x00009924   Data         108  sysctl.o(.constdata)
    g_pppui32XTALtoVCO                       0x00009990   Data         288  sysctl.o(.constdata)
    g_sXTALtoMEMTIM                          0x00009ab0   Data          56  sysctl.o(.constdata)
    g_pui32VCOFrequencies                    0x00009ae8   Data           8  sysctl.o(.constdata)
    .constdata                               0x00009af0   Section      160  timer.o(.constdata)
    g_ppui32TimerIntMap                      0x00009af0   Data          96  timer.o(.constdata)
    g_ppui32TimerIntMapSnowflake             0x00009b50   Data          64  timer.o(.constdata)
    .constdata                               0x00009b90   Section      128  uart.o(.constdata)
    g_ppui32UARTIntMap                       0x00009b90   Data          64  uart.o(.constdata)
    g_ppui32UARTIntMapSnowflake              0x00009bd0   Data          64  uart.o(.constdata)
    .constdata                               0x00009c10   Section     2367  oled_data.o(.constdata)
    .constdata                               0x0000a550   Section      152  atan.o(.constdata)
    atanhi                                   0x0000a550   Data          32  atan.o(.constdata)
    atanlo                                   0x0000a570   Data          32  atan.o(.constdata)
    aTodd                                    0x0000a590   Data          40  atan.o(.constdata)
    aTeven                                   0x0000a5b8   Data          48  atan.o(.constdata)
    .constdata                               0x0000a5e8   Section        8  qnan.o(.constdata)
    .data                                    0x20000000   Section       20  motor.o(.data)
    .data                                    0x20000014   Section        7  pid.o(.data)
    .data                                    0x2000001c   Section       32  tof.o(.data)
    state                                    0x20000024   Data           1  tof.o(.data)
    crc                                      0x20000025   Data           1  tof.o(.data)
    cnt                                      0x20000026   Data           1  tof.o(.data)
    PACK_FLAG                                0x20000027   Data           1  tof.o(.data)
    data_len                                 0x20000028   Data           1  tof.o(.data)
    timestamp                                0x2000002c   Data           4  tof.o(.data)
    state_flag                               0x20000030   Data           1  tof.o(.data)
    state_num                                0x20000031   Data           1  tof.o(.data)
    cnt                                      0x20000032   Data           1  tof.o(.data)
    count                                    0x20000034   Data           2  tof.o(.data)
    sum                                      0x20000038   Data           4  tof.o(.data)
    .data                                    0x2000003c   Section       14  bleuart.o(.data)
    RxState                                  0x20000048   Data           1  bleuart.o(.data)
    pRxPacket                                0x20000049   Data           1  bleuart.o(.data)
    .data                                    0x2000004c   Section      232  main.o(.data)
    time3_count                              0x2000012c   Data           4  main.o(.data)
    time4_count                              0x20000130   Data           4  main.o(.data)
    .data                                    0x20000134   Section        4  systicktime.o(.data)
    counter                                  0x20000134   Data           4  systicktime.o(.data)
    .data                                    0x20000138   Section        4  mvars.o(.data)
    .data                                    0x2000013c   Section        4  mvars.o(.data)
    vtable                                   0x20000400   Section      620  interrupt.o(vtable)
    g_pfnRAMVectors                          0x20000400   Data         620  interrupt.o(vtable)
    .bss                                     0x2000066c   Section     1024  oled.o(.bss)
    .bss                                     0x20000a6c   Section      120  pid.o(.bss)
    .bss                                     0x20000ae4   Section      460  tof.o(.bss)
    HEAP                                     0x20000cb0   Section        0  startup_rvmdk.o(HEAP)
    STACK                                    0x20000cb0   Section      512  startup_rvmdk.o(STACK)
    StackMem                                 0x20000cb0   Data           0  startup_rvmdk.o(STACK)

    Global Symbols

    Symbol Name                              Value     Ov Type        Size  Object(Section)

    BuildAttributes$$THM_ISAv4$E$P$D$K$B$S$7EM$VFPi3$EXTD16$VFPS$VFMA$PE$A:L22UL41UL21$X:L11$S22US41US21$IEEE1$IW$USESV6$~STKCKD$USESV7$~SHL$OTIME$ROPI$IEEEX$EBA8$MICROLIB$REQ8$PRES8$EABIv2 0x00000000   Number         0  anon$$obj.o ABSOLUTE
    __ARM_use_no_argv                        0x00000000   Number         0  main.o ABSOLUTE
    __Vectors                                0x00000000   Data           0  startup_rvmdk.o(RESET)
    __cpp_initialize__aeabi_                  - Undefined Weak Reference
    __cxa_finalize                            - Undefined Weak Reference
    _clock_init                               - Undefined Weak Reference
    _microlib_exit                            - Undefined Weak Reference
    Reset_Handler                            0x0000026d   Thumb Code     0  startup_rvmdk.o(RESET)
    __main                                   0x00000289   Thumb Code     0  entry.o(.ARM.Collect$$$$00000000)
    _main_stk                                0x00000289   Thumb Code     0  entry2.o(.ARM.Collect$$$$00000001)
    _main_scatterload                        0x0000028d   Thumb Code     0  entry5.o(.ARM.Collect$$$$00000004)
    __main_after_scatterload                 0x00000291   Thumb Code     0  entry5.o(.ARM.Collect$$$$00000004)
    _main_clock                              0x00000291   Thumb Code     0  entry7b.o(.ARM.Collect$$$$00000008)
    _main_cpp_init                           0x00000291   Thumb Code     0  entry8b.o(.ARM.Collect$$$$0000000A)
    _main_init                               0x00000291   Thumb Code     0  entry9a.o(.ARM.Collect$$$$0000000B)
    __rt_final_cpp                           0x00000299   Thumb Code     0  entry10a.o(.ARM.Collect$$$$0000000D)
    __rt_final_exit                          0x00000299   Thumb Code     0  entry11a.o(.ARM.Collect$$$$0000000F)
    CPUcpsid                                 0x0000029d   Thumb Code     8  cpu.o(.emb_text)
    CPUprimask                               0x000002a5   Thumb Code     6  cpu.o(.emb_text)
    CPUcpsie                                 0x000002ab   Thumb Code     8  cpu.o(.emb_text)
    CPUwfi                                   0x000002b3   Thumb Code     4  cpu.o(.emb_text)
    CPUbasepriSet                            0x000002b7   Thumb Code     6  cpu.o(.emb_text)
    CPUbasepriGet                            0x000002bd   Thumb Code     6  cpu.o(.emb_text)
    SysCtlDelay                              0x000002c5   Thumb Code     6  sysctl.o(.emb_text)
    GPIODirModeSet                           0x00000305   Thumb Code    50  gpio.o(.text)
    GPIODirModeGet                           0x00000337   Thumb Code    46  gpio.o(.text)
    GPIOIntTypeSet                           0x00000365   Thumb Code   102  gpio.o(.text)
    GPIOIntTypeGet                           0x000003cb   Thumb Code    84  gpio.o(.text)
    GPIOPadConfigSet                         0x0000041f   Thumb Code   342  gpio.o(.text)
    GPIOPadConfigGet                         0x00000575   Thumb Code   206  gpio.o(.text)
    GPIOIntEnable                            0x00000643   Thumb Code    12  gpio.o(.text)
    GPIOIntDisable                           0x0000064f   Thumb Code    12  gpio.o(.text)
    GPIOIntStatus                            0x0000065b   Thumb Code    16  gpio.o(.text)
    GPIOIntClear                             0x0000066b   Thumb Code     6  gpio.o(.text)
    GPIOIntRegister                          0x00000671   Thumb Code    30  gpio.o(.text)
    GPIOIntUnregister                        0x0000068f   Thumb Code    26  gpio.o(.text)
    GPIOPinRead                              0x000006a9   Thumb Code    32  gpio.o(.text)
    GPIOPinWrite                             0x000006c9   Thumb Code    10  gpio.o(.text)
    GPIOPinTypeADC                           0x000006d3   Thumb Code    30  gpio.o(.text)
    GPIOPinTypeCAN                           0x000006f1   Thumb Code    30  gpio.o(.text)
    GPIOPinTypeComparator                    0x0000070f   Thumb Code    30  gpio.o(.text)
    GPIOPinTypeEPI                           0x0000072d   Thumb Code    30  gpio.o(.text)
    GPIOPinTypeEthernetLED                   0x0000074b   Thumb Code    30  gpio.o(.text)
    GPIOPinTypeEthernetMII                   0x00000769   Thumb Code    30  gpio.o(.text)
    GPIOPinTypeFan                           0x00000787   Thumb Code    30  gpio.o(.text)
    GPIOPinTypeGPIOInput                     0x000007a5   Thumb Code    30  gpio.o(.text)
    GPIOPinTypeGPIOOutput                    0x000007c3   Thumb Code    30  gpio.o(.text)
    GPIOPinTypeGPIOOutputOD                  0x000007e1   Thumb Code    30  gpio.o(.text)
    GPIOPinTypeI2C                           0x000007ff   Thumb Code    30  gpio.o(.text)
    GPIOPinTypeI2CSCL                        0x0000081d   Thumb Code    30  gpio.o(.text)
    GPIOPinTypeLCD                           0x0000083b   Thumb Code    30  gpio.o(.text)
    GPIOPinTypeLPC                           0x00000859   Thumb Code    30  gpio.o(.text)
    GPIOPinTypePECIRx                        0x00000877   Thumb Code    30  gpio.o(.text)
    GPIOPinTypePECITx                        0x00000895   Thumb Code    30  gpio.o(.text)
    GPIOPinTypePWM                           0x000008b3   Thumb Code    30  gpio.o(.text)
    GPIOPinTypeQEI                           0x000008d1   Thumb Code    30  gpio.o(.text)
    GPIOPinTypeSSI                           0x000008ef   Thumb Code    30  gpio.o(.text)
    GPIOPinTypeTimer                         0x0000090d   Thumb Code    30  gpio.o(.text)
    GPIOPinTypeUART                          0x0000092b   Thumb Code    30  gpio.o(.text)
    GPIOPinTypeUSBAnalog                     0x00000949   Thumb Code    30  gpio.o(.text)
    GPIOPinTypeUSBDigital                    0x00000967   Thumb Code    30  gpio.o(.text)
    GPIOPinTypeWakeHigh                      0x00000985   Thumb Code    32  gpio.o(.text)
    GPIOPinTypeWakeLow                       0x000009a5   Thumb Code    32  gpio.o(.text)
    GPIOPinTypeKBRow                         0x000009c5   Thumb Code    30  gpio.o(.text)
    GPIOPinTypeKBColumn                      0x000009e3   Thumb Code    30  gpio.o(.text)
    GPIOPinTypeLEDSeq                        0x00000a01   Thumb Code    30  gpio.o(.text)
    GPIOPinTypeCIR                           0x00000a1f   Thumb Code    30  gpio.o(.text)
    GPIOPinWakeStatus                        0x00000a3d   Thumb Code     8  gpio.o(.text)
    GPIOPinConfigure                         0x00000a45   Thumb Code    70  gpio.o(.text)
    GPIODMATriggerEnable                     0x00000a8b   Thumb Code    12  gpio.o(.text)
    GPIODMATriggerDisable                    0x00000a97   Thumb Code    12  gpio.o(.text)
    GPIOADCTriggerEnable                     0x00000aa3   Thumb Code    12  gpio.o(.text)
    GPIOADCTriggerDisable                    0x00000aaf   Thumb Code    12  gpio.o(.text)
    IntMasterEnable                          0x00000ac9   Thumb Code    16  interrupt.o(.text)
    IntMasterDisable                         0x00000ad9   Thumb Code    16  interrupt.o(.text)
    IntRegister                              0x00000ae9   Thumb Code    52  interrupt.o(.text)
    IntUnregister                            0x00000b1d   Thumb Code    10  interrupt.o(.text)
    IntPriorityGroupingSet                   0x00000b27   Thumb Code    18  interrupt.o(.text)
    IntPriorityGroupingGet                   0x00000b39   Thumb Code    36  interrupt.o(.text)
    IntPrioritySet                           0x00000b5d   Thumb Code    46  interrupt.o(.text)
    IntPriorityGet                           0x00000b8b   Thumb Code    22  interrupt.o(.text)
    IntEnable                                0x00000ba1   Thumb Code   120  interrupt.o(.text)
    IntDisable                               0x00000c19   Thumb Code   120  interrupt.o(.text)
    IntIsEnabled                             0x00000c91   Thumb Code   106  interrupt.o(.text)
    IntPendSet                               0x00000cfb   Thumb Code    98  interrupt.o(.text)
    IntPendClear                             0x00000d5d   Thumb Code    76  interrupt.o(.text)
    IntPriorityMaskSet                       0x00000da9   Thumb Code    12  interrupt.o(.text)
    IntPriorityMaskGet                       0x00000db5   Thumb Code     8  interrupt.o(.text)
    IntTrigger                               0x00000dbd   Thumb Code    10  interrupt.o(.text)
    PWMGenConfigure                          0x00000df5   Thumb Code    42  pwm.o(.text)
    PWMGenPeriodSet                          0x00000e1f   Thumb Code    22  pwm.o(.text)
    PWMGenPeriodGet                          0x00000e35   Thumb Code    24  pwm.o(.text)
    PWMGenEnable                             0x00000e4d   Thumb Code    10  pwm.o(.text)
    PWMGenDisable                            0x00000e57   Thumb Code    10  pwm.o(.text)
    PWMPulseWidthSet                         0x00000e61   Thumb Code    38  pwm.o(.text)
    PWMPulseWidthGet                         0x00000e87   Thumb Code    40  pwm.o(.text)
    PWMDeadBandEnable                        0x00000eaf   Thumb Code    18  pwm.o(.text)
    PWMDeadBandDisable                       0x00000ec1   Thumb Code    14  pwm.o(.text)
    PWMSyncUpdate                            0x00000ecf   Thumb Code     4  pwm.o(.text)
    PWMSyncTimeBase                          0x00000ed3   Thumb Code     4  pwm.o(.text)
    PWMOutputState                           0x00000ed7   Thumb Code    20  pwm.o(.text)
    PWMOutputInvert                          0x00000eeb   Thumb Code    20  pwm.o(.text)
    PWMOutputFaultLevel                      0x00000eff   Thumb Code    20  pwm.o(.text)
    PWMOutputFault                           0x00000f13   Thumb Code    20  pwm.o(.text)
    PWMGenIntRegister                        0x0000101f   Thumb Code    38  pwm.o(.text)
    PWMGenIntUnregister                      0x00001045   Thumb Code    30  pwm.o(.text)
    PWMFaultIntRegister                      0x000010a1   Thumb Code    30  pwm.o(.text)
    PWMFaultIntUnregister                    0x000010bf   Thumb Code    26  pwm.o(.text)
    PWMGenIntTrigEnable                      0x000010d9   Thumb Code    14  pwm.o(.text)
    PWMGenIntTrigDisable                     0x000010e7   Thumb Code    14  pwm.o(.text)
    PWMGenIntStatus                          0x000010f5   Thumb Code    16  pwm.o(.text)
    PWMGenIntClear                           0x00001105   Thumb Code     6  pwm.o(.text)
    PWMIntEnable                             0x0000110b   Thumb Code     8  pwm.o(.text)
    PWMIntDisable                            0x00001113   Thumb Code     8  pwm.o(.text)
    PWMFaultIntClear                         0x0000111b   Thumb Code     8  pwm.o(.text)
    PWMIntStatus                             0x00001123   Thumb Code    14  pwm.o(.text)
    PWMFaultIntClearExt                      0x00001131   Thumb Code     4  pwm.o(.text)
    PWMGenFaultConfigure                     0x00001135   Thumb Code    20  pwm.o(.text)
    PWMGenFaultTriggerSet                    0x00001149   Thumb Code    16  pwm.o(.text)
    PWMGenFaultTriggerGet                    0x00001159   Thumb Code    16  pwm.o(.text)
    PWMGenFaultStatus                        0x00001169   Thumb Code    38  pwm.o(.text)
    PWMGenFaultClear                         0x0000118f   Thumb Code    36  pwm.o(.text)
    PWMClockSet                              0x000011b3   Thumb Code    18  pwm.o(.text)
    PWMClockGet                              0x000011c5   Thumb Code    60  pwm.o(.text)
    PWMOutputUpdateMode                      0x00001201   Thumb Code    82  pwm.o(.text)
    SysCtlSRAMSizeGet                        0x000012d9   Thumb Code    12  sysctl.o(.text)
    SysCtlFlashSizeGet                       0x000012e5   Thumb Code    42  sysctl.o(.text)
    SysCtlFlashSectorSizeGet                 0x0000130f   Thumb Code    40  sysctl.o(.text)
    SysCtlPeripheralPresent                  0x00001337   Thumb Code    52  sysctl.o(.text)
    SysCtlPeripheralReady                    0x0000136b   Thumb Code    52  sysctl.o(.text)
    SysCtlPeripheralPowerOn                  0x0000139f   Thumb Code    46  sysctl.o(.text)
    SysCtlPeripheralPowerOff                 0x000013cd   Thumb Code    46  sysctl.o(.text)
    SysCtlPeripheralReset                    0x000013fb   Thumb Code   106  sysctl.o(.text)
    SysCtlPeripheralEnable                   0x00001465   Thumb Code    46  sysctl.o(.text)
    SysCtlPeripheralDisable                  0x00001493   Thumb Code    46  sysctl.o(.text)
    SysCtlPeripheralSleepEnable              0x000014c1   Thumb Code    46  sysctl.o(.text)
    SysCtlPeripheralSleepDisable             0x000014ef   Thumb Code    46  sysctl.o(.text)
    SysCtlPeripheralDeepSleepEnable          0x0000151d   Thumb Code    46  sysctl.o(.text)
    SysCtlPeripheralDeepSleepDisable         0x0000154b   Thumb Code    46  sysctl.o(.text)
    SysCtlPeripheralClockGating              0x00001579   Thumb Code    82  sysctl.o(.text)
    SysCtlIntRegister                        0x000015cb   Thumb Code    20  sysctl.o(.text)
    SysCtlIntUnregister                      0x000015df   Thumb Code    16  sysctl.o(.text)
    SysCtlIntEnable                          0x000015ef   Thumb Code    12  sysctl.o(.text)
    SysCtlIntDisable                         0x000015fb   Thumb Code    12  sysctl.o(.text)
    SysCtlIntClear                           0x00001607   Thumb Code     6  sysctl.o(.text)
    SysCtlIntStatus                          0x0000160d   Thumb Code    16  sysctl.o(.text)
    SysCtlLDOSleepSet                        0x0000161d   Thumb Code     6  sysctl.o(.text)
    SysCtlLDOSleepGet                        0x00001623   Thumb Code     6  sysctl.o(.text)
    SysCtlLDODeepSleepSet                    0x00001629   Thumb Code     8  sysctl.o(.text)
    SysCtlLDODeepSleepGet                    0x00001631   Thumb Code    60  sysctl.o(.text)
    SysCtlSleepPowerSet                      0x0000166d   Thumb Code     6  sysctl.o(.text)
    SysCtlDeepSleepPowerSet                  0x00001673   Thumb Code     8  sysctl.o(.text)
    SysCtlReset                              0x0000167b   Thumb Code    10  sysctl.o(.text)
    SysCtlSleep                              0x00001685   Thumb Code     8  sysctl.o(.text)
    SysCtlDeepSleep                          0x0000168d   Thumb Code    40  sysctl.o(.text)
    SysCtlResetCauseGet                      0x000016b5   Thumb Code     6  sysctl.o(.text)
    SysCtlResetCauseClear                    0x000016bb   Thumb Code    12  sysctl.o(.text)
    SysCtlMOSCConfigSet                      0x000016c7   Thumb Code     6  sysctl.o(.text)
    SysCtlPIOSCCalibrate                     0x000016cd   Thumb Code    82  sysctl.o(.text)
    SysCtlResetBehaviorSet                   0x0000171f   Thumb Code     8  sysctl.o(.text)
    SysCtlResetBehaviorGet                   0x00001727   Thumb Code     8  sysctl.o(.text)
    SysCtlClockFreqSet                       0x0000172f   Thumb Code   646  sysctl.o(.text)
    SysCtlClockSet                           0x000019b5   Thumb Code   362  sysctl.o(.text)
    SysCtlClockGet                           0x00001b1f   Thumb Code   244  sysctl.o(.text)
    SysCtlDeepSleepClockSet                  0x00001c13   Thumb Code     8  sysctl.o(.text)
    SysCtlDeepSleepClockConfigSet            0x00001c1b   Thumb Code   140  sysctl.o(.text)
    SysCtlPWMClockSet                        0x00001ca7   Thumb Code    16  sysctl.o(.text)
    SysCtlPWMClockGet                        0x00001cb7   Thumb Code    24  sysctl.o(.text)
    SysCtlADCSpeedSet                        0x00001ccf   Thumb Code    36  sysctl.o(.text)
    SysCtlADCSpeedGet                        0x00001cf3   Thumb Code    12  sysctl.o(.text)
    SysCtlGPIOAHBEnable                      0x00001cff   Thumb Code    20  sysctl.o(.text)
    SysCtlGPIOAHBDisable                     0x00001d13   Thumb Code    20  sysctl.o(.text)
    SysCtlUSBPLLEnable                       0x00001d27   Thumb Code    14  sysctl.o(.text)
    SysCtlUSBPLLDisable                      0x00001d35   Thumb Code    14  sysctl.o(.text)
    SysCtlVoltageEventConfig                 0x00001d43   Thumb Code     6  sysctl.o(.text)
    SysCtlVoltageEventStatus                 0x00001d49   Thumb Code     6  sysctl.o(.text)
    SysCtlVoltageEventClear                  0x00001d4f   Thumb Code    12  sysctl.o(.text)
    SysCtlNMIStatus                          0x00001d5b   Thumb Code     6  sysctl.o(.text)
    SysCtlNMIClear                           0x00001d61   Thumb Code    12  sysctl.o(.text)
    SysCtlClockOutConfig                     0x00001d6d   Thumb Code    14  sysctl.o(.text)
    SysCtlAltClkConfig                       0x00001d7b   Thumb Code     8  sysctl.o(.text)
    SysTickEnable                            0x00001dad   Thumb Code    18  systick.o(.text)
    SysTickDisable                           0x00001dbf   Thumb Code    18  systick.o(.text)
    SysTickIntRegister                       0x00001dd1   Thumb Code    30  systick.o(.text)
    SysTickIntUnregister                     0x00001def   Thumb Code    26  systick.o(.text)
    SysTickIntEnable                         0x00001e09   Thumb Code    18  systick.o(.text)
    SysTickIntDisable                        0x00001e1b   Thumb Code    18  systick.o(.text)
    SysTickPeriodSet                         0x00001e2d   Thumb Code    10  systick.o(.text)
    SysTickPeriodGet                         0x00001e37   Thumb Code    10  systick.o(.text)
    SysTickValueGet                          0x00001e41   Thumb Code     8  systick.o(.text)
    TimerEnable                              0x00001e8d   Thumb Code    14  timer.o(.text)
    TimerDisable                             0x00001e9b   Thumb Code    14  timer.o(.text)
    TimerConfigure                           0x00001ea9   Thumb Code    84  timer.o(.text)
    TimerControlLevel                        0x00001efd   Thumb Code    22  timer.o(.text)
    TimerControlTrigger                      0x00001f13   Thumb Code    60  timer.o(.text)
    TimerControlEvent                        0x00001f4f   Thumb Code    22  timer.o(.text)
    TimerControlStall                        0x00001f65   Thumb Code    22  timer.o(.text)
    TimerControlWaitOnTrigger                0x00001f7b   Thumb Code    52  timer.o(.text)
    TimerRTCEnable                           0x00001faf   Thumb Code    10  timer.o(.text)
    TimerRTCDisable                          0x00001fb9   Thumb Code    10  timer.o(.text)
    TimerClockSourceSet                      0x00001fc3   Thumb Code     6  timer.o(.text)
    TimerClockSourceGet                      0x00001fc9   Thumb Code     8  timer.o(.text)
    TimerPrescaleSet                         0x00001fd1   Thumb Code    16  timer.o(.text)
    TimerPrescaleGet                         0x00001fe1   Thumb Code    14  timer.o(.text)
    TimerPrescaleMatchSet                    0x00001fef   Thumb Code    16  timer.o(.text)
    TimerPrescaleMatchGet                    0x00001fff   Thumb Code    14  timer.o(.text)
    TimerLoadSet                             0x0000200d   Thumb Code    16  timer.o(.text)
    TimerLoadGet                             0x0000201d   Thumb Code    14  timer.o(.text)
    TimerLoadSet64                           0x0000202b   Thumb Code     6  timer.o(.text)
    TimerLoadGet64                           0x00002031   Thumb Code    26  timer.o(.text)
    TimerValueGet                            0x0000204b   Thumb Code    14  timer.o(.text)
    TimerValueGet64                          0x00002059   Thumb Code    26  timer.o(.text)
    TimerMatchSet                            0x00002073   Thumb Code    16  timer.o(.text)
    TimerMatchGet                            0x00002083   Thumb Code    14  timer.o(.text)
    TimerMatchSet64                          0x00002091   Thumb Code     6  timer.o(.text)
    TimerMatchGet64                          0x00002097   Thumb Code    26  timer.o(.text)
    TimerIntRegister                         0x000020b1   Thumb Code    38  timer.o(.text)
    TimerIntUnregister                       0x000020d7   Thumb Code    30  timer.o(.text)
    TimerIntEnable                           0x000020f5   Thumb Code     8  timer.o(.text)
    TimerIntDisable                          0x000020fd   Thumb Code     8  timer.o(.text)
    TimerIntStatus                           0x00002105   Thumb Code    12  timer.o(.text)
    TimerIntClear                            0x00002111   Thumb Code     4  timer.o(.text)
    TimerSynchronize                         0x00002115   Thumb Code     4  timer.o(.text)
    TimerADCEventSet                         0x00002119   Thumb Code     4  timer.o(.text)
    TimerADCEventGet                         0x0000211d   Thumb Code     6  timer.o(.text)
    TimerDMAEventSet                         0x00002123   Thumb Code     4  timer.o(.text)
    TimerDMAEventGet                         0x00002127   Thumb Code     6  timer.o(.text)
    UARTParityModeSet                        0x00002179   Thumb Code    12  uart.o(.text)
    UARTParityModeGet                        0x00002185   Thumb Code    10  uart.o(.text)
    UARTFIFOLevelSet                         0x0000218f   Thumb Code     8  uart.o(.text)
    UARTFIFOLevelGet                         0x00002197   Thumb Code    18  uart.o(.text)
    UARTEnable                               0x000021a9   Thumb Code    20  uart.o(.text)
    UARTDisable                              0x000021bd   Thumb Code    32  uart.o(.text)
    UARTConfigSetExpClk                      0x000021dd   Thumb Code    76  uart.o(.text)
    UARTConfigGetExpClk                      0x00002229   Thumb Code    44  uart.o(.text)
    UARTFIFOEnable                           0x00002255   Thumb Code    10  uart.o(.text)
    UARTFIFODisable                          0x0000225f   Thumb Code    10  uart.o(.text)
    UARTEnableSIR                            0x00002269   Thumb Code    22  uart.o(.text)
    UARTDisableSIR                           0x0000227f   Thumb Code    10  uart.o(.text)
    UARTSmartCardEnable                      0x00002289   Thumb Code    22  uart.o(.text)
    UARTSmartCardDisable                     0x0000229f   Thumb Code    10  uart.o(.text)
    UARTModemControlSet                      0x000022a9   Thumb Code    12  uart.o(.text)
    UARTModemControlClear                    0x000022b5   Thumb Code    12  uart.o(.text)
    UARTModemControlGet                      0x000022c1   Thumb Code    10  uart.o(.text)
    UARTModemStatusGet                       0x000022cb   Thumb Code    12  uart.o(.text)
    UARTFlowControlSet                       0x000022d7   Thumb Code    12  uart.o(.text)
    UARTFlowControlGet                       0x000022e3   Thumb Code    10  uart.o(.text)
    UARTTxIntModeSet                         0x000022ed   Thumb Code    12  uart.o(.text)
    UARTTxIntModeGet                         0x000022f9   Thumb Code    10  uart.o(.text)
    UARTCharsAvail                           0x00002303   Thumb Code    12  uart.o(.text)
    UARTSpaceAvail                           0x0000230f   Thumb Code    12  uart.o(.text)
    UARTCharGetNonBlocking                   0x0000231b   Thumb Code    20  uart.o(.text)
    UARTCharGet                              0x0000232f   Thumb Code    18  uart.o(.text)
    UARTCharPutNonBlocking                   0x00002341   Thumb Code    20  uart.o(.text)
    UARTCharPut                              0x00002355   Thumb Code    16  uart.o(.text)
    UARTBreakCtl                             0x00002365   Thumb Code    20  uart.o(.text)
    UARTBusy                                 0x00002379   Thumb Code    10  uart.o(.text)
    UARTIntRegister                          0x00002383   Thumb Code    30  uart.o(.text)
    UARTIntUnregister                        0x000023a1   Thumb Code    26  uart.o(.text)
    UARTIntEnable                            0x000023bb   Thumb Code     8  uart.o(.text)
    UARTIntDisable                           0x000023c3   Thumb Code     8  uart.o(.text)
    UARTIntStatus                            0x000023cb   Thumb Code    12  uart.o(.text)
    UARTIntClear                             0x000023d7   Thumb Code     4  uart.o(.text)
    UARTDMAEnable                            0x000023db   Thumb Code     8  uart.o(.text)
    UARTDMADisable                           0x000023e3   Thumb Code     8  uart.o(.text)
    UARTRxErrorGet                           0x000023eb   Thumb Code    10  uart.o(.text)
    UARTRxErrorClear                         0x000023f5   Thumb Code     6  uart.o(.text)
    UARTClockSourceSet                       0x000023fb   Thumb Code     6  uart.o(.text)
    UARTClockSourceGet                       0x00002401   Thumb Code     8  uart.o(.text)
    UART9BitEnable                           0x00002409   Thumb Code    14  uart.o(.text)
    UART9BitDisable                          0x00002417   Thumb Code    14  uart.o(.text)
    UART9BitAddrSet                          0x00002425   Thumb Code    10  uart.o(.text)
    UART9BitAddrSend                         0x0000242f   Thumb Code    44  uart.o(.text)
    LED_GPIO_Config                          0x00002471   Thumb Code    18  led.o(.text)
    OLED_W_SCL                               0x0000248d   Thumb Code    36  oled.o(.text)
    OLED_W_SDA                               0x000024b1   Thumb Code    36  oled.o(.text)
    OLED_GPIO_Init                           0x000024d5   Thumb Code    66  oled.o(.text)
    OLED_I2C_Start                           0x00002517   Thumb Code    28  oled.o(.text)
    OLED_I2C_Stop                            0x00002533   Thumb Code    22  oled.o(.text)
    OLED_I2C_SendByte                        0x00002549   Thumb Code    62  oled.o(.text)
    OLED_WriteCommand                        0x00002587   Thumb Code    32  oled.o(.text)
    OLED_WriteData                           0x000025a7   Thumb Code    46  oled.o(.text)
    OLED_SetCursor                           0x000025d5   Thumb Code    34  oled.o(.text)
    OLED_Update                              0x000025f7   Thumb Code    36  oled.o(.text)
    OLED_Clear                               0x0000261b   Thumb Code    36  oled.o(.text)
    OLED_Init                                0x0000263f   Thumb Code   154  oled.o(.text)
    OLED_Pow                                 0x000026d9   Thumb Code    20  oled.o(.text)
    OLED_pnpoly                              0x000026ed   Thumb Code   140  oled.o(.text)
    OLED_IsInAngle                           0x00002779   Thumb Code   144  oled.o(.text)
    OLED_UpdateArea                          0x00002809   Thumb Code   120  oled.o(.text)
    OLED_ClearArea                           0x00002881   Thumb Code   168  oled.o(.text)
    OLED_Reverse                             0x00002929   Thumb Code    46  oled.o(.text)
    OLED_ReverseArea                         0x00002957   Thumb Code   140  oled.o(.text)
    OLED_ShowImage                           0x000029e3   Thumb Code   248  oled.o(.text)
    OLED_ShowChar                            0x00002adb   Thumb Code    74  oled.o(.text)
    OLED_ShowString                          0x00002b25   Thumb Code    46  oled.o(.text)
    OLED_ShowNum                             0x00002b53   Thumb Code    76  oled.o(.text)
    OLED_ShowSignedNum                       0x00002b9f   Thumb Code   112  oled.o(.text)
    OLED_ShowHexNum                          0x00002c0f   Thumb Code    96  oled.o(.text)
    OLED_ShowBinNum                          0x00002c6f   Thumb Code    70  oled.o(.text)
    OLED_ShowFloatNum                        0x00002cb5   Thumb Code   270  oled.o(.text)
    OLED_ShowChinese                         0x00002dc3   Thumb Code   148  oled.o(.text)
    OLED_Printf                              0x00002e57   Thumb Code    50  oled.o(.text)
    OLED_DrawPoint                           0x00002e89   Thumb Code    76  oled.o(.text)
    OLED_GetPoint                            0x00002ed5   Thumb Code    64  oled.o(.text)
    OLED_DrawLine                            0x00002f15   Thumb Code   374  oled.o(.text)
    OLED_DrawRectangle                       0x0000308b   Thumb Code   142  oled.o(.text)
    OLED_DrawTriangle                        0x00003119   Thumb Code   246  oled.o(.text)
    OLED_DrawCircle                          0x0000320f   Thumb Code   352  oled.o(.text)
    OLED_DrawEllipse                         0x0000336f   Thumb Code   858  oled.o(.text)
    OLED_DrawArc                             0x000036c9   Thumb Code   626  oled.o(.text)
    fputc                                    0x0000393d   Thumb Code    18  serial.o(.text)
    fgetc                                    0x0000394f   Thumb Code    16  serial.o(.text)
    Serial_SendByte                          0x0000395f   Thumb Code   122  serial.o(.text)
    Serial_SendArray                         0x000039d9   Thumb Code    34  serial.o(.text)
    Serial_SendString                        0x000039fb   Thumb Code    30  serial.o(.text)
    Serial_Pow                               0x00003a19   Thumb Code    20  serial.o(.text)
    Serial_SendNumber                        0x00003a2d   Thumb Code    62  serial.o(.text)
    ROM_UART0IntHandler                      0x00003a6b   Thumb Code    78  serial.o(.text)
    ROM_UART0_Init                           0x00003ab9   Thumb Code   184  serial.o(.text)
    ROM_UART1_Init                           0x00003b71   Thumb Code   182  serial.o(.text)
    ROM_UART2IntHandler                      0x00003c27   Thumb Code    78  serial.o(.text)
    ROM_UART2_Init                           0x00003c75   Thumb Code   248  serial.o(.text)
    ROM_UART3_Init                           0x00003d6d   Thumb Code   176  serial.o(.text)
    ROM_UART4IntHandler                      0x00003e1d   Thumb Code    78  serial.o(.text)
    ROM_UART4_Init                           0x00003e6b   Thumb Code   180  serial.o(.text)
    ROM_UART5IntHandler                      0x00003f1f   Thumb Code    78  serial.o(.text)
    ROM_UART5_Init                           0x00003f6d   Thumb Code   182  serial.o(.text)
    ROM_UART6IntHandler                      0x00004023   Thumb Code    78  serial.o(.text)
    ROM_UART6_Init                           0x00004071   Thumb Code   182  serial.o(.text)
    ROM_UART7IntHandler                      0x00004127   Thumb Code   156  serial.o(.text)
    ROM_UART7_Init                           0x000041c3   Thumb Code   178  serial.o(.text)
    UART0IntHandler                          0x00004275   Thumb Code    54  serial.o(.text)
    UART0_Init                               0x000042ab   Thumb Code   116  serial.o(.text)
    UART1IntHandler                          0x0000431f   Thumb Code    54  serial.o(.text)
    UART1_Init                               0x00004355   Thumb Code   112  serial.o(.text)
    UART2IntHandler                          0x000043c5   Thumb Code    54  serial.o(.text)
    UART2_Init                               0x000043fb   Thumb Code   110  serial.o(.text)
    UART3_Init                               0x00004469   Thumb Code   110  serial.o(.text)
    UART4_Init                               0x000044d7   Thumb Code   110  serial.o(.text)
    UART5_Init                               0x00004545   Thumb Code   208  serial.o(.text)
    UART6_Init                               0x00004615   Thumb Code   106  serial.o(.text)
    UART7_Init                               0x0000467f   Thumb Code   110  serial.o(.text)
    UART3IntHandler                          0x000046ed   Thumb Code    54  serial.o(.text)
    UART4IntHandler                          0x00004723   Thumb Code    54  serial.o(.text)
    UART5IntHandler                          0x00004759   Thumb Code    54  serial.o(.text)
    UART6IntHandler                          0x0000478f   Thumb Code    54  serial.o(.text)
    UART7IntHandler                          0x000047c5   Thumb Code    54  serial.o(.text)
    Timer_init                               0x00004831   Thumb Code   130  timer_user.o(.text)
    Test_Period                              0x000048b3   Thumb Code    68  timer_user.o(.text)
    PWM_Init                                 0x00004909   Thumb Code   198  pwm_user.o(.text)
    SetCycle                                 0x000049cf   Thumb Code   146  pwm_user.o(.text)
    SetDuty                                  0x00004a61   Thumb Code   176  pwm_user.o(.text)
    GPIO_interrupt                           0x00004b29   Thumb Code    50  buttonsinterrupt.o(.text)
    ButtonsInit                              0x00004b5b   Thumb Code    78  buttonsinterrupt.o(.text)
    Key_Init                                 0x00004ba9   Thumb Code    56  buttonsinterrupt.o(.text)
    Motor_Init                               0x00004bed   Thumb Code   152  motor.o(.text)
    Encoder_Init                             0x00004c85   Thumb Code   362  motor.o(.text)
    Motor_SetPwm1                            0x00004def   Thumb Code   172  motor.o(.text)
    Motor_SetPwm2                            0x00004e9b   Thumb Code   172  motor.o(.text)
    Motor_SetSpeed                           0x00004f47   Thumb Code   292  motor.o(.text)
    Set_P                                    0x00005071   Thumb Code     6  pid.o(.text)
    Set_I                                    0x00005077   Thumb Code     6  pid.o(.text)
    Set_D                                    0x0000507d   Thumb Code     6  pid.o(.text)
    PID_Init                                 0x00005083   Thumb Code   246  pid.o(.text)
    P_realize                                0x00005179   Thumb Code    46  pid.o(.text)
    PI_realize                               0x000051a7   Thumb Code    74  pid.o(.text)
    PID_realize                              0x000051f1   Thumb Code   130  pid.o(.text)
    Red_Sensor_Init                          0x0000529d   Thumb Code    92  redsensor.o(.text)
    data_process                             0x00005309   Thumb Code   290  tof.o(.text)
    Tof_ReceiveData                          0x0000542b   Thumb Code  1580  tof.o(.text)
    ROM_UART3IntHandler                      0x00005a57   Thumb Code    66  tof.o(.text)
    Hand                                     0x00005a99   Thumb Code    22  tof.o(.text)
    CLR_Buf                                  0x00005aaf   Thumb Code    18  tof.o(.text)
    BLEUART_Init                             0x00005aed   Thumb Code     8  bleuart.o(.text)
    Serial_NumberChange                      0x00005af5   Thumb Code    44  bleuart.o(.text)
    BLE_Send                                 0x00005b21   Thumb Code    54  bleuart.o(.text)
    ROM_UART1IntHandler                      0x00005b57   Thumb Code   196  bleuart.o(.text)
    BLE_GetNumber                            0x00005c1b   Thumb Code     6  bleuart.o(.text)
    LED_Init                                 0x00005c39   Thumb Code    40  main.o(.text)
    BEEP_Init                                0x00005c61   Thumb Code    44  main.o(.text)
    main                                     0x00005c8d   Thumb Code   342  main.o(.text)
    TIMER0A_Handler                          0x00005de3   Thumb Code  7096  main.o(.text)
    TIMER3_WID_IRQHandler                    0x0000799b   Thumb Code   254  main.o(.text)
    TIMER4_WID_IRQHandler                    0x00007a99   Thumb Code   440  main.o(.text)
    initTime                                 0x00007c5d   Thumb Code    34  systicktime.o(.text)
    micros                                   0x00007c7f   Thumb Code     6  systicktime.o(.text)
    delayMicroseconds                        0x00007c85   Thumb Code    24  systicktime.o(.text)
    delay                                    0x00007c9d   Thumb Code    18  systicktime.o(.text)
    millis                                   0x00007caf   Thumb Code    14  systicktime.o(.text)
    Delay_Ms                                 0x00007cbd   Thumb Code    12  systicktime.o(.text)
    delay_ms                                 0x00007cc9   Thumb Code    12  systicktime.o(.text)
    delay_us                                 0x00007cd5   Thumb Code    12  systicktime.o(.text)
    Delay_Us                                 0x00007ce1   Thumb Code    12  systicktime.o(.text)
    __aeabi_memset                           0x00007cf9   Thumb Code    14  memseta.o(.text)
    __aeabi_memset4                          0x00007cf9   Thumb Code     0  memseta.o(.text)
    __aeabi_memset8                          0x00007cf9   Thumb Code     0  memseta.o(.text)
    __aeabi_memclr                           0x00007d07   Thumb Code     4  memseta.o(.text)
    __aeabi_memclr4                          0x00007d07   Thumb Code     0  memseta.o(.text)
    __aeabi_memclr8                          0x00007d07   Thumb Code     0  memseta.o(.text)
    _memset$wrapper                          0x00007d0b   Thumb Code    18  memseta.o(.text)
    strstr                                   0x00007d1d   Thumb Code    36  strstr.o(.text)
    strcmp                                   0x00007d41   Thumb Code    28  strcmp.o(.text)
    __aeabi_dadd                             0x00007d5d   Thumb Code   322  dadd.o(.text)
    __aeabi_dsub                             0x00007e9f   Thumb Code     6  dadd.o(.text)
    __aeabi_drsub                            0x00007ea5   Thumb Code     6  dadd.o(.text)
    __aeabi_dmul                             0x00007eab   Thumb Code   228  dmul.o(.text)
    __aeabi_ddiv                             0x00007f8f   Thumb Code   222  ddiv.o(.text)
    __aeabi_i2d                              0x0000806d   Thumb Code    34  dflti.o(.text)
    __aeabi_ui2d                             0x0000808f   Thumb Code    26  dfltui.o(.text)
    __aeabi_d2iz                             0x000080a9   Thumb Code    62  dfixi.o(.text)
    __aeabi_d2uiz                            0x000080e7   Thumb Code    50  dfixui.o(.text)
    __aeabi_f2d                              0x00008119   Thumb Code    38  f2d.o(.text)
    __aeabi_cdcmpeq                          0x00008141   Thumb Code     0  cdcmple.o(.text)
    __aeabi_cdcmple                          0x00008141   Thumb Code    48  cdcmple.o(.text)
    __aeabi_cdrcmple                         0x00008171   Thumb Code    48  cdrcmple.o(.text)
    __aeabi_d2f                              0x000081a1   Thumb Code    56  d2f.o(.text)
    __aeabi_uidiv                            0x000081d9   Thumb Code     0  uidiv.o(.text)
    __aeabi_uidivmod                         0x000081d9   Thumb Code    44  uidiv.o(.text)
    __aeabi_uldivmod                         0x00008205   Thumb Code    98  uldiv.o(.text)
    __aeabi_llsl                             0x00008267   Thumb Code    30  llshl.o(.text)
    _ll_shift_l                              0x00008267   Thumb Code     0  llshl.o(.text)
    __aeabi_llsr                             0x00008285   Thumb Code    32  llushr.o(.text)
    _ll_ushift_r                             0x00008285   Thumb Code     0  llushr.o(.text)
    __aeabi_lasr                             0x000082a5   Thumb Code    36  llsshr.o(.text)
    _ll_sshift_r                             0x000082a5   Thumb Code     0  llsshr.o(.text)
    __I$use$fp                               0x000082c9   Thumb Code     0  iusefp.o(.text)
    _float_round                             0x000082c9   Thumb Code    18  fepilogue.o(.text)
    _float_epilogue                          0x000082db   Thumb Code    92  fepilogue.o(.text)
    _double_round                            0x00008337   Thumb Code    30  depilogue.o(.text)
    _double_epilogue                         0x00008355   Thumb Code   156  depilogue.o(.text)
    _drnd                                    0x000083f1   Thumb Code   132  drnd.o(.text)
    __aeabi_d2ulz                            0x00008479   Thumb Code    48  dfixul.o(.text)
    __scatterload                            0x000084a9   Thumb Code    28  init.o(.text)
    __scatterload_rt2                        0x000084a9   Thumb Code     0  init.o(.text)
    __decompress                             0x000084cd   Thumb Code     0  __dczerorl.o(.text)
    __decompress0                            0x000084cd   Thumb Code    58  __dczerorl.o(.text)
    __0vsprintf                              0x00008509   Thumb Code    30  printfa.o(i.__0vsprintf)
    __1vsprintf                              0x00008509   Thumb Code     0  printfa.o(i.__0vsprintf)
    __2vsprintf                              0x00008509   Thumb Code     0  printfa.o(i.__0vsprintf)
    __c89vsprintf                            0x00008509   Thumb Code     0  printfa.o(i.__0vsprintf)
    vsprintf                                 0x00008509   Thumb Code     0  printfa.o(i.__0vsprintf)
    __ARM_fpclassify                         0x0000852d   Thumb Code    48  fpclassify.o(i.__ARM_fpclassify)
    __hardfp_atan                            0x00008561   Thumb Code   622  atan.o(i.__hardfp_atan)
    __hardfp_atan2                           0x00008839   Thumb Code   432  atan2.o(i.__hardfp_atan2)
    __hardfp_round                           0x00008a29   Thumb Code   194  round.o(i.__hardfp_round)
    __kernel_poly                            0x00008b09   Thumb Code   248  poly.o(i.__kernel_poly)
    __mathlib_dbl_infnan                     0x00008c01   Thumb Code    20  dunder.o(i.__mathlib_dbl_infnan)
    __mathlib_dbl_infnan2                    0x00008c15   Thumb Code    20  dunder.o(i.__mathlib_dbl_infnan2)
    __mathlib_dbl_underflow                  0x00008c29   Thumb Code    24  dunder.o(i.__mathlib_dbl_underflow)
    __scatterload_copy                       0x00008c49   Thumb Code    14  handlers.o(i.__scatterload_copy)
    __scatterload_null                       0x00008c57   Thumb Code     2  handlers.o(i.__scatterload_null)
    __scatterload_zeroinit                   0x00008c59   Thumb Code    14  handlers.o(i.__scatterload_zeroinit)
    atan                                     0x00009525   Thumb Code    16  atan.o(i.atan)
    fabs                                     0x00009535   Thumb Code    24  fabs.o(i.fabs)
    free                                     0x0000954d   Thumb Code    76  malloc.o(i.free)
    malloc                                   0x0000959d   Thumb Code    92  malloc.o(i.malloc)
    OLED_F8x16                               0x00009c10   Data        1520  oled_data.o(.constdata)
    OLED_F6x8                                0x0000a200   Data         570  oled_data.o(.constdata)
    OLED_CF16x16                             0x0000a43a   Data         245  oled_data.o(.constdata)
    Diode                                    0x0000a52f   Data          32  oled_data.o(.constdata)
    __mathlib_zero                           0x0000a5e8   Data           8  qnan.o(.constdata)
    Region$$Table$$Base                      0x0000a5f0   Number         0  anon$$obj.o(Region$$Table)
    Region$$Table$$Limit                     0x0000a610   Number         0  anon$$obj.o(Region$$Table)
    PWM1                                     0x20000000   Data           4  motor.o(.data)
    PWM2                                     0x20000004   Data           4  motor.o(.data)
    PWM_SET                                  0x20000008   Data           4  motor.o(.data)
    Speed1_Set                               0x2000000c   Data           4  motor.o(.data)
    Speed2_Set                               0x20000010   Data           4  motor.o(.data)
    PID_Speed1_Kp                            0x20000014   Data           1  pid.o(.data)
    PID_Speed1_Ki                            0x20000015   Data           1  pid.o(.data)
    PID_Speed1_Kd                            0x20000016   Data           1  pid.o(.data)
    PID_Speed2_Kp                            0x20000017   Data           1  pid.o(.data)
    PID_Speed2_Ki                            0x20000018   Data           1  pid.o(.data)
    PID_Speed2_Kd                            0x20000019   Data           1  pid.o(.data)
    PIDSpeed_Kd                              0x2000001a   Data           1  pid.o(.data)
    point1                                   0x2000001c   Data           2  tof.o(.data)
    q                                        0x20000020   Data           4  tof.o(.data)
    Serial_RxFlag                            0x2000003c   Data           1  bleuart.o(.data)
    Serial_RxPacket                          0x2000003d   Data           4  bleuart.o(.data)
    UARTnumber                               0x20000044   Data           4  bleuart.o(.data)
    RxBu                                     0x2000004c   Data           1  main.o(.data)
    RxBuffer                                 0x2000004d   Data           1  main.o(.data)
    RxLine                                   0x2000004e   Data           2  main.o(.data)
    main_speed                               0x20000050   Data           4  main.o(.data)
    Speed1                                   0x20000054   Data           4  main.o(.data)
    Speed2                                   0x20000058   Data           4  main.o(.data)
    s1                                       0x2000005c   Data           4  main.o(.data)
    s2                                       0x20000060   Data           4  main.o(.data)
    s                                        0x20000064   Data           4  main.o(.data)
    s3                                       0x20000068   Data           4  main.o(.data)
    s5                                       0x2000006c   Data           4  main.o(.data)
    s4                                       0x20000070   Data           4  main.o(.data)
    timer0_cont                              0x20000074   Data           2  main.o(.data)
    i                                        0x20000076   Data           1  main.o(.data)
    Wtimer0A_cnt                             0x20000078   Data           4  main.o(.data)
    RS_Pin                                   0x2000007c   Data           6  main.o(.data)
    LastSensor                               0x20000084   Data           4  main.o(.data)
    error1                                   0x20000088   Data           4  main.o(.data)
    error2                                   0x2000008c   Data           4  main.o(.data)
    kp                                       0x20000090   Data           4  main.o(.data)
    kd                                       0x20000094   Data           4  main.o(.data)
    out                                      0x20000098   Data           4  main.o(.data)
    Sensor                                   0x2000009c   Data           4  main.o(.data)
    last_motor                               0x200000a0   Data           4  main.o(.data)
    motors                                   0x200000a4   Data           4  main.o(.data)
    motor                                    0x200000a8   Data           4  main.o(.data)
    receive_cnt                              0x200000ac   Data           2  main.o(.data)
    confidence                               0x200000ae   Data           1  main.o(.data)
    distance                                 0x200000b0   Data           2  main.o(.data)
    noise                                    0x200000b2   Data           2  main.o(.data)
    reftof                                   0x200000b4   Data           2  main.o(.data)
    peak                                     0x200000b8   Data           4  main.o(.data)
    intg                                     0x200000bc   Data           4  main.o(.data)
    dis                                      0x200000c0   Data           1  main.o(.data)
    Follow_p                                 0x200000c4   Data           4  main.o(.data)
    Follow_d                                 0x200000c8   Data           4  main.o(.data)
    Follow_error                             0x200000cc   Data           4  main.o(.data)
    Follow_Lasterror                         0x200000d0   Data           4  main.o(.data)
    Follow_out                               0x200000d4   Data           4  main.o(.data)
    flag2                                    0x200000d8   Data           4  main.o(.data)
    flag3                                    0x200000dc   Data           4  main.o(.data)
    flag4                                    0x200000e0   Data           4  main.o(.data)
    flag5                                    0x200000e4   Data           4  main.o(.data)
    flag6                                    0x200000e8   Data           4  main.o(.data)
    flag7                                    0x200000ec   Data           4  main.o(.data)
    stop                                     0x200000f0   Data           4  main.o(.data)
    start                                    0x200000f4   Data           4  main.o(.data)
    t1                                       0x200000f8   Data           4  main.o(.data)
    t                                        0x200000fc   Data           2  main.o(.data)
    zhouqi                                   0x20000100   Data           4  main.o(.data)
    freq1                                    0x20000104   Data           4  main.o(.data)
    freq2                                    0x20000108   Data           4  main.o(.data)
    timer3_flag                              0x2000010c   Data           4  main.o(.data)
    timer4_flag                              0x20000110   Data           4  main.o(.data)
    Speed1_capture_1                         0x20000114   Data           4  main.o(.data)
    Speed1_capture_2                         0x20000118   Data           4  main.o(.data)
    Speed1_capture_3                         0x2000011c   Data           4  main.o(.data)
    Speed2_capture_1                         0x20000120   Data           4  main.o(.data)
    Speed2_capture_2                         0x20000124   Data           4  main.o(.data)
    Speed2_capture_3                         0x20000128   Data           4  main.o(.data)
    __microlib_freelist                      0x20000138   Data           4  mvars.o(.data)
    __microlib_freelist_initialised          0x2000013c   Data           4  mvars.o(.data)
    OLED_DisplayBuf                          0x2000066c   Data        1024  oled.o(.bss)
    PID_Motor1_Speed                         0x20000a6c   Data          40  pid.o(.bss)
    PID_Motor2_Speed                         0x20000a94   Data          40  pid.o(.bss)
    PID_RedSensor_Speed                      0x20000abc   Data          40  pid.o(.bss)
    USART_RX_BUF                             0x20000ae4   Data         200  tof.o(.bss)
    Pack_Data                                0x20000bac   Data         240  tof.o(.bss)
    Pack_sum                                 0x20000c9c   Data          20  tof.o(.bss)
    __heap_base                              0x20000cb0   Data           0  startup_rvmdk.o(HEAP)
    __heap_limit                             0x20000cb0   Data           0  startup_rvmdk.o(HEAP)
    __initial_sp                             0x20000eb0   Data           0  startup_rvmdk.o(STACK)



==============================================================================

Memory Map of the image

  Image Entry point : 0x00000289

  Load Region LR_IROM1 (Base: 0x00000000, Size: 0x0000ac7c, Max: 0x00040000, ABSOLUTE, COMPRESSED[0x0000a638])

    Execution Region ER_IROM1 (Exec base: 0x00000000, Load base: 0x00000000, Size: 0x0000a610, Max: 0x00040000, ABSOLUTE)

    Exec Addr    Load Addr    Size         Type   Attr      Idx    E Section Name        Object

    0x00000000   0x00000000   0x00000288   Code   RO          964    RESET               startup_rvmdk.o
    0x00000288   0x00000288   0x00000000   Code   RO         1001  * .ARM.Collect$$$$00000000  mc_w.l(entry.o)
    0x00000288   0x00000288   0x00000004   Code   RO         1125    .ARM.Collect$$$$00000001  mc_w.l(entry2.o)
    0x0000028c   0x0000028c   0x00000004   Code   RO         1128    .ARM.Collect$$$$00000004  mc_w.l(entry5.o)
    0x00000290   0x00000290   0x00000000   Code   RO         1130    .ARM.Collect$$$$00000008  mc_w.l(entry7b.o)
    0x00000290   0x00000290   0x00000000   Code   RO         1132    .ARM.Collect$$$$0000000A  mc_w.l(entry8b.o)
    0x00000290   0x00000290   0x00000008   Code   RO         1133    .ARM.Collect$$$$0000000B  mc_w.l(entry9a.o)
    0x00000298   0x00000298   0x00000000   Code   RO         1135    .ARM.Collect$$$$0000000D  mc_w.l(entry10a.o)
    0x00000298   0x00000298   0x00000000   Code   RO         1137    .ARM.Collect$$$$0000000F  mc_w.l(entry11a.o)
    0x00000298   0x00000298   0x00000004   Code   RO         1126    .ARM.Collect$$$$00002712  mc_w.l(entry2.o)
    0x0000029c   0x0000029c   0x00000026   Code   RO          109    .emb_text           cpu.o
    0x000002c2   0x000002c2   0x00000002   PAD
    0x000002c4   0x000002c4   0x00000006   Code   RO          481    .emb_text           sysctl.o
    0x000002ca   0x000002ca   0x00000002   PAD
    0x000002cc   0x000002cc   0x000007f8   Code   RO          284    .text               gpio.o
    0x00000ac4   0x00000ac4   0x00000330   Code   RO          345    .text               interrupt.o
    0x00000df4   0x00000df4   0x0000045e   Code   RO          393    .text               pwm.o
    0x00001252   0x00001252   0x00000002   PAD
    0x00001254   0x00001254   0x00000b58   Code   RO          482    .text               sysctl.o
    0x00001dac   0x00001dac   0x0000009c   Code   RO          514    .text               systick.o
    0x00001e48   0x00001e48   0x000002f8   Code   RO          529    .text               timer.o
    0x00002140   0x00002140   0x00000330   Code   RO          549    .text               uart.o
    0x00002470   0x00002470   0x0000001c   Code   RO          623    .text               led.o
    0x0000248c   0x0000248c   0x000014ae   Code   RO          723    .text               oled.o
    0x0000393a   0x0000393a   0x00000002   PAD
    0x0000393c   0x0000393c   0x00000ef4   Code   RO          738    .text               serial.o
    0x00004830   0x00004830   0x000000d8   Code   RO          750    .text               timer_user.o
    0x00004908   0x00004908   0x00000220   Code   RO          765    .text               pwm_user.o
    0x00004b28   0x00004b28   0x000000c4   Code   RO          777    .text               buttonsinterrupt.o
    0x00004bec   0x00004bec   0x00000484   Code   RO          809    .text               motor.o
    0x00005070   0x00005070   0x0000022c   Code   RO          825    .text               pid.o
    0x0000529c   0x0000529c   0x0000006c   Code   RO          854    .text               redsensor.o
    0x00005308   0x00005308   0x000007e4   Code   RO          866    .text               tof.o
    0x00005aec   0x00005aec   0x0000014c   Code   RO          887    .text               bleuart.o
    0x00005c38   0x00005c38   0x00002018   Code   RO          923    .text               main.o
    0x00007c50   0x00007c50   0x000000a8   Code   RO          968    .text               systicktime.o
    0x00007cf8   0x00007cf8   0x00000024   Code   RO         1004    .text               mc_w.l(memseta.o)
    0x00007d1c   0x00007d1c   0x00000024   Code   RO         1006    .text               mc_w.l(strstr.o)
    0x00007d40   0x00007d40   0x0000001c   Code   RO         1008    .text               mc_w.l(strcmp.o)
    0x00007d5c   0x00007d5c   0x0000014e   Code   RO         1066    .text               mf_w.l(dadd.o)
    0x00007eaa   0x00007eaa   0x000000e4   Code   RO         1068    .text               mf_w.l(dmul.o)
    0x00007f8e   0x00007f8e   0x000000de   Code   RO         1070    .text               mf_w.l(ddiv.o)
    0x0000806c   0x0000806c   0x00000022   Code   RO         1074    .text               mf_w.l(dflti.o)
    0x0000808e   0x0000808e   0x0000001a   Code   RO         1076    .text               mf_w.l(dfltui.o)
    0x000080a8   0x000080a8   0x0000003e   Code   RO         1078    .text               mf_w.l(dfixi.o)
    0x000080e6   0x000080e6   0x00000032   Code   RO         1080    .text               mf_w.l(dfixui.o)
    0x00008118   0x00008118   0x00000026   Code   RO         1082    .text               mf_w.l(f2d.o)
    0x0000813e   0x0000813e   0x00000002   PAD
    0x00008140   0x00008140   0x00000030   Code   RO         1084    .text               mf_w.l(cdcmple.o)
    0x00008170   0x00008170   0x00000030   Code   RO         1086    .text               mf_w.l(cdrcmple.o)
    0x000081a0   0x000081a0   0x00000038   Code   RO         1088    .text               mf_w.l(d2f.o)
    0x000081d8   0x000081d8   0x0000002c   Code   RO         1140    .text               mc_w.l(uidiv.o)
    0x00008204   0x00008204   0x00000062   Code   RO         1142    .text               mc_w.l(uldiv.o)
    0x00008266   0x00008266   0x0000001e   Code   RO         1144    .text               mc_w.l(llshl.o)
    0x00008284   0x00008284   0x00000020   Code   RO         1146    .text               mc_w.l(llushr.o)
    0x000082a4   0x000082a4   0x00000024   Code   RO         1148    .text               mc_w.l(llsshr.o)
    0x000082c8   0x000082c8   0x00000000   Code   RO         1163    .text               mc_w.l(iusefp.o)
    0x000082c8   0x000082c8   0x0000006e   Code   RO         1164    .text               mf_w.l(fepilogue.o)
    0x00008336   0x00008336   0x000000ba   Code   RO         1166    .text               mf_w.l(depilogue.o)
    0x000083f0   0x000083f0   0x00000088   Code   RO         1168    .text               mf_w.l(drnd.o)
    0x00008478   0x00008478   0x00000030   Code   RO         1170    .text               mf_w.l(dfixul.o)
    0x000084a8   0x000084a8   0x00000024   Code   RO         1176    .text               mc_w.l(init.o)
    0x000084cc   0x000084cc   0x0000003a   Code   RO         1186    .text               mc_w.l(__dczerorl.o)
    0x00008506   0x00008506   0x00000002   PAD
    0x00008508   0x00008508   0x00000024   Code   RO         1017    i.__0vsprintf       mc_w.l(printfa.o)
    0x0000852c   0x0000852c   0x00000030   Code   RO         1172    i.__ARM_fpclassify  m_wm.l(fpclassify.o)
    0x0000855c   0x0000855c   0x00000004   PAD
    0x00008560   0x00008560   0x000002d8   Code   RO         1090    i.__hardfp_atan     m_wm.l(atan.o)
    0x00008838   0x00008838   0x000001f0   Code   RO          985    i.__hardfp_atan2    m_wm.l(atan2.o)
    0x00008a28   0x00008a28   0x000000e0   Code   RO          997    i.__hardfp_round    m_wm.l(round.o)
    0x00008b08   0x00008b08   0x000000f8   Code   RO         1174    i.__kernel_poly     m_wm.l(poly.o)
    0x00008c00   0x00008c00   0x00000014   Code   RO         1105    i.__mathlib_dbl_infnan  m_wm.l(dunder.o)
    0x00008c14   0x00008c14   0x00000014   Code   RO         1106    i.__mathlib_dbl_infnan2  m_wm.l(dunder.o)
    0x00008c28   0x00008c28   0x00000020   Code   RO         1110    i.__mathlib_dbl_underflow  m_wm.l(dunder.o)
    0x00008c48   0x00008c48   0x0000000e   Code   RO         1180    i.__scatterload_copy  mc_w.l(handlers.o)
    0x00008c56   0x00008c56   0x00000002   Code   RO         1181    i.__scatterload_null  mc_w.l(handlers.o)
    0x00008c58   0x00008c58   0x0000000e   Code   RO         1182    i.__scatterload_zeroinit  mc_w.l(handlers.o)
    0x00008c66   0x00008c66   0x00000002   PAD
    0x00008c68   0x00008c68   0x00000184   Code   RO         1018    i._fp_digits        mc_w.l(printfa.o)
    0x00008dec   0x00008dec   0x000006dc   Code   RO         1019    i._printf_core      mc_w.l(printfa.o)
    0x000094c8   0x000094c8   0x00000024   Code   RO         1020    i._printf_post_padding  mc_w.l(printfa.o)
    0x000094ec   0x000094ec   0x0000002e   Code   RO         1021    i._printf_pre_padding  mc_w.l(printfa.o)
    0x0000951a   0x0000951a   0x0000000a   Code   RO         1023    i._sputc            mc_w.l(printfa.o)
    0x00009524   0x00009524   0x00000010   Code   RO         1092    i.atan              m_wm.l(atan.o)
    0x00009534   0x00009534   0x00000018   Code   RO         1120    i.fabs              m_wm.l(fabs.o)
    0x0000954c   0x0000954c   0x00000050   Code   RO         1038    i.free              mc_w.l(malloc.o)
    0x0000959c   0x0000959c   0x0000006c   Code   RO         1039    i.malloc            mc_w.l(malloc.o)
    0x00009608   0x00009608   0x00000210   Data   RO          285    .constdata          gpio.o
    0x00009818   0x00009818   0x0000010c   Data   RO          346    .constdata          interrupt.o
    0x00009924   0x00009924   0x000001cc   Data   RO          483    .constdata          sysctl.o
    0x00009af0   0x00009af0   0x000000a0   Data   RO          530    .constdata          timer.o
    0x00009b90   0x00009b90   0x00000080   Data   RO          550    .constdata          uart.o
    0x00009c10   0x00009c10   0x0000093f   Data   RO          711    .constdata          oled_data.o
    0x0000a54f   0x0000a54f   0x00000001   PAD
    0x0000a550   0x0000a550   0x00000098   Data   RO         1093    .constdata          m_wm.l(atan.o)
    0x0000a5e8   0x0000a5e8   0x00000008   Data   RO         1124    .constdata          m_wm.l(qnan.o)
    0x0000a5f0   0x0000a5f0   0x00000020   Data   RO         1178    Region$$Table       anon$$obj.o


    Execution Region RW_IRAM1 (Exec base: 0x20000000, Load base: 0x0000a610, Size: 0x00000eb0, Max: 0x00008000, ABSOLUTE, COMPRESSED[0x00000028])

    Exec Addr    Load Addr    Size         Type   Attr      Idx    E Section Name        Object

    0x20000000   COMPRESSED   0x00000014   Data   RW          810    .data               motor.o
    0x20000014   COMPRESSED   0x00000007   Data   RW          827    .data               pid.o
    0x2000001b   COMPRESSED   0x00000001   PAD
    0x2000001c   COMPRESSED   0x00000020   Data   RW          868    .data               tof.o
    0x2000003c   COMPRESSED   0x0000000e   Data   RW          888    .data               bleuart.o
    0x2000004a   COMPRESSED   0x00000002   PAD
    0x2000004c   COMPRESSED   0x000000e8   Data   RW          925    .data               main.o
    0x20000134   COMPRESSED   0x00000004   Data   RW          969    .data               systicktime.o
    0x20000138   COMPRESSED   0x00000004   Data   RW         1154    .data               mc_w.l(mvars.o)
    0x2000013c   COMPRESSED   0x00000004   Data   RW         1155    .data               mc_w.l(mvars.o)
    0x20000140   COMPRESSED   0x000002c0   PAD
    0x20000400   COMPRESSED   0x0000026c   Data   RW          347    vtable              interrupt.o
    0x2000066c        -       0x00000400   Zero   RW          724    .bss                oled.o
    0x20000a6c        -       0x00000078   Zero   RW          826    .bss                pid.o
    0x20000ae4        -       0x000001cc   Zero   RW          867    .bss                tof.o
    0x20000cb0        -       0x00000000   Zero   RW          963    HEAP                startup_rvmdk.o
    0x20000cb0        -       0x00000200   Zero   RW          962    STACK               startup_rvmdk.o


==============================================================================

Image component sizes


      Code (inc. data)   RO Data    RW Data    ZI Data      Debug   Object Name

         0          0          0          0          0       4548   adc.o
       332         24          0         14          0       2305   bleuart.o
       196         12          0          0          0        878   buttonsinterrupt.o
        38          0          0          0          0        644   cpu.o
      2040         30        528          0          0      14312   gpio.o
       816         46        268        620          0       4828   interrupt.o
        28         10          0          0          0       3182   led.o
      8216       1038          0        232          0       7083   main.o
      1156        114          0         20          0       2279   motor.o
      5294         66          0          0       1024      15672   oled.o
         0          0       2367          0          0       1162   oled_data.o
       556         42          0          7        120       2882   pid.o
      1118         32          0          0          0      10345   pwm.o
       544         24          0          0          0       1468   pwm_user.o
       108         16          0          0          0        546   redsensor.o
      3828        296          0          0          0       9038   serial.o
       648        622          0          0        512        268   startup_rvmdk.o
      2910        154        460          0          0      14537   sysctl.o
       156          0          0          0          0       1856   systick.o
       168         12          0          4          0       2845   systicktime.o
       760         20        160          0          0      10382   timer.o
       216         18          0          0          0       1013   timer_user.o
      2020        126          0         32        460       4375   tof.o
       816         22        128          0          0      11072   uart.o

    ----------------------------------------------------------------------
     31972       2724       3944        932       2116     127520   Object Totals
         0          0         32          0          0          0   (incl. Generated)
         8          0          1          3          0          0   (incl. Padding)

    ----------------------------------------------------------------------

      Code (inc. data)   RO Data    RW Data    ZI Data      Debug   Library Member Name

       744        106        152          0          0        352   atan.o
       496         64          0          0          0        192   atan2.o
        72          8          0          0          0        372   dunder.o
        24          0          0          0          0        124   fabs.o
        48          0          0          0          0        124   fpclassify.o
       248          0          0          0          0        152   poly.o
         0          0          8          0          0          0   qnan.o
       224         30          0          0          0        172   round.o
        58          0          0          0          0          0   __dczerorl.o
         0          0          0          0          0          0   entry.o
         0          0          0          0          0          0   entry10a.o
         0          0          0          0          0          0   entry11a.o
         8          4          0          0          0          0   entry2.o
         4          0          0          0          0          0   entry5.o
         0          0          0          0          0          0   entry7b.o
         0          0          0          0          0          0   entry8b.o
         8          4          0          0          0          0   entry9a.o
        30          0          0          0          0          0   handlers.o
        36          8          0          0          0         68   init.o
         0          0          0          0          0          0   iusefp.o
        30          0          0          0          0         68   llshl.o
        36          0          0          0          0         68   llsshr.o
        32          0          0          0          0         68   llushr.o
       188         20          0          0          0        160   malloc.o
        36          0          0          0          0        108   memseta.o
         0          0          0          8          0          0   mvars.o
      2272         86          0          0          0        516   printfa.o
        28          0          0          0          0         76   strcmp.o
        36          0          0          0          0         80   strstr.o
        44          0          0          0          0         80   uidiv.o
        98          0          0          0          0         92   uldiv.o
        48          0          0          0          0         68   cdcmple.o
        48          0          0          0          0         68   cdrcmple.o
        56          0          0          0          0         88   d2f.o
       334          0          0          0          0        148   dadd.o
       222          0          0          0          0        100   ddiv.o
       186          0          0          0          0        176   depilogue.o
        62          0          0          0          0         80   dfixi.o
        50          0          0          0          0         76   dfixui.o
        48          0          0          0          0         68   dfixul.o
        34          0          0          0          0         76   dflti.o
        26          0          0          0          0         76   dfltui.o
       228          0          0          0          0         96   dmul.o
       136          4          0          0          0         92   drnd.o
        38          0          0          0          0         68   f2d.o
       110          0          0          0          0        168   fepilogue.o

    ----------------------------------------------------------------------
      6436        334        160        712          0       4320   Library Totals
        10          0          0        704          0          0   (incl. Padding)

    ----------------------------------------------------------------------

      Code (inc. data)   RO Data    RW Data    ZI Data      Debug   Library Name

      1856        208        160          0          0       1488   m_wm.l
      2944        122          0          8          0       1384   mc_w.l
      1626          4          0          0          0       1448   mf_w.l

    ----------------------------------------------------------------------
      6436        334        160        712          0       4320   Library Totals

    ----------------------------------------------------------------------

==============================================================================


      Code (inc. data)   RO Data    RW Data    ZI Data      Debug   

     38408       3058       4104       1644       2116     125116   Grand Totals
     38408       3058       4104         40       2116     125116   ELF Image Totals (compressed)
     38408       3058       4104         40          0          0   ROM Totals

==============================================================================

    Total RO  Size (Code + RO Data)                42512 (  41.52kB)
    Total RW  Size (RW Data + ZI Data)              3760 (   3.67kB)
    Total ROM Size (Code + RO Data + RW Data)      42552 (  41.55kB)

==============================================================================

