<!doctype html public "-//w3c//dtd html 4.0 transitional//en">
<html><head>
<title>Static Call Graph - [..\..\Output\TM4C123G.axf]</title></head>
<body><HR>
<H1>Static Call Graph for image ..\..\Output\TM4C123G.axf</H1><HR>
<BR><P>#&#060CALLGRAPH&#062# ARM Linker, 5060528: Last Updated: Sat Oct 26 18:34:49 2024
<BR><P>
<H3>Maximum Stack Usage =        240 bytes + Unknown(Functions without stacksize, Cycles, Untraceable Function Pointers)</H3><H3>
Call chain for Maximum Stack Depth:</H3>
main &rArr; OLED_ShowFloatNum &rArr; __hardfp_round &rArr; __aeabi_dsub &rArr; __aeabi_dadd &rArr; _double_epilogue &rArr; _double_round
<P>
<H3>
Functions with no stack information
</H3><UL>
 <LI><a href="#[1]">Reset_Handler</a>
 <LI><a href="#[2]">NmiSR</a>
 <LI><a href="#[3]">FaultISR</a>
 <LI><a href="#[4]">IntDefaultHandler</a>
</UL>
</UL>
<P>
<H3>
Mutually Recursive functions
</H3> <LI><a href="#[11]">SysCtlDelay</a>&nbsp;&nbsp;&nbsp;&rArr;&nbsp;&nbsp;&nbsp;<a href="#[11]">SysCtlDelay</a><BR>
 <LI><a href="#[2]">NmiSR</a>&nbsp;&nbsp;&nbsp;&rArr;&nbsp;&nbsp;&nbsp;<a href="#[2]">NmiSR</a><BR>
 <LI><a href="#[3]">FaultISR</a>&nbsp;&nbsp;&nbsp;&rArr;&nbsp;&nbsp;&nbsp;<a href="#[3]">FaultISR</a><BR>
 <LI><a href="#[4]">IntDefaultHandler</a>&nbsp;&nbsp;&nbsp;&rArr;&nbsp;&nbsp;&nbsp;<a href="#[4]">IntDefaultHandler</a><BR>
</UL>
<P>
<H3>
Function Pointers
</H3><UL>
 <LI><a href="#[3]">FaultISR</a> from startup_rvmdk.o(RESET) referenced from startup_rvmdk.o(RESET)
 <LI><a href="#[cd]">GPIO_interrupt</a> from buttonsinterrupt.o(.text) referenced from buttonsinterrupt.o(.text)
 <LI><a href="#[4]">IntDefaultHandler</a> from startup_rvmdk.o(RESET) referenced 115 times from startup_rvmdk.o(RESET)
 <LI><a href="#[2]">NmiSR</a> from startup_rvmdk.o(RESET) referenced from startup_rvmdk.o(RESET)
 <LI><a href="#[99]">ROM_UART0IntHandler</a> from serial.o(.text) referenced from serial.o(.text)
 <LI><a href="#[7]">ROM_UART1IntHandler</a> from bleuart.o(.text) referenced from serial.o(.text)
 <LI><a href="#[9e]">ROM_UART2IntHandler</a> from serial.o(.text) referenced from serial.o(.text)
 <LI><a href="#[8]">ROM_UART3IntHandler</a> from tof.o(.text) referenced from serial.o(.text)
 <LI><a href="#[a1]">ROM_UART4IntHandler</a> from serial.o(.text) referenced from serial.o(.text)
 <LI><a href="#[a3]">ROM_UART5IntHandler</a> from serial.o(.text) referenced from serial.o(.text)
 <LI><a href="#[a5]">ROM_UART6IntHandler</a> from serial.o(.text) referenced from serial.o(.text)
 <LI><a href="#[a7]">ROM_UART7IntHandler</a> from serial.o(.text) referenced from serial.o(.text)
 <LI><a href="#[1]">Reset_Handler</a> from startup_rvmdk.o(RESET) referenced from startup_rvmdk.o(RESET)
 <LI><a href="#[c]">SycTickHandler</a> from systicktime.o(.text) referenced from systicktime.o(.text)
 <LI><a href="#[9]">TIMER0A_Handler</a> from main.o(.text) referenced from timer_user.o(.text)
 <LI><a href="#[a]">TIMER3_WID_IRQHandler</a> from main.o(.text) referenced from motor.o(.text)
 <LI><a href="#[b]">TIMER4_WID_IRQHandler</a> from main.o(.text) referenced from motor.o(.text)
 <LI><a href="#[a9]">UART0IntHandler</a> from serial.o(.text) referenced 6 times from serial.o(.text)
 <LI><a href="#[b2]">UART1IntHandler</a> from serial.o(.text) referenced from serial.o(.text)
 <LI><a href="#[b4]">UART2IntHandler</a> from serial.o(.text) referenced from serial.o(.text)
 <LI><a href="#[6]">_IntDefaultHandler</a> from interrupt.o(.text) referenced from interrupt.o(.text)
 <LI><a href="#[d]">_sputc</a> from printfa.o(i._sputc) referenced from printfa.o(i.__0vsprintf)
 <LI><a href="#[5]">main</a> from main.o(.text) referenced from entry9a.o(.ARM.Collect$$$$0000000B)
</UL>
<P>
<H3>
Global Symbols
</H3>
<P><STRONG><a name="[1]"></a>Reset_Handler</STRONG> (Thumb, 0 bytes, Stack size unknown bytes, startup_rvmdk.o(RESET))
<BR><BR>[Calls]<UL><LI><a href="#[e]">&gt;&gt;</a>&nbsp;&nbsp;&nbsp;__main
</UL>
<BR>[Address Reference Count : 1]<UL><LI> startup_rvmdk.o(RESET)
</UL>
<P><STRONG><a name="[e]"></a>__main</STRONG> (Thumb, 0 bytes, Stack size unknown bytes, entry.o(.ARM.Collect$$$$00000000))
<BR><BR>[Called By]<UL><LI><a href="#[1]">&gt;&gt;</a>&nbsp;&nbsp;&nbsp;Reset_Handler
</UL>

<P><STRONG><a name="[11a]"></a>_main_stk</STRONG> (Thumb, 0 bytes, Stack size unknown bytes, entry2.o(.ARM.Collect$$$$00000001))

<P><STRONG><a name="[f]"></a>_main_scatterload</STRONG> (Thumb, 0 bytes, Stack size unknown bytes, entry5.o(.ARM.Collect$$$$00000004))
<BR><BR>[Calls]<UL><LI><a href="#[10]">&gt;&gt;</a>&nbsp;&nbsp;&nbsp;__scatterload
</UL>

<P><STRONG><a name="[10b]"></a>__main_after_scatterload</STRONG> (Thumb, 0 bytes, Stack size unknown bytes, entry5.o(.ARM.Collect$$$$00000004))
<BR><BR>[Called By]<UL><LI><a href="#[10]">&gt;&gt;</a>&nbsp;&nbsp;&nbsp;__scatterload
</UL>

<P><STRONG><a name="[11b]"></a>_main_clock</STRONG> (Thumb, 0 bytes, Stack size unknown bytes, entry7b.o(.ARM.Collect$$$$00000008))

<P><STRONG><a name="[11c]"></a>_main_cpp_init</STRONG> (Thumb, 0 bytes, Stack size unknown bytes, entry8b.o(.ARM.Collect$$$$0000000A))

<P><STRONG><a name="[11d]"></a>_main_init</STRONG> (Thumb, 0 bytes, Stack size unknown bytes, entry9a.o(.ARM.Collect$$$$0000000B))

<P><STRONG><a name="[11e]"></a>__rt_final_cpp</STRONG> (Thumb, 0 bytes, Stack size unknown bytes, entry10a.o(.ARM.Collect$$$$0000000D))

<P><STRONG><a name="[11f]"></a>__rt_final_exit</STRONG> (Thumb, 0 bytes, Stack size unknown bytes, entry11a.o(.ARM.Collect$$$$0000000F))

<P><STRONG><a name="[3b]"></a>CPUcpsid</STRONG> (Thumb, 8 bytes, Stack size 0 bytes, cpu.o(.emb_text), UNUSED)
<BR><BR>[Called By]<UL><LI><a href="#[3a]">&gt;&gt;</a>&nbsp;&nbsp;&nbsp;IntMasterDisable
</UL>

<P><STRONG><a name="[120]"></a>CPUprimask</STRONG> (Thumb, 6 bytes, Stack size 0 bytes, cpu.o(.emb_text), UNUSED)

<P><STRONG><a name="[39]"></a>CPUcpsie</STRONG> (Thumb, 8 bytes, Stack size 0 bytes, cpu.o(.emb_text))
<BR><BR>[Called By]<UL><LI><a href="#[38]">&gt;&gt;</a>&nbsp;&nbsp;&nbsp;IntMasterEnable
</UL>

<P><STRONG><a name="[49]"></a>CPUwfi</STRONG> (Thumb, 4 bytes, Stack size 0 bytes, cpu.o(.emb_text), UNUSED)
<BR><BR>[Called By]<UL><LI><a href="#[4a]">&gt;&gt;</a>&nbsp;&nbsp;&nbsp;SysCtlDeepSleep
<LI><a href="#[48]">&gt;&gt;</a>&nbsp;&nbsp;&nbsp;SysCtlSleep
</UL>

<P><STRONG><a name="[3d]"></a>CPUbasepriSet</STRONG> (Thumb, 6 bytes, Stack size 0 bytes, cpu.o(.emb_text), UNUSED)
<BR><BR>[Called By]<UL><LI><a href="#[3c]">&gt;&gt;</a>&nbsp;&nbsp;&nbsp;IntPriorityMaskSet
</UL>

<P><STRONG><a name="[3f]"></a>CPUbasepriGet</STRONG> (Thumb, 6 bytes, Stack size 0 bytes, cpu.o(.emb_text), UNUSED)
<BR><BR>[Called By]<UL><LI><a href="#[3e]">&gt;&gt;</a>&nbsp;&nbsp;&nbsp;IntPriorityMaskGet
</UL>

<P><STRONG><a name="[11]"></a>SysCtlDelay</STRONG> (Thumb, 6 bytes, Stack size 0 bytes, sysctl.o(.emb_text))
<BR><BR>[Calls]<UL><LI><a href="#[11]">&gt;&gt;</a>&nbsp;&nbsp;&nbsp;SysCtlDelay
</UL>
<BR>[Called By]<UL><LI><a href="#[11]">&gt;&gt;</a>&nbsp;&nbsp;&nbsp;SysCtlDelay
<LI><a href="#[4e]">&gt;&gt;</a>&nbsp;&nbsp;&nbsp;SysCtlClockSet
</UL>

<P><STRONG><a name="[1a]"></a>GPIODirModeSet</STRONG> (Thumb, 50 bytes, Stack size 0 bytes, gpio.o(.text))
<BR><BR>[Called By]<UL><LI><a href="#[37]">&gt;&gt;</a>&nbsp;&nbsp;&nbsp;GPIOPinTypeCIR
<LI><a href="#[36]">&gt;&gt;</a>&nbsp;&nbsp;&nbsp;GPIOPinTypeLEDSeq
<LI><a href="#[35]">&gt;&gt;</a>&nbsp;&nbsp;&nbsp;GPIOPinTypeKBColumn
<LI><a href="#[34]">&gt;&gt;</a>&nbsp;&nbsp;&nbsp;GPIOPinTypeKBRow
<LI><a href="#[33]">&gt;&gt;</a>&nbsp;&nbsp;&nbsp;GPIOPinTypeWakeLow
<LI><a href="#[32]">&gt;&gt;</a>&nbsp;&nbsp;&nbsp;GPIOPinTypeWakeHigh
<LI><a href="#[31]">&gt;&gt;</a>&nbsp;&nbsp;&nbsp;GPIOPinTypeUSBDigital
<LI><a href="#[30]">&gt;&gt;</a>&nbsp;&nbsp;&nbsp;GPIOPinTypeUSBAnalog
<LI><a href="#[2f]">&gt;&gt;</a>&nbsp;&nbsp;&nbsp;GPIOPinTypeUART
<LI><a href="#[2e]">&gt;&gt;</a>&nbsp;&nbsp;&nbsp;GPIOPinTypeTimer
<LI><a href="#[2d]">&gt;&gt;</a>&nbsp;&nbsp;&nbsp;GPIOPinTypeSSI
<LI><a href="#[2c]">&gt;&gt;</a>&nbsp;&nbsp;&nbsp;GPIOPinTypeQEI
<LI><a href="#[2b]">&gt;&gt;</a>&nbsp;&nbsp;&nbsp;GPIOPinTypePWM
<LI><a href="#[2a]">&gt;&gt;</a>&nbsp;&nbsp;&nbsp;GPIOPinTypePECITx
<LI><a href="#[29]">&gt;&gt;</a>&nbsp;&nbsp;&nbsp;GPIOPinTypePECIRx
<LI><a href="#[28]">&gt;&gt;</a>&nbsp;&nbsp;&nbsp;GPIOPinTypeLPC
<LI><a href="#[27]">&gt;&gt;</a>&nbsp;&nbsp;&nbsp;GPIOPinTypeLCD
<LI><a href="#[26]">&gt;&gt;</a>&nbsp;&nbsp;&nbsp;GPIOPinTypeI2CSCL
<LI><a href="#[25]">&gt;&gt;</a>&nbsp;&nbsp;&nbsp;GPIOPinTypeI2C
<LI><a href="#[24]">&gt;&gt;</a>&nbsp;&nbsp;&nbsp;GPIOPinTypeGPIOOutputOD
<LI><a href="#[23]">&gt;&gt;</a>&nbsp;&nbsp;&nbsp;GPIOPinTypeGPIOOutput
<LI><a href="#[22]">&gt;&gt;</a>&nbsp;&nbsp;&nbsp;GPIOPinTypeGPIOInput
<LI><a href="#[21]">&gt;&gt;</a>&nbsp;&nbsp;&nbsp;GPIOPinTypeFan
<LI><a href="#[20]">&gt;&gt;</a>&nbsp;&nbsp;&nbsp;GPIOPinTypeEthernetMII
<LI><a href="#[1f]">&gt;&gt;</a>&nbsp;&nbsp;&nbsp;GPIOPinTypeEthernetLED
<LI><a href="#[1e]">&gt;&gt;</a>&nbsp;&nbsp;&nbsp;GPIOPinTypeEPI
<LI><a href="#[1d]">&gt;&gt;</a>&nbsp;&nbsp;&nbsp;GPIOPinTypeComparator
<LI><a href="#[1c]">&gt;&gt;</a>&nbsp;&nbsp;&nbsp;GPIOPinTypeCAN
<LI><a href="#[19]">&gt;&gt;</a>&nbsp;&nbsp;&nbsp;GPIOPinTypeADC
<LI><a href="#[e2]">&gt;&gt;</a>&nbsp;&nbsp;&nbsp;Red_Sensor_Init
<LI><a href="#[d8]">&gt;&gt;</a>&nbsp;&nbsp;&nbsp;Encoder_Init
<LI><a href="#[d5]">&gt;&gt;</a>&nbsp;&nbsp;&nbsp;Key_Init
<LI><a href="#[d2]">&gt;&gt;</a>&nbsp;&nbsp;&nbsp;ButtonsInit
</UL>

<P><STRONG><a name="[121]"></a>GPIODirModeGet</STRONG> (Thumb, 46 bytes, Stack size 12 bytes, gpio.o(.text), UNUSED)

<P><STRONG><a name="[d3]"></a>GPIOIntTypeSet</STRONG> (Thumb, 102 bytes, Stack size 0 bytes, gpio.o(.text))
<BR><BR>[Called By]<UL><LI><a href="#[d2]">&gt;&gt;</a>&nbsp;&nbsp;&nbsp;ButtonsInit
</UL>

<P><STRONG><a name="[122]"></a>GPIOIntTypeGet</STRONG> (Thumb, 84 bytes, Stack size 20 bytes, gpio.o(.text), UNUSED)

<P><STRONG><a name="[1b]"></a>GPIOPadConfigSet</STRONG> (Thumb, 342 bytes, Stack size 20 bytes, gpio.o(.text))
<BR><BR>[Stack]<UL><LI>Max Depth = 20<LI>Call Chain = GPIOPadConfigSet
</UL>
<BR>[Called By]<UL><LI><a href="#[37]">&gt;&gt;</a>&nbsp;&nbsp;&nbsp;GPIOPinTypeCIR
<LI><a href="#[36]">&gt;&gt;</a>&nbsp;&nbsp;&nbsp;GPIOPinTypeLEDSeq
<LI><a href="#[35]">&gt;&gt;</a>&nbsp;&nbsp;&nbsp;GPIOPinTypeKBColumn
<LI><a href="#[34]">&gt;&gt;</a>&nbsp;&nbsp;&nbsp;GPIOPinTypeKBRow
<LI><a href="#[33]">&gt;&gt;</a>&nbsp;&nbsp;&nbsp;GPIOPinTypeWakeLow
<LI><a href="#[32]">&gt;&gt;</a>&nbsp;&nbsp;&nbsp;GPIOPinTypeWakeHigh
<LI><a href="#[31]">&gt;&gt;</a>&nbsp;&nbsp;&nbsp;GPIOPinTypeUSBDigital
<LI><a href="#[30]">&gt;&gt;</a>&nbsp;&nbsp;&nbsp;GPIOPinTypeUSBAnalog
<LI><a href="#[2f]">&gt;&gt;</a>&nbsp;&nbsp;&nbsp;GPIOPinTypeUART
<LI><a href="#[2e]">&gt;&gt;</a>&nbsp;&nbsp;&nbsp;GPIOPinTypeTimer
<LI><a href="#[2d]">&gt;&gt;</a>&nbsp;&nbsp;&nbsp;GPIOPinTypeSSI
<LI><a href="#[2c]">&gt;&gt;</a>&nbsp;&nbsp;&nbsp;GPIOPinTypeQEI
<LI><a href="#[2b]">&gt;&gt;</a>&nbsp;&nbsp;&nbsp;GPIOPinTypePWM
<LI><a href="#[2a]">&gt;&gt;</a>&nbsp;&nbsp;&nbsp;GPIOPinTypePECITx
<LI><a href="#[29]">&gt;&gt;</a>&nbsp;&nbsp;&nbsp;GPIOPinTypePECIRx
<LI><a href="#[28]">&gt;&gt;</a>&nbsp;&nbsp;&nbsp;GPIOPinTypeLPC
<LI><a href="#[27]">&gt;&gt;</a>&nbsp;&nbsp;&nbsp;GPIOPinTypeLCD
<LI><a href="#[26]">&gt;&gt;</a>&nbsp;&nbsp;&nbsp;GPIOPinTypeI2CSCL
<LI><a href="#[25]">&gt;&gt;</a>&nbsp;&nbsp;&nbsp;GPIOPinTypeI2C
<LI><a href="#[24]">&gt;&gt;</a>&nbsp;&nbsp;&nbsp;GPIOPinTypeGPIOOutputOD
<LI><a href="#[23]">&gt;&gt;</a>&nbsp;&nbsp;&nbsp;GPIOPinTypeGPIOOutput
<LI><a href="#[22]">&gt;&gt;</a>&nbsp;&nbsp;&nbsp;GPIOPinTypeGPIOInput
<LI><a href="#[21]">&gt;&gt;</a>&nbsp;&nbsp;&nbsp;GPIOPinTypeFan
<LI><a href="#[20]">&gt;&gt;</a>&nbsp;&nbsp;&nbsp;GPIOPinTypeEthernetMII
<LI><a href="#[1f]">&gt;&gt;</a>&nbsp;&nbsp;&nbsp;GPIOPinTypeEthernetLED
<LI><a href="#[1e]">&gt;&gt;</a>&nbsp;&nbsp;&nbsp;GPIOPinTypeEPI
<LI><a href="#[1d]">&gt;&gt;</a>&nbsp;&nbsp;&nbsp;GPIOPinTypeComparator
<LI><a href="#[1c]">&gt;&gt;</a>&nbsp;&nbsp;&nbsp;GPIOPinTypeCAN
<LI><a href="#[19]">&gt;&gt;</a>&nbsp;&nbsp;&nbsp;GPIOPinTypeADC
<LI><a href="#[e2]">&gt;&gt;</a>&nbsp;&nbsp;&nbsp;Red_Sensor_Init
<LI><a href="#[d8]">&gt;&gt;</a>&nbsp;&nbsp;&nbsp;Encoder_Init
<LI><a href="#[d5]">&gt;&gt;</a>&nbsp;&nbsp;&nbsp;Key_Init
<LI><a href="#[d2]">&gt;&gt;</a>&nbsp;&nbsp;&nbsp;ButtonsInit
</UL>

<P><STRONG><a name="[123]"></a>GPIOPadConfigGet</STRONG> (Thumb, 206 bytes, Stack size 20 bytes, gpio.o(.text), UNUSED)

<P><STRONG><a name="[d4]"></a>GPIOIntEnable</STRONG> (Thumb, 12 bytes, Stack size 0 bytes, gpio.o(.text))
<BR><BR>[Called By]<UL><LI><a href="#[d2]">&gt;&gt;</a>&nbsp;&nbsp;&nbsp;ButtonsInit
</UL>

<P><STRONG><a name="[124]"></a>GPIOIntDisable</STRONG> (Thumb, 12 bytes, Stack size 0 bytes, gpio.o(.text), UNUSED)

<P><STRONG><a name="[ce]"></a>GPIOIntStatus</STRONG> (Thumb, 16 bytes, Stack size 0 bytes, gpio.o(.text))
<BR><BR>[Called By]<UL><LI><a href="#[cd]">&gt;&gt;</a>&nbsp;&nbsp;&nbsp;GPIO_interrupt
</UL>

<P><STRONG><a name="[cf]"></a>GPIOIntClear</STRONG> (Thumb, 6 bytes, Stack size 0 bytes, gpio.o(.text))
<BR><BR>[Called By]<UL><LI><a href="#[cd]">&gt;&gt;</a>&nbsp;&nbsp;&nbsp;GPIO_interrupt
</UL>

<P><STRONG><a name="[12]"></a>GPIOIntRegister</STRONG> (Thumb, 30 bytes, Stack size 16 bytes, gpio.o(.text))
<BR><BR>[Stack]<UL><LI>Max Depth = 28<LI>Call Chain = GPIOIntRegister &rArr; _GPIOIntNumberGet
</UL>
<BR>[Calls]<UL><LI><a href="#[13]">&gt;&gt;</a>&nbsp;&nbsp;&nbsp;_GPIOIntNumberGet
<LI><a href="#[14]">&gt;&gt;</a>&nbsp;&nbsp;&nbsp;IntRegister
<LI><a href="#[15]">&gt;&gt;</a>&nbsp;&nbsp;&nbsp;IntEnable
</UL>
<BR>[Called By]<UL><LI><a href="#[d2]">&gt;&gt;</a>&nbsp;&nbsp;&nbsp;ButtonsInit
</UL>

<P><STRONG><a name="[16]"></a>GPIOIntUnregister</STRONG> (Thumb, 26 bytes, Stack size 16 bytes, gpio.o(.text), UNUSED)
<BR><BR>[Calls]<UL><LI><a href="#[13]">&gt;&gt;</a>&nbsp;&nbsp;&nbsp;_GPIOIntNumberGet
<LI><a href="#[18]">&gt;&gt;</a>&nbsp;&nbsp;&nbsp;IntUnregister
<LI><a href="#[17]">&gt;&gt;</a>&nbsp;&nbsp;&nbsp;IntDisable
</UL>

<P><STRONG><a name="[d1]"></a>GPIOPinRead</STRONG> (Thumb, 32 bytes, Stack size 0 bytes, gpio.o(.text))
<BR><BR>[Called By]<UL><LI><a href="#[9]">&gt;&gt;</a>&nbsp;&nbsp;&nbsp;TIMER0A_Handler
<LI><a href="#[cd]">&gt;&gt;</a>&nbsp;&nbsp;&nbsp;GPIO_interrupt
</UL>

<P><STRONG><a name="[5e]"></a>GPIOPinWrite</STRONG> (Thumb, 10 bytes, Stack size 0 bytes, gpio.o(.text))
<BR><BR>[Called By]<UL><LI><a href="#[9]">&gt;&gt;</a>&nbsp;&nbsp;&nbsp;TIMER0A_Handler
<LI><a href="#[5f]">&gt;&gt;</a>&nbsp;&nbsp;&nbsp;OLED_W_SDA
<LI><a href="#[5d]">&gt;&gt;</a>&nbsp;&nbsp;&nbsp;OLED_W_SCL
<LI><a href="#[ef]">&gt;&gt;</a>&nbsp;&nbsp;&nbsp;BEEP_Init
<LI><a href="#[ee]">&gt;&gt;</a>&nbsp;&nbsp;&nbsp;LED_Init
<LI><a href="#[df]">&gt;&gt;</a>&nbsp;&nbsp;&nbsp;Motor_SetPwm2
<LI><a href="#[de]">&gt;&gt;</a>&nbsp;&nbsp;&nbsp;Motor_SetPwm1
</UL>

<P><STRONG><a name="[19]"></a>GPIOPinTypeADC</STRONG> (Thumb, 30 bytes, Stack size 12 bytes, gpio.o(.text), UNUSED)
<BR><BR>[Calls]<UL><LI><a href="#[1b]">&gt;&gt;</a>&nbsp;&nbsp;&nbsp;GPIOPadConfigSet
<LI><a href="#[1a]">&gt;&gt;</a>&nbsp;&nbsp;&nbsp;GPIODirModeSet
</UL>

<P><STRONG><a name="[1c]"></a>GPIOPinTypeCAN</STRONG> (Thumb, 30 bytes, Stack size 12 bytes, gpio.o(.text), UNUSED)
<BR><BR>[Calls]<UL><LI><a href="#[1b]">&gt;&gt;</a>&nbsp;&nbsp;&nbsp;GPIOPadConfigSet
<LI><a href="#[1a]">&gt;&gt;</a>&nbsp;&nbsp;&nbsp;GPIODirModeSet
</UL>

<P><STRONG><a name="[1d]"></a>GPIOPinTypeComparator</STRONG> (Thumb, 30 bytes, Stack size 12 bytes, gpio.o(.text), UNUSED)
<BR><BR>[Calls]<UL><LI><a href="#[1b]">&gt;&gt;</a>&nbsp;&nbsp;&nbsp;GPIOPadConfigSet
<LI><a href="#[1a]">&gt;&gt;</a>&nbsp;&nbsp;&nbsp;GPIODirModeSet
</UL>

<P><STRONG><a name="[1e]"></a>GPIOPinTypeEPI</STRONG> (Thumb, 30 bytes, Stack size 12 bytes, gpio.o(.text), UNUSED)
<BR><BR>[Calls]<UL><LI><a href="#[1b]">&gt;&gt;</a>&nbsp;&nbsp;&nbsp;GPIOPadConfigSet
<LI><a href="#[1a]">&gt;&gt;</a>&nbsp;&nbsp;&nbsp;GPIODirModeSet
</UL>

<P><STRONG><a name="[1f]"></a>GPIOPinTypeEthernetLED</STRONG> (Thumb, 30 bytes, Stack size 12 bytes, gpio.o(.text), UNUSED)
<BR><BR>[Calls]<UL><LI><a href="#[1b]">&gt;&gt;</a>&nbsp;&nbsp;&nbsp;GPIOPadConfigSet
<LI><a href="#[1a]">&gt;&gt;</a>&nbsp;&nbsp;&nbsp;GPIODirModeSet
</UL>

<P><STRONG><a name="[20]"></a>GPIOPinTypeEthernetMII</STRONG> (Thumb, 30 bytes, Stack size 12 bytes, gpio.o(.text), UNUSED)
<BR><BR>[Calls]<UL><LI><a href="#[1b]">&gt;&gt;</a>&nbsp;&nbsp;&nbsp;GPIOPadConfigSet
<LI><a href="#[1a]">&gt;&gt;</a>&nbsp;&nbsp;&nbsp;GPIODirModeSet
</UL>

<P><STRONG><a name="[21]"></a>GPIOPinTypeFan</STRONG> (Thumb, 30 bytes, Stack size 12 bytes, gpio.o(.text), UNUSED)
<BR><BR>[Calls]<UL><LI><a href="#[1b]">&gt;&gt;</a>&nbsp;&nbsp;&nbsp;GPIOPadConfigSet
<LI><a href="#[1a]">&gt;&gt;</a>&nbsp;&nbsp;&nbsp;GPIODirModeSet
</UL>

<P><STRONG><a name="[22]"></a>GPIOPinTypeGPIOInput</STRONG> (Thumb, 30 bytes, Stack size 12 bytes, gpio.o(.text), UNUSED)
<BR><BR>[Calls]<UL><LI><a href="#[1b]">&gt;&gt;</a>&nbsp;&nbsp;&nbsp;GPIOPadConfigSet
<LI><a href="#[1a]">&gt;&gt;</a>&nbsp;&nbsp;&nbsp;GPIODirModeSet
</UL>

<P><STRONG><a name="[23]"></a>GPIOPinTypeGPIOOutput</STRONG> (Thumb, 30 bytes, Stack size 12 bytes, gpio.o(.text))
<BR><BR>[Stack]<UL><LI>Max Depth = 32<LI>Call Chain = GPIOPinTypeGPIOOutput &rArr; GPIOPadConfigSet
</UL>
<BR>[Calls]<UL><LI><a href="#[1b]">&gt;&gt;</a>&nbsp;&nbsp;&nbsp;GPIOPadConfigSet
<LI><a href="#[1a]">&gt;&gt;</a>&nbsp;&nbsp;&nbsp;GPIODirModeSet
</UL>
<BR>[Called By]<UL><LI><a href="#[60]">&gt;&gt;</a>&nbsp;&nbsp;&nbsp;OLED_GPIO_Init
<LI><a href="#[5b]">&gt;&gt;</a>&nbsp;&nbsp;&nbsp;LED_GPIO_Config
<LI><a href="#[ef]">&gt;&gt;</a>&nbsp;&nbsp;&nbsp;BEEP_Init
<LI><a href="#[ee]">&gt;&gt;</a>&nbsp;&nbsp;&nbsp;LED_Init
<LI><a href="#[d6]">&gt;&gt;</a>&nbsp;&nbsp;&nbsp;Motor_Init
</UL>

<P><STRONG><a name="[24]"></a>GPIOPinTypeGPIOOutputOD</STRONG> (Thumb, 30 bytes, Stack size 12 bytes, gpio.o(.text), UNUSED)
<BR><BR>[Calls]<UL><LI><a href="#[1b]">&gt;&gt;</a>&nbsp;&nbsp;&nbsp;GPIOPadConfigSet
<LI><a href="#[1a]">&gt;&gt;</a>&nbsp;&nbsp;&nbsp;GPIODirModeSet
</UL>

<P><STRONG><a name="[25]"></a>GPIOPinTypeI2C</STRONG> (Thumb, 30 bytes, Stack size 12 bytes, gpio.o(.text), UNUSED)
<BR><BR>[Calls]<UL><LI><a href="#[1b]">&gt;&gt;</a>&nbsp;&nbsp;&nbsp;GPIOPadConfigSet
<LI><a href="#[1a]">&gt;&gt;</a>&nbsp;&nbsp;&nbsp;GPIODirModeSet
</UL>

<P><STRONG><a name="[26]"></a>GPIOPinTypeI2CSCL</STRONG> (Thumb, 30 bytes, Stack size 12 bytes, gpio.o(.text), UNUSED)
<BR><BR>[Calls]<UL><LI><a href="#[1b]">&gt;&gt;</a>&nbsp;&nbsp;&nbsp;GPIOPadConfigSet
<LI><a href="#[1a]">&gt;&gt;</a>&nbsp;&nbsp;&nbsp;GPIODirModeSet
</UL>

<P><STRONG><a name="[27]"></a>GPIOPinTypeLCD</STRONG> (Thumb, 30 bytes, Stack size 12 bytes, gpio.o(.text), UNUSED)
<BR><BR>[Calls]<UL><LI><a href="#[1b]">&gt;&gt;</a>&nbsp;&nbsp;&nbsp;GPIOPadConfigSet
<LI><a href="#[1a]">&gt;&gt;</a>&nbsp;&nbsp;&nbsp;GPIODirModeSet
</UL>

<P><STRONG><a name="[28]"></a>GPIOPinTypeLPC</STRONG> (Thumb, 30 bytes, Stack size 12 bytes, gpio.o(.text), UNUSED)
<BR><BR>[Calls]<UL><LI><a href="#[1b]">&gt;&gt;</a>&nbsp;&nbsp;&nbsp;GPIOPadConfigSet
<LI><a href="#[1a]">&gt;&gt;</a>&nbsp;&nbsp;&nbsp;GPIODirModeSet
</UL>

<P><STRONG><a name="[29]"></a>GPIOPinTypePECIRx</STRONG> (Thumb, 30 bytes, Stack size 12 bytes, gpio.o(.text), UNUSED)
<BR><BR>[Calls]<UL><LI><a href="#[1b]">&gt;&gt;</a>&nbsp;&nbsp;&nbsp;GPIOPadConfigSet
<LI><a href="#[1a]">&gt;&gt;</a>&nbsp;&nbsp;&nbsp;GPIODirModeSet
</UL>

<P><STRONG><a name="[2a]"></a>GPIOPinTypePECITx</STRONG> (Thumb, 30 bytes, Stack size 12 bytes, gpio.o(.text), UNUSED)
<BR><BR>[Calls]<UL><LI><a href="#[1b]">&gt;&gt;</a>&nbsp;&nbsp;&nbsp;GPIOPadConfigSet
<LI><a href="#[1a]">&gt;&gt;</a>&nbsp;&nbsp;&nbsp;GPIODirModeSet
</UL>

<P><STRONG><a name="[2b]"></a>GPIOPinTypePWM</STRONG> (Thumb, 30 bytes, Stack size 12 bytes, gpio.o(.text))
<BR><BR>[Stack]<UL><LI>Max Depth = 32<LI>Call Chain = GPIOPinTypePWM &rArr; GPIOPadConfigSet
</UL>
<BR>[Calls]<UL><LI><a href="#[1b]">&gt;&gt;</a>&nbsp;&nbsp;&nbsp;GPIOPadConfigSet
<LI><a href="#[1a]">&gt;&gt;</a>&nbsp;&nbsp;&nbsp;GPIODirModeSet
</UL>
<BR>[Called By]<UL><LI><a href="#[c3]">&gt;&gt;</a>&nbsp;&nbsp;&nbsp;PWM_Init
</UL>

<P><STRONG><a name="[2c]"></a>GPIOPinTypeQEI</STRONG> (Thumb, 30 bytes, Stack size 12 bytes, gpio.o(.text), UNUSED)
<BR><BR>[Calls]<UL><LI><a href="#[1b]">&gt;&gt;</a>&nbsp;&nbsp;&nbsp;GPIOPadConfigSet
<LI><a href="#[1a]">&gt;&gt;</a>&nbsp;&nbsp;&nbsp;GPIODirModeSet
</UL>

<P><STRONG><a name="[2d]"></a>GPIOPinTypeSSI</STRONG> (Thumb, 30 bytes, Stack size 12 bytes, gpio.o(.text), UNUSED)
<BR><BR>[Calls]<UL><LI><a href="#[1b]">&gt;&gt;</a>&nbsp;&nbsp;&nbsp;GPIOPadConfigSet
<LI><a href="#[1a]">&gt;&gt;</a>&nbsp;&nbsp;&nbsp;GPIODirModeSet
</UL>

<P><STRONG><a name="[2e]"></a>GPIOPinTypeTimer</STRONG> (Thumb, 30 bytes, Stack size 12 bytes, gpio.o(.text))
<BR><BR>[Stack]<UL><LI>Max Depth = 32<LI>Call Chain = GPIOPinTypeTimer &rArr; GPIOPadConfigSet
</UL>
<BR>[Calls]<UL><LI><a href="#[1b]">&gt;&gt;</a>&nbsp;&nbsp;&nbsp;GPIOPadConfigSet
<LI><a href="#[1a]">&gt;&gt;</a>&nbsp;&nbsp;&nbsp;GPIODirModeSet
</UL>
<BR>[Called By]<UL><LI><a href="#[d8]">&gt;&gt;</a>&nbsp;&nbsp;&nbsp;Encoder_Init
</UL>

<P><STRONG><a name="[2f]"></a>GPIOPinTypeUART</STRONG> (Thumb, 30 bytes, Stack size 12 bytes, gpio.o(.text), UNUSED)
<BR><BR>[Calls]<UL><LI><a href="#[1b]">&gt;&gt;</a>&nbsp;&nbsp;&nbsp;GPIOPadConfigSet
<LI><a href="#[1a]">&gt;&gt;</a>&nbsp;&nbsp;&nbsp;GPIODirModeSet
</UL>
<BR>[Called By]<UL><LI><a href="#[ba]">&gt;&gt;</a>&nbsp;&nbsp;&nbsp;UART7_Init
<LI><a href="#[b9]">&gt;&gt;</a>&nbsp;&nbsp;&nbsp;UART6_Init
<LI><a href="#[b8]">&gt;&gt;</a>&nbsp;&nbsp;&nbsp;UART5_Init
<LI><a href="#[b7]">&gt;&gt;</a>&nbsp;&nbsp;&nbsp;UART4_Init
<LI><a href="#[b6]">&gt;&gt;</a>&nbsp;&nbsp;&nbsp;UART3_Init
<LI><a href="#[b5]">&gt;&gt;</a>&nbsp;&nbsp;&nbsp;UART2_Init
<LI><a href="#[b3]">&gt;&gt;</a>&nbsp;&nbsp;&nbsp;UART1_Init
<LI><a href="#[ad]">&gt;&gt;</a>&nbsp;&nbsp;&nbsp;UART0_Init
</UL>

<P><STRONG><a name="[30]"></a>GPIOPinTypeUSBAnalog</STRONG> (Thumb, 30 bytes, Stack size 12 bytes, gpio.o(.text), UNUSED)
<BR><BR>[Calls]<UL><LI><a href="#[1b]">&gt;&gt;</a>&nbsp;&nbsp;&nbsp;GPIOPadConfigSet
<LI><a href="#[1a]">&gt;&gt;</a>&nbsp;&nbsp;&nbsp;GPIODirModeSet
</UL>

<P><STRONG><a name="[31]"></a>GPIOPinTypeUSBDigital</STRONG> (Thumb, 30 bytes, Stack size 12 bytes, gpio.o(.text), UNUSED)
<BR><BR>[Calls]<UL><LI><a href="#[1b]">&gt;&gt;</a>&nbsp;&nbsp;&nbsp;GPIOPadConfigSet
<LI><a href="#[1a]">&gt;&gt;</a>&nbsp;&nbsp;&nbsp;GPIODirModeSet
</UL>

<P><STRONG><a name="[32]"></a>GPIOPinTypeWakeHigh</STRONG> (Thumb, 32 bytes, Stack size 12 bytes, gpio.o(.text), UNUSED)
<BR><BR>[Calls]<UL><LI><a href="#[1b]">&gt;&gt;</a>&nbsp;&nbsp;&nbsp;GPIOPadConfigSet
<LI><a href="#[1a]">&gt;&gt;</a>&nbsp;&nbsp;&nbsp;GPIODirModeSet
</UL>

<P><STRONG><a name="[33]"></a>GPIOPinTypeWakeLow</STRONG> (Thumb, 32 bytes, Stack size 12 bytes, gpio.o(.text), UNUSED)
<BR><BR>[Calls]<UL><LI><a href="#[1b]">&gt;&gt;</a>&nbsp;&nbsp;&nbsp;GPIOPadConfigSet
<LI><a href="#[1a]">&gt;&gt;</a>&nbsp;&nbsp;&nbsp;GPIODirModeSet
</UL>

<P><STRONG><a name="[34]"></a>GPIOPinTypeKBRow</STRONG> (Thumb, 30 bytes, Stack size 12 bytes, gpio.o(.text), UNUSED)
<BR><BR>[Calls]<UL><LI><a href="#[1b]">&gt;&gt;</a>&nbsp;&nbsp;&nbsp;GPIOPadConfigSet
<LI><a href="#[1a]">&gt;&gt;</a>&nbsp;&nbsp;&nbsp;GPIODirModeSet
</UL>

<P><STRONG><a name="[35]"></a>GPIOPinTypeKBColumn</STRONG> (Thumb, 30 bytes, Stack size 12 bytes, gpio.o(.text), UNUSED)
<BR><BR>[Calls]<UL><LI><a href="#[1b]">&gt;&gt;</a>&nbsp;&nbsp;&nbsp;GPIOPadConfigSet
<LI><a href="#[1a]">&gt;&gt;</a>&nbsp;&nbsp;&nbsp;GPIODirModeSet
</UL>

<P><STRONG><a name="[36]"></a>GPIOPinTypeLEDSeq</STRONG> (Thumb, 30 bytes, Stack size 12 bytes, gpio.o(.text), UNUSED)
<BR><BR>[Calls]<UL><LI><a href="#[1b]">&gt;&gt;</a>&nbsp;&nbsp;&nbsp;GPIOPadConfigSet
<LI><a href="#[1a]">&gt;&gt;</a>&nbsp;&nbsp;&nbsp;GPIODirModeSet
</UL>

<P><STRONG><a name="[37]"></a>GPIOPinTypeCIR</STRONG> (Thumb, 30 bytes, Stack size 12 bytes, gpio.o(.text), UNUSED)
<BR><BR>[Calls]<UL><LI><a href="#[1b]">&gt;&gt;</a>&nbsp;&nbsp;&nbsp;GPIOPadConfigSet
<LI><a href="#[1a]">&gt;&gt;</a>&nbsp;&nbsp;&nbsp;GPIODirModeSet
</UL>

<P><STRONG><a name="[125]"></a>GPIOPinWakeStatus</STRONG> (Thumb, 8 bytes, Stack size 0 bytes, gpio.o(.text), UNUSED)

<P><STRONG><a name="[ae]"></a>GPIOPinConfigure</STRONG> (Thumb, 70 bytes, Stack size 8 bytes, gpio.o(.text))
<BR><BR>[Stack]<UL><LI>Max Depth = 8<LI>Call Chain = GPIOPinConfigure
</UL>
<BR>[Called By]<UL><LI><a href="#[c3]">&gt;&gt;</a>&nbsp;&nbsp;&nbsp;PWM_Init
<LI><a href="#[ba]">&gt;&gt;</a>&nbsp;&nbsp;&nbsp;UART7_Init
<LI><a href="#[b9]">&gt;&gt;</a>&nbsp;&nbsp;&nbsp;UART6_Init
<LI><a href="#[b8]">&gt;&gt;</a>&nbsp;&nbsp;&nbsp;UART5_Init
<LI><a href="#[b7]">&gt;&gt;</a>&nbsp;&nbsp;&nbsp;UART4_Init
<LI><a href="#[b6]">&gt;&gt;</a>&nbsp;&nbsp;&nbsp;UART3_Init
<LI><a href="#[b5]">&gt;&gt;</a>&nbsp;&nbsp;&nbsp;UART2_Init
<LI><a href="#[b3]">&gt;&gt;</a>&nbsp;&nbsp;&nbsp;UART1_Init
<LI><a href="#[ad]">&gt;&gt;</a>&nbsp;&nbsp;&nbsp;UART0_Init
<LI><a href="#[d8]">&gt;&gt;</a>&nbsp;&nbsp;&nbsp;Encoder_Init
</UL>

<P><STRONG><a name="[126]"></a>GPIODMATriggerEnable</STRONG> (Thumb, 12 bytes, Stack size 0 bytes, gpio.o(.text), UNUSED)

<P><STRONG><a name="[127]"></a>GPIODMATriggerDisable</STRONG> (Thumb, 12 bytes, Stack size 0 bytes, gpio.o(.text), UNUSED)

<P><STRONG><a name="[128]"></a>GPIOADCTriggerEnable</STRONG> (Thumb, 12 bytes, Stack size 0 bytes, gpio.o(.text), UNUSED)

<P><STRONG><a name="[129]"></a>GPIOADCTriggerDisable</STRONG> (Thumb, 12 bytes, Stack size 0 bytes, gpio.o(.text), UNUSED)

<P><STRONG><a name="[38]"></a>IntMasterEnable</STRONG> (Thumb, 16 bytes, Stack size 8 bytes, interrupt.o(.text))
<BR><BR>[Stack]<UL><LI>Max Depth = 8<LI>Call Chain = IntMasterEnable
</UL>
<BR>[Calls]<UL><LI><a href="#[39]">&gt;&gt;</a>&nbsp;&nbsp;&nbsp;CPUcpsie
</UL>
<BR>[Called By]<UL><LI><a href="#[ba]">&gt;&gt;</a>&nbsp;&nbsp;&nbsp;UART7_Init
<LI><a href="#[b9]">&gt;&gt;</a>&nbsp;&nbsp;&nbsp;UART6_Init
<LI><a href="#[b8]">&gt;&gt;</a>&nbsp;&nbsp;&nbsp;UART5_Init
<LI><a href="#[b7]">&gt;&gt;</a>&nbsp;&nbsp;&nbsp;UART4_Init
<LI><a href="#[b6]">&gt;&gt;</a>&nbsp;&nbsp;&nbsp;UART3_Init
<LI><a href="#[b5]">&gt;&gt;</a>&nbsp;&nbsp;&nbsp;UART2_Init
<LI><a href="#[b3]">&gt;&gt;</a>&nbsp;&nbsp;&nbsp;UART1_Init
<LI><a href="#[ad]">&gt;&gt;</a>&nbsp;&nbsp;&nbsp;UART0_Init
<LI><a href="#[d8]">&gt;&gt;</a>&nbsp;&nbsp;&nbsp;Encoder_Init
<LI><a href="#[d2]">&gt;&gt;</a>&nbsp;&nbsp;&nbsp;ButtonsInit
</UL>

<P><STRONG><a name="[3a]"></a>IntMasterDisable</STRONG> (Thumb, 16 bytes, Stack size 8 bytes, interrupt.o(.text), UNUSED)
<BR><BR>[Calls]<UL><LI><a href="#[3b]">&gt;&gt;</a>&nbsp;&nbsp;&nbsp;CPUcpsid
</UL>

<P><STRONG><a name="[14]"></a>IntRegister</STRONG> (Thumb, 52 bytes, Stack size 12 bytes, interrupt.o(.text))
<BR><BR>[Stack]<UL><LI>Max Depth = 12<LI>Call Chain = IntRegister
</UL>
<BR>[Called By]<UL><LI><a href="#[12]">&gt;&gt;</a>&nbsp;&nbsp;&nbsp;GPIOIntRegister
<LI><a href="#[58]">&gt;&gt;</a>&nbsp;&nbsp;&nbsp;UARTIntRegister
<LI><a href="#[52]">&gt;&gt;</a>&nbsp;&nbsp;&nbsp;TimerIntRegister
<LI><a href="#[50]">&gt;&gt;</a>&nbsp;&nbsp;&nbsp;SysTickIntRegister
<LI><a href="#[46]">&gt;&gt;</a>&nbsp;&nbsp;&nbsp;SysCtlIntRegister
<LI><a href="#[43]">&gt;&gt;</a>&nbsp;&nbsp;&nbsp;PWMFaultIntRegister
<LI><a href="#[40]">&gt;&gt;</a>&nbsp;&nbsp;&nbsp;PWMGenIntRegister
</UL>

<P><STRONG><a name="[18]"></a>IntUnregister</STRONG> (Thumb, 10 bytes, Stack size 0 bytes, interrupt.o(.text), UNUSED)
<BR><BR>[Called By]<UL><LI><a href="#[16]">&gt;&gt;</a>&nbsp;&nbsp;&nbsp;GPIOIntUnregister
<LI><a href="#[5a]">&gt;&gt;</a>&nbsp;&nbsp;&nbsp;UARTIntUnregister
<LI><a href="#[54]">&gt;&gt;</a>&nbsp;&nbsp;&nbsp;TimerIntUnregister
<LI><a href="#[51]">&gt;&gt;</a>&nbsp;&nbsp;&nbsp;SysTickIntUnregister
<LI><a href="#[47]">&gt;&gt;</a>&nbsp;&nbsp;&nbsp;SysCtlIntUnregister
<LI><a href="#[45]">&gt;&gt;</a>&nbsp;&nbsp;&nbsp;PWMFaultIntUnregister
<LI><a href="#[42]">&gt;&gt;</a>&nbsp;&nbsp;&nbsp;PWMGenIntUnregister
</UL>

<P><STRONG><a name="[12a]"></a>IntPriorityGroupingSet</STRONG> (Thumb, 18 bytes, Stack size 0 bytes, interrupt.o(.text), UNUSED)

<P><STRONG><a name="[12b]"></a>IntPriorityGroupingGet</STRONG> (Thumb, 36 bytes, Stack size 0 bytes, interrupt.o(.text), UNUSED)

<P><STRONG><a name="[b1]"></a>IntPrioritySet</STRONG> (Thumb, 46 bytes, Stack size 8 bytes, interrupt.o(.text))
<BR><BR>[Stack]<UL><LI>Max Depth = 8<LI>Call Chain = IntPrioritySet
</UL>
<BR>[Called By]<UL><LI><a href="#[ba]">&gt;&gt;</a>&nbsp;&nbsp;&nbsp;UART7_Init
<LI><a href="#[b9]">&gt;&gt;</a>&nbsp;&nbsp;&nbsp;UART6_Init
<LI><a href="#[b8]">&gt;&gt;</a>&nbsp;&nbsp;&nbsp;UART5_Init
<LI><a href="#[b7]">&gt;&gt;</a>&nbsp;&nbsp;&nbsp;UART4_Init
<LI><a href="#[b6]">&gt;&gt;</a>&nbsp;&nbsp;&nbsp;UART3_Init
<LI><a href="#[b5]">&gt;&gt;</a>&nbsp;&nbsp;&nbsp;UART2_Init
<LI><a href="#[b3]">&gt;&gt;</a>&nbsp;&nbsp;&nbsp;UART1_Init
<LI><a href="#[ad]">&gt;&gt;</a>&nbsp;&nbsp;&nbsp;UART0_Init
<LI><a href="#[d8]">&gt;&gt;</a>&nbsp;&nbsp;&nbsp;Encoder_Init
<LI><a href="#[d2]">&gt;&gt;</a>&nbsp;&nbsp;&nbsp;ButtonsInit
</UL>

<P><STRONG><a name="[12c]"></a>IntPriorityGet</STRONG> (Thumb, 22 bytes, Stack size 0 bytes, interrupt.o(.text), UNUSED)

<P><STRONG><a name="[15]"></a>IntEnable</STRONG> (Thumb, 120 bytes, Stack size 0 bytes, interrupt.o(.text))
<BR><BR>[Called By]<UL><LI><a href="#[12]">&gt;&gt;</a>&nbsp;&nbsp;&nbsp;GPIOIntRegister
<LI><a href="#[ba]">&gt;&gt;</a>&nbsp;&nbsp;&nbsp;UART7_Init
<LI><a href="#[b9]">&gt;&gt;</a>&nbsp;&nbsp;&nbsp;UART6_Init
<LI><a href="#[b8]">&gt;&gt;</a>&nbsp;&nbsp;&nbsp;UART5_Init
<LI><a href="#[b7]">&gt;&gt;</a>&nbsp;&nbsp;&nbsp;UART4_Init
<LI><a href="#[b6]">&gt;&gt;</a>&nbsp;&nbsp;&nbsp;UART3_Init
<LI><a href="#[b5]">&gt;&gt;</a>&nbsp;&nbsp;&nbsp;UART2_Init
<LI><a href="#[b3]">&gt;&gt;</a>&nbsp;&nbsp;&nbsp;UART1_Init
<LI><a href="#[ad]">&gt;&gt;</a>&nbsp;&nbsp;&nbsp;UART0_Init
<LI><a href="#[58]">&gt;&gt;</a>&nbsp;&nbsp;&nbsp;UARTIntRegister
<LI><a href="#[52]">&gt;&gt;</a>&nbsp;&nbsp;&nbsp;TimerIntRegister
<LI><a href="#[46]">&gt;&gt;</a>&nbsp;&nbsp;&nbsp;SysCtlIntRegister
<LI><a href="#[43]">&gt;&gt;</a>&nbsp;&nbsp;&nbsp;PWMFaultIntRegister
<LI><a href="#[40]">&gt;&gt;</a>&nbsp;&nbsp;&nbsp;PWMGenIntRegister
<LI><a href="#[d8]">&gt;&gt;</a>&nbsp;&nbsp;&nbsp;Encoder_Init
<LI><a href="#[d2]">&gt;&gt;</a>&nbsp;&nbsp;&nbsp;ButtonsInit
</UL>

<P><STRONG><a name="[17]"></a>IntDisable</STRONG> (Thumb, 120 bytes, Stack size 0 bytes, interrupt.o(.text), UNUSED)
<BR><BR>[Called By]<UL><LI><a href="#[16]">&gt;&gt;</a>&nbsp;&nbsp;&nbsp;GPIOIntUnregister
<LI><a href="#[5a]">&gt;&gt;</a>&nbsp;&nbsp;&nbsp;UARTIntUnregister
<LI><a href="#[54]">&gt;&gt;</a>&nbsp;&nbsp;&nbsp;TimerIntUnregister
<LI><a href="#[47]">&gt;&gt;</a>&nbsp;&nbsp;&nbsp;SysCtlIntUnregister
<LI><a href="#[45]">&gt;&gt;</a>&nbsp;&nbsp;&nbsp;PWMFaultIntUnregister
<LI><a href="#[42]">&gt;&gt;</a>&nbsp;&nbsp;&nbsp;PWMGenIntUnregister
</UL>

<P><STRONG><a name="[12d]"></a>IntIsEnabled</STRONG> (Thumb, 106 bytes, Stack size 8 bytes, interrupt.o(.text), UNUSED)

<P><STRONG><a name="[12e]"></a>IntPendSet</STRONG> (Thumb, 98 bytes, Stack size 0 bytes, interrupt.o(.text), UNUSED)

<P><STRONG><a name="[12f]"></a>IntPendClear</STRONG> (Thumb, 76 bytes, Stack size 0 bytes, interrupt.o(.text), UNUSED)

<P><STRONG><a name="[3c]"></a>IntPriorityMaskSet</STRONG> (Thumb, 12 bytes, Stack size 8 bytes, interrupt.o(.text), UNUSED)
<BR><BR>[Calls]<UL><LI><a href="#[3d]">&gt;&gt;</a>&nbsp;&nbsp;&nbsp;CPUbasepriSet
</UL>

<P><STRONG><a name="[3e]"></a>IntPriorityMaskGet</STRONG> (Thumb, 8 bytes, Stack size 8 bytes, interrupt.o(.text), UNUSED)
<BR><BR>[Calls]<UL><LI><a href="#[3f]">&gt;&gt;</a>&nbsp;&nbsp;&nbsp;CPUbasepriGet
</UL>

<P><STRONG><a name="[130]"></a>IntTrigger</STRONG> (Thumb, 10 bytes, Stack size 0 bytes, interrupt.o(.text), UNUSED)

<P><STRONG><a name="[c5]"></a>PWMGenConfigure</STRONG> (Thumb, 42 bytes, Stack size 8 bytes, pwm.o(.text))
<BR><BR>[Stack]<UL><LI>Max Depth = 8<LI>Call Chain = PWMGenConfigure
</UL>
<BR>[Called By]<UL><LI><a href="#[c3]">&gt;&gt;</a>&nbsp;&nbsp;&nbsp;PWM_Init
</UL>

<P><STRONG><a name="[c6]"></a>PWMGenPeriodSet</STRONG> (Thumb, 22 bytes, Stack size 0 bytes, pwm.o(.text))
<BR><BR>[Called By]<UL><LI><a href="#[c9]">&gt;&gt;</a>&nbsp;&nbsp;&nbsp;SetCycle
<LI><a href="#[c3]">&gt;&gt;</a>&nbsp;&nbsp;&nbsp;PWM_Init
</UL>

<P><STRONG><a name="[cb]"></a>PWMGenPeriodGet</STRONG> (Thumb, 24 bytes, Stack size 0 bytes, pwm.o(.text))
<BR><BR>[Called By]<UL><LI><a href="#[ca]">&gt;&gt;</a>&nbsp;&nbsp;&nbsp;SetDuty
</UL>

<P><STRONG><a name="[c8]"></a>PWMGenEnable</STRONG> (Thumb, 10 bytes, Stack size 0 bytes, pwm.o(.text))
<BR><BR>[Called By]<UL><LI><a href="#[ca]">&gt;&gt;</a>&nbsp;&nbsp;&nbsp;SetDuty
<LI><a href="#[c9]">&gt;&gt;</a>&nbsp;&nbsp;&nbsp;SetCycle
<LI><a href="#[c3]">&gt;&gt;</a>&nbsp;&nbsp;&nbsp;PWM_Init
</UL>

<P><STRONG><a name="[131]"></a>PWMGenDisable</STRONG> (Thumb, 10 bytes, Stack size 0 bytes, pwm.o(.text), UNUSED)

<P><STRONG><a name="[cc]"></a>PWMPulseWidthSet</STRONG> (Thumb, 38 bytes, Stack size 12 bytes, pwm.o(.text))
<BR><BR>[Stack]<UL><LI>Max Depth = 12<LI>Call Chain = PWMPulseWidthSet
</UL>
<BR>[Called By]<UL><LI><a href="#[ca]">&gt;&gt;</a>&nbsp;&nbsp;&nbsp;SetDuty
</UL>

<P><STRONG><a name="[132]"></a>PWMPulseWidthGet</STRONG> (Thumb, 40 bytes, Stack size 12 bytes, pwm.o(.text), UNUSED)

<P><STRONG><a name="[133]"></a>PWMDeadBandEnable</STRONG> (Thumb, 18 bytes, Stack size 8 bytes, pwm.o(.text), UNUSED)

<P><STRONG><a name="[134]"></a>PWMDeadBandDisable</STRONG> (Thumb, 14 bytes, Stack size 0 bytes, pwm.o(.text), UNUSED)

<P><STRONG><a name="[135]"></a>PWMSyncUpdate</STRONG> (Thumb, 4 bytes, Stack size 0 bytes, pwm.o(.text), UNUSED)

<P><STRONG><a name="[136]"></a>PWMSyncTimeBase</STRONG> (Thumb, 4 bytes, Stack size 0 bytes, pwm.o(.text), UNUSED)

<P><STRONG><a name="[c7]"></a>PWMOutputState</STRONG> (Thumb, 20 bytes, Stack size 0 bytes, pwm.o(.text))
<BR><BR>[Called By]<UL><LI><a href="#[ca]">&gt;&gt;</a>&nbsp;&nbsp;&nbsp;SetDuty
<LI><a href="#[c9]">&gt;&gt;</a>&nbsp;&nbsp;&nbsp;SetCycle
<LI><a href="#[c3]">&gt;&gt;</a>&nbsp;&nbsp;&nbsp;PWM_Init
</UL>

<P><STRONG><a name="[137]"></a>PWMOutputInvert</STRONG> (Thumb, 20 bytes, Stack size 0 bytes, pwm.o(.text), UNUSED)

<P><STRONG><a name="[138]"></a>PWMOutputFaultLevel</STRONG> (Thumb, 20 bytes, Stack size 0 bytes, pwm.o(.text), UNUSED)

<P><STRONG><a name="[139]"></a>PWMOutputFault</STRONG> (Thumb, 20 bytes, Stack size 0 bytes, pwm.o(.text), UNUSED)

<P><STRONG><a name="[40]"></a>PWMGenIntRegister</STRONG> (Thumb, 38 bytes, Stack size 24 bytes, pwm.o(.text), UNUSED)
<BR><BR>[Calls]<UL><LI><a href="#[41]">&gt;&gt;</a>&nbsp;&nbsp;&nbsp;_PWMGenIntNumberGet
<LI><a href="#[14]">&gt;&gt;</a>&nbsp;&nbsp;&nbsp;IntRegister
<LI><a href="#[15]">&gt;&gt;</a>&nbsp;&nbsp;&nbsp;IntEnable
</UL>

<P><STRONG><a name="[42]"></a>PWMGenIntUnregister</STRONG> (Thumb, 30 bytes, Stack size 16 bytes, pwm.o(.text), UNUSED)
<BR><BR>[Calls]<UL><LI><a href="#[41]">&gt;&gt;</a>&nbsp;&nbsp;&nbsp;_PWMGenIntNumberGet
<LI><a href="#[18]">&gt;&gt;</a>&nbsp;&nbsp;&nbsp;IntUnregister
<LI><a href="#[17]">&gt;&gt;</a>&nbsp;&nbsp;&nbsp;IntDisable
</UL>

<P><STRONG><a name="[43]"></a>PWMFaultIntRegister</STRONG> (Thumb, 30 bytes, Stack size 16 bytes, pwm.o(.text), UNUSED)
<BR><BR>[Calls]<UL><LI><a href="#[14]">&gt;&gt;</a>&nbsp;&nbsp;&nbsp;IntRegister
<LI><a href="#[15]">&gt;&gt;</a>&nbsp;&nbsp;&nbsp;IntEnable
<LI><a href="#[44]">&gt;&gt;</a>&nbsp;&nbsp;&nbsp;_PWMFaultIntNumberGet
</UL>

<P><STRONG><a name="[45]"></a>PWMFaultIntUnregister</STRONG> (Thumb, 26 bytes, Stack size 16 bytes, pwm.o(.text), UNUSED)
<BR><BR>[Calls]<UL><LI><a href="#[18]">&gt;&gt;</a>&nbsp;&nbsp;&nbsp;IntUnregister
<LI><a href="#[17]">&gt;&gt;</a>&nbsp;&nbsp;&nbsp;IntDisable
<LI><a href="#[44]">&gt;&gt;</a>&nbsp;&nbsp;&nbsp;_PWMFaultIntNumberGet
</UL>

<P><STRONG><a name="[13a]"></a>PWMGenIntTrigEnable</STRONG> (Thumb, 14 bytes, Stack size 8 bytes, pwm.o(.text), UNUSED)

<P><STRONG><a name="[13b]"></a>PWMGenIntTrigDisable</STRONG> (Thumb, 14 bytes, Stack size 8 bytes, pwm.o(.text), UNUSED)

<P><STRONG><a name="[13c]"></a>PWMGenIntStatus</STRONG> (Thumb, 16 bytes, Stack size 0 bytes, pwm.o(.text), UNUSED)

<P><STRONG><a name="[13d]"></a>PWMGenIntClear</STRONG> (Thumb, 6 bytes, Stack size 0 bytes, pwm.o(.text), UNUSED)

<P><STRONG><a name="[13e]"></a>PWMIntEnable</STRONG> (Thumb, 8 bytes, Stack size 0 bytes, pwm.o(.text), UNUSED)

<P><STRONG><a name="[13f]"></a>PWMIntDisable</STRONG> (Thumb, 8 bytes, Stack size 0 bytes, pwm.o(.text), UNUSED)

<P><STRONG><a name="[140]"></a>PWMFaultIntClear</STRONG> (Thumb, 8 bytes, Stack size 0 bytes, pwm.o(.text), UNUSED)

<P><STRONG><a name="[141]"></a>PWMIntStatus</STRONG> (Thumb, 14 bytes, Stack size 0 bytes, pwm.o(.text), UNUSED)

<P><STRONG><a name="[142]"></a>PWMFaultIntClearExt</STRONG> (Thumb, 4 bytes, Stack size 0 bytes, pwm.o(.text), UNUSED)

<P><STRONG><a name="[143]"></a>PWMGenFaultConfigure</STRONG> (Thumb, 20 bytes, Stack size 12 bytes, pwm.o(.text), UNUSED)

<P><STRONG><a name="[144]"></a>PWMGenFaultTriggerSet</STRONG> (Thumb, 16 bytes, Stack size 8 bytes, pwm.o(.text), UNUSED)

<P><STRONG><a name="[145]"></a>PWMGenFaultTriggerGet</STRONG> (Thumb, 16 bytes, Stack size 0 bytes, pwm.o(.text), UNUSED)

<P><STRONG><a name="[146]"></a>PWMGenFaultStatus</STRONG> (Thumb, 38 bytes, Stack size 8 bytes, pwm.o(.text), UNUSED)

<P><STRONG><a name="[147]"></a>PWMGenFaultClear</STRONG> (Thumb, 36 bytes, Stack size 12 bytes, pwm.o(.text), UNUSED)

<P><STRONG><a name="[148]"></a>PWMClockSet</STRONG> (Thumb, 18 bytes, Stack size 0 bytes, pwm.o(.text), UNUSED)

<P><STRONG><a name="[149]"></a>PWMClockGet</STRONG> (Thumb, 60 bytes, Stack size 0 bytes, pwm.o(.text), UNUSED)

<P><STRONG><a name="[14a]"></a>PWMOutputUpdateMode</STRONG> (Thumb, 82 bytes, Stack size 24 bytes, pwm.o(.text), UNUSED)

<P><STRONG><a name="[14b]"></a>SysCtlSRAMSizeGet</STRONG> (Thumb, 12 bytes, Stack size 0 bytes, sysctl.o(.text), UNUSED)

<P><STRONG><a name="[14c]"></a>SysCtlFlashSizeGet</STRONG> (Thumb, 42 bytes, Stack size 0 bytes, sysctl.o(.text), UNUSED)

<P><STRONG><a name="[14d]"></a>SysCtlFlashSectorSizeGet</STRONG> (Thumb, 40 bytes, Stack size 0 bytes, sysctl.o(.text), UNUSED)

<P><STRONG><a name="[14e]"></a>SysCtlPeripheralPresent</STRONG> (Thumb, 52 bytes, Stack size 0 bytes, sysctl.o(.text), UNUSED)

<P><STRONG><a name="[d7]"></a>SysCtlPeripheralReady</STRONG> (Thumb, 52 bytes, Stack size 0 bytes, sysctl.o(.text))
<BR><BR>[Called By]<UL><LI><a href="#[ef]">&gt;&gt;</a>&nbsp;&nbsp;&nbsp;BEEP_Init
<LI><a href="#[ee]">&gt;&gt;</a>&nbsp;&nbsp;&nbsp;LED_Init
<LI><a href="#[d6]">&gt;&gt;</a>&nbsp;&nbsp;&nbsp;Motor_Init
</UL>

<P><STRONG><a name="[14f]"></a>SysCtlPeripheralPowerOn</STRONG> (Thumb, 46 bytes, Stack size 8 bytes, sysctl.o(.text), UNUSED)

<P><STRONG><a name="[150]"></a>SysCtlPeripheralPowerOff</STRONG> (Thumb, 46 bytes, Stack size 8 bytes, sysctl.o(.text), UNUSED)

<P><STRONG><a name="[151]"></a>SysCtlPeripheralReset</STRONG> (Thumb, 106 bytes, Stack size 12 bytes, sysctl.o(.text), UNUSED)

<P><STRONG><a name="[5c]"></a>SysCtlPeripheralEnable</STRONG> (Thumb, 46 bytes, Stack size 8 bytes, sysctl.o(.text))
<BR><BR>[Stack]<UL><LI>Max Depth = 8<LI>Call Chain = SysCtlPeripheralEnable
</UL>
<BR>[Called By]<UL><LI><a href="#[c3]">&gt;&gt;</a>&nbsp;&nbsp;&nbsp;PWM_Init
<LI><a href="#[ba]">&gt;&gt;</a>&nbsp;&nbsp;&nbsp;UART7_Init
<LI><a href="#[b9]">&gt;&gt;</a>&nbsp;&nbsp;&nbsp;UART6_Init
<LI><a href="#[b8]">&gt;&gt;</a>&nbsp;&nbsp;&nbsp;UART5_Init
<LI><a href="#[b7]">&gt;&gt;</a>&nbsp;&nbsp;&nbsp;UART4_Init
<LI><a href="#[b6]">&gt;&gt;</a>&nbsp;&nbsp;&nbsp;UART3_Init
<LI><a href="#[b5]">&gt;&gt;</a>&nbsp;&nbsp;&nbsp;UART2_Init
<LI><a href="#[b3]">&gt;&gt;</a>&nbsp;&nbsp;&nbsp;UART1_Init
<LI><a href="#[ad]">&gt;&gt;</a>&nbsp;&nbsp;&nbsp;UART0_Init
<LI><a href="#[60]">&gt;&gt;</a>&nbsp;&nbsp;&nbsp;OLED_GPIO_Init
<LI><a href="#[5b]">&gt;&gt;</a>&nbsp;&nbsp;&nbsp;LED_GPIO_Config
<LI><a href="#[ef]">&gt;&gt;</a>&nbsp;&nbsp;&nbsp;BEEP_Init
<LI><a href="#[ee]">&gt;&gt;</a>&nbsp;&nbsp;&nbsp;LED_Init
<LI><a href="#[e2]">&gt;&gt;</a>&nbsp;&nbsp;&nbsp;Red_Sensor_Init
<LI><a href="#[d8]">&gt;&gt;</a>&nbsp;&nbsp;&nbsp;Encoder_Init
<LI><a href="#[d6]">&gt;&gt;</a>&nbsp;&nbsp;&nbsp;Motor_Init
<LI><a href="#[d5]">&gt;&gt;</a>&nbsp;&nbsp;&nbsp;Key_Init
<LI><a href="#[d2]">&gt;&gt;</a>&nbsp;&nbsp;&nbsp;ButtonsInit
</UL>

<P><STRONG><a name="[152]"></a>SysCtlPeripheralDisable</STRONG> (Thumb, 46 bytes, Stack size 8 bytes, sysctl.o(.text), UNUSED)

<P><STRONG><a name="[153]"></a>SysCtlPeripheralSleepEnable</STRONG> (Thumb, 46 bytes, Stack size 8 bytes, sysctl.o(.text), UNUSED)

<P><STRONG><a name="[154]"></a>SysCtlPeripheralSleepDisable</STRONG> (Thumb, 46 bytes, Stack size 8 bytes, sysctl.o(.text), UNUSED)

<P><STRONG><a name="[155]"></a>SysCtlPeripheralDeepSleepEnable</STRONG> (Thumb, 46 bytes, Stack size 8 bytes, sysctl.o(.text), UNUSED)

<P><STRONG><a name="[156]"></a>SysCtlPeripheralDeepSleepDisable</STRONG> (Thumb, 46 bytes, Stack size 8 bytes, sysctl.o(.text), UNUSED)

<P><STRONG><a name="[157]"></a>SysCtlPeripheralClockGating</STRONG> (Thumb, 82 bytes, Stack size 0 bytes, sysctl.o(.text), UNUSED)

<P><STRONG><a name="[46]"></a>SysCtlIntRegister</STRONG> (Thumb, 20 bytes, Stack size 8 bytes, sysctl.o(.text), UNUSED)
<BR><BR>[Calls]<UL><LI><a href="#[14]">&gt;&gt;</a>&nbsp;&nbsp;&nbsp;IntRegister
<LI><a href="#[15]">&gt;&gt;</a>&nbsp;&nbsp;&nbsp;IntEnable
</UL>

<P><STRONG><a name="[47]"></a>SysCtlIntUnregister</STRONG> (Thumb, 16 bytes, Stack size 8 bytes, sysctl.o(.text), UNUSED)
<BR><BR>[Calls]<UL><LI><a href="#[18]">&gt;&gt;</a>&nbsp;&nbsp;&nbsp;IntUnregister
<LI><a href="#[17]">&gt;&gt;</a>&nbsp;&nbsp;&nbsp;IntDisable
</UL>

<P><STRONG><a name="[158]"></a>SysCtlIntEnable</STRONG> (Thumb, 12 bytes, Stack size 0 bytes, sysctl.o(.text), UNUSED)

<P><STRONG><a name="[159]"></a>SysCtlIntDisable</STRONG> (Thumb, 12 bytes, Stack size 0 bytes, sysctl.o(.text), UNUSED)

<P><STRONG><a name="[15a]"></a>SysCtlIntClear</STRONG> (Thumb, 6 bytes, Stack size 0 bytes, sysctl.o(.text), UNUSED)

<P><STRONG><a name="[15b]"></a>SysCtlIntStatus</STRONG> (Thumb, 16 bytes, Stack size 0 bytes, sysctl.o(.text), UNUSED)

<P><STRONG><a name="[15c]"></a>SysCtlLDOSleepSet</STRONG> (Thumb, 6 bytes, Stack size 0 bytes, sysctl.o(.text), UNUSED)

<P><STRONG><a name="[15d]"></a>SysCtlLDOSleepGet</STRONG> (Thumb, 6 bytes, Stack size 0 bytes, sysctl.o(.text), UNUSED)

<P><STRONG><a name="[15e]"></a>SysCtlLDODeepSleepSet</STRONG> (Thumb, 8 bytes, Stack size 0 bytes, sysctl.o(.text), UNUSED)

<P><STRONG><a name="[15f]"></a>SysCtlLDODeepSleepGet</STRONG> (Thumb, 60 bytes, Stack size 0 bytes, sysctl.o(.text), UNUSED)

<P><STRONG><a name="[160]"></a>SysCtlSleepPowerSet</STRONG> (Thumb, 6 bytes, Stack size 0 bytes, sysctl.o(.text), UNUSED)

<P><STRONG><a name="[161]"></a>SysCtlDeepSleepPowerSet</STRONG> (Thumb, 8 bytes, Stack size 0 bytes, sysctl.o(.text), UNUSED)

<P><STRONG><a name="[162]"></a>SysCtlReset</STRONG> (Thumb, 10 bytes, Stack size 0 bytes, sysctl.o(.text), UNUSED)

<P><STRONG><a name="[48]"></a>SysCtlSleep</STRONG> (Thumb, 8 bytes, Stack size 8 bytes, sysctl.o(.text), UNUSED)
<BR><BR>[Calls]<UL><LI><a href="#[49]">&gt;&gt;</a>&nbsp;&nbsp;&nbsp;CPUwfi
</UL>

<P><STRONG><a name="[4a]"></a>SysCtlDeepSleep</STRONG> (Thumb, 40 bytes, Stack size 8 bytes, sysctl.o(.text), UNUSED)
<BR><BR>[Calls]<UL><LI><a href="#[49]">&gt;&gt;</a>&nbsp;&nbsp;&nbsp;CPUwfi
</UL>

<P><STRONG><a name="[163]"></a>SysCtlResetCauseGet</STRONG> (Thumb, 6 bytes, Stack size 0 bytes, sysctl.o(.text), UNUSED)

<P><STRONG><a name="[164]"></a>SysCtlResetCauseClear</STRONG> (Thumb, 12 bytes, Stack size 0 bytes, sysctl.o(.text), UNUSED)

<P><STRONG><a name="[165]"></a>SysCtlMOSCConfigSet</STRONG> (Thumb, 6 bytes, Stack size 0 bytes, sysctl.o(.text), UNUSED)

<P><STRONG><a name="[166]"></a>SysCtlPIOSCCalibrate</STRONG> (Thumb, 82 bytes, Stack size 0 bytes, sysctl.o(.text), UNUSED)

<P><STRONG><a name="[167]"></a>SysCtlResetBehaviorSet</STRONG> (Thumb, 8 bytes, Stack size 0 bytes, sysctl.o(.text), UNUSED)

<P><STRONG><a name="[168]"></a>SysCtlResetBehaviorGet</STRONG> (Thumb, 8 bytes, Stack size 0 bytes, sysctl.o(.text), UNUSED)

<P><STRONG><a name="[4b]"></a>SysCtlClockFreqSet</STRONG> (Thumb, 646 bytes, Stack size 48 bytes, sysctl.o(.text), UNUSED)
<BR><BR>[Calls]<UL><LI><a href="#[4d]">&gt;&gt;</a>&nbsp;&nbsp;&nbsp;_SysCtlFrequencyGet
<LI><a href="#[4c]">&gt;&gt;</a>&nbsp;&nbsp;&nbsp;_SysCtlMemTimingGet
</UL>

<P><STRONG><a name="[4e]"></a>SysCtlClockSet</STRONG> (Thumb, 362 bytes, Stack size 24 bytes, sysctl.o(.text))
<BR><BR>[Stack]<UL><LI>Max Depth = 24<LI>Call Chain = SysCtlClockSet
</UL>
<BR>[Calls]<UL><LI><a href="#[11]">&gt;&gt;</a>&nbsp;&nbsp;&nbsp;SysCtlDelay
</UL>
<BR>[Called By]<UL><LI><a href="#[5]">&gt;&gt;</a>&nbsp;&nbsp;&nbsp;main
</UL>

<P><STRONG><a name="[9c]"></a>SysCtlClockGet</STRONG> (Thumb, 244 bytes, Stack size 16 bytes, sysctl.o(.text))
<BR><BR>[Stack]<UL><LI>Max Depth = 16<LI>Call Chain = SysCtlClockGet
</UL>
<BR>[Called By]<UL><LI><a href="#[c0]">&gt;&gt;</a>&nbsp;&nbsp;&nbsp;Timer_init
<LI><a href="#[ba]">&gt;&gt;</a>&nbsp;&nbsp;&nbsp;UART7_Init
<LI><a href="#[b9]">&gt;&gt;</a>&nbsp;&nbsp;&nbsp;UART6_Init
<LI><a href="#[b8]">&gt;&gt;</a>&nbsp;&nbsp;&nbsp;UART5_Init
<LI><a href="#[b7]">&gt;&gt;</a>&nbsp;&nbsp;&nbsp;UART4_Init
<LI><a href="#[b6]">&gt;&gt;</a>&nbsp;&nbsp;&nbsp;UART3_Init
<LI><a href="#[b5]">&gt;&gt;</a>&nbsp;&nbsp;&nbsp;UART2_Init
<LI><a href="#[b3]">&gt;&gt;</a>&nbsp;&nbsp;&nbsp;UART1_Init
<LI><a href="#[ad]">&gt;&gt;</a>&nbsp;&nbsp;&nbsp;UART0_Init
<LI><a href="#[a8]">&gt;&gt;</a>&nbsp;&nbsp;&nbsp;ROM_UART7_Init
<LI><a href="#[a6]">&gt;&gt;</a>&nbsp;&nbsp;&nbsp;ROM_UART6_Init
<LI><a href="#[a4]">&gt;&gt;</a>&nbsp;&nbsp;&nbsp;ROM_UART5_Init
<LI><a href="#[a2]">&gt;&gt;</a>&nbsp;&nbsp;&nbsp;ROM_UART4_Init
<LI><a href="#[a0]">&gt;&gt;</a>&nbsp;&nbsp;&nbsp;ROM_UART3_Init
<LI><a href="#[9f]">&gt;&gt;</a>&nbsp;&nbsp;&nbsp;ROM_UART2_Init
<LI><a href="#[9d]">&gt;&gt;</a>&nbsp;&nbsp;&nbsp;ROM_UART1_Init
<LI><a href="#[9b]">&gt;&gt;</a>&nbsp;&nbsp;&nbsp;ROM_UART0_Init
<LI><a href="#[f0]">&gt;&gt;</a>&nbsp;&nbsp;&nbsp;initTime
<LI><a href="#[d8]">&gt;&gt;</a>&nbsp;&nbsp;&nbsp;Encoder_Init
</UL>

<P><STRONG><a name="[169]"></a>SysCtlDeepSleepClockSet</STRONG> (Thumb, 8 bytes, Stack size 0 bytes, sysctl.o(.text), UNUSED)

<P><STRONG><a name="[4f]"></a>SysCtlDeepSleepClockConfigSet</STRONG> (Thumb, 140 bytes, Stack size 24 bytes, sysctl.o(.text), UNUSED)
<BR><BR>[Calls]<UL><LI><a href="#[4c]">&gt;&gt;</a>&nbsp;&nbsp;&nbsp;_SysCtlMemTimingGet
</UL>

<P><STRONG><a name="[c4]"></a>SysCtlPWMClockSet</STRONG> (Thumb, 16 bytes, Stack size 0 bytes, sysctl.o(.text))
<BR><BR>[Called By]<UL><LI><a href="#[c3]">&gt;&gt;</a>&nbsp;&nbsp;&nbsp;PWM_Init
</UL>

<P><STRONG><a name="[16a]"></a>SysCtlPWMClockGet</STRONG> (Thumb, 24 bytes, Stack size 0 bytes, sysctl.o(.text), UNUSED)

<P><STRONG><a name="[16b]"></a>SysCtlADCSpeedSet</STRONG> (Thumb, 36 bytes, Stack size 0 bytes, sysctl.o(.text), UNUSED)

<P><STRONG><a name="[16c]"></a>SysCtlADCSpeedGet</STRONG> (Thumb, 12 bytes, Stack size 0 bytes, sysctl.o(.text), UNUSED)

<P><STRONG><a name="[16d]"></a>SysCtlGPIOAHBEnable</STRONG> (Thumb, 20 bytes, Stack size 0 bytes, sysctl.o(.text), UNUSED)

<P><STRONG><a name="[16e]"></a>SysCtlGPIOAHBDisable</STRONG> (Thumb, 20 bytes, Stack size 0 bytes, sysctl.o(.text), UNUSED)

<P><STRONG><a name="[16f]"></a>SysCtlUSBPLLEnable</STRONG> (Thumb, 14 bytes, Stack size 0 bytes, sysctl.o(.text), UNUSED)

<P><STRONG><a name="[170]"></a>SysCtlUSBPLLDisable</STRONG> (Thumb, 14 bytes, Stack size 0 bytes, sysctl.o(.text), UNUSED)

<P><STRONG><a name="[171]"></a>SysCtlVoltageEventConfig</STRONG> (Thumb, 6 bytes, Stack size 0 bytes, sysctl.o(.text), UNUSED)

<P><STRONG><a name="[172]"></a>SysCtlVoltageEventStatus</STRONG> (Thumb, 6 bytes, Stack size 0 bytes, sysctl.o(.text), UNUSED)

<P><STRONG><a name="[173]"></a>SysCtlVoltageEventClear</STRONG> (Thumb, 12 bytes, Stack size 0 bytes, sysctl.o(.text), UNUSED)

<P><STRONG><a name="[174]"></a>SysCtlNMIStatus</STRONG> (Thumb, 6 bytes, Stack size 0 bytes, sysctl.o(.text), UNUSED)

<P><STRONG><a name="[175]"></a>SysCtlNMIClear</STRONG> (Thumb, 12 bytes, Stack size 0 bytes, sysctl.o(.text), UNUSED)

<P><STRONG><a name="[176]"></a>SysCtlClockOutConfig</STRONG> (Thumb, 14 bytes, Stack size 0 bytes, sysctl.o(.text), UNUSED)

<P><STRONG><a name="[177]"></a>SysCtlAltClkConfig</STRONG> (Thumb, 8 bytes, Stack size 0 bytes, sysctl.o(.text), UNUSED)

<P><STRONG><a name="[f9]"></a>SysTickEnable</STRONG> (Thumb, 18 bytes, Stack size 0 bytes, systick.o(.text))
<BR><BR>[Called By]<UL><LI><a href="#[f0]">&gt;&gt;</a>&nbsp;&nbsp;&nbsp;initTime
</UL>

<P><STRONG><a name="[178]"></a>SysTickDisable</STRONG> (Thumb, 18 bytes, Stack size 0 bytes, systick.o(.text), UNUSED)

<P><STRONG><a name="[50]"></a>SysTickIntRegister</STRONG> (Thumb, 30 bytes, Stack size 8 bytes, systick.o(.text))
<BR><BR>[Stack]<UL><LI>Max Depth = 20<LI>Call Chain = SysTickIntRegister &rArr; IntRegister
</UL>
<BR>[Calls]<UL><LI><a href="#[14]">&gt;&gt;</a>&nbsp;&nbsp;&nbsp;IntRegister
</UL>
<BR>[Called By]<UL><LI><a href="#[f0]">&gt;&gt;</a>&nbsp;&nbsp;&nbsp;initTime
</UL>

<P><STRONG><a name="[51]"></a>SysTickIntUnregister</STRONG> (Thumb, 26 bytes, Stack size 8 bytes, systick.o(.text), UNUSED)
<BR><BR>[Calls]<UL><LI><a href="#[18]">&gt;&gt;</a>&nbsp;&nbsp;&nbsp;IntUnregister
</UL>

<P><STRONG><a name="[f8]"></a>SysTickIntEnable</STRONG> (Thumb, 18 bytes, Stack size 0 bytes, systick.o(.text))
<BR><BR>[Called By]<UL><LI><a href="#[f0]">&gt;&gt;</a>&nbsp;&nbsp;&nbsp;initTime
</UL>

<P><STRONG><a name="[179]"></a>SysTickIntDisable</STRONG> (Thumb, 18 bytes, Stack size 0 bytes, systick.o(.text), UNUSED)

<P><STRONG><a name="[f7]"></a>SysTickPeriodSet</STRONG> (Thumb, 10 bytes, Stack size 0 bytes, systick.o(.text))
<BR><BR>[Called By]<UL><LI><a href="#[f0]">&gt;&gt;</a>&nbsp;&nbsp;&nbsp;initTime
</UL>

<P><STRONG><a name="[17a]"></a>SysTickPeriodGet</STRONG> (Thumb, 10 bytes, Stack size 0 bytes, systick.o(.text), UNUSED)

<P><STRONG><a name="[17b]"></a>SysTickValueGet</STRONG> (Thumb, 8 bytes, Stack size 0 bytes, systick.o(.text), UNUSED)

<P><STRONG><a name="[dc]"></a>TimerEnable</STRONG> (Thumb, 14 bytes, Stack size 0 bytes, timer.o(.text))
<BR><BR>[Called By]<UL><LI><a href="#[d8]">&gt;&gt;</a>&nbsp;&nbsp;&nbsp;Encoder_Init
</UL>

<P><STRONG><a name="[17c]"></a>TimerDisable</STRONG> (Thumb, 14 bytes, Stack size 0 bytes, timer.o(.text), UNUSED)

<P><STRONG><a name="[d9]"></a>TimerConfigure</STRONG> (Thumb, 84 bytes, Stack size 0 bytes, timer.o(.text))
<BR><BR>[Called By]<UL><LI><a href="#[d8]">&gt;&gt;</a>&nbsp;&nbsp;&nbsp;Encoder_Init
</UL>

<P><STRONG><a name="[17d]"></a>TimerControlLevel</STRONG> (Thumb, 22 bytes, Stack size 0 bytes, timer.o(.text), UNUSED)

<P><STRONG><a name="[17e]"></a>TimerControlTrigger</STRONG> (Thumb, 60 bytes, Stack size 8 bytes, timer.o(.text), UNUSED)

<P><STRONG><a name="[dd]"></a>TimerControlEvent</STRONG> (Thumb, 22 bytes, Stack size 8 bytes, timer.o(.text))
<BR><BR>[Stack]<UL><LI>Max Depth = 8<LI>Call Chain = TimerControlEvent
</UL>
<BR>[Called By]<UL><LI><a href="#[b]">&gt;&gt;</a>&nbsp;&nbsp;&nbsp;TIMER4_WID_IRQHandler
<LI><a href="#[a]">&gt;&gt;</a>&nbsp;&nbsp;&nbsp;TIMER3_WID_IRQHandler
<LI><a href="#[d8]">&gt;&gt;</a>&nbsp;&nbsp;&nbsp;Encoder_Init
</UL>

<P><STRONG><a name="[17f]"></a>TimerControlStall</STRONG> (Thumb, 22 bytes, Stack size 0 bytes, timer.o(.text), UNUSED)

<P><STRONG><a name="[180]"></a>TimerControlWaitOnTrigger</STRONG> (Thumb, 52 bytes, Stack size 0 bytes, timer.o(.text), UNUSED)

<P><STRONG><a name="[181]"></a>TimerRTCEnable</STRONG> (Thumb, 10 bytes, Stack size 0 bytes, timer.o(.text), UNUSED)

<P><STRONG><a name="[182]"></a>TimerRTCDisable</STRONG> (Thumb, 10 bytes, Stack size 0 bytes, timer.o(.text), UNUSED)

<P><STRONG><a name="[183]"></a>TimerClockSourceSet</STRONG> (Thumb, 6 bytes, Stack size 0 bytes, timer.o(.text), UNUSED)

<P><STRONG><a name="[184]"></a>TimerClockSourceGet</STRONG> (Thumb, 8 bytes, Stack size 0 bytes, timer.o(.text), UNUSED)

<P><STRONG><a name="[185]"></a>TimerPrescaleSet</STRONG> (Thumb, 16 bytes, Stack size 0 bytes, timer.o(.text), UNUSED)

<P><STRONG><a name="[186]"></a>TimerPrescaleGet</STRONG> (Thumb, 14 bytes, Stack size 0 bytes, timer.o(.text), UNUSED)

<P><STRONG><a name="[187]"></a>TimerPrescaleMatchSet</STRONG> (Thumb, 16 bytes, Stack size 0 bytes, timer.o(.text), UNUSED)

<P><STRONG><a name="[188]"></a>TimerPrescaleMatchGet</STRONG> (Thumb, 14 bytes, Stack size 0 bytes, timer.o(.text), UNUSED)

<P><STRONG><a name="[189]"></a>TimerLoadSet</STRONG> (Thumb, 16 bytes, Stack size 0 bytes, timer.o(.text), UNUSED)

<P><STRONG><a name="[18a]"></a>TimerLoadGet</STRONG> (Thumb, 14 bytes, Stack size 0 bytes, timer.o(.text), UNUSED)

<P><STRONG><a name="[da]"></a>TimerLoadSet64</STRONG> (Thumb, 6 bytes, Stack size 0 bytes, timer.o(.text))
<BR><BR>[Called By]<UL><LI><a href="#[d8]">&gt;&gt;</a>&nbsp;&nbsp;&nbsp;Encoder_Init
</UL>

<P><STRONG><a name="[18b]"></a>TimerLoadGet64</STRONG> (Thumb, 26 bytes, Stack size 12 bytes, timer.o(.text), UNUSED)

<P><STRONG><a name="[f6]"></a>TimerValueGet</STRONG> (Thumb, 14 bytes, Stack size 0 bytes, timer.o(.text))
<BR><BR>[Called By]<UL><LI><a href="#[b]">&gt;&gt;</a>&nbsp;&nbsp;&nbsp;TIMER4_WID_IRQHandler
<LI><a href="#[a]">&gt;&gt;</a>&nbsp;&nbsp;&nbsp;TIMER3_WID_IRQHandler
</UL>

<P><STRONG><a name="[18c]"></a>TimerValueGet64</STRONG> (Thumb, 26 bytes, Stack size 12 bytes, timer.o(.text), UNUSED)

<P><STRONG><a name="[18d]"></a>TimerMatchSet</STRONG> (Thumb, 16 bytes, Stack size 0 bytes, timer.o(.text), UNUSED)

<P><STRONG><a name="[18e]"></a>TimerMatchGet</STRONG> (Thumb, 14 bytes, Stack size 0 bytes, timer.o(.text), UNUSED)

<P><STRONG><a name="[18f]"></a>TimerMatchSet64</STRONG> (Thumb, 6 bytes, Stack size 0 bytes, timer.o(.text), UNUSED)

<P><STRONG><a name="[190]"></a>TimerMatchGet64</STRONG> (Thumb, 26 bytes, Stack size 12 bytes, timer.o(.text), UNUSED)

<P><STRONG><a name="[52]"></a>TimerIntRegister</STRONG> (Thumb, 38 bytes, Stack size 24 bytes, timer.o(.text))
<BR><BR>[Stack]<UL><LI>Max Depth = 44<LI>Call Chain = TimerIntRegister &rArr; _TimerIntNumberGet
</UL>
<BR>[Calls]<UL><LI><a href="#[14]">&gt;&gt;</a>&nbsp;&nbsp;&nbsp;IntRegister
<LI><a href="#[15]">&gt;&gt;</a>&nbsp;&nbsp;&nbsp;IntEnable
<LI><a href="#[53]">&gt;&gt;</a>&nbsp;&nbsp;&nbsp;_TimerIntNumberGet
</UL>
<BR>[Called By]<UL><LI><a href="#[c0]">&gt;&gt;</a>&nbsp;&nbsp;&nbsp;Timer_init
<LI><a href="#[d8]">&gt;&gt;</a>&nbsp;&nbsp;&nbsp;Encoder_Init
</UL>

<P><STRONG><a name="[54]"></a>TimerIntUnregister</STRONG> (Thumb, 30 bytes, Stack size 16 bytes, timer.o(.text), UNUSED)
<BR><BR>[Calls]<UL><LI><a href="#[18]">&gt;&gt;</a>&nbsp;&nbsp;&nbsp;IntUnregister
<LI><a href="#[17]">&gt;&gt;</a>&nbsp;&nbsp;&nbsp;IntDisable
<LI><a href="#[53]">&gt;&gt;</a>&nbsp;&nbsp;&nbsp;_TimerIntNumberGet
</UL>

<P><STRONG><a name="[db]"></a>TimerIntEnable</STRONG> (Thumb, 8 bytes, Stack size 0 bytes, timer.o(.text))
<BR><BR>[Called By]<UL><LI><a href="#[d8]">&gt;&gt;</a>&nbsp;&nbsp;&nbsp;Encoder_Init
</UL>

<P><STRONG><a name="[191]"></a>TimerIntDisable</STRONG> (Thumb, 8 bytes, Stack size 0 bytes, timer.o(.text), UNUSED)

<P><STRONG><a name="[f4]"></a>TimerIntStatus</STRONG> (Thumb, 12 bytes, Stack size 0 bytes, timer.o(.text))
<BR><BR>[Called By]<UL><LI><a href="#[b]">&gt;&gt;</a>&nbsp;&nbsp;&nbsp;TIMER4_WID_IRQHandler
<LI><a href="#[a]">&gt;&gt;</a>&nbsp;&nbsp;&nbsp;TIMER3_WID_IRQHandler
</UL>

<P><STRONG><a name="[f5]"></a>TimerIntClear</STRONG> (Thumb, 4 bytes, Stack size 0 bytes, timer.o(.text))
<BR><BR>[Called By]<UL><LI><a href="#[b]">&gt;&gt;</a>&nbsp;&nbsp;&nbsp;TIMER4_WID_IRQHandler
<LI><a href="#[a]">&gt;&gt;</a>&nbsp;&nbsp;&nbsp;TIMER3_WID_IRQHandler
</UL>

<P><STRONG><a name="[192]"></a>TimerSynchronize</STRONG> (Thumb, 4 bytes, Stack size 0 bytes, timer.o(.text), UNUSED)

<P><STRONG><a name="[193]"></a>TimerADCEventSet</STRONG> (Thumb, 4 bytes, Stack size 0 bytes, timer.o(.text), UNUSED)

<P><STRONG><a name="[194]"></a>TimerADCEventGet</STRONG> (Thumb, 6 bytes, Stack size 0 bytes, timer.o(.text), UNUSED)

<P><STRONG><a name="[195]"></a>TimerDMAEventSet</STRONG> (Thumb, 4 bytes, Stack size 0 bytes, timer.o(.text), UNUSED)

<P><STRONG><a name="[196]"></a>TimerDMAEventGet</STRONG> (Thumb, 6 bytes, Stack size 0 bytes, timer.o(.text), UNUSED)

<P><STRONG><a name="[197]"></a>UARTParityModeSet</STRONG> (Thumb, 12 bytes, Stack size 0 bytes, uart.o(.text), UNUSED)

<P><STRONG><a name="[198]"></a>UARTParityModeGet</STRONG> (Thumb, 10 bytes, Stack size 0 bytes, uart.o(.text), UNUSED)

<P><STRONG><a name="[199]"></a>UARTFIFOLevelSet</STRONG> (Thumb, 8 bytes, Stack size 0 bytes, uart.o(.text), UNUSED)

<P><STRONG><a name="[19a]"></a>UARTFIFOLevelGet</STRONG> (Thumb, 18 bytes, Stack size 8 bytes, uart.o(.text), UNUSED)

<P><STRONG><a name="[57]"></a>UARTEnable</STRONG> (Thumb, 20 bytes, Stack size 0 bytes, uart.o(.text), UNUSED)
<BR><BR>[Called By]<UL><LI><a href="#[55]">&gt;&gt;</a>&nbsp;&nbsp;&nbsp;UARTConfigSetExpClk
</UL>

<P><STRONG><a name="[56]"></a>UARTDisable</STRONG> (Thumb, 32 bytes, Stack size 0 bytes, uart.o(.text), UNUSED)
<BR><BR>[Called By]<UL><LI><a href="#[55]">&gt;&gt;</a>&nbsp;&nbsp;&nbsp;UARTConfigSetExpClk
</UL>

<P><STRONG><a name="[55]"></a>UARTConfigSetExpClk</STRONG> (Thumb, 76 bytes, Stack size 20 bytes, uart.o(.text), UNUSED)
<BR><BR>[Calls]<UL><LI><a href="#[56]">&gt;&gt;</a>&nbsp;&nbsp;&nbsp;UARTDisable
<LI><a href="#[57]">&gt;&gt;</a>&nbsp;&nbsp;&nbsp;UARTEnable
</UL>
<BR>[Called By]<UL><LI><a href="#[ba]">&gt;&gt;</a>&nbsp;&nbsp;&nbsp;UART7_Init
<LI><a href="#[b9]">&gt;&gt;</a>&nbsp;&nbsp;&nbsp;UART6_Init
<LI><a href="#[b8]">&gt;&gt;</a>&nbsp;&nbsp;&nbsp;UART5_Init
<LI><a href="#[b7]">&gt;&gt;</a>&nbsp;&nbsp;&nbsp;UART4_Init
<LI><a href="#[b6]">&gt;&gt;</a>&nbsp;&nbsp;&nbsp;UART3_Init
<LI><a href="#[b5]">&gt;&gt;</a>&nbsp;&nbsp;&nbsp;UART2_Init
<LI><a href="#[b3]">&gt;&gt;</a>&nbsp;&nbsp;&nbsp;UART1_Init
<LI><a href="#[ad]">&gt;&gt;</a>&nbsp;&nbsp;&nbsp;UART0_Init
</UL>

<P><STRONG><a name="[19b]"></a>UARTConfigGetExpClk</STRONG> (Thumb, 44 bytes, Stack size 20 bytes, uart.o(.text), UNUSED)

<P><STRONG><a name="[19c]"></a>UARTFIFOEnable</STRONG> (Thumb, 10 bytes, Stack size 0 bytes, uart.o(.text), UNUSED)

<P><STRONG><a name="[af]"></a>UARTFIFODisable</STRONG> (Thumb, 10 bytes, Stack size 0 bytes, uart.o(.text), UNUSED)
<BR><BR>[Called By]<UL><LI><a href="#[ba]">&gt;&gt;</a>&nbsp;&nbsp;&nbsp;UART7_Init
<LI><a href="#[b9]">&gt;&gt;</a>&nbsp;&nbsp;&nbsp;UART6_Init
<LI><a href="#[b8]">&gt;&gt;</a>&nbsp;&nbsp;&nbsp;UART5_Init
<LI><a href="#[b7]">&gt;&gt;</a>&nbsp;&nbsp;&nbsp;UART4_Init
<LI><a href="#[b6]">&gt;&gt;</a>&nbsp;&nbsp;&nbsp;UART3_Init
<LI><a href="#[b5]">&gt;&gt;</a>&nbsp;&nbsp;&nbsp;UART2_Init
<LI><a href="#[b3]">&gt;&gt;</a>&nbsp;&nbsp;&nbsp;UART1_Init
<LI><a href="#[ad]">&gt;&gt;</a>&nbsp;&nbsp;&nbsp;UART0_Init
</UL>

<P><STRONG><a name="[19d]"></a>UARTEnableSIR</STRONG> (Thumb, 22 bytes, Stack size 0 bytes, uart.o(.text), UNUSED)

<P><STRONG><a name="[19e]"></a>UARTDisableSIR</STRONG> (Thumb, 10 bytes, Stack size 0 bytes, uart.o(.text), UNUSED)

<P><STRONG><a name="[19f]"></a>UARTSmartCardEnable</STRONG> (Thumb, 22 bytes, Stack size 0 bytes, uart.o(.text), UNUSED)

<P><STRONG><a name="[1a0]"></a>UARTSmartCardDisable</STRONG> (Thumb, 10 bytes, Stack size 0 bytes, uart.o(.text), UNUSED)

<P><STRONG><a name="[1a1]"></a>UARTModemControlSet</STRONG> (Thumb, 12 bytes, Stack size 0 bytes, uart.o(.text), UNUSED)

<P><STRONG><a name="[1a2]"></a>UARTModemControlClear</STRONG> (Thumb, 12 bytes, Stack size 0 bytes, uart.o(.text), UNUSED)

<P><STRONG><a name="[1a3]"></a>UARTModemControlGet</STRONG> (Thumb, 10 bytes, Stack size 0 bytes, uart.o(.text), UNUSED)

<P><STRONG><a name="[1a4]"></a>UARTModemStatusGet</STRONG> (Thumb, 12 bytes, Stack size 0 bytes, uart.o(.text), UNUSED)

<P><STRONG><a name="[1a5]"></a>UARTFlowControlSet</STRONG> (Thumb, 12 bytes, Stack size 0 bytes, uart.o(.text), UNUSED)

<P><STRONG><a name="[1a6]"></a>UARTFlowControlGet</STRONG> (Thumb, 10 bytes, Stack size 0 bytes, uart.o(.text), UNUSED)

<P><STRONG><a name="[1a7]"></a>UARTTxIntModeSet</STRONG> (Thumb, 12 bytes, Stack size 0 bytes, uart.o(.text), UNUSED)

<P><STRONG><a name="[1a8]"></a>UARTTxIntModeGet</STRONG> (Thumb, 10 bytes, Stack size 0 bytes, uart.o(.text), UNUSED)

<P><STRONG><a name="[ab]"></a>UARTCharsAvail</STRONG> (Thumb, 12 bytes, Stack size 0 bytes, uart.o(.text))
<BR><BR>[Called By]<UL><LI><a href="#[bf]">&gt;&gt;</a>&nbsp;&nbsp;&nbsp;UART7IntHandler
<LI><a href="#[be]">&gt;&gt;</a>&nbsp;&nbsp;&nbsp;UART6IntHandler
<LI><a href="#[bd]">&gt;&gt;</a>&nbsp;&nbsp;&nbsp;UART5IntHandler
<LI><a href="#[bc]">&gt;&gt;</a>&nbsp;&nbsp;&nbsp;UART4IntHandler
<LI><a href="#[bb]">&gt;&gt;</a>&nbsp;&nbsp;&nbsp;UART3IntHandler
<LI><a href="#[b4]">&gt;&gt;</a>&nbsp;&nbsp;&nbsp;UART2IntHandler
<LI><a href="#[b2]">&gt;&gt;</a>&nbsp;&nbsp;&nbsp;UART1IntHandler
<LI><a href="#[a9]">&gt;&gt;</a>&nbsp;&nbsp;&nbsp;UART0IntHandler
</UL>

<P><STRONG><a name="[1a9]"></a>UARTSpaceAvail</STRONG> (Thumb, 12 bytes, Stack size 0 bytes, uart.o(.text), UNUSED)

<P><STRONG><a name="[ac]"></a>UARTCharGetNonBlocking</STRONG> (Thumb, 20 bytes, Stack size 0 bytes, uart.o(.text))
<BR><BR>[Called By]<UL><LI><a href="#[bf]">&gt;&gt;</a>&nbsp;&nbsp;&nbsp;UART7IntHandler
<LI><a href="#[be]">&gt;&gt;</a>&nbsp;&nbsp;&nbsp;UART6IntHandler
<LI><a href="#[bd]">&gt;&gt;</a>&nbsp;&nbsp;&nbsp;UART5IntHandler
<LI><a href="#[bc]">&gt;&gt;</a>&nbsp;&nbsp;&nbsp;UART4IntHandler
<LI><a href="#[bb]">&gt;&gt;</a>&nbsp;&nbsp;&nbsp;UART3IntHandler
<LI><a href="#[b4]">&gt;&gt;</a>&nbsp;&nbsp;&nbsp;UART2IntHandler
<LI><a href="#[b2]">&gt;&gt;</a>&nbsp;&nbsp;&nbsp;UART1IntHandler
<LI><a href="#[a9]">&gt;&gt;</a>&nbsp;&nbsp;&nbsp;UART0IntHandler
</UL>

<P><STRONG><a name="[93]"></a>UARTCharGet</STRONG> (Thumb, 18 bytes, Stack size 0 bytes, uart.o(.text), UNUSED)
<BR><BR>[Called By]<UL><LI><a href="#[92]">&gt;&gt;</a>&nbsp;&nbsp;&nbsp;fgetc
</UL>

<P><STRONG><a name="[1aa]"></a>UARTCharPutNonBlocking</STRONG> (Thumb, 20 bytes, Stack size 0 bytes, uart.o(.text), UNUSED)

<P><STRONG><a name="[91]"></a>UARTCharPut</STRONG> (Thumb, 16 bytes, Stack size 0 bytes, uart.o(.text), UNUSED)
<BR><BR>[Called By]<UL><LI><a href="#[94]">&gt;&gt;</a>&nbsp;&nbsp;&nbsp;Serial_SendByte
<LI><a href="#[90]">&gt;&gt;</a>&nbsp;&nbsp;&nbsp;fputc
</UL>

<P><STRONG><a name="[1ab]"></a>UARTBreakCtl</STRONG> (Thumb, 20 bytes, Stack size 0 bytes, uart.o(.text), UNUSED)

<P><STRONG><a name="[1ac]"></a>UARTBusy</STRONG> (Thumb, 10 bytes, Stack size 0 bytes, uart.o(.text), UNUSED)

<P><STRONG><a name="[58]"></a>UARTIntRegister</STRONG> (Thumb, 30 bytes, Stack size 16 bytes, uart.o(.text))
<BR><BR>[Stack]<UL><LI>Max Depth = 28<LI>Call Chain = UARTIntRegister &rArr; IntRegister
</UL>
<BR>[Calls]<UL><LI><a href="#[14]">&gt;&gt;</a>&nbsp;&nbsp;&nbsp;IntRegister
<LI><a href="#[15]">&gt;&gt;</a>&nbsp;&nbsp;&nbsp;IntEnable
<LI><a href="#[59]">&gt;&gt;</a>&nbsp;&nbsp;&nbsp;_UARTIntNumberGet
</UL>
<BR>[Called By]<UL><LI><a href="#[ba]">&gt;&gt;</a>&nbsp;&nbsp;&nbsp;UART7_Init
<LI><a href="#[b9]">&gt;&gt;</a>&nbsp;&nbsp;&nbsp;UART6_Init
<LI><a href="#[b8]">&gt;&gt;</a>&nbsp;&nbsp;&nbsp;UART5_Init
<LI><a href="#[b7]">&gt;&gt;</a>&nbsp;&nbsp;&nbsp;UART4_Init
<LI><a href="#[b6]">&gt;&gt;</a>&nbsp;&nbsp;&nbsp;UART3_Init
<LI><a href="#[b5]">&gt;&gt;</a>&nbsp;&nbsp;&nbsp;UART2_Init
<LI><a href="#[b3]">&gt;&gt;</a>&nbsp;&nbsp;&nbsp;UART1_Init
<LI><a href="#[ad]">&gt;&gt;</a>&nbsp;&nbsp;&nbsp;UART0_Init
<LI><a href="#[a8]">&gt;&gt;</a>&nbsp;&nbsp;&nbsp;ROM_UART7_Init
<LI><a href="#[a6]">&gt;&gt;</a>&nbsp;&nbsp;&nbsp;ROM_UART6_Init
<LI><a href="#[a4]">&gt;&gt;</a>&nbsp;&nbsp;&nbsp;ROM_UART5_Init
<LI><a href="#[a2]">&gt;&gt;</a>&nbsp;&nbsp;&nbsp;ROM_UART4_Init
<LI><a href="#[a0]">&gt;&gt;</a>&nbsp;&nbsp;&nbsp;ROM_UART3_Init
<LI><a href="#[9f]">&gt;&gt;</a>&nbsp;&nbsp;&nbsp;ROM_UART2_Init
<LI><a href="#[9d]">&gt;&gt;</a>&nbsp;&nbsp;&nbsp;ROM_UART1_Init
<LI><a href="#[9b]">&gt;&gt;</a>&nbsp;&nbsp;&nbsp;ROM_UART0_Init
</UL>

<P><STRONG><a name="[5a]"></a>UARTIntUnregister</STRONG> (Thumb, 26 bytes, Stack size 16 bytes, uart.o(.text), UNUSED)
<BR><BR>[Calls]<UL><LI><a href="#[18]">&gt;&gt;</a>&nbsp;&nbsp;&nbsp;IntUnregister
<LI><a href="#[17]">&gt;&gt;</a>&nbsp;&nbsp;&nbsp;IntDisable
<LI><a href="#[59]">&gt;&gt;</a>&nbsp;&nbsp;&nbsp;_UARTIntNumberGet
</UL>

<P><STRONG><a name="[b0]"></a>UARTIntEnable</STRONG> (Thumb, 8 bytes, Stack size 0 bytes, uart.o(.text), UNUSED)
<BR><BR>[Called By]<UL><LI><a href="#[ba]">&gt;&gt;</a>&nbsp;&nbsp;&nbsp;UART7_Init
<LI><a href="#[b9]">&gt;&gt;</a>&nbsp;&nbsp;&nbsp;UART6_Init
<LI><a href="#[b8]">&gt;&gt;</a>&nbsp;&nbsp;&nbsp;UART5_Init
<LI><a href="#[b7]">&gt;&gt;</a>&nbsp;&nbsp;&nbsp;UART4_Init
<LI><a href="#[b6]">&gt;&gt;</a>&nbsp;&nbsp;&nbsp;UART3_Init
<LI><a href="#[b5]">&gt;&gt;</a>&nbsp;&nbsp;&nbsp;UART2_Init
<LI><a href="#[b3]">&gt;&gt;</a>&nbsp;&nbsp;&nbsp;UART1_Init
<LI><a href="#[ad]">&gt;&gt;</a>&nbsp;&nbsp;&nbsp;UART0_Init
</UL>

<P><STRONG><a name="[1ad]"></a>UARTIntDisable</STRONG> (Thumb, 8 bytes, Stack size 0 bytes, uart.o(.text), UNUSED)

<P><STRONG><a name="[9a]"></a>UARTIntStatus</STRONG> (Thumb, 12 bytes, Stack size 0 bytes, uart.o(.text))
<BR><BR>[Called By]<UL><LI><a href="#[8]">&gt;&gt;</a>&nbsp;&nbsp;&nbsp;ROM_UART3IntHandler
<LI><a href="#[7]">&gt;&gt;</a>&nbsp;&nbsp;&nbsp;ROM_UART1IntHandler
<LI><a href="#[bf]">&gt;&gt;</a>&nbsp;&nbsp;&nbsp;UART7IntHandler
<LI><a href="#[be]">&gt;&gt;</a>&nbsp;&nbsp;&nbsp;UART6IntHandler
<LI><a href="#[bd]">&gt;&gt;</a>&nbsp;&nbsp;&nbsp;UART5IntHandler
<LI><a href="#[bc]">&gt;&gt;</a>&nbsp;&nbsp;&nbsp;UART4IntHandler
<LI><a href="#[bb]">&gt;&gt;</a>&nbsp;&nbsp;&nbsp;UART3IntHandler
<LI><a href="#[b4]">&gt;&gt;</a>&nbsp;&nbsp;&nbsp;UART2IntHandler
<LI><a href="#[b2]">&gt;&gt;</a>&nbsp;&nbsp;&nbsp;UART1IntHandler
<LI><a href="#[a9]">&gt;&gt;</a>&nbsp;&nbsp;&nbsp;UART0IntHandler
<LI><a href="#[a7]">&gt;&gt;</a>&nbsp;&nbsp;&nbsp;ROM_UART7IntHandler
<LI><a href="#[a5]">&gt;&gt;</a>&nbsp;&nbsp;&nbsp;ROM_UART6IntHandler
<LI><a href="#[a3]">&gt;&gt;</a>&nbsp;&nbsp;&nbsp;ROM_UART5IntHandler
<LI><a href="#[a1]">&gt;&gt;</a>&nbsp;&nbsp;&nbsp;ROM_UART4IntHandler
<LI><a href="#[9e]">&gt;&gt;</a>&nbsp;&nbsp;&nbsp;ROM_UART2IntHandler
<LI><a href="#[99]">&gt;&gt;</a>&nbsp;&nbsp;&nbsp;ROM_UART0IntHandler
</UL>

<P><STRONG><a name="[aa]"></a>UARTIntClear</STRONG> (Thumb, 4 bytes, Stack size 0 bytes, uart.o(.text))
<BR><BR>[Called By]<UL><LI><a href="#[bf]">&gt;&gt;</a>&nbsp;&nbsp;&nbsp;UART7IntHandler
<LI><a href="#[be]">&gt;&gt;</a>&nbsp;&nbsp;&nbsp;UART6IntHandler
<LI><a href="#[bd]">&gt;&gt;</a>&nbsp;&nbsp;&nbsp;UART5IntHandler
<LI><a href="#[bc]">&gt;&gt;</a>&nbsp;&nbsp;&nbsp;UART4IntHandler
<LI><a href="#[bb]">&gt;&gt;</a>&nbsp;&nbsp;&nbsp;UART3IntHandler
<LI><a href="#[b4]">&gt;&gt;</a>&nbsp;&nbsp;&nbsp;UART2IntHandler
<LI><a href="#[b2]">&gt;&gt;</a>&nbsp;&nbsp;&nbsp;UART1IntHandler
<LI><a href="#[a9]">&gt;&gt;</a>&nbsp;&nbsp;&nbsp;UART0IntHandler
</UL>

<P><STRONG><a name="[1ae]"></a>UARTDMAEnable</STRONG> (Thumb, 8 bytes, Stack size 0 bytes, uart.o(.text), UNUSED)

<P><STRONG><a name="[1af]"></a>UARTDMADisable</STRONG> (Thumb, 8 bytes, Stack size 0 bytes, uart.o(.text), UNUSED)

<P><STRONG><a name="[1b0]"></a>UARTRxErrorGet</STRONG> (Thumb, 10 bytes, Stack size 0 bytes, uart.o(.text), UNUSED)

<P><STRONG><a name="[1b1]"></a>UARTRxErrorClear</STRONG> (Thumb, 6 bytes, Stack size 0 bytes, uart.o(.text), UNUSED)

<P><STRONG><a name="[1b2]"></a>UARTClockSourceSet</STRONG> (Thumb, 6 bytes, Stack size 0 bytes, uart.o(.text), UNUSED)

<P><STRONG><a name="[1b3]"></a>UARTClockSourceGet</STRONG> (Thumb, 8 bytes, Stack size 0 bytes, uart.o(.text), UNUSED)

<P><STRONG><a name="[1b4]"></a>UART9BitEnable</STRONG> (Thumb, 14 bytes, Stack size 0 bytes, uart.o(.text), UNUSED)

<P><STRONG><a name="[1b5]"></a>UART9BitDisable</STRONG> (Thumb, 14 bytes, Stack size 0 bytes, uart.o(.text), UNUSED)

<P><STRONG><a name="[1b6]"></a>UART9BitAddrSet</STRONG> (Thumb, 10 bytes, Stack size 0 bytes, uart.o(.text), UNUSED)

<P><STRONG><a name="[1b7]"></a>UART9BitAddrSend</STRONG> (Thumb, 44 bytes, Stack size 0 bytes, uart.o(.text), UNUSED)

<P><STRONG><a name="[5b]"></a>LED_GPIO_Config</STRONG> (Thumb, 18 bytes, Stack size 8 bytes, led.o(.text))
<BR><BR>[Stack]<UL><LI>Max Depth = 40<LI>Call Chain = LED_GPIO_Config &rArr; GPIOPinTypeGPIOOutput &rArr; GPIOPadConfigSet
</UL>
<BR>[Calls]<UL><LI><a href="#[23]">&gt;&gt;</a>&nbsp;&nbsp;&nbsp;GPIOPinTypeGPIOOutput
<LI><a href="#[5c]">&gt;&gt;</a>&nbsp;&nbsp;&nbsp;SysCtlPeripheralEnable
</UL>
<BR>[Called By]<UL><LI><a href="#[5]">&gt;&gt;</a>&nbsp;&nbsp;&nbsp;main
</UL>

<P><STRONG><a name="[5d]"></a>OLED_W_SCL</STRONG> (Thumb, 36 bytes, Stack size 8 bytes, oled.o(.text))
<BR><BR>[Stack]<UL><LI>Max Depth = 8<LI>Call Chain = OLED_W_SCL
</UL>
<BR>[Calls]<UL><LI><a href="#[5e]">&gt;&gt;</a>&nbsp;&nbsp;&nbsp;GPIOPinWrite
</UL>
<BR>[Called By]<UL><LI><a href="#[63]">&gt;&gt;</a>&nbsp;&nbsp;&nbsp;OLED_I2C_SendByte
<LI><a href="#[62]">&gt;&gt;</a>&nbsp;&nbsp;&nbsp;OLED_I2C_Stop
<LI><a href="#[61]">&gt;&gt;</a>&nbsp;&nbsp;&nbsp;OLED_I2C_Start
<LI><a href="#[60]">&gt;&gt;</a>&nbsp;&nbsp;&nbsp;OLED_GPIO_Init
</UL>

<P><STRONG><a name="[5f]"></a>OLED_W_SDA</STRONG> (Thumb, 36 bytes, Stack size 8 bytes, oled.o(.text))
<BR><BR>[Stack]<UL><LI>Max Depth = 8<LI>Call Chain = OLED_W_SDA
</UL>
<BR>[Calls]<UL><LI><a href="#[5e]">&gt;&gt;</a>&nbsp;&nbsp;&nbsp;GPIOPinWrite
</UL>
<BR>[Called By]<UL><LI><a href="#[63]">&gt;&gt;</a>&nbsp;&nbsp;&nbsp;OLED_I2C_SendByte
<LI><a href="#[62]">&gt;&gt;</a>&nbsp;&nbsp;&nbsp;OLED_I2C_Stop
<LI><a href="#[61]">&gt;&gt;</a>&nbsp;&nbsp;&nbsp;OLED_I2C_Start
<LI><a href="#[60]">&gt;&gt;</a>&nbsp;&nbsp;&nbsp;OLED_GPIO_Init
</UL>

<P><STRONG><a name="[60]"></a>OLED_GPIO_Init</STRONG> (Thumb, 66 bytes, Stack size 16 bytes, oled.o(.text))
<BR><BR>[Stack]<UL><LI>Max Depth = 48<LI>Call Chain = OLED_GPIO_Init &rArr; GPIOPinTypeGPIOOutput &rArr; GPIOPadConfigSet
</UL>
<BR>[Calls]<UL><LI><a href="#[23]">&gt;&gt;</a>&nbsp;&nbsp;&nbsp;GPIOPinTypeGPIOOutput
<LI><a href="#[5f]">&gt;&gt;</a>&nbsp;&nbsp;&nbsp;OLED_W_SDA
<LI><a href="#[5d]">&gt;&gt;</a>&nbsp;&nbsp;&nbsp;OLED_W_SCL
<LI><a href="#[5c]">&gt;&gt;</a>&nbsp;&nbsp;&nbsp;SysCtlPeripheralEnable
</UL>
<BR>[Called By]<UL><LI><a href="#[68]">&gt;&gt;</a>&nbsp;&nbsp;&nbsp;OLED_Init
</UL>

<P><STRONG><a name="[61]"></a>OLED_I2C_Start</STRONG> (Thumb, 28 bytes, Stack size 8 bytes, oled.o(.text))
<BR><BR>[Stack]<UL><LI>Max Depth = 16<LI>Call Chain = OLED_I2C_Start &rArr; OLED_W_SDA
</UL>
<BR>[Calls]<UL><LI><a href="#[5f]">&gt;&gt;</a>&nbsp;&nbsp;&nbsp;OLED_W_SDA
<LI><a href="#[5d]">&gt;&gt;</a>&nbsp;&nbsp;&nbsp;OLED_W_SCL
</UL>
<BR>[Called By]<UL><LI><a href="#[65]">&gt;&gt;</a>&nbsp;&nbsp;&nbsp;OLED_WriteData
<LI><a href="#[64]">&gt;&gt;</a>&nbsp;&nbsp;&nbsp;OLED_WriteCommand
</UL>

<P><STRONG><a name="[62]"></a>OLED_I2C_Stop</STRONG> (Thumb, 22 bytes, Stack size 8 bytes, oled.o(.text))
<BR><BR>[Stack]<UL><LI>Max Depth = 16<LI>Call Chain = OLED_I2C_Stop &rArr; OLED_W_SDA
</UL>
<BR>[Calls]<UL><LI><a href="#[5f]">&gt;&gt;</a>&nbsp;&nbsp;&nbsp;OLED_W_SDA
<LI><a href="#[5d]">&gt;&gt;</a>&nbsp;&nbsp;&nbsp;OLED_W_SCL
</UL>
<BR>[Called By]<UL><LI><a href="#[65]">&gt;&gt;</a>&nbsp;&nbsp;&nbsp;OLED_WriteData
<LI><a href="#[64]">&gt;&gt;</a>&nbsp;&nbsp;&nbsp;OLED_WriteCommand
</UL>

<P><STRONG><a name="[63]"></a>OLED_I2C_SendByte</STRONG> (Thumb, 62 bytes, Stack size 16 bytes, oled.o(.text))
<BR><BR>[Stack]<UL><LI>Max Depth = 24<LI>Call Chain = OLED_I2C_SendByte &rArr; OLED_W_SDA
</UL>
<BR>[Calls]<UL><LI><a href="#[5f]">&gt;&gt;</a>&nbsp;&nbsp;&nbsp;OLED_W_SDA
<LI><a href="#[5d]">&gt;&gt;</a>&nbsp;&nbsp;&nbsp;OLED_W_SCL
</UL>
<BR>[Called By]<UL><LI><a href="#[65]">&gt;&gt;</a>&nbsp;&nbsp;&nbsp;OLED_WriteData
<LI><a href="#[64]">&gt;&gt;</a>&nbsp;&nbsp;&nbsp;OLED_WriteCommand
</UL>

<P><STRONG><a name="[64]"></a>OLED_WriteCommand</STRONG> (Thumb, 32 bytes, Stack size 8 bytes, oled.o(.text))
<BR><BR>[Stack]<UL><LI>Max Depth = 32<LI>Call Chain = OLED_WriteCommand &rArr; OLED_I2C_SendByte &rArr; OLED_W_SDA
</UL>
<BR>[Calls]<UL><LI><a href="#[63]">&gt;&gt;</a>&nbsp;&nbsp;&nbsp;OLED_I2C_SendByte
<LI><a href="#[62]">&gt;&gt;</a>&nbsp;&nbsp;&nbsp;OLED_I2C_Stop
<LI><a href="#[61]">&gt;&gt;</a>&nbsp;&nbsp;&nbsp;OLED_I2C_Start
</UL>
<BR>[Called By]<UL><LI><a href="#[68]">&gt;&gt;</a>&nbsp;&nbsp;&nbsp;OLED_Init
<LI><a href="#[66]">&gt;&gt;</a>&nbsp;&nbsp;&nbsp;OLED_SetCursor
</UL>

<P><STRONG><a name="[65]"></a>OLED_WriteData</STRONG> (Thumb, 46 bytes, Stack size 16 bytes, oled.o(.text))
<BR><BR>[Stack]<UL><LI>Max Depth = 40<LI>Call Chain = OLED_WriteData &rArr; OLED_I2C_SendByte &rArr; OLED_W_SDA
</UL>
<BR>[Calls]<UL><LI><a href="#[63]">&gt;&gt;</a>&nbsp;&nbsp;&nbsp;OLED_I2C_SendByte
<LI><a href="#[62]">&gt;&gt;</a>&nbsp;&nbsp;&nbsp;OLED_I2C_Stop
<LI><a href="#[61]">&gt;&gt;</a>&nbsp;&nbsp;&nbsp;OLED_I2C_Start
</UL>
<BR>[Called By]<UL><LI><a href="#[70]">&gt;&gt;</a>&nbsp;&nbsp;&nbsp;OLED_UpdateArea
<LI><a href="#[67]">&gt;&gt;</a>&nbsp;&nbsp;&nbsp;OLED_Update
</UL>

<P><STRONG><a name="[66]"></a>OLED_SetCursor</STRONG> (Thumb, 34 bytes, Stack size 16 bytes, oled.o(.text))
<BR><BR>[Stack]<UL><LI>Max Depth = 48<LI>Call Chain = OLED_SetCursor &rArr; OLED_WriteCommand &rArr; OLED_I2C_SendByte &rArr; OLED_W_SDA
</UL>
<BR>[Calls]<UL><LI><a href="#[64]">&gt;&gt;</a>&nbsp;&nbsp;&nbsp;OLED_WriteCommand
</UL>
<BR>[Called By]<UL><LI><a href="#[70]">&gt;&gt;</a>&nbsp;&nbsp;&nbsp;OLED_UpdateArea
<LI><a href="#[67]">&gt;&gt;</a>&nbsp;&nbsp;&nbsp;OLED_Update
</UL>

<P><STRONG><a name="[67]"></a>OLED_Update</STRONG> (Thumb, 36 bytes, Stack size 8 bytes, oled.o(.text))
<BR><BR>[Stack]<UL><LI>Max Depth = 56<LI>Call Chain = OLED_Update &rArr; OLED_SetCursor &rArr; OLED_WriteCommand &rArr; OLED_I2C_SendByte &rArr; OLED_W_SDA
</UL>
<BR>[Calls]<UL><LI><a href="#[66]">&gt;&gt;</a>&nbsp;&nbsp;&nbsp;OLED_SetCursor
<LI><a href="#[65]">&gt;&gt;</a>&nbsp;&nbsp;&nbsp;OLED_WriteData
</UL>
<BR>[Called By]<UL><LI><a href="#[68]">&gt;&gt;</a>&nbsp;&nbsp;&nbsp;OLED_Init
<LI><a href="#[5]">&gt;&gt;</a>&nbsp;&nbsp;&nbsp;main
</UL>

<P><STRONG><a name="[69]"></a>OLED_Clear</STRONG> (Thumb, 36 bytes, Stack size 0 bytes, oled.o(.text))
<BR><BR>[Called By]<UL><LI><a href="#[68]">&gt;&gt;</a>&nbsp;&nbsp;&nbsp;OLED_Init
</UL>

<P><STRONG><a name="[68]"></a>OLED_Init</STRONG> (Thumb, 154 bytes, Stack size 8 bytes, oled.o(.text))
<BR><BR>[Stack]<UL><LI>Max Depth = 64<LI>Call Chain = OLED_Init &rArr; OLED_Update &rArr; OLED_SetCursor &rArr; OLED_WriteCommand &rArr; OLED_I2C_SendByte &rArr; OLED_W_SDA
</UL>
<BR>[Calls]<UL><LI><a href="#[69]">&gt;&gt;</a>&nbsp;&nbsp;&nbsp;OLED_Clear
<LI><a href="#[67]">&gt;&gt;</a>&nbsp;&nbsp;&nbsp;OLED_Update
<LI><a href="#[64]">&gt;&gt;</a>&nbsp;&nbsp;&nbsp;OLED_WriteCommand
<LI><a href="#[60]">&gt;&gt;</a>&nbsp;&nbsp;&nbsp;OLED_GPIO_Init
</UL>
<BR>[Called By]<UL><LI><a href="#[5]">&gt;&gt;</a>&nbsp;&nbsp;&nbsp;main
</UL>

<P><STRONG><a name="[76]"></a>OLED_Pow</STRONG> (Thumb, 20 bytes, Stack size 8 bytes, oled.o(.text))
<BR><BR>[Stack]<UL><LI>Max Depth = 8<LI>Call Chain = OLED_Pow
</UL>
<BR>[Called By]<UL><LI><a href="#[7a]">&gt;&gt;</a>&nbsp;&nbsp;&nbsp;OLED_ShowFloatNum
<LI><a href="#[79]">&gt;&gt;</a>&nbsp;&nbsp;&nbsp;OLED_ShowBinNum
<LI><a href="#[78]">&gt;&gt;</a>&nbsp;&nbsp;&nbsp;OLED_ShowHexNum
<LI><a href="#[77]">&gt;&gt;</a>&nbsp;&nbsp;&nbsp;OLED_ShowSignedNum
<LI><a href="#[75]">&gt;&gt;</a>&nbsp;&nbsp;&nbsp;OLED_ShowNum
</UL>

<P><STRONG><a name="[88]"></a>OLED_pnpoly</STRONG> (Thumb, 140 bytes, Stack size 28 bytes, oled.o(.text), UNUSED)
<BR><BR>[Called By]<UL><LI><a href="#[87]">&gt;&gt;</a>&nbsp;&nbsp;&nbsp;OLED_DrawTriangle
</UL>

<P><STRONG><a name="[6a]"></a>OLED_IsInAngle</STRONG> (Thumb, 144 bytes, Stack size 64 bytes, oled.o(.text), UNUSED)
<BR><BR>[Calls]<UL><LI><a href="#[6b]">&gt;&gt;</a>&nbsp;&nbsp;&nbsp;__aeabi_i2d
<LI><a href="#[6e]">&gt;&gt;</a>&nbsp;&nbsp;&nbsp;__aeabi_dmul
<LI><a href="#[6d]">&gt;&gt;</a>&nbsp;&nbsp;&nbsp;__aeabi_ddiv
<LI><a href="#[6f]">&gt;&gt;</a>&nbsp;&nbsp;&nbsp;__aeabi_d2iz
<LI><a href="#[6c]">&gt;&gt;</a>&nbsp;&nbsp;&nbsp;__hardfp_atan2
</UL>
<BR>[Called By]<UL><LI><a href="#[8f]">&gt;&gt;</a>&nbsp;&nbsp;&nbsp;OLED_DrawArc
</UL>

<P><STRONG><a name="[70]"></a>OLED_UpdateArea</STRONG> (Thumb, 120 bytes, Stack size 32 bytes, oled.o(.text), UNUSED)
<BR><BR>[Calls]<UL><LI><a href="#[66]">&gt;&gt;</a>&nbsp;&nbsp;&nbsp;OLED_SetCursor
<LI><a href="#[65]">&gt;&gt;</a>&nbsp;&nbsp;&nbsp;OLED_WriteData
</UL>

<P><STRONG><a name="[72]"></a>OLED_ClearArea</STRONG> (Thumb, 168 bytes, Stack size 28 bytes, oled.o(.text))
<BR><BR>[Stack]<UL><LI>Max Depth = 28<LI>Call Chain = OLED_ClearArea
</UL>
<BR>[Called By]<UL><LI><a href="#[71]">&gt;&gt;</a>&nbsp;&nbsp;&nbsp;OLED_ShowImage
</UL>

<P><STRONG><a name="[1b8]"></a>OLED_Reverse</STRONG> (Thumb, 46 bytes, Stack size 0 bytes, oled.o(.text), UNUSED)

<P><STRONG><a name="[1b9]"></a>OLED_ReverseArea</STRONG> (Thumb, 140 bytes, Stack size 28 bytes, oled.o(.text), UNUSED)

<P><STRONG><a name="[71]"></a>OLED_ShowImage</STRONG> (Thumb, 248 bytes, Stack size 52 bytes, oled.o(.text))
<BR><BR>[Stack]<UL><LI>Max Depth = 80<LI>Call Chain = OLED_ShowImage &rArr; OLED_ClearArea
</UL>
<BR>[Calls]<UL><LI><a href="#[72]">&gt;&gt;</a>&nbsp;&nbsp;&nbsp;OLED_ClearArea
</UL>
<BR>[Called By]<UL><LI><a href="#[80]">&gt;&gt;</a>&nbsp;&nbsp;&nbsp;OLED_ShowChinese
<LI><a href="#[73]">&gt;&gt;</a>&nbsp;&nbsp;&nbsp;OLED_ShowChar
</UL>

<P><STRONG><a name="[73]"></a>OLED_ShowChar</STRONG> (Thumb, 74 bytes, Stack size 24 bytes, oled.o(.text))
<BR><BR>[Stack]<UL><LI>Max Depth = 104<LI>Call Chain = OLED_ShowChar &rArr; OLED_ShowImage &rArr; OLED_ClearArea
</UL>
<BR>[Calls]<UL><LI><a href="#[71]">&gt;&gt;</a>&nbsp;&nbsp;&nbsp;OLED_ShowImage
</UL>
<BR>[Called By]<UL><LI><a href="#[7a]">&gt;&gt;</a>&nbsp;&nbsp;&nbsp;OLED_ShowFloatNum
<LI><a href="#[79]">&gt;&gt;</a>&nbsp;&nbsp;&nbsp;OLED_ShowBinNum
<LI><a href="#[78]">&gt;&gt;</a>&nbsp;&nbsp;&nbsp;OLED_ShowHexNum
<LI><a href="#[77]">&gt;&gt;</a>&nbsp;&nbsp;&nbsp;OLED_ShowSignedNum
<LI><a href="#[75]">&gt;&gt;</a>&nbsp;&nbsp;&nbsp;OLED_ShowNum
<LI><a href="#[74]">&gt;&gt;</a>&nbsp;&nbsp;&nbsp;OLED_ShowString
</UL>

<P><STRONG><a name="[74]"></a>OLED_ShowString</STRONG> (Thumb, 46 bytes, Stack size 24 bytes, oled.o(.text))
<BR><BR>[Stack]<UL><LI>Max Depth = 128<LI>Call Chain = OLED_ShowString &rArr; OLED_ShowChar &rArr; OLED_ShowImage &rArr; OLED_ClearArea
</UL>
<BR>[Calls]<UL><LI><a href="#[73]">&gt;&gt;</a>&nbsp;&nbsp;&nbsp;OLED_ShowChar
</UL>
<BR>[Called By]<UL><LI><a href="#[82]">&gt;&gt;</a>&nbsp;&nbsp;&nbsp;OLED_Printf
<LI><a href="#[5]">&gt;&gt;</a>&nbsp;&nbsp;&nbsp;main
</UL>

<P><STRONG><a name="[75]"></a>OLED_ShowNum</STRONG> (Thumb, 76 bytes, Stack size 32 bytes, oled.o(.text))
<BR><BR>[Stack]<UL><LI>Max Depth = 136<LI>Call Chain = OLED_ShowNum &rArr; OLED_ShowChar &rArr; OLED_ShowImage &rArr; OLED_ClearArea
</UL>
<BR>[Calls]<UL><LI><a href="#[73]">&gt;&gt;</a>&nbsp;&nbsp;&nbsp;OLED_ShowChar
<LI><a href="#[76]">&gt;&gt;</a>&nbsp;&nbsp;&nbsp;OLED_Pow
</UL>
<BR>[Called By]<UL><LI><a href="#[7a]">&gt;&gt;</a>&nbsp;&nbsp;&nbsp;OLED_ShowFloatNum
<LI><a href="#[5]">&gt;&gt;</a>&nbsp;&nbsp;&nbsp;main
</UL>

<P><STRONG><a name="[77]"></a>OLED_ShowSignedNum</STRONG> (Thumb, 112 bytes, Stack size 36 bytes, oled.o(.text), UNUSED)
<BR><BR>[Calls]<UL><LI><a href="#[73]">&gt;&gt;</a>&nbsp;&nbsp;&nbsp;OLED_ShowChar
<LI><a href="#[76]">&gt;&gt;</a>&nbsp;&nbsp;&nbsp;OLED_Pow
</UL>

<P><STRONG><a name="[78]"></a>OLED_ShowHexNum</STRONG> (Thumb, 96 bytes, Stack size 32 bytes, oled.o(.text), UNUSED)
<BR><BR>[Calls]<UL><LI><a href="#[73]">&gt;&gt;</a>&nbsp;&nbsp;&nbsp;OLED_ShowChar
<LI><a href="#[76]">&gt;&gt;</a>&nbsp;&nbsp;&nbsp;OLED_Pow
</UL>

<P><STRONG><a name="[79]"></a>OLED_ShowBinNum</STRONG> (Thumb, 70 bytes, Stack size 32 bytes, oled.o(.text), UNUSED)
[...]
</UL>

<P><STRONG><a name="[7d]"></a>__aeabi_ui2d</STRONG> (Thumb, 26 bytes, Stack size 16 bytes, dfltui.o(.text))
<BR><BR>[Stack]<UL><LI>Max Depth = 56<LI>Call Chain = __aeabi_ui2d &rArr; _double_epilogue &rArr; _double_round
</UL>
<BR>[Calls]<UL><LI><a href="#[104]">&gt;&gt;</a>&nbsp;&nbsp;&nbsp;_double_epilogue
</UL>
<BR>[Called By]<UL><LI><a href="#[7a]">&gt;&gt;</a>&nbsp;&nbsp;&nbsp;OLED_ShowFloatNum
<LI><a href="#[b]">&gt;&gt;</a>&nbsp;&nbsp;&nbsp;TIMER4_WID_IRQHandler
<LI><a href="#[a]">&gt;&gt;</a>&nbsp;&nbsp;&nbsp;TIMER3_WID_IRQHandler
</UL>

<P><STRONG><a name="[6f]"></a>__aeabi_d2iz</STRONG> (Thumb, 62 bytes, Stack size 16 bytes, dfixi.o(.text), UNUSED)
<BR><BR>[Calls]<UL><LI><a href="#[106]">&gt;&gt;</a>&nbsp;&nbsp;&nbsp;__aeabi_llsr
</UL>
<BR>[Called By]<UL><LI><a href="#[6a]">&gt;&gt;</a>&nbsp;&nbsp;&nbsp;OLED_IsInAngle
</UL>

<P><STRONG><a name="[7c]"></a>__aeabi_d2uiz</STRONG> (Thumb, 50 bytes, Stack size 8 bytes, dfixui.o(.text))
<BR><BR>[Stack]<UL><LI>Max Depth = 8<LI>Call Chain = __aeabi_d2uiz
</UL>
<BR>[Calls]<UL><LI><a href="#[106]">&gt;&gt;</a>&nbsp;&nbsp;&nbsp;__aeabi_llsr
</UL>
<BR>[Called By]<UL><LI><a href="#[7a]">&gt;&gt;</a>&nbsp;&nbsp;&nbsp;OLED_ShowFloatNum
</UL>

<P><STRONG><a name="[f2]"></a>__aeabi_f2d</STRONG> (Thumb, 38 bytes, Stack size 0 bytes, f2d.o(.text))
<BR><BR>[Called By]<UL><LI><a href="#[9]">&gt;&gt;</a>&nbsp;&nbsp;&nbsp;TIMER0A_Handler
<LI><a href="#[5]">&gt;&gt;</a>&nbsp;&nbsp;&nbsp;main
</UL>

<P><STRONG><a name="[1c4]"></a>__aeabi_cdcmpeq</STRONG> (Thumb, 0 bytes, Stack size 0 bytes, cdcmple.o(.text), UNUSED)

<P><STRONG><a name="[8e]"></a>__aeabi_cdcmple</STRONG> (Thumb, 48 bytes, Stack size 0 bytes, cdcmple.o(.text))
<BR><BR>[Called By]<UL><LI><a href="#[9]">&gt;&gt;</a>&nbsp;&nbsp;&nbsp;TIMER0A_Handler
<LI><a href="#[8a]">&gt;&gt;</a>&nbsp;&nbsp;&nbsp;OLED_DrawEllipse
<LI><a href="#[7f]">&gt;&gt;</a>&nbsp;&nbsp;&nbsp;__hardfp_round
</UL>

<P><STRONG><a name="[7b]"></a>__aeabi_cdrcmple</STRONG> (Thumb, 48 bytes, Stack size 0 bytes, cdrcmple.o(.text))
<BR><BR>[Called By]<UL><LI><a href="#[9]">&gt;&gt;</a>&nbsp;&nbsp;&nbsp;TIMER0A_Handler
<LI><a href="#[7a]">&gt;&gt;</a>&nbsp;&nbsp;&nbsp;OLED_ShowFloatNum
<LI><a href="#[116]">&gt;&gt;</a>&nbsp;&nbsp;&nbsp;_fp_digits
<LI><a href="#[7f]">&gt;&gt;</a>&nbsp;&nbsp;&nbsp;__hardfp_round
</UL>

<P><STRONG><a name="[8c]"></a>__aeabi_d2f</STRONG> (Thumb, 56 bytes, Stack size 8 bytes, d2f.o(.text))
<BR><BR>[Stack]<UL><LI>Max Depth = 8<LI>Call Chain = __aeabi_d2f
</UL>
<BR>[Calls]<UL><LI><a href="#[107]">&gt;&gt;</a>&nbsp;&nbsp;&nbsp;_float_round
</UL>
<BR>[Called By]<UL><LI><a href="#[9]">&gt;&gt;</a>&nbsp;&nbsp;&nbsp;TIMER0A_Handler
<LI><a href="#[8a]">&gt;&gt;</a>&nbsp;&nbsp;&nbsp;OLED_DrawEllipse
<LI><a href="#[b]">&gt;&gt;</a>&nbsp;&nbsp;&nbsp;TIMER4_WID_IRQHandler
<LI><a href="#[a]">&gt;&gt;</a>&nbsp;&nbsp;&nbsp;TIMER3_WID_IRQHandler
</UL>

<P><STRONG><a name="[1c5]"></a>__aeabi_uidiv</STRONG> (Thumb, 0 bytes, Stack size 12 bytes, uidiv.o(.text), UNUSED)

<P><STRONG><a name="[119]"></a>__aeabi_uidivmod</STRONG> (Thumb, 44 bytes, Stack size 12 bytes, uidiv.o(.text), UNUSED)
<BR><BR>[Called By]<UL><LI><a href="#[10d]">&gt;&gt;</a>&nbsp;&nbsp;&nbsp;_printf_core
</UL>

<P><STRONG><a name="[108]"></a>__aeabi_uldivmod</STRONG> (Thumb, 98 bytes, Stack size 40 bytes, uldiv.o(.text), UNUSED)
<BR><BR>[Calls]<UL><LI><a href="#[106]">&gt;&gt;</a>&nbsp;&nbsp;&nbsp;__aeabi_llsr
<LI><a href="#[102]">&gt;&gt;</a>&nbsp;&nbsp;&nbsp;__aeabi_llsl
</UL>
<BR>[Called By]<UL><LI><a href="#[10d]">&gt;&gt;</a>&nbsp;&nbsp;&nbsp;_printf_core
<LI><a href="#[116]">&gt;&gt;</a>&nbsp;&nbsp;&nbsp;_fp_digits
</UL>

<P><STRONG><a name="[102]"></a>__aeabi_llsl</STRONG> (Thumb, 30 bytes, Stack size 0 bytes, llshl.o(.text))
<BR><BR>[Called By]<UL><LI><a href="#[8b]">&gt;&gt;</a>&nbsp;&nbsp;&nbsp;__aeabi_dadd
<LI><a href="#[108]">&gt;&gt;</a>&nbsp;&nbsp;&nbsp;__aeabi_uldivmod
<LI><a href="#[104]">&gt;&gt;</a>&nbsp;&nbsp;&nbsp;_double_epilogue
<LI><a href="#[10a]">&gt;&gt;</a>&nbsp;&nbsp;&nbsp;__aeabi_d2ulz
<LI><a href="#[109]">&gt;&gt;</a>&nbsp;&nbsp;&nbsp;_drnd
</UL>

<P><STRONG><a name="[1c6]"></a>_ll_shift_l</STRONG> (Thumb, 0 bytes, Stack size 0 bytes, llshl.o(.text), UNUSED)

<P><STRONG><a name="[106]"></a>__aeabi_llsr</STRONG> (Thumb, 32 bytes, Stack size 0 bytes, llushr.o(.text))
<BR><BR>[Called By]<UL><LI><a href="#[7c]">&gt;&gt;</a>&nbsp;&nbsp;&nbsp;__aeabi_d2uiz
<LI><a href="#[6f]">&gt;&gt;</a>&nbsp;&nbsp;&nbsp;__aeabi_d2iz
<LI><a href="#[108]">&gt;&gt;</a>&nbsp;&nbsp;&nbsp;__aeabi_uldivmod
<LI><a href="#[104]">&gt;&gt;</a>&nbsp;&nbsp;&nbsp;_double_epilogue
<LI><a href="#[10a]">&gt;&gt;</a>&nbsp;&nbsp;&nbsp;__aeabi_d2ulz
<LI><a href="#[109]">&gt;&gt;</a>&nbsp;&nbsp;&nbsp;_drnd
</UL>

<P><STRONG><a name="[1c7]"></a>_ll_ushift_r</STRONG> (Thumb, 0 bytes, Stack size 0 bytes, llushr.o(.text), UNUSED)

<P><STRONG><a name="[103]"></a>__aeabi_lasr</STRONG> (Thumb, 36 bytes, Stack size 0 bytes, llsshr.o(.text))
<BR><BR>[Called By]<UL><LI><a href="#[8b]">&gt;&gt;</a>&nbsp;&nbsp;&nbsp;__aeabi_dadd
</UL>

<P><STRONG><a name="[1c8]"></a>_ll_sshift_r</STRONG> (Thumb, 0 bytes, Stack size 0 bytes, llsshr.o(.text), UNUSED)

<P><STRONG><a name="[1c9]"></a>__I$use$fp</STRONG> (Thumb, 0 bytes, Stack size 0 bytes, iusefp.o(.text), UNUSED)

<P><STRONG><a name="[107]"></a>_float_round</STRONG> (Thumb, 18 bytes, Stack size 0 bytes, fepilogue.o(.text))
<BR><BR>[Called By]<UL><LI><a href="#[8c]">&gt;&gt;</a>&nbsp;&nbsp;&nbsp;__aeabi_d2f
</UL>

<P><STRONG><a name="[1ca]"></a>_float_epilogue</STRONG> (Thumb, 92 bytes, Stack size 4 bytes, fepilogue.o(.text), UNUSED)

<P><STRONG><a name="[105]"></a>_double_round</STRONG> (Thumb, 30 bytes, Stack size 8 bytes, depilogue.o(.text))
<BR><BR>[Stack]<UL><LI>Max Depth = 8<LI>Call Chain = _double_round
</UL>
<BR>[Called By]<UL><LI><a href="#[6d]">&gt;&gt;</a>&nbsp;&nbsp;&nbsp;__aeabi_ddiv
<LI><a href="#[8b]">&gt;&gt;</a>&nbsp;&nbsp;&nbsp;__aeabi_dadd
<LI><a href="#[104]">&gt;&gt;</a>&nbsp;&nbsp;&nbsp;_double_epilogue
<LI><a href="#[109]">&gt;&gt;</a>&nbsp;&nbsp;&nbsp;_drnd
</UL>

<P><STRONG><a name="[104]"></a>_double_epilogue</STRONG> (Thumb, 156 bytes, Stack size 32 bytes, depilogue.o(.text))
<BR><BR>[Stack]<UL><LI>Max Depth = 40<LI>Call Chain = _double_epilogue &rArr; _double_round
</UL>
<BR>[Calls]<UL><LI><a href="#[106]">&gt;&gt;</a>&nbsp;&nbsp;&nbsp;__aeabi_llsr
<LI><a href="#[102]">&gt;&gt;</a>&nbsp;&nbsp;&nbsp;__aeabi_llsl
<LI><a href="#[105]">&gt;&gt;</a>&nbsp;&nbsp;&nbsp;_double_round
</UL>
<BR>[Called By]<UL><LI><a href="#[7d]">&gt;&gt;</a>&nbsp;&nbsp;&nbsp;__aeabi_ui2d
<LI><a href="#[6b]">&gt;&gt;</a>&nbsp;&nbsp;&nbsp;__aeabi_i2d
<LI><a href="#[6e]">&gt;&gt;</a>&nbsp;&nbsp;&nbsp;__aeabi_dmul
<LI><a href="#[8b]">&gt;&gt;</a>&nbsp;&nbsp;&nbsp;__aeabi_dadd
</UL>

<P><STRONG><a name="[109]"></a>_drnd</STRONG> (Thumb, 132 bytes, Stack size 24 bytes, drnd.o(.text))
<BR><BR>[Stack]<UL><LI>Max Depth = 32<LI>Call Chain = _drnd &rArr; _double_round
</UL>
<BR>[Calls]<UL><LI><a href="#[106]">&gt;&gt;</a>&nbsp;&nbsp;&nbsp;__aeabi_llsr
<LI><a href="#[102]">&gt;&gt;</a>&nbsp;&nbsp;&nbsp;__aeabi_llsl
<LI><a href="#[105]">&gt;&gt;</a>&nbsp;&nbsp;&nbsp;_double_round
</UL>
<BR>[Called By]<UL><LI><a href="#[7f]">&gt;&gt;</a>&nbsp;&nbsp;&nbsp;__hardfp_round
</UL>

<P><STRONG><a name="[10a]"></a>__aeabi_d2ulz</STRONG> (Thumb, 48 bytes, Stack size 0 bytes, dfixul.o(.text), UNUSED)
<BR><BR>[Calls]<UL><LI><a href="#[106]">&gt;&gt;</a>&nbsp;&nbsp;&nbsp;__aeabi_llsr
<LI><a href="#[102]">&gt;&gt;</a>&nbsp;&nbsp;&nbsp;__aeabi_llsl
</UL>
<BR>[Called By]<UL><LI><a href="#[116]">&gt;&gt;</a>&nbsp;&nbsp;&nbsp;_fp_digits
</UL>

<P><STRONG><a name="[10]"></a>__scatterload</STRONG> (Thumb, 28 bytes, Stack size 0 bytes, init.o(.text))
<BR><BR>[Calls]<UL><LI><a href="#[10b]">&gt;&gt;</a>&nbsp;&nbsp;&nbsp;__main_after_scatterload
</UL>
<BR>[Called By]<UL><LI><a href="#[f]">&gt;&gt;</a>&nbsp;&nbsp;&nbsp;_main_scatterload
</UL>

<P><STRONG><a name="[1cb]"></a>__scatterload_rt2</STRONG> (Thumb, 0 bytes, Stack size 0 bytes, init.o(.text), UNUSED)

<P><STRONG><a name="[1cc]"></a>__decompress</STRONG> (Thumb, 0 bytes, Stack size unknown bytes, __dczerorl.o(.text), UNUSED)

<P><STRONG><a name="[1cd]"></a>__decompress0</STRONG> (Thumb, 58 bytes, Stack size unknown bytes, __dczerorl.o(.text), UNUSED)

<P><STRONG><a name="[10c]"></a>__0vsprintf</STRONG> (Thumb, 30 bytes, Stack size 24 bytes, printfa.o(i.__0vsprintf), UNUSED)
<BR><BR>[Calls]<UL><LI><a href="#[d]">&gt;&gt;</a>&nbsp;&nbsp;&nbsp;_sputc
<LI><a href="#[10d]">&gt;&gt;</a>&nbsp;&nbsp;&nbsp;_printf_core
</UL>

<P><STRONG><a name="[1ce]"></a>__1vsprintf</STRONG> (Thumb, 0 bytes, Stack size 24 bytes, printfa.o(i.__0vsprintf), UNUSED)

<P><STRONG><a name="[1cf]"></a>__2vsprintf</STRONG> (Thumb, 0 bytes, Stack size 24 bytes, printfa.o(i.__0vsprintf), UNUSED)

<P><STRONG><a name="[1d0]"></a>__c89vsprintf</STRONG> (Thumb, 0 bytes, Stack size 24 bytes, printfa.o(i.__0vsprintf), UNUSED)

<P><STRONG><a name="[83]"></a>vsprintf</STRONG> (Thumb, 0 bytes, Stack size 24 bytes, printfa.o(i.__0vsprintf), UNUSED)
<BR><BR>[Called By]<UL><LI><a href="#[82]">&gt;&gt;</a>&nbsp;&nbsp;&nbsp;OLED_Printf
</UL>

<P><STRONG><a name="[110]"></a>__ARM_fpclassify</STRONG> (Thumb, 48 bytes, Stack size 8 bytes, fpclassify.o(i.__ARM_fpclassify), UNUSED)
<BR><BR>[Called By]<UL><LI><a href="#[10e]">&gt;&gt;</a>&nbsp;&nbsp;&nbsp;__hardfp_atan
</UL>

<P><STRONG><a name="[10e]"></a>__hardfp_atan</STRONG> (Thumb, 622 bytes, Stack size 48 bytes, atan.o(i.__hardfp_atan), UNUSED)
<BR><BR>[Calls]<UL><LI><a href="#[8d]">&gt;&gt;</a>&nbsp;&nbsp;&nbsp;__aeabi_dsub
<LI><a href="#[7e]">&gt;&gt;</a>&nbsp;&nbsp;&nbsp;__aeabi_drsub
<LI><a href="#[6e]">&gt;&gt;</a>&nbsp;&nbsp;&nbsp;__aeabi_dmul
<LI><a href="#[6d]">&gt;&gt;</a>&nbsp;&nbsp;&nbsp;__aeabi_ddiv
<LI><a href="#[8b]">&gt;&gt;</a>&nbsp;&nbsp;&nbsp;__aeabi_dadd
<LI><a href="#[113]">&gt;&gt;</a>&nbsp;&nbsp;&nbsp;__kernel_poly
<LI><a href="#[110]">&gt;&gt;</a>&nbsp;&nbsp;&nbsp;__ARM_fpclassify
<LI><a href="#[112]">&gt;&gt;</a>&nbsp;&nbsp;&nbsp;fabs
<LI><a href="#[111]">&gt;&gt;</a>&nbsp;&nbsp;&nbsp;__mathlib_dbl_underflow
<LI><a href="#[10f]">&gt;&gt;</a>&nbsp;&nbsp;&nbsp;__mathlib_dbl_infnan
</UL>
<BR>[Called By]<UL><LI><a href="#[115]">&gt;&gt;</a>&nbsp;&nbsp;&nbsp;atan
</UL>

<P><STRONG><a name="[6c]"></a>__hardfp_atan2</STRONG> (Thumb, 432 bytes, Stack size 48 bytes, atan2.o(i.__hardfp_atan2), UNUSED)
<BR><BR>[Calls]<UL><LI><a href="#[8d]">&gt;&gt;</a>&nbsp;&nbsp;&nbsp;__aeabi_dsub
<LI><a href="#[7e]">&gt;&gt;</a>&nbsp;&nbsp;&nbsp;__aeabi_drsub
<LI><a href="#[6d]">&gt;&gt;</a>&nbsp;&nbsp;&nbsp;__aeabi_ddiv
<LI><a href="#[112]">&gt;&gt;</a>&nbsp;&nbsp;&nbsp;fabs
<LI><a href="#[114]">&gt;&gt;</a>&nbsp;&nbsp;&nbsp;__mathlib_dbl_infnan2
<LI><a href="#[115]">&gt;&gt;</a>&nbsp;&nbsp;&nbsp;atan
</UL>
<BR>[Called By]<UL><LI><a href="#[6a]">&gt;&gt;</a>&nbsp;&nbsp;&nbsp;OLED_IsInAngle
</UL>

<P><STRONG><a name="[7f]"></a>__hardfp_round</STRONG> (Thumb, 194 bytes, Stack size 64 bytes, round.o(i.__hardfp_round))
<BR><BR>[Stack]<UL><LI>Max Depth = 152<LI>Call Chain = __hardfp_round &rArr; __aeabi_dsub &rArr; __aeabi_dadd &rArr; _double_epilogue &rArr; _double_round
</UL>
<BR>[Calls]<UL><LI><a href="#[8d]">&gt;&gt;</a>&nbsp;&nbsp;&nbsp;__aeabi_dsub
<LI><a href="#[8b]">&gt;&gt;</a>&nbsp;&nbsp;&nbsp;__aeabi_dadd
<LI><a href="#[7b]">&gt;&gt;</a>&nbsp;&nbsp;&nbsp;__aeabi_cdrcmple
<LI><a href="#[8e]">&gt;&gt;</a>&nbsp;&nbsp;&nbsp;__aeabi_cdcmple
<LI><a href="#[109]">&gt;&gt;</a>&nbsp;&nbsp;&nbsp;_drnd
</UL>
<BR>[Called By]<UL><LI><a href="#[7a]">&gt;&gt;</a>&nbsp;&nbsp;&nbsp;OLED_ShowFloatNum
</UL>

<P><STRONG><a name="[113]"></a>__kernel_poly</STRONG> (Thumb, 248 bytes, Stack size 24 bytes, poly.o(i.__kernel_poly), UNUSED)
<BR><BR>[Calls]<UL><LI><a href="#[6e]">&gt;&gt;</a>&nbsp;&nbsp;&nbsp;__aeabi_dmul
<LI><a href="#[8b]">&gt;&gt;</a>&nbsp;&nbsp;&nbsp;__aeabi_dadd
</UL>
<BR>[Called By]<UL><LI><a href="#[10e]">&gt;&gt;</a>&nbsp;&nbsp;&nbsp;__hardfp_atan
</UL>

<P><STRONG><a name="[10f]"></a>__mathlib_dbl_infnan</STRONG> (Thumb, 20 bytes, Stack size 8 bytes, dunder.o(i.__mathlib_dbl_infnan), UNUSED)
<BR><BR>[Calls]<UL><LI><a href="#[8b]">&gt;&gt;</a>&nbsp;&nbsp;&nbsp;__aeabi_dadd
</UL>
<BR>[Called By]<UL><LI><a href="#[10e]">&gt;&gt;</a>&nbsp;&nbsp;&nbsp;__hardfp_atan
</UL>

<P><STRONG><a name="[114]"></a>__mathlib_dbl_infnan2</STRONG> (Thumb, 20 bytes, Stack size 8 bytes, dunder.o(i.__mathlib_dbl_infnan2), UNUSED)
<BR><BR>[Calls]<UL><LI><a href="#[8b]">&gt;&gt;</a>&nbsp;&nbsp;&nbsp;__aeabi_dadd
</UL>
<BR>[Called By]<UL><LI><a href="#[6c]">&gt;&gt;</a>&nbsp;&nbsp;&nbsp;__hardfp_atan2
</UL>

<P><STRONG><a name="[111]"></a>__mathlib_dbl_underflow</STRONG> (Thumb, 24 bytes, Stack size 8 bytes, dunder.o(i.__mathlib_dbl_underflow), UNUSED)
<BR><BR>[Calls]<UL><LI><a href="#[6e]">&gt;&gt;</a>&nbsp;&nbsp;&nbsp;__aeabi_dmul
</UL>
<BR>[Called By]<UL><LI><a href="#[10e]">&gt;&gt;</a>&nbsp;&nbsp;&nbsp;__hardfp_atan
</UL>

<P><STRONG><a name="[1d1]"></a>__scatterload_copy</STRONG> (Thumb, 14 bytes, Stack size unknown bytes, handlers.o(i.__scatterload_copy), UNUSED)

<P><STRONG><a name="[1d2]"></a>__scatterload_null</STRONG> (Thumb, 2 bytes, Stack size unknown bytes, handlers.o(i.__scatterload_null), UNUSED)

<P><STRONG><a name="[1d3]"></a>__scatterload_zeroinit</STRONG> (Thumb, 14 bytes, Stack size unknown bytes, handlers.o(i.__scatterload_zeroinit), UNUSED)

<P><STRONG><a name="[115]"></a>atan</STRONG> (Thumb, 16 bytes, Stack size 8 bytes, atan.o(i.atan), UNUSED)
<BR><BR>[Calls]<UL><LI><a href="#[10e]">&gt;&gt;</a>&nbsp;&nbsp;&nbsp;__hardfp_atan
</UL>
<BR>[Called By]<UL><LI><a href="#[6c]">&gt;&gt;</a>&nbsp;&nbsp;&nbsp;__hardfp_atan2
</UL>

<P><STRONG><a name="[112]"></a>fabs</STRONG> (Thumb, 24 bytes, Stack size 8 bytes, fabs.o(i.fabs), UNUSED)
<BR><BR>[Called By]<UL><LI><a href="#[10e]">&gt;&gt;</a>&nbsp;&nbsp;&nbsp;__hardfp_atan
<LI><a href="#[6c]">&gt;&gt;</a>&nbsp;&nbsp;&nbsp;__hardfp_atan2
</UL>

<P><STRONG><a name="[ed]"></a>free</STRONG> (Thumb, 76 bytes, Stack size 8 bytes, malloc.o(i.free), UNUSED)
<BR><BR>[Called By]<UL><LI><a href="#[eb]">&gt;&gt;</a>&nbsp;&nbsp;&nbsp;BLE_Send
</UL>

<P><STRONG><a name="[ec]"></a>malloc</STRONG> (Thumb, 92 bytes, Stack size 20 bytes, malloc.o(i.malloc), UNUSED)
<BR><BR>[Called By]<UL><LI><a href="#[eb]">&gt;&gt;</a>&nbsp;&nbsp;&nbsp;BLE_Send
</UL>
<P>
<H3>
Local Symbols
</H3>
<P><STRONG><a name="[13]"></a>_GPIOIntNumberGet</STRONG> (Thumb, 56 bytes, Stack size 12 bytes, gpio.o(.text))
<BR><BR>[Stack]<UL><LI>Max Depth = 12<LI>Call Chain = _GPIOIntNumberGet
</UL>
<BR>[Called By]<UL><LI><a href="#[16]">&gt;&gt;</a>&nbsp;&nbsp;&nbsp;GPIOIntUnregister
<LI><a href="#[12]">&gt;&gt;</a>&nbsp;&nbsp;&nbsp;GPIOIntRegister
</UL>

<P><STRONG><a name="[6]"></a>_IntDefaultHandler</STRONG> (Thumb, 4 bytes, Stack size 0 bytes, interrupt.o(.text))
<BR>[Address Reference Count : 1]<UL><LI> interrupt.o(.text)
</UL>
<P><STRONG><a name="[41]"></a>_PWMGenIntNumberGet</STRONG> (Thumb, 248 bytes, Stack size 8 bytes, pwm.o(.text), UNUSED)
<BR><BR>[Called By]<UL><LI><a href="#[42]">&gt;&gt;</a>&nbsp;&nbsp;&nbsp;PWMGenIntUnregister
<LI><a href="#[40]">&gt;&gt;</a>&nbsp;&nbsp;&nbsp;PWMGenIntRegister
</UL>

<P><STRONG><a name="[44]"></a>_PWMFaultIntNumberGet</STRONG> (Thumb, 62 bytes, Stack size 0 bytes, pwm.o(.text), UNUSED)
<BR><BR>[Called By]<UL><LI><a href="#[45]">&gt;&gt;</a>&nbsp;&nbsp;&nbsp;PWMFaultIntUnregister
<LI><a href="#[43]">&gt;&gt;</a>&nbsp;&nbsp;&nbsp;PWMFaultIntRegister
</UL>

<P><STRONG><a name="[4c]"></a>_SysCtlMemTimingGet</STRONG> (Thumb, 36 bytes, Stack size 0 bytes, sysctl.o(.text), UNUSED)
<BR><BR>[Called By]<UL><LI><a href="#[4f]">&gt;&gt;</a>&nbsp;&nbsp;&nbsp;SysCtlDeepSleepClockConfigSet
<LI><a href="#[4b]">&gt;&gt;</a>&nbsp;&nbsp;&nbsp;SysCtlClockFreqSet
</UL>

<P><STRONG><a name="[4d]"></a>_SysCtlFrequencyGet</STRONG> (Thumb, 96 bytes, Stack size 20 bytes, sysctl.o(.text), UNUSED)
<BR><BR>[Called By]<UL><LI><a href="#[4b]">&gt;&gt;</a>&nbsp;&nbsp;&nbsp;SysCtlClockFreqSet
</UL>

<P><STRONG><a name="[53]"></a>_TimerIntNumberGet</STRONG> (Thumb, 68 bytes, Stack size 20 bytes, timer.o(.text))
<BR><BR>[Stack]<UL><LI>Max Depth = 20<LI>Call Chain = _TimerIntNumberGet
</UL>
<BR>[Called By]<UL><LI><a href="#[54]">&gt;&gt;</a>&nbsp;&nbsp;&nbsp;TimerIntUnregister
<LI><a href="#[52]">&gt;&gt;</a>&nbsp;&nbsp;&nbsp;TimerIntRegister
</UL>

<P><STRONG><a name="[59]"></a>_UARTIntNumberGet</STRONG> (Thumb, 56 bytes, Stack size 12 bytes, uart.o(.text))
<BR><BR>[Stack]<UL><LI>Max Depth = 12<LI>Call Chain = _UARTIntNumberGet
</UL>
<BR>[Called By]<UL><LI><a href="#[5a]">&gt;&gt;</a>&nbsp;&nbsp;&nbsp;UARTIntUnregister
<LI><a href="#[58]">&gt;&gt;</a>&nbsp;&nbsp;&nbsp;UARTIntRegister
</UL>

<P><STRONG><a name="[2]"></a>NmiSR</STRONG> (Thumb, 0 bytes, Stack size unknown bytes, startup_rvmdk.o(RESET))
<BR><BR>[Calls]<UL><LI><a href="#[2]">&gt;&gt;</a>&nbsp;&nbsp;&nbsp;NmiSR
</UL>
<BR>[Called By]<UL><LI><a href="#[2]">&gt;&gt;</a>&nbsp;&nbsp;&nbsp;NmiSR
</UL>
<BR>[Address Reference Count : 1]<UL><LI> startup_rvmdk.o(RESET)
</UL>
<P><STRONG><a name="[3]"></a>FaultISR</STRONG> (Thumb, 0 bytes, Stack size unknown bytes, startup_rvmdk.o(RESET))
<BR><BR>[Calls]<UL><LI><a href="#[3]">&gt;&gt;</a>&nbsp;&nbsp;&nbsp;FaultISR
</UL>
<BR>[Called By]<UL><LI><a href="#[3]">&gt;&gt;</a>&nbsp;&nbsp;&nbsp;FaultISR
</UL>
<BR>[Address Reference Count : 1]<UL><LI> startup_rvmdk.o(RESET)
</UL>
<P><STRONG><a name="[4]"></a>IntDefaultHandler</STRONG> (Thumb, 0 bytes, Stack size unknown bytes, startup_rvmdk.o(RESET))
<BR><BR>[Calls]<UL><LI><a href="#[4]">&gt;&gt;</a>&nbsp;&nbsp;&nbsp;IntDefaultHandler
</UL>
<BR>[Called By]<UL><LI><a href="#[4]">&gt;&gt;</a>&nbsp;&nbsp;&nbsp;IntDefaultHandler
</UL>
<BR>[Address Reference Count : 1]<UL><LI> startup_rvmdk.o(RESET)
</UL>
<P><STRONG><a name="[c]"></a>SycTickHandler</STRONG> (Thumb, 12 bytes, Stack size 0 bytes, systicktime.o(.text))
<BR>[Address Reference Count : 1]<UL><LI> systicktime.o(.text)
</UL>
<P><STRONG><a name="[116]"></a>_fp_digits</STRONG> (Thumb, 366 bytes, Stack size 64 bytes, printfa.o(i._fp_digits), UNUSED)
<BR><BR>[Calls]<UL><LI><a href="#[6e]">&gt;&gt;</a>&nbsp;&nbsp;&nbsp;__aeabi_dmul
<LI><a href="#[6d]">&gt;&gt;</a>&nbsp;&nbsp;&nbsp;__aeabi_ddiv
<LI><a href="#[8b]">&gt;&gt;</a>&nbsp;&nbsp;&nbsp;__aeabi_dadd
<LI><a href="#[7b]">&gt;&gt;</a>&nbsp;&nbsp;&nbsp;__aeabi_cdrcmple
<LI><a href="#[108]">&gt;&gt;</a>&nbsp;&nbsp;&nbsp;__aeabi_uldivmod
<LI><a href="#[10a]">&gt;&gt;</a>&nbsp;&nbsp;&nbsp;__aeabi_d2ulz
</UL>
<BR>[Called By]<UL><LI><a href="#[10d]">&gt;&gt;</a>&nbsp;&nbsp;&nbsp;_printf_core
</UL>

<P><STRONG><a name="[10d]"></a>_printf_core</STRONG> (Thumb, 1744 bytes, Stack size 136 bytes, printfa.o(i._printf_core), UNUSED)
<BR><BR>[Calls]<UL><LI><a href="#[108]">&gt;&gt;</a>&nbsp;&nbsp;&nbsp;__aeabi_uldivmod
<LI><a href="#[119]">&gt;&gt;</a>&nbsp;&nbsp;&nbsp;__aeabi_uidivmod
<LI><a href="#[117]">&gt;&gt;</a>&nbsp;&nbsp;&nbsp;_printf_pre_padding
<LI><a href="#[118]">&gt;&gt;</a>&nbsp;&nbsp;&nbsp;_printf_post_padding
<LI><a href="#[116]">&gt;&gt;</a>&nbsp;&nbsp;&nbsp;_fp_digits
</UL>
<BR>[Called By]<UL><LI><a href="#[10c]">&gt;&gt;</a>&nbsp;&nbsp;&nbsp;__0vsprintf
</UL>

<P><STRONG><a name="[118]"></a>_printf_post_padding</STRONG> (Thumb, 36 bytes, Stack size 24 bytes, printfa.o(i._printf_post_padding), UNUSED)
<BR><BR>[Called By]<UL><LI><a href="#[10d]">&gt;&gt;</a>&nbsp;&nbsp;&nbsp;_printf_core
</UL>

<P><STRONG><a name="[117]"></a>_printf_pre_padding</STRONG> (Thumb, 46 bytes, Stack size 24 bytes, printfa.o(i._printf_pre_padding), UNUSED)
<BR><BR>[Called By]<UL><LI><a href="#[10d]">&gt;&gt;</a>&nbsp;&nbsp;&nbsp;_printf_core
</UL>

<P><STRONG><a name="[d]"></a>_sputc</STRONG> (Thumb, 10 bytes, Stack size 0 bytes, printfa.o(i._sputc))
<BR><BR>[Called By]<UL><LI><a href="#[10c]">&gt;&gt;</a>&nbsp;&nbsp;&nbsp;__0vsprintf
</UL>
<BR>[Address Reference Count : 1]<UL><LI> printfa.o(i.__0vsprintf)
</UL><P>
<H3>
Undefined Global Symbols
</H3><HR></body></html>
