<!doctype html public "-//w3c//dtd html 4.0 transitional//en">
<html><head>
<title>Static Call Graph - [..\..\Output\TM4C123G.axf]</title></head>
<body><HR>
<H1>Static Call Graph for image ..\..\Output\TM4C123G.axf</H1><HR>
<BR><P>#&#060CALLGRAPH&#062# ARM Linker, 5060528: Last Updated: Tue Jul 30 09:38:04 2024
<BR><P>
<H3>Maximum Stack Usage =        152 bytes + Unknown(Functions without stacksize, Cycles, Untraceable Function Pointers)</H3><H3>
Call chain for Maximum Stack Depth:</H3>
main &rArr; OLED_ShowNum &rArr; OLED_ShowChar &rArr; OLED_ShowImage &rArr; OLED_ClearArea
<P>
<H3>
Functions with no stack information
</H3><UL>
 <LI><a href="#[1]">Reset_Handler</a>
 <LI><a href="#[2]">NmiSR</a>
 <LI><a href="#[3]">FaultISR</a>
 <LI><a href="#[4]">IntDefaultHandler</a>
</UL>
</UL>
<P>
<H3>
Mutually Recursive functions
</H3> <LI><a href="#[15]">SysCtlDelay</a>&nbsp;&nbsp;&nbsp;&rArr;&nbsp;&nbsp;&nbsp;<a href="#[15]">SysCtlDelay</a><BR>
 <LI><a href="#[2]">NmiSR</a>&nbsp;&nbsp;&nbsp;&rArr;&nbsp;&nbsp;&nbsp;<a href="#[2]">NmiSR</a><BR>
 <LI><a href="#[3]">FaultISR</a>&nbsp;&nbsp;&nbsp;&rArr;&nbsp;&nbsp;&nbsp;<a href="#[3]">FaultISR</a><BR>
 <LI><a href="#[4]">IntDefaultHandler</a>&nbsp;&nbsp;&nbsp;&rArr;&nbsp;&nbsp;&nbsp;<a href="#[4]">IntDefaultHandler</a><BR>
</UL>
<P>
<H3>
Function Pointers
</H3><UL>
 <LI><a href="#[3]">FaultISR</a> from startup_rvmdk.o(RESET) referenced from startup_rvmdk.o(RESET)
 <LI><a href="#[dc]">GPIO_interrupt</a> from buttonsinterrupt.o(.text) referenced from buttonsinterrupt.o(.text)
 <LI><a href="#[4]">IntDefaultHandler</a> from startup_rvmdk.o(RESET) referenced 115 times from startup_rvmdk.o(RESET)
 <LI><a href="#[2]">NmiSR</a> from startup_rvmdk.o(RESET) referenced from startup_rvmdk.o(RESET)
 <LI><a href="#[a9]">ROM_UART0IntHandler</a> from serial.o(.text) referenced from serial.o(.text)
 <LI><a href="#[7]">ROM_UART1IntHandler</a> from main.o(.text) referenced from serial.o(.text)
 <LI><a href="#[ae]">ROM_UART2IntHandler</a> from serial.o(.text) referenced from serial.o(.text)
 <LI><a href="#[8]">ROM_UART3IntHandler</a> from mpu9050.o(.text) referenced from serial.o(.text)
 <LI><a href="#[b1]">ROM_UART4IntHandler</a> from serial.o(.text) referenced from serial.o(.text)
 <LI><a href="#[9]">ROM_UART5IntHandler</a> from main.o(.text) referenced from serial.o(.text)
 <LI><a href="#[a]">ROM_UART6IntHandler</a> from main.o(.text) referenced from serial.o(.text)
 <LI><a href="#[b5]">ROM_UART7IntHandler</a> from serial.o(.text) referenced from serial.o(.text)
 <LI><a href="#[1]">Reset_Handler</a> from startup_rvmdk.o(RESET) referenced from startup_rvmdk.o(RESET)
 <LI><a href="#[f]">SycTickHandler</a> from systicktime.o(.text) referenced from systicktime.o(.text)
 <LI><a href="#[b]">TIMER0A_Handler</a> from main.o(.text) referenced from timer_user.o(.text)
 <LI><a href="#[c]">TIMER1A_Handler</a> from main.o(.text) referenced from timer_user.o(.text)
 <LI><a href="#[d]">TIMER3_WID_IRQHandler</a> from main.o(.text) referenced from motor.o(.text)
 <LI><a href="#[e]">TIMER4_WID_IRQHandler</a> from main.o(.text) referenced from motor.o(.text)
 <LI><a href="#[b7]">UART0IntHandler</a> from serial.o(.text) referenced 6 times from serial.o(.text)
 <LI><a href="#[c0]">UART1IntHandler</a> from serial.o(.text) referenced from serial.o(.text)
 <LI><a href="#[c2]">UART2IntHandler</a> from serial.o(.text) referenced from serial.o(.text)
 <LI><a href="#[6]">_IntDefaultHandler</a> from interrupt.o(.text) referenced from interrupt.o(.text)
 <LI><a href="#[11]">_sputc</a> from printfa.o(i._sputc) referenced from printfa.o(i.__0vsprintf)
 <LI><a href="#[10]">fputc</a> from serial.o(.text) referenced from printfa.o(i.__0printf)
 <LI><a href="#[5]">main</a> from main.o(.text) referenced from entry9a.o(.ARM.Collect$$$$0000000B)
</UL>
<P>
<H3>
Global Symbols
</H3>
<P><STRONG><a name="[1]"></a>Reset_Handler</STRONG> (Thumb, 0 bytes, Stack size unknown bytes, startup_rvmdk.o(RESET))
<BR><BR>[Calls]<UL><LI><a href="#[12]">&gt;&gt;</a>&nbsp;&nbsp;&nbsp;__main
</UL>
<BR>[Address Reference Count : 1]<UL><LI> startup_rvmdk.o(RESET)
</UL>
<P><STRONG><a name="[12]"></a>__main</STRONG> (Thumb, 0 bytes, Stack size unknown bytes, entry.o(.ARM.Collect$$$$00000000))
<BR><BR>[Called By]<UL><LI><a href="#[1]">&gt;&gt;</a>&nbsp;&nbsp;&nbsp;Reset_Handler
</UL>

<P><STRONG><a name="[12b]"></a>_main_stk</STRONG> (Thumb, 0 bytes, Stack size unknown bytes, entry2.o(.ARM.Collect$$$$00000001))

<P><STRONG><a name="[13]"></a>_main_scatterload</STRONG> (Thumb, 0 bytes, Stack size unknown bytes, entry5.o(.ARM.Collect$$$$00000004))
<BR><BR>[Calls]<UL><LI><a href="#[14]">&gt;&gt;</a>&nbsp;&nbsp;&nbsp;__scatterload
</UL>

<P><STRONG><a name="[11b]"></a>__main_after_scatterload</STRONG> (Thumb, 0 bytes, Stack size unknown bytes, entry5.o(.ARM.Collect$$$$00000004))
<BR><BR>[Called By]<UL><LI><a href="#[14]">&gt;&gt;</a>&nbsp;&nbsp;&nbsp;__scatterload
</UL>

<P><STRONG><a name="[12c]"></a>_main_clock</STRONG> (Thumb, 0 bytes, Stack size unknown bytes, entry7b.o(.ARM.Collect$$$$00000008))

<P><STRONG><a name="[12d]"></a>_main_cpp_init</STRONG> (Thumb, 0 bytes, Stack size unknown bytes, entry8b.o(.ARM.Collect$$$$0000000A))

<P><STRONG><a name="[12e]"></a>_main_init</STRONG> (Thumb, 0 bytes, Stack size unknown bytes, entry9a.o(.ARM.Collect$$$$0000000B))

<P><STRONG><a name="[12f]"></a>__rt_final_cpp</STRONG> (Thumb, 0 bytes, Stack size unknown bytes, entry10a.o(.ARM.Collect$$$$0000000D))

<P><STRONG><a name="[130]"></a>__rt_final_exit</STRONG> (Thumb, 0 bytes, Stack size unknown bytes, entry11a.o(.ARM.Collect$$$$0000000F))

<P><STRONG><a name="[48]"></a>CPUcpsid</STRONG> (Thumb, 8 bytes, Stack size 0 bytes, cpu.o(.emb_text), UNUSED)
<BR><BR>[Called By]<UL><LI><a href="#[47]">&gt;&gt;</a>&nbsp;&nbsp;&nbsp;IntMasterDisable
</UL>

<P><STRONG><a name="[131]"></a>CPUprimask</STRONG> (Thumb, 6 bytes, Stack size 0 bytes, cpu.o(.emb_text), UNUSED)

<P><STRONG><a name="[46]"></a>CPUcpsie</STRONG> (Thumb, 8 bytes, Stack size 0 bytes, cpu.o(.emb_text))
<BR><BR>[Called By]<UL><LI><a href="#[45]">&gt;&gt;</a>&nbsp;&nbsp;&nbsp;IntMasterEnable
</UL>

<P><STRONG><a name="[56]"></a>CPUwfi</STRONG> (Thumb, 4 bytes, Stack size 0 bytes, cpu.o(.emb_text), UNUSED)
<BR><BR>[Called By]<UL><LI><a href="#[57]">&gt;&gt;</a>&nbsp;&nbsp;&nbsp;SysCtlDeepSleep
<LI><a href="#[55]">&gt;&gt;</a>&nbsp;&nbsp;&nbsp;SysCtlSleep
</UL>

<P><STRONG><a name="[4a]"></a>CPUbasepriSet</STRONG> (Thumb, 6 bytes, Stack size 0 bytes, cpu.o(.emb_text), UNUSED)
<BR><BR>[Called By]<UL><LI><a href="#[49]">&gt;&gt;</a>&nbsp;&nbsp;&nbsp;IntPriorityMaskSet
</UL>

<P><STRONG><a name="[4c]"></a>CPUbasepriGet</STRONG> (Thumb, 6 bytes, Stack size 0 bytes, cpu.o(.emb_text), UNUSED)
<BR><BR>[Called By]<UL><LI><a href="#[4b]">&gt;&gt;</a>&nbsp;&nbsp;&nbsp;IntPriorityMaskGet
</UL>

<P><STRONG><a name="[15]"></a>SysCtlDelay</STRONG> (Thumb, 6 bytes, Stack size 0 bytes, sysctl.o(.emb_text))
<BR><BR>[Calls]<UL><LI><a href="#[15]">&gt;&gt;</a>&nbsp;&nbsp;&nbsp;SysCtlDelay
</UL>
<BR>[Called By]<UL><LI><a href="#[15]">&gt;&gt;</a>&nbsp;&nbsp;&nbsp;SysCtlDelay
<LI><a href="#[1d]">&gt;&gt;</a>&nbsp;&nbsp;&nbsp;EEPROMMassErase
<LI><a href="#[18]">&gt;&gt;</a>&nbsp;&nbsp;&nbsp;EEPROMInit
<LI><a href="#[17]">&gt;&gt;</a>&nbsp;&nbsp;&nbsp;_EEPROMSectorMaskClear
<LI><a href="#[16]">&gt;&gt;</a>&nbsp;&nbsp;&nbsp;_EEPROMSectorMaskSet
<LI><a href="#[5b]">&gt;&gt;</a>&nbsp;&nbsp;&nbsp;SysCtlClockSet
</UL>

<P><STRONG><a name="[18]"></a>EEPROMInit</STRONG> (Thumb, 60 bytes, Stack size 8 bytes, eeprom.o(.text))
<BR><BR>[Stack]<UL><LI>Max Depth = 20<LI>Call Chain = EEPROMInit &rArr; SysCtlPeripheralReset
</UL>
<BR>[Calls]<UL><LI><a href="#[1a]">&gt;&gt;</a>&nbsp;&nbsp;&nbsp;SysCtlPeripheralReset
<LI><a href="#[15]">&gt;&gt;</a>&nbsp;&nbsp;&nbsp;SysCtlDelay
<LI><a href="#[19]">&gt;&gt;</a>&nbsp;&nbsp;&nbsp;_EEPROMWaitForDone
</UL>
<BR>[Called By]<UL><LI><a href="#[f9]">&gt;&gt;</a>&nbsp;&nbsp;&nbsp;EEPROM_Init
</UL>

<P><STRONG><a name="[132]"></a>EEPROMSizeGet</STRONG> (Thumb, 10 bytes, Stack size 0 bytes, eeprom.o(.text), UNUSED)

<P><STRONG><a name="[133]"></a>EEPROMBlockCountGet</STRONG> (Thumb, 10 bytes, Stack size 0 bytes, eeprom.o(.text), UNUSED)

<P><STRONG><a name="[fb]"></a>EEPROMRead</STRONG> (Thumb, 52 bytes, Stack size 8 bytes, eeprom.o(.text))
<BR><BR>[Stack]<UL><LI>Max Depth = 8<LI>Call Chain = EEPROMRead
</UL>
<BR>[Called By]<UL><LI><a href="#[5]">&gt;&gt;</a>&nbsp;&nbsp;&nbsp;main
<LI><a href="#[fd]">&gt;&gt;</a>&nbsp;&nbsp;&nbsp;ReadFlashParameterThree
<LI><a href="#[fc]">&gt;&gt;</a>&nbsp;&nbsp;&nbsp;ReadFlashParameterOne
<LI><a href="#[fa]">&gt;&gt;</a>&nbsp;&nbsp;&nbsp;ReadFlashParameterALL
</UL>

<P><STRONG><a name="[1b]"></a>EEPROMProgram</STRONG> (Thumb, 184 bytes, Stack size 24 bytes, eeprom.o(.text))
<BR><BR>[Stack]<UL><LI>Max Depth = 40<LI>Call Chain = EEPROMProgram &rArr; _EEPROMSectorMaskSet
</UL>
<BR>[Calls]<UL><LI><a href="#[17]">&gt;&gt;</a>&nbsp;&nbsp;&nbsp;_EEPROMSectorMaskClear
<LI><a href="#[16]">&gt;&gt;</a>&nbsp;&nbsp;&nbsp;_EEPROMSectorMaskSet
</UL>
<BR>[Called By]<UL><LI><a href="#[5]">&gt;&gt;</a>&nbsp;&nbsp;&nbsp;main
<LI><a href="#[100]">&gt;&gt;</a>&nbsp;&nbsp;&nbsp;WriteFlashParameter_Three
<LI><a href="#[ff]">&gt;&gt;</a>&nbsp;&nbsp;&nbsp;WriteFlashParameter_Two
<LI><a href="#[fe]">&gt;&gt;</a>&nbsp;&nbsp;&nbsp;WriteFlashParameter
</UL>

<P><STRONG><a name="[1c]"></a>EEPROMProgramNonBlocking</STRONG> (Thumb, 54 bytes, Stack size 16 bytes, eeprom.o(.text), UNUSED)
<BR><BR>[Calls]<UL><LI><a href="#[16]">&gt;&gt;</a>&nbsp;&nbsp;&nbsp;_EEPROMSectorMaskSet
</UL>

<P><STRONG><a name="[1d]"></a>EEPROMMassErase</STRONG> (Thumb, 62 bytes, Stack size 8 bytes, eeprom.o(.text), UNUSED)
<BR><BR>[Calls]<UL><LI><a href="#[1a]">&gt;&gt;</a>&nbsp;&nbsp;&nbsp;SysCtlPeripheralReset
<LI><a href="#[15]">&gt;&gt;</a>&nbsp;&nbsp;&nbsp;SysCtlDelay
<LI><a href="#[19]">&gt;&gt;</a>&nbsp;&nbsp;&nbsp;_EEPROMWaitForDone
<LI><a href="#[17]">&gt;&gt;</a>&nbsp;&nbsp;&nbsp;_EEPROMSectorMaskClear
</UL>

<P><STRONG><a name="[134]"></a>EEPROMBlockProtectGet</STRONG> (Thumb, 10 bytes, Stack size 0 bytes, eeprom.o(.text), UNUSED)

<P><STRONG><a name="[135]"></a>EEPROMBlockProtectSet</STRONG> (Thumb, 28 bytes, Stack size 0 bytes, eeprom.o(.text), UNUSED)

<P><STRONG><a name="[136]"></a>EEPROMBlockPasswordSet</STRONG> (Thumb, 48 bytes, Stack size 8 bytes, eeprom.o(.text), UNUSED)

<P><STRONG><a name="[137]"></a>EEPROMBlockLock</STRONG> (Thumb, 20 bytes, Stack size 0 bytes, eeprom.o(.text), UNUSED)

<P><STRONG><a name="[138]"></a>EEPROMBlockUnlock</STRONG> (Thumb, 44 bytes, Stack size 8 bytes, eeprom.o(.text), UNUSED)

<P><STRONG><a name="[139]"></a>EEPROMBlockHide</STRONG> (Thumb, 10 bytes, Stack size 0 bytes, eeprom.o(.text), UNUSED)

<P><STRONG><a name="[13a]"></a>EEPROMIntEnable</STRONG> (Thumb, 30 bytes, Stack size 0 bytes, eeprom.o(.text), UNUSED)

<P><STRONG><a name="[13b]"></a>EEPROMIntDisable</STRONG> (Thumb, 30 bytes, Stack size 0 bytes, eeprom.o(.text), UNUSED)

<P><STRONG><a name="[13c]"></a>EEPROMIntStatus</STRONG> (Thumb, 42 bytes, Stack size 0 bytes, eeprom.o(.text), UNUSED)

<P><STRONG><a name="[1e]"></a>EEPROMIntClear</STRONG> (Thumb, 40 bytes, Stack size 8 bytes, eeprom.o(.text), UNUSED)
<BR><BR>[Calls]<UL><LI><a href="#[17]">&gt;&gt;</a>&nbsp;&nbsp;&nbsp;_EEPROMSectorMaskClear
</UL>

<P><STRONG><a name="[13d]"></a>EEPROMStatusGet</STRONG> (Thumb, 6 bytes, Stack size 0 bytes, eeprom.o(.text), UNUSED)

<P><STRONG><a name="[27]"></a>GPIODirModeSet</STRONG> (Thumb, 50 bytes, Stack size 0 bytes, gpio.o(.text))
<BR><BR>[Called By]<UL><LI><a href="#[44]">&gt;&gt;</a>&nbsp;&nbsp;&nbsp;GPIOPinTypeCIR
<LI><a href="#[43]">&gt;&gt;</a>&nbsp;&nbsp;&nbsp;GPIOPinTypeLEDSeq
<LI><a href="#[42]">&gt;&gt;</a>&nbsp;&nbsp;&nbsp;GPIOPinTypeKBColumn
<LI><a href="#[41]">&gt;&gt;</a>&nbsp;&nbsp;&nbsp;GPIOPinTypeKBRow
<LI><a href="#[40]">&gt;&gt;</a>&nbsp;&nbsp;&nbsp;GPIOPinTypeWakeLow
<LI><a href="#[3f]">&gt;&gt;</a>&nbsp;&nbsp;&nbsp;GPIOPinTypeWakeHigh
<LI><a href="#[3e]">&gt;&gt;</a>&nbsp;&nbsp;&nbsp;GPIOPinTypeUSBDigital
<LI><a href="#[3d]">&gt;&gt;</a>&nbsp;&nbsp;&nbsp;GPIOPinTypeUSBAnalog
<LI><a href="#[3c]">&gt;&gt;</a>&nbsp;&nbsp;&nbsp;GPIOPinTypeUART
<LI><a href="#[3b]">&gt;&gt;</a>&nbsp;&nbsp;&nbsp;GPIOPinTypeTimer
<LI><a href="#[3a]">&gt;&gt;</a>&nbsp;&nbsp;&nbsp;GPIOPinTypeSSI
<LI><a href="#[39]">&gt;&gt;</a>&nbsp;&nbsp;&nbsp;GPIOPinTypeQEI
<LI><a href="#[38]">&gt;&gt;</a>&nbsp;&nbsp;&nbsp;GPIOPinTypePWM
<LI><a href="#[37]">&gt;&gt;</a>&nbsp;&nbsp;&nbsp;GPIOPinTypePECITx
<LI><a href="#[36]">&gt;&gt;</a>&nbsp;&nbsp;&nbsp;GPIOPinTypePECIRx
<LI><a href="#[35]">&gt;&gt;</a>&nbsp;&nbsp;&nbsp;GPIOPinTypeLPC
<LI><a href="#[34]">&gt;&gt;</a>&nbsp;&nbsp;&nbsp;GPIOPinTypeLCD
<LI><a href="#[33]">&gt;&gt;</a>&nbsp;&nbsp;&nbsp;GPIOPinTypeI2CSCL
<LI><a href="#[32]">&gt;&gt;</a>&nbsp;&nbsp;&nbsp;GPIOPinTypeI2C
<LI><a href="#[31]">&gt;&gt;</a>&nbsp;&nbsp;&nbsp;GPIOPinTypeGPIOOutputOD
<LI><a href="#[30]">&gt;&gt;</a>&nbsp;&nbsp;&nbsp;GPIOPinTypeGPIOOutput
<LI><a href="#[2f]">&gt;&gt;</a>&nbsp;&nbsp;&nbsp;GPIOPinTypeGPIOInput
<LI><a href="#[2e]">&gt;&gt;</a>&nbsp;&nbsp;&nbsp;GPIOPinTypeFan
<LI><a href="#[2d]">&gt;&gt;</a>&nbsp;&nbsp;&nbsp;GPIOPinTypeEthernetMII
<LI><a href="#[2c]">&gt;&gt;</a>&nbsp;&nbsp;&nbsp;GPIOPinTypeEthernetLED
<LI><a href="#[2b]">&gt;&gt;</a>&nbsp;&nbsp;&nbsp;GPIOPinTypeEPI
<LI><a href="#[2a]">&gt;&gt;</a>&nbsp;&nbsp;&nbsp;GPIOPinTypeComparator
<LI><a href="#[29]">&gt;&gt;</a>&nbsp;&nbsp;&nbsp;GPIOPinTypeCAN
<LI><a href="#[26]">&gt;&gt;</a>&nbsp;&nbsp;&nbsp;GPIOPinTypeADC
<LI><a href="#[6e]">&gt;&gt;</a>&nbsp;&nbsp;&nbsp;KEY_Init
<LI><a href="#[e5]">&gt;&gt;</a>&nbsp;&nbsp;&nbsp;Encoder_Init
<LI><a href="#[e1]">&gt;&gt;</a>&nbsp;&nbsp;&nbsp;ButtonsInit
</UL>

<P><STRONG><a name="[13e]"></a>GPIODirModeGet</STRONG> (Thumb, 46 bytes, Stack size 12 bytes, gpio.o(.text), UNUSED)

<P><STRONG><a name="[e2]"></a>GPIOIntTypeSet</STRONG> (Thumb, 102 bytes, Stack size 0 bytes, gpio.o(.text))
<BR><BR>[Called By]<UL><LI><a href="#[e1]">&gt;&gt;</a>&nbsp;&nbsp;&nbsp;ButtonsInit
</UL>

<P><STRONG><a name="[13f]"></a>GPIOIntTypeGet</STRONG> (Thumb, 84 bytes, Stack size 20 bytes, gpio.o(.text), UNUSED)

<P><STRONG><a name="[28]"></a>GPIOPadConfigSet</STRONG> (Thumb, 342 bytes, Stack size 20 bytes, gpio.o(.text))
<BR><BR>[Stack]<UL><LI>Max Depth = 20<LI>Call Chain = GPIOPadConfigSet
</UL>
<BR>[Called By]<UL><LI><a href="#[44]">&gt;&gt;</a>&nbsp;&nbsp;&nbsp;GPIOPinTypeCIR
<LI><a href="#[43]">&gt;&gt;</a>&nbsp;&nbsp;&nbsp;GPIOPinTypeLEDSeq
<LI><a href="#[42]">&gt;&gt;</a>&nbsp;&nbsp;&nbsp;GPIOPinTypeKBColumn
<LI><a href="#[41]">&gt;&gt;</a>&nbsp;&nbsp;&nbsp;GPIOPinTypeKBRow
<LI><a href="#[40]">&gt;&gt;</a>&nbsp;&nbsp;&nbsp;GPIOPinTypeWakeLow
<LI><a href="#[3f]">&gt;&gt;</a>&nbsp;&nbsp;&nbsp;GPIOPinTypeWakeHigh
<LI><a href="#[3e]">&gt;&gt;</a>&nbsp;&nbsp;&nbsp;GPIOPinTypeUSBDigital
<LI><a href="#[3d]">&gt;&gt;</a>&nbsp;&nbsp;&nbsp;GPIOPinTypeUSBAnalog
<LI><a href="#[3c]">&gt;&gt;</a>&nbsp;&nbsp;&nbsp;GPIOPinTypeUART
<LI><a href="#[3b]">&gt;&gt;</a>&nbsp;&nbsp;&nbsp;GPIOPinTypeTimer
<LI><a href="#[3a]">&gt;&gt;</a>&nbsp;&nbsp;&nbsp;GPIOPinTypeSSI
<LI><a href="#[39]">&gt;&gt;</a>&nbsp;&nbsp;&nbsp;GPIOPinTypeQEI
<LI><a href="#[38]">&gt;&gt;</a>&nbsp;&nbsp;&nbsp;GPIOPinTypePWM
<LI><a href="#[37]">&gt;&gt;</a>&nbsp;&nbsp;&nbsp;GPIOPinTypePECITx
<LI><a href="#[36]">&gt;&gt;</a>&nbsp;&nbsp;&nbsp;GPIOPinTypePECIRx
<LI><a href="#[35]">&gt;&gt;</a>&nbsp;&nbsp;&nbsp;GPIOPinTypeLPC
<LI><a href="#[34]">&gt;&gt;</a>&nbsp;&nbsp;&nbsp;GPIOPinTypeLCD
<LI><a href="#[33]">&gt;&gt;</a>&nbsp;&nbsp;&nbsp;GPIOPinTypeI2CSCL
<LI><a href="#[32]">&gt;&gt;</a>&nbsp;&nbsp;&nbsp;GPIOPinTypeI2C
<LI><a href="#[31]">&gt;&gt;</a>&nbsp;&nbsp;&nbsp;GPIOPinTypeGPIOOutputOD
<LI><a href="#[30]">&gt;&gt;</a>&nbsp;&nbsp;&nbsp;GPIOPinTypeGPIOOutput
<LI><a href="#[2f]">&gt;&gt;</a>&nbsp;&nbsp;&nbsp;GPIOPinTypeGPIOInput
<LI><a href="#[2e]">&gt;&gt;</a>&nbsp;&nbsp;&nbsp;GPIOPinTypeFan
<LI><a href="#[2d]">&gt;&gt;</a>&nbsp;&nbsp;&nbsp;GPIOPinTypeEthernetMII
<LI><a href="#[2c]">&gt;&gt;</a>&nbsp;&nbsp;&nbsp;GPIOPinTypeEthernetLED
<LI><a href="#[2b]">&gt;&gt;</a>&nbsp;&nbsp;&nbsp;GPIOPinTypeEPI
<LI><a href="#[2a]">&gt;&gt;</a>&nbsp;&nbsp;&nbsp;GPIOPinTypeComparator
<LI><a href="#[29]">&gt;&gt;</a>&nbsp;&nbsp;&nbsp;GPIOPinTypeCAN
<LI><a href="#[26]">&gt;&gt;</a>&nbsp;&nbsp;&nbsp;GPIOPinTypeADC
<LI><a href="#[6e]">&gt;&gt;</a>&nbsp;&nbsp;&nbsp;KEY_Init
<LI><a href="#[e5]">&gt;&gt;</a>&nbsp;&nbsp;&nbsp;Encoder_Init
<LI><a href="#[e1]">&gt;&gt;</a>&nbsp;&nbsp;&nbsp;ButtonsInit
</UL>

<P><STRONG><a name="[140]"></a>GPIOPadConfigGet</STRONG> (Thumb, 206 bytes, Stack size 20 bytes, gpio.o(.text), UNUSED)

<P><STRONG><a name="[e3]"></a>GPIOIntEnable</STRONG> (Thumb, 12 bytes, Stack size 0 bytes, gpio.o(.text))
<BR><BR>[Called By]<UL><LI><a href="#[e1]">&gt;&gt;</a>&nbsp;&nbsp;&nbsp;ButtonsInit
</UL>

<P><STRONG><a name="[141]"></a>GPIOIntDisable</STRONG> (Thumb, 12 bytes, Stack size 0 bytes, gpio.o(.text), UNUSED)

<P><STRONG><a name="[dd]"></a>GPIOIntStatus</STRONG> (Thumb, 16 bytes, Stack size 0 bytes, gpio.o(.text))
<BR><BR>[Called By]<UL><LI><a href="#[dc]">&gt;&gt;</a>&nbsp;&nbsp;&nbsp;GPIO_interrupt
</UL>

<P><STRONG><a name="[de]"></a>GPIOIntClear</STRONG> (Thumb, 6 bytes, Stack size 0 bytes, gpio.o(.text))
<BR><BR>[Called By]<UL><LI><a href="#[dc]">&gt;&gt;</a>&nbsp;&nbsp;&nbsp;GPIO_interrupt
</UL>

<P><STRONG><a name="[1f]"></a>GPIOIntRegister</STRONG> (Thumb, 30 bytes, Stack size 16 bytes, gpio.o(.text))
<BR><BR>[Stack]<UL><LI>Max Depth = 28<LI>Call Chain = GPIOIntRegister &rArr; _GPIOIntNumberGet
</UL>
<BR>[Calls]<UL><LI><a href="#[20]">&gt;&gt;</a>&nbsp;&nbsp;&nbsp;_GPIOIntNumberGet
<LI><a href="#[21]">&gt;&gt;</a>&nbsp;&nbsp;&nbsp;IntRegister
<LI><a href="#[22]">&gt;&gt;</a>&nbsp;&nbsp;&nbsp;IntEnable
</UL>
<BR>[Called By]<UL><LI><a href="#[e1]">&gt;&gt;</a>&nbsp;&nbsp;&nbsp;ButtonsInit
</UL>

<P><STRONG><a name="[23]"></a>GPIOIntUnregister</STRONG> (Thumb, 26 bytes, Stack size 16 bytes, gpio.o(.text), UNUSED)
<BR><BR>[Calls]<UL><LI><a href="#[20]">&gt;&gt;</a>&nbsp;&nbsp;&nbsp;_GPIOIntNumberGet
<LI><a href="#[25]">&gt;&gt;</a>&nbsp;&nbsp;&nbsp;IntUnregister
<LI><a href="#[24]">&gt;&gt;</a>&nbsp;&nbsp;&nbsp;IntDisable
</UL>

<P><STRONG><a name="[e0]"></a>GPIOPinRead</STRONG> (Thumb, 32 bytes, Stack size 0 bytes, gpio.o(.text))
<BR><BR>[Called By]<UL><LI><a href="#[b]">&gt;&gt;</a>&nbsp;&nbsp;&nbsp;TIMER0A_Handler
<LI><a href="#[5]">&gt;&gt;</a>&nbsp;&nbsp;&nbsp;main
<LI><a href="#[dc]">&gt;&gt;</a>&nbsp;&nbsp;&nbsp;GPIO_interrupt
</UL>

<P><STRONG><a name="[6c]"></a>GPIOPinWrite</STRONG> (Thumb, 10 bytes, Stack size 0 bytes, gpio.o(.text))
<BR><BR>[Called By]<UL><LI><a href="#[b]">&gt;&gt;</a>&nbsp;&nbsp;&nbsp;TIMER0A_Handler
<LI><a href="#[70]">&gt;&gt;</a>&nbsp;&nbsp;&nbsp;OLED_W_SDA
<LI><a href="#[6f]">&gt;&gt;</a>&nbsp;&nbsp;&nbsp;OLED_W_SCL
<LI><a href="#[6d]">&gt;&gt;</a>&nbsp;&nbsp;&nbsp;BEEP_Init
<LI><a href="#[6a]">&gt;&gt;</a>&nbsp;&nbsp;&nbsp;LED_Init
<LI><a href="#[5]">&gt;&gt;</a>&nbsp;&nbsp;&nbsp;main
<LI><a href="#[ec]">&gt;&gt;</a>&nbsp;&nbsp;&nbsp;Motor_SetPwm2
<LI><a href="#[eb]">&gt;&gt;</a>&nbsp;&nbsp;&nbsp;Motor_SetPwm1
</UL>

<P><STRONG><a name="[26]"></a>GPIOPinTypeADC</STRONG> (Thumb, 30 bytes, Stack size 12 bytes, gpio.o(.text), UNUSED)
<BR><BR>[Calls]<UL><LI><a href="#[28]">&gt;&gt;</a>&nbsp;&nbsp;&nbsp;GPIOPadConfigSet
<LI><a href="#[27]">&gt;&gt;</a>&nbsp;&nbsp;&nbsp;GPIODirModeSet
</UL>

<P><STRONG><a name="[29]"></a>GPIOPinTypeCAN</STRONG> (Thumb, 30 bytes, Stack size 12 bytes, gpio.o(.text), UNUSED)
<BR><BR>[Calls]<UL><LI><a href="#[28]">&gt;&gt;</a>&nbsp;&nbsp;&nbsp;GPIOPadConfigSet
<LI><a href="#[27]">&gt;&gt;</a>&nbsp;&nbsp;&nbsp;GPIODirModeSet
</UL>

<P><STRONG><a name="[2a]"></a>GPIOPinTypeComparator</STRONG> (Thumb, 30 bytes, Stack size 12 bytes, gpio.o(.text), UNUSED)
<BR><BR>[Calls]<UL><LI><a href="#[28]">&gt;&gt;</a>&nbsp;&nbsp;&nbsp;GPIOPadConfigSet
<LI><a href="#[27]">&gt;&gt;</a>&nbsp;&nbsp;&nbsp;GPIODirModeSet
</UL>

<P><STRONG><a name="[2b]"></a>GPIOPinTypeEPI</STRONG> (Thumb, 30 bytes, Stack size 12 bytes, gpio.o(.text), UNUSED)
<BR><BR>[Calls]<UL><LI><a href="#[28]">&gt;&gt;</a>&nbsp;&nbsp;&nbsp;GPIOPadConfigSet
<LI><a href="#[27]">&gt;&gt;</a>&nbsp;&nbsp;&nbsp;GPIODirModeSet
</UL>

<P><STRONG><a name="[2c]"></a>GPIOPinTypeEthernetLED</STRONG> (Thumb, 30 bytes, Stack size 12 bytes, gpio.o(.text), UNUSED)
<BR><BR>[Calls]<UL><LI><a href="#[28]">&gt;&gt;</a>&nbsp;&nbsp;&nbsp;GPIOPadConfigSet
<LI><a href="#[27]">&gt;&gt;</a>&nbsp;&nbsp;&nbsp;GPIODirModeSet
</UL>

<P><STRONG><a name="[2d]"></a>GPIOPinTypeEthernetMII</STRONG> (Thumb, 30 bytes, Stack size 12 bytes, gpio.o(.text), UNUSED)
<BR><BR>[Calls]<UL><LI><a href="#[28]">&gt;&gt;</a>&nbsp;&nbsp;&nbsp;GPIOPadConfigSet
<LI><a href="#[27]">&gt;&gt;</a>&nbsp;&nbsp;&nbsp;GPIODirModeSet
</UL>

<P><STRONG><a name="[2e]"></a>GPIOPinTypeFan</STRONG> (Thumb, 30 bytes, Stack size 12 bytes, gpio.o(.text), UNUSED)
<BR><BR>[Calls]<UL><LI><a href="#[28]">&gt;&gt;</a>&nbsp;&nbsp;&nbsp;GPIOPadConfigSet
<LI><a href="#[27]">&gt;&gt;</a>&nbsp;&nbsp;&nbsp;GPIODirModeSet
</UL>

<P><STRONG><a name="[2f]"></a>GPIOPinTypeGPIOInput</STRONG> (Thumb, 30 bytes, Stack size 12 bytes, gpio.o(.text), UNUSED)
<BR><BR>[Calls]<UL><LI><a href="#[28]">&gt;&gt;</a>&nbsp;&nbsp;&nbsp;GPIOPadConfigSet
<LI><a href="#[27]">&gt;&gt;</a>&nbsp;&nbsp;&nbsp;GPIODirModeSet
</UL>

<P><STRONG><a name="[30]"></a>GPIOPinTypeGPIOOutput</STRONG> (Thumb, 30 bytes, Stack size 12 bytes, gpio.o(.text))
<BR><BR>[Stack]<UL><LI>Max Depth = 32<LI>Call Chain = GPIOPinTypeGPIOOutput &rArr; GPIOPadConfigSet
</UL>
<BR>[Calls]<UL><LI><a href="#[28]">&gt;&gt;</a>&nbsp;&nbsp;&nbsp;GPIOPadConfigSet
<LI><a href="#[27]">&gt;&gt;</a>&nbsp;&nbsp;&nbsp;GPIODirModeSet
</UL>
<BR>[Called By]<UL><LI><a href="#[71]">&gt;&gt;</a>&nbsp;&nbsp;&nbsp;OLED_GPIO_Init
<LI><a href="#[6d]">&gt;&gt;</a>&nbsp;&nbsp;&nbsp;BEEP_Init
<LI><a href="#[6a]">&gt;&gt;</a>&nbsp;&nbsp;&nbsp;LED_Init
<LI><a href="#[68]">&gt;&gt;</a>&nbsp;&nbsp;&nbsp;LED_GPIO_Config
<LI><a href="#[e4]">&gt;&gt;</a>&nbsp;&nbsp;&nbsp;Motor_Init
</UL>

<P><STRONG><a name="[31]"></a>GPIOPinTypeGPIOOutputOD</STRONG> (Thumb, 30 bytes, Stack size 12 bytes, gpio.o(.text), UNUSED)
<BR><BR>[Calls]<UL><LI><a href="#[28]">&gt;&gt;</a>&nbsp;&nbsp;&nbsp;GPIOPadConfigSet
<LI><a href="#[27]">&gt;&gt;</a>&nbsp;&nbsp;&nbsp;GPIODirModeSet
</UL>

<P><STRONG><a name="[32]"></a>GPIOPinTypeI2C</STRONG> (Thumb, 30 bytes, Stack size 12 bytes, gpio.o(.text), UNUSED)
<BR><BR>[Calls]<UL><LI><a href="#[28]">&gt;&gt;</a>&nbsp;&nbsp;&nbsp;GPIOPadConfigSet
<LI><a href="#[27]">&gt;&gt;</a>&nbsp;&nbsp;&nbsp;GPIODirModeSet
</UL>

<P><STRONG><a name="[33]"></a>GPIOPinTypeI2CSCL</STRONG> (Thumb, 30 bytes, Stack size 12 bytes, gpio.o(.text), UNUSED)
<BR><BR>[Calls]<UL><LI><a href="#[28]">&gt;&gt;</a>&nbsp;&nbsp;&nbsp;GPIOPadConfigSet
<LI><a href="#[27]">&gt;&gt;</a>&nbsp;&nbsp;&nbsp;GPIODirModeSet
</UL>

<P><STRONG><a name="[34]"></a>GPIOPinTypeLCD</STRONG> (Thumb, 30 bytes, Stack size 12 bytes, gpio.o(.text), UNUSED)
<BR><BR>[Calls]<UL><LI><a href="#[28]">&gt;&gt;</a>&nbsp;&nbsp;&nbsp;GPIOPadConfigSet
<LI><a href="#[27]">&gt;&gt;</a>&nbsp;&nbsp;&nbsp;GPIODirModeSet
</UL>

<P><STRONG><a name="[35]"></a>GPIOPinTypeLPC</STRONG> (Thumb, 30 bytes, Stack size 12 bytes, gpio.o(.text), UNUSED)
<BR><BR>[Calls]<UL><LI><a href="#[28]">&gt;&gt;</a>&nbsp;&nbsp;&nbsp;GPIOPadConfigSet
<LI><a href="#[27]">&gt;&gt;</a>&nbsp;&nbsp;&nbsp;GPIODirModeSet
</UL>

<P><STRONG><a name="[36]"></a>GPIOPinTypePECIRx</STRONG> (Thumb, 30 bytes, Stack size 12 bytes, gpio.o(.text), UNUSED)
<BR><BR>[Calls]<UL><LI><a href="#[28]">&gt;&gt;</a>&nbsp;&nbsp;&nbsp;GPIOPadConfigSet
<LI><a href="#[27]">&gt;&gt;</a>&nbsp;&nbsp;&nbsp;GPIODirModeSet
</UL>

<P><STRONG><a name="[37]"></a>GPIOPinTypePECITx</STRONG> (Thumb, 30 bytes, Stack size 12 bytes, gpio.o(.text), UNUSED)
<BR><BR>[Calls]<UL><LI><a href="#[28]">&gt;&gt;</a>&nbsp;&nbsp;&nbsp;GPIOPadConfigSet
<LI><a href="#[27]">&gt;&gt;</a>&nbsp;&nbsp;&nbsp;GPIODirModeSet
</UL>

<P><STRONG><a name="[38]"></a>GPIOPinTypePWM</STRONG> (Thumb, 30 bytes, Stack size 12 bytes, gpio.o(.text))
<BR><BR>[Stack]<UL><LI>Max Depth = 32<LI>Call Chain = GPIOPinTypePWM &rArr; GPIOPadConfigSet
</UL>
<BR>[Calls]<UL><LI><a href="#[28]">&gt;&gt;</a>&nbsp;&nbsp;&nbsp;GPIOPadConfigSet
<LI><a href="#[27]">&gt;&gt;</a>&nbsp;&nbsp;&nbsp;GPIODirModeSet
</UL>
<BR>[Called By]<UL><LI><a href="#[d2]">&gt;&gt;</a>&nbsp;&nbsp;&nbsp;PWM_Init
</UL>

<P><STRONG><a name="[39]"></a>GPIOPinTypeQEI</STRONG> (Thumb, 30 bytes, Stack size 12 bytes, gpio.o(.text), UNUSED)
<BR><BR>[Calls]<UL><LI><a href="#[28]">&gt;&gt;</a>&nbsp;&nbsp;&nbsp;GPIOPadConfigSet
<LI><a href="#[27]">&gt;&gt;</a>&nbsp;&nbsp;&nbsp;GPIODirModeSet
</UL>

<P><STRONG><a name="[3a]"></a>GPIOPinTypeSSI</STRONG> (Thumb, 30 bytes, Stack size 12 bytes, gpio.o(.text), UNUSED)
<BR><BR>[Calls]<UL><LI><a href="#[28]">&gt;&gt;</a>&nbsp;&nbsp;&nbsp;GPIOPadConfigSet
<LI><a href="#[27]">&gt;&gt;</a>&nbsp;&nbsp;&nbsp;GPIODirModeSet
</UL>

<P><STRONG><a name="[3b]"></a>GPIOPinTypeTimer</STRONG> (Thumb, 30 bytes, Stack size 12 bytes, gpio.o(.text), UNUSED)
<BR><BR>[Calls]<UL><LI><a href="#[28]">&gt;&gt;</a>&nbsp;&nbsp;&nbsp;GPIOPadConfigSet
<LI><a href="#[27]">&gt;&gt;</a>&nbsp;&nbsp;&nbsp;GPIODirModeSet
</UL>
<BR>[Called By]<UL><LI><a href="#[e5]">&gt;&gt;</a>&nbsp;&nbsp;&nbsp;Encoder_Init
</UL>

<P><STRONG><a name="[3c]"></a>GPIOPinTypeUART</STRONG> (Thumb, 30 bytes, Stack size 12 bytes, gpio.o(.text), UNUSED)
<BR><BR>[Calls]<UL><LI><a href="#[28]">&gt;&gt;</a>&nbsp;&nbsp;&nbsp;GPIOPadConfigSet
<LI><a href="#[27]">&gt;&gt;</a>&nbsp;&nbsp;&nbsp;GPIODirModeSet
</UL>
<BR>[Called By]<UL><LI><a href="#[c8]">&gt;&gt;</a>&nbsp;&nbsp;&nbsp;UART7_Init
<LI><a href="#[c7]">&gt;&gt;</a>&nbsp;&nbsp;&nbsp;UART6_Init
<LI><a href="#[c6]">&gt;&gt;</a>&nbsp;&nbsp;&nbsp;UART5_Init
<LI><a href="#[c5]">&gt;&gt;</a>&nbsp;&nbsp;&nbsp;UART4_Init
<LI><a href="#[c4]">&gt;&gt;</a>&nbsp;&nbsp;&nbsp;UART3_Init
<LI><a href="#[c3]">&gt;&gt;</a>&nbsp;&nbsp;&nbsp;UART2_Init
<LI><a href="#[c1]">&gt;&gt;</a>&nbsp;&nbsp;&nbsp;UART1_Init
<LI><a href="#[bb]">&gt;&gt;</a>&nbsp;&nbsp;&nbsp;UART0_Init
</UL>

<P><STRONG><a name="[3d]"></a>GPIOPinTypeUSBAnalog</STRONG> (Thumb, 30 bytes, Stack size 12 bytes, gpio.o(.text), UNUSED)
<BR><BR>[Calls]<UL><LI><a href="#[28]">&gt;&gt;</a>&nbsp;&nbsp;&nbsp;GPIOPadConfigSet
<LI><a href="#[27]">&gt;&gt;</a>&nbsp;&nbsp;&nbsp;GPIODirModeSet
</UL>

<P><STRONG><a name="[3e]"></a>GPIOPinTypeUSBDigital</STRONG> (Thumb, 30 bytes, Stack size 12 bytes, gpio.o(.text), UNUSED)
<BR><BR>[Calls]<UL><LI><a href="#[28]">&gt;&gt;</a>&nbsp;&nbsp;&nbsp;GPIOPadConfigSet
<LI><a href="#[27]">&gt;&gt;</a>&nbsp;&nbsp;&nbsp;GPIODirModeSet
</UL>

<P><STRONG><a name="[3f]"></a>GPIOPinTypeWakeHigh</STRONG> (Thumb, 32 bytes, Stack size 12 bytes, gpio.o(.text), UNUSED)
<BR><BR>[Calls]<UL><LI><a href="#[28]">&gt;&gt;</a>&nbsp;&nbsp;&nbsp;GPIOPadConfigSet
<LI><a href="#[27]">&gt;&gt;</a>&nbsp;&nbsp;&nbsp;GPIODirModeSet
</UL>

<P><STRONG><a name="[40]"></a>GPIOPinTypeWakeLow</STRONG> (Thumb, 32 bytes, Stack size 12 bytes, gpio.o(.text), UNUSED)
<BR><BR>[Calls]<UL><LI><a href="#[28]">&gt;&gt;</a>&nbsp;&nbsp;&nbsp;GPIOPadConfigSet
<LI><a href="#[27]">&gt;&gt;</a>&nbsp;&nbsp;&nbsp;GPIODirModeSet
</UL>

<P><STRONG><a name="[41]"></a>GPIOPinTypeKBRow</STRONG> (Thumb, 30 bytes, Stack size 12 bytes, gpio.o(.text), UNUSED)
<BR><BR>[Calls]<UL><LI><a href="#[28]">&gt;&gt;</a>&nbsp;&nbsp;&nbsp;GPIOPadConfigSet
<LI><a href="#[27]">&gt;&gt;</a>&nbsp;&nbsp;&nbsp;GPIODirModeSet
</UL>

<P><STRONG><a name="[42]"></a>GPIOPinTypeKBColumn</STRONG> (Thumb, 30 bytes, Stack size 12 bytes, gpio.o(.text), UNUSED)
<BR><BR>[Calls]<UL><LI><a href="#[28]">&gt;&gt;</a>&nbsp;&nbsp;&nbsp;GPIOPadConfigSet
<LI><a href="#[27]">&gt;&gt;</a>&nbsp;&nbsp;&nbsp;GPIODirModeSet
</UL>

<P><STRONG><a name="[43]"></a>GPIOPinTypeLEDSeq</STRONG> (Thumb, 30 bytes, Stack size 12 bytes, gpio.o(.text), UNUSED)
<BR><BR>[Calls]<UL><LI><a href="#[28]">&gt;&gt;</a>&nbsp;&nbsp;&nbsp;GPIOPadConfigSet
<LI><a href="#[27]">&gt;&gt;</a>&nbsp;&nbsp;&nbsp;GPIODirModeSet
</UL>

<P><STRONG><a name="[44]"></a>GPIOPinTypeCIR</STRONG> (Thumb, 30 bytes, Stack size 12 bytes, gpio.o(.text), UNUSED)
<BR><BR>[Calls]<UL><LI><a href="#[28]">&gt;&gt;</a>&nbsp;&nbsp;&nbsp;GPIOPadConfigSet
<LI><a href="#[27]">&gt;&gt;</a>&nbsp;&nbsp;&nbsp;GPIODirModeSet
</UL>

<P><STRONG><a name="[142]"></a>GPIOPinWakeStatus</STRONG> (Thumb, 8 bytes, Stack size 0 bytes, gpio.o(.text), UNUSED)

<P><STRONG><a name="[bc]"></a>GPIOPinConfigure</STRONG> (Thumb, 70 bytes, Stack size 8 bytes, gpio.o(.text))
<BR><BR>[Stack]<UL><LI>Max Depth = 8<LI>Call Chain = GPIOPinConfigure
</UL>
<BR>[Called By]<UL><LI><a href="#[d2]">&gt;&gt;</a>&nbsp;&nbsp;&nbsp;PWM_Init
<LI><a href="#[c8]">&gt;&gt;</a>&nbsp;&nbsp;&nbsp;UART7_Init
<LI><a href="#[c7]">&gt;&gt;</a>&nbsp;&nbsp;&nbsp;UART6_Init
<LI><a href="#[c6]">&gt;&gt;</a>&nbsp;&nbsp;&nbsp;UART5_Init
<LI><a href="#[c5]">&gt;&gt;</a>&nbsp;&nbsp;&nbsp;UART4_Init
<LI><a href="#[c4]">&gt;&gt;</a>&nbsp;&nbsp;&nbsp;UART3_Init
<LI><a href="#[c3]">&gt;&gt;</a>&nbsp;&nbsp;&nbsp;UART2_Init
<LI><a href="#[c1]">&gt;&gt;</a>&nbsp;&nbsp;&nbsp;UART1_Init
<LI><a href="#[bb]">&gt;&gt;</a>&nbsp;&nbsp;&nbsp;UART0_Init
<LI><a href="#[e5]">&gt;&gt;</a>&nbsp;&nbsp;&nbsp;Encoder_Init
</UL>

<P><STRONG><a name="[143]"></a>GPIODMATriggerEnable</STRONG> (Thumb, 12 bytes, Stack size 0 bytes, gpio.o(.text), UNUSED)

<P><STRONG><a name="[144]"></a>GPIODMATriggerDisable</STRONG> (Thumb, 12 bytes, Stack size 0 bytes, gpio.o(.text), UNUSED)

<P><STRONG><a name="[145]"></a>GPIOADCTriggerEnable</STRONG> (Thumb, 12 bytes, Stack size 0 bytes, gpio.o(.text), UNUSED)

<P><STRONG><a name="[146]"></a>GPIOADCTriggerDisable</STRONG> (Thumb, 12 bytes, Stack size 0 bytes, gpio.o(.text), UNUSED)

<P><STRONG><a name="[45]"></a>IntMasterEnable</STRONG> (Thumb, 16 bytes, Stack size 8 bytes, interrupt.o(.text))
<BR><BR>[Stack]<UL><LI>Max Depth = 8<LI>Call Chain = IntMasterEnable
</UL>
<BR>[Calls]<UL><LI><a href="#[46]">&gt;&gt;</a>&nbsp;&nbsp;&nbsp;CPUcpsie
</UL>
<BR>[Called By]<UL><LI><a href="#[c8]">&gt;&gt;</a>&nbsp;&nbsp;&nbsp;UART7_Init
<LI><a href="#[c7]">&gt;&gt;</a>&nbsp;&nbsp;&nbsp;UART6_Init
<LI><a href="#[c6]">&gt;&gt;</a>&nbsp;&nbsp;&nbsp;UART5_Init
<LI><a href="#[c5]">&gt;&gt;</a>&nbsp;&nbsp;&nbsp;UART4_Init
<LI><a href="#[c4]">&gt;&gt;</a>&nbsp;&nbsp;&nbsp;UART3_Init
<LI><a href="#[c3]">&gt;&gt;</a>&nbsp;&nbsp;&nbsp;UART2_Init
<LI><a href="#[c1]">&gt;&gt;</a>&nbsp;&nbsp;&nbsp;UART1_Init
<LI><a href="#[bb]">&gt;&gt;</a>&nbsp;&nbsp;&nbsp;UART0_Init
<LI><a href="#[e5]">&gt;&gt;</a>&nbsp;&nbsp;&nbsp;Encoder_Init
<LI><a href="#[e1]">&gt;&gt;</a>&nbsp;&nbsp;&nbsp;ButtonsInit
</UL>

<P><STRONG><a name="[47]"></a>IntMasterDisable</STRONG> (Thumb, 16 bytes, Stack size 8 bytes, interrupt.o(.text), UNUSED)
<BR><BR>[Calls]<UL><LI><a href="#[48]">&gt;&gt;</a>&nbsp;&nbsp;&nbsp;CPUcpsid
</UL>

<P><STRONG><a name="[21]"></a>IntRegister</STRONG> (Thumb, 52 bytes, Stack size 12 bytes, interrupt.o(.text))
<BR><BR>[Stack]<UL><LI>Max Depth = 12<LI>Call Chain = IntRegister
</UL>
<BR>[Called By]<UL><LI><a href="#[1f]">&gt;&gt;</a>&nbsp;&nbsp;&nbsp;GPIOIntRegister
<LI><a href="#[65]">&gt;&gt;</a>&nbsp;&nbsp;&nbsp;UARTIntRegister
<LI><a href="#[5f]">&gt;&gt;</a>&nbsp;&nbsp;&nbsp;TimerIntRegister
<LI><a href="#[5d]">&gt;&gt;</a>&nbsp;&nbsp;&nbsp;SysTickIntRegister
<LI><a href="#[53]">&gt;&gt;</a>&nbsp;&nbsp;&nbsp;SysCtlIntRegister
<LI><a href="#[50]">&gt;&gt;</a>&nbsp;&nbsp;&nbsp;PWMFaultIntRegister
<LI><a href="#[4d]">&gt;&gt;</a>&nbsp;&nbsp;&nbsp;PWMGenIntRegister
</UL>

<P><STRONG><a name="[25]"></a>IntUnregister</STRONG> (Thumb, 10 bytes, Stack size 0 bytes, interrupt.o(.text), UNUSED)
<BR><BR>[Called By]<UL><LI><a href="#[23]">&gt;&gt;</a>&nbsp;&nbsp;&nbsp;GPIOIntUnregister
<LI><a href="#[67]">&gt;&gt;</a>&nbsp;&nbsp;&nbsp;UARTIntUnregister
<LI><a href="#[61]">&gt;&gt;</a>&nbsp;&nbsp;&nbsp;TimerIntUnregister
<LI><a href="#[5e]">&gt;&gt;</a>&nbsp;&nbsp;&nbsp;SysTickIntUnregister
<LI><a href="#[54]">&gt;&gt;</a>&nbsp;&nbsp;&nbsp;SysCtlIntUnregister
<LI><a href="#[52]">&gt;&gt;</a>&nbsp;&nbsp;&nbsp;PWMFaultIntUnregister
<LI><a href="#[4f]">&gt;&gt;</a>&nbsp;&nbsp;&nbsp;PWMGenIntUnregister
</UL>

<P><STRONG><a name="[147]"></a>IntPriorityGroupingSet</STRONG> (Thumb, 18 bytes, Stack size 0 bytes, interrupt.o(.text), UNUSED)

<P><STRONG><a name="[148]"></a>IntPriorityGroupingGet</STRONG> (Thumb, 36 bytes, Stack size 0 bytes, interrupt.o(.text), UNUSED)

<P><STRONG><a name="[bf]"></a>IntPrioritySet</STRONG> (Thumb, 46 bytes, Stack size 8 bytes, interrupt.o(.text))
<BR><BR>[Stack]<UL><LI>Max Depth = 8<LI>Call Chain = IntPrioritySet
</UL>
<BR>[Called By]<UL><LI><a href="#[c8]">&gt;&gt;</a>&nbsp;&nbsp;&nbsp;UART7_Init
<LI><a href="#[c7]">&gt;&gt;</a>&nbsp;&nbsp;&nbsp;UART6_Init
<LI><a href="#[c6]">&gt;&gt;</a>&nbsp;&nbsp;&nbsp;UART5_Init
<LI><a href="#[c5]">&gt;&gt;</a>&nbsp;&nbsp;&nbsp;UART4_Init
<LI><a href="#[c4]">&gt;&gt;</a>&nbsp;&nbsp;&nbsp;UART3_Init
<LI><a href="#[c3]">&gt;&gt;</a>&nbsp;&nbsp;&nbsp;UART2_Init
<LI><a href="#[c1]">&gt;&gt;</a>&nbsp;&nbsp;&nbsp;UART1_Init
<LI><a href="#[bb]">&gt;&gt;</a>&nbsp;&nbsp;&nbsp;UART0_Init
<LI><a href="#[e5]">&gt;&gt;</a>&nbsp;&nbsp;&nbsp;Encoder_Init
<LI><a href="#[e1]">&gt;&gt;</a>&nbsp;&nbsp;&nbsp;ButtonsInit
</UL>

<P><STRONG><a name="[149]"></a>IntPriorityGet</STRONG> (Thumb, 22 bytes, Stack size 0 bytes, interrupt.o(.text), UNUSED)

<P><STRONG><a name="[22]"></a>IntEnable</STRONG> (Thumb, 120 bytes, Stack size 0 bytes, interrupt.o(.text))
<BR><BR>[Called By]<UL><LI><a href="#[1f]">&gt;&gt;</a>&nbsp;&nbsp;&nbsp;GPIOIntRegister
<LI><a href="#[c8]">&gt;&gt;</a>&nbsp;&nbsp;&nbsp;UART7_Init
<LI><a href="#[c7]">&gt;&gt;</a>&nbsp;&nbsp;&nbsp;UART6_Init
<LI><a href="#[c6]">&gt;&gt;</a>&nbsp;&nbsp;&nbsp;UART5_Init
<LI><a href="#[c5]">&gt;&gt;</a>&nbsp;&nbsp;&nbsp;UART4_Init
<LI><a href="#[c4]">&gt;&gt;</a>&nbsp;&nbsp;&nbsp;UART3_Init
<LI><a href="#[c3]">&gt;&gt;</a>&nbsp;&nbsp;&nbsp;UART2_Init
<LI><a href="#[c1]">&gt;&gt;</a>&nbsp;&nbsp;&nbsp;UART1_Init
<LI><a href="#[bb]">&gt;&gt;</a>&nbsp;&nbsp;&nbsp;UART0_Init
<LI><a href="#[65]">&gt;&gt;</a>&nbsp;&nbsp;&nbsp;UARTIntRegister
<LI><a href="#[5f]">&gt;&gt;</a>&nbsp;&nbsp;&nbsp;TimerIntRegister
<LI><a href="#[53]">&gt;&gt;</a>&nbsp;&nbsp;&nbsp;SysCtlIntRegister
<LI><a href="#[50]">&gt;&gt;</a>&nbsp;&nbsp;&nbsp;PWMFaultIntRegister
<LI><a href="#[4d]">&gt;&gt;</a>&nbsp;&nbsp;&nbsp;PWMGenIntRegister
<LI><a href="#[e5]">&gt;&gt;</a>&nbsp;&nbsp;&nbsp;Encoder_Init
<LI><a href="#[e1]">&gt;&gt;</a>&nbsp;&nbsp;&nbsp;ButtonsInit
</UL>

<P><STRONG><a name="[24]"></a>IntDisable</STRONG> (Thumb, 120 bytes, Stack size 0 bytes, interrupt.o(.text), UNUSED)
<BR><BR>[Called By]<UL><LI><a href="#[23]">&gt;&gt;</a>&nbsp;&nbsp;&nbsp;GPIOIntUnregister
<LI><a href="#[67]">&gt;&gt;</a>&nbsp;&nbsp;&nbsp;UARTIntUnregister
<LI><a href="#[61]">&gt;&gt;</a>&nbsp;&nbsp;&nbsp;TimerIntUnregister
<LI><a href="#[54]">&gt;&gt;</a>&nbsp;&nbsp;&nbsp;SysCtlIntUnregister
<LI><a href="#[52]">&gt;&gt;</a>&nbsp;&nbsp;&nbsp;PWMFaultIntUnregister
<LI><a href="#[4f]">&gt;&gt;</a>&nbsp;&nbsp;&nbsp;PWMGenIntUnregister
</UL>

<P><STRONG><a name="[14a]"></a>IntIsEnabled</STRONG> (Thumb, 106 bytes, Stack size 8 bytes, interrupt.o(.text), UNUSED)

<P><STRONG><a name="[14b]"></a>IntPendSet</STRONG> (Thumb, 98 bytes, Stack size 0 bytes, interrupt.o(.text), UNUSED)

<P><STRONG><a name="[14c]"></a>IntPendClear</STRONG> (Thumb, 76 bytes, Stack size 0 bytes, interrupt.o(.text), UNUSED)

<P><STRONG><a name="[49]"></a>IntPriorityMaskSet</STRONG> (Thumb, 12 bytes, Stack size 8 bytes, interrupt.o(.text), UNUSED)
<BR><BR>[Calls]<UL><LI><a href="#[4a]">&gt;&gt;</a>&nbsp;&nbsp;&nbsp;CPUbasepriSet
</UL>

<P><STRONG><a name="[4b]"></a>IntPriorityMaskGet</STRONG> (Thumb, 8 bytes, Stack size 8 bytes, interrupt.o(.text), UNUSED)
<BR><BR>[Calls]<UL><LI><a href="#[4c]">&gt;&gt;</a>&nbsp;&nbsp;&nbsp;CPUbasepriGet
</UL>

<P><STRONG><a name="[14d]"></a>IntTrigger</STRONG> (Thumb, 10 bytes, Stack size 0 bytes, interrupt.o(.text), UNUSED)

<P><STRONG><a name="[d4]"></a>PWMGenConfigure</STRONG> (Thumb, 42 bytes, Stack size 8 bytes, pwm.o(.text))
<BR><BR>[Stack]<UL><LI>Max Depth = 8<LI>Call Chain = PWMGenConfigure
</UL>
<BR>[Called By]<UL><LI><a href="#[d2]">&gt;&gt;</a>&nbsp;&nbsp;&nbsp;PWM_Init
</UL>

<P><STRONG><a name="[d5]"></a>PWMGenPeriodSet</STRONG> (Thumb, 22 bytes, Stack size 0 bytes, pwm.o(.text))
<BR><BR>[Called By]<UL><LI><a href="#[d2]">&gt;&gt;</a>&nbsp;&nbsp;&nbsp;PWM_Init
<LI><a href="#[d8]">&gt;&gt;</a>&nbsp;&nbsp;&nbsp;SetCycle
</UL>

<P><STRONG><a name="[da]"></a>PWMGenPeriodGet</STRONG> (Thumb, 24 bytes, Stack size 0 bytes, pwm.o(.text))
<BR><BR>[Called By]<UL><LI><a href="#[d9]">&gt;&gt;</a>&nbsp;&nbsp;&nbsp;SetDuty
</UL>

<P><STRONG><a name="[d7]"></a>PWMGenEnable</STRONG> (Thumb, 10 bytes, Stack size 0 bytes, pwm.o(.text))
<BR><BR>[Called By]<UL><LI><a href="#[d2]">&gt;&gt;</a>&nbsp;&nbsp;&nbsp;PWM_Init
<LI><a href="#[d9]">&gt;&gt;</a>&nbsp;&nbsp;&nbsp;SetDuty
<LI><a href="#[d8]">&gt;&gt;</a>&nbsp;&nbsp;&nbsp;SetCycle
</UL>

<P><STRONG><a name="[14e]"></a>PWMGenDisable</STRONG> (Thumb, 10 bytes, Stack size 0 bytes, pwm.o(.text), UNUSED)

<P><STRONG><a name="[db]"></a>PWMPulseWidthSet</STRONG> (Thumb, 38 bytes, Stack size 12 bytes, pwm.o(.text))
<BR><BR>[Stack]<UL><LI>Max Depth = 12<LI>Call Chain = PWMPulseWidthSet
</UL>
<BR>[Called By]<UL><LI><a href="#[d9]">&gt;&gt;</a>&nbsp;&nbsp;&nbsp;SetDuty
</UL>

<P><STRONG><a name="[14f]"></a>PWMPulseWidthGet</STRONG> (Thumb, 40 bytes, Stack size 12 bytes, pwm.o(.text), UNUSED)

<P><STRONG><a name="[150]"></a>PWMDeadBandEnable</STRONG> (Thumb, 18 bytes, Stack size 8 bytes, pwm.o(.text), UNUSED)

<P><STRONG><a name="[151]"></a>PWMDeadBandDisable</STRONG> (Thumb, 14 bytes, Stack size 0 bytes, pwm.o(.text), UNUSED)

<P><STRONG><a name="[152]"></a>PWMSyncUpdate</STRONG> (Thumb, 4 bytes, Stack size 0 bytes, pwm.o(.text), UNUSED)

<P><STRONG><a name="[153]"></a>PWMSyncTimeBase</STRONG> (Thumb, 4 bytes, Stack size 0 bytes, pwm.o(.text), UNUSED)

<P><STRONG><a name="[d6]"></a>PWMOutputState</STRONG> (Thumb, 20 bytes, Stack size 0 bytes, pwm.o(.text))
<BR><BR>[Called By]<UL><LI><a href="#[d2]">&gt;&gt;</a>&nbsp;&nbsp;&nbsp;PWM_Init
<LI><a href="#[d9]">&gt;&gt;</a>&nbsp;&nbsp;&nbsp;SetDuty
<LI><a href="#[d8]">&gt;&gt;</a>&nbsp;&nbsp;&nbsp;SetCycle
</UL>

<P><STRONG><a name="[154]"></a>PWMOutputInvert</STRONG> (Thumb, 20 bytes, Stack size 0 bytes, pwm.o(.text), UNUSED)

<P><STRONG><a name="[155]"></a>PWMOutputFaultLevel</STRONG> (Thumb, 20 bytes, Stack size 0 bytes, pwm.o(.text), UNUSED)

<P><STRONG><a name="[156]"></a>PWMOutputFault</STRONG> (Thumb, 20 bytes, Stack size 0 bytes, pwm.o(.text), UNUSED)

<P><STRONG><a name="[4d]"></a>PWMGenIntRegister</STRONG> (Thumb, 38 bytes, Stack size 24 bytes, pwm.o(.text), UNUSED)
<BR><BR>[Calls]<UL><LI><a href="#[4e]">&gt;&gt;</a>&nbsp;&nbsp;&nbsp;_PWMGenIntNumberGet
<LI><a href="#[21]">&gt;&gt;</a>&nbsp;&nbsp;&nbsp;IntRegister
<LI><a href="#[22]">&gt;&gt;</a>&nbsp;&nbsp;&nbsp;IntEnable
</UL>

<P><STRONG><a name="[4f]"></a>PWMGenIntUnregister</STRONG> (Thumb, 30 bytes, Stack size 16 bytes, pwm.o(.text), UNUSED)
<BR><BR>[Calls]<UL><LI><a href="#[4e]">&gt;&gt;</a>&nbsp;&nbsp;&nbsp;_PWMGenIntNumberGet
<LI><a href="#[25]">&gt;&gt;</a>&nbsp;&nbsp;&nbsp;IntUnregister
<LI><a href="#[24]">&gt;&gt;</a>&nbsp;&nbsp;&nbsp;IntDisable
</UL>

<P><STRONG><a name="[50]"></a>PWMFaultIntRegister</STRONG> (Thumb, 30 bytes, Stack size 16 bytes, pwm.o(.text), UNUSED)
<BR><BR>[Calls]<UL><LI><a href="#[21]">&gt;&gt;</a>&nbsp;&nbsp;&nbsp;IntRegister
<LI><a href="#[22]">&gt;&gt;</a>&nbsp;&nbsp;&nbsp;IntEnable
<LI><a href="#[51]">&gt;&gt;</a>&nbsp;&nbsp;&nbsp;_PWMFaultIntNumberGet
</UL>

<P><STRONG><a name="[52]"></a>PWMFaultIntUnregister</STRONG> (Thumb, 26 bytes, Stack size 16 bytes, pwm.o(.text), UNUSED)
<BR><BR>[Calls]<UL><LI><a href="#[25]">&gt;&gt;</a>&nbsp;&nbsp;&nbsp;IntUnregister
<LI><a href="#[24]">&gt;&gt;</a>&nbsp;&nbsp;&nbsp;IntDisable
<LI><a href="#[51]">&gt;&gt;</a>&nbsp;&nbsp;&nbsp;_PWMFaultIntNumberGet
</UL>

<P><STRONG><a name="[157]"></a>PWMGenIntTrigEnable</STRONG> (Thumb, 14 bytes, Stack size 8 bytes, pwm.o(.text), UNUSED)

<P><STRONG><a name="[158]"></a>PWMGenIntTrigDisable</STRONG> (Thumb, 14 bytes, Stack size 8 bytes, pwm.o(.text), UNUSED)

<P><STRONG><a name="[159]"></a>PWMGenIntStatus</STRONG> (Thumb, 16 bytes, Stack size 0 bytes, pwm.o(.text), UNUSED)

<P><STRONG><a name="[15a]"></a>PWMGenIntClear</STRONG> (Thumb, 6 bytes, Stack size 0 bytes, pwm.o(.text), UNUSED)

<P><STRONG><a name="[15b]"></a>PWMIntEnable</STRONG> (Thumb, 8 bytes, Stack size 0 bytes, pwm.o(.text), UNUSED)

<P><STRONG><a name="[15c]"></a>PWMIntDisable</STRONG> (Thumb, 8 bytes, Stack size 0 bytes, pwm.o(.text), UNUSED)

<P><STRONG><a name="[15d]"></a>PWMFaultIntClear</STRONG> (Thumb, 8 bytes, Stack size 0 bytes, pwm.o(.text), UNUSED)

<P><STRONG><a name="[15e]"></a>PWMIntStatus</STRONG> (Thumb, 14 bytes, Stack size 0 bytes, pwm.o(.text), UNUSED)

<P><STRONG><a name="[15f]"></a>PWMFaultIntClearExt</STRONG> (Thumb, 4 bytes, Stack size 0 bytes, pwm.o(.text), UNUSED)

<P><STRONG><a name="[160]"></a>PWMGenFaultConfigure</STRONG> (Thumb, 20 bytes, Stack size 12 bytes, pwm.o(.text), UNUSED)

<P><STRONG><a name="[161]"></a>PWMGenFaultTriggerSet</STRONG> (Thumb, 16 bytes, Stack size 8 bytes, pwm.o(.text), UNUSED)

<P><STRONG><a name="[162]"></a>PWMGenFaultTriggerGet</STRONG> (Thumb, 16 bytes, Stack size 0 bytes, pwm.o(.text), UNUSED)

<P><STRONG><a name="[163]"></a>PWMGenFaultStatus</STRONG> (Thumb, 38 bytes, Stack size 8 bytes, pwm.o(.text), UNUSED)

<P><STRONG><a name="[164]"></a>PWMGenFaultClear</STRONG> (Thumb, 36 bytes, Stack size 12 bytes, pwm.o(.text), UNUSED)

<P><STRONG><a name="[165]"></a>PWMClockSet</STRONG> (Thumb, 18 bytes, Stack size 0 bytes, pwm.o(.text), UNUSED)

<P><STRONG><a name="[166]"></a>PWMClockGet</STRONG> (Thumb, 60 bytes, Stack size 0 bytes, pwm.o(.text), UNUSED)

<P><STRONG><a name="[167]"></a>PWMOutputUpdateMode</STRONG> (Thumb, 82 bytes, Stack size 24 bytes, pwm.o(.text), UNUSED)

<P><STRONG><a name="[168]"></a>SysCtlSRAMSizeGet</STRONG> (Thumb, 12 bytes, Stack size 0 bytes, sysctl.o(.text), UNUSED)

<P><STRONG><a name="[169]"></a>SysCtlFlashSizeGet</STRONG> (Thumb, 42 bytes, Stack size 0 bytes, sysctl.o(.text), UNUSED)

<P><STRONG><a name="[16a]"></a>SysCtlFlashSectorSizeGet</STRONG> (Thumb, 40 bytes, Stack size 0 bytes, sysctl.o(.text), UNUSED)

<P><STRONG><a name="[16b]"></a>SysCtlPeripheralPresent</STRONG> (Thumb, 52 bytes, Stack size 0 bytes, sysctl.o(.text), UNUSED)

<P><STRONG><a name="[6b]"></a>SysCtlPeripheralReady</STRONG> (Thumb, 52 bytes, Stack size 0 bytes, sysctl.o(.text))
<BR><BR>[Called By]<UL><LI><a href="#[6d]">&gt;&gt;</a>&nbsp;&nbsp;&nbsp;BEEP_Init
<LI><a href="#[6a]">&gt;&gt;</a>&nbsp;&nbsp;&nbsp;LED_Init
<LI><a href="#[e4]">&gt;&gt;</a>&nbsp;&nbsp;&nbsp;Motor_Init
</UL>

<P><STRONG><a name="[16c]"></a>SysCtlPeripheralPowerOn</STRONG> (Thumb, 46 bytes, Stack size 8 bytes, sysctl.o(.text), UNUSED)

<P><STRONG><a name="[16d]"></a>SysCtlPeripheralPowerOff</STRONG> (Thumb, 46 bytes, Stack size 8 bytes, sysctl.o(.text), UNUSED)

<P><STRONG><a name="[1a]"></a>SysCtlPeripheralReset</STRONG> (Thumb, 106 bytes, Stack size 12 bytes, sysctl.o(.text))
<BR><BR>[Stack]<UL><LI>Max Depth = 12<LI>Call Chain = SysCtlPeripheralReset
</UL>
<BR>[Called By]<UL><LI><a href="#[1d]">&gt;&gt;</a>&nbsp;&nbsp;&nbsp;EEPROMMassErase
<LI><a href="#[18]">&gt;&gt;</a>&nbsp;&nbsp;&nbsp;EEPROMInit
</UL>

<P><STRONG><a name="[69]"></a>SysCtlPeripheralEnable</STRONG> (Thumb, 46 bytes, Stack size 8 bytes, sysctl.o(.text))
<BR><BR>[Stack]<UL><LI>Max Depth = 8<LI>Call Chain = SysCtlPeripheralEnable
</UL>
<BR>[Called By]<UL><LI><a href="#[d2]">&gt;&gt;</a>&nbsp;&nbsp;&nbsp;PWM_Init
<LI><a href="#[c8]">&gt;&gt;</a>&nbsp;&nbsp;&nbsp;UART7_Init
<LI><a href="#[c7]">&gt;&gt;</a>&nbsp;&nbsp;&nbsp;UART6_Init
<LI><a href="#[c6]">&gt;&gt;</a>&nbsp;&nbsp;&nbsp;UART5_Init
<LI><a href="#[c5]">&gt;&gt;</a>&nbsp;&nbsp;&nbsp;UART4_Init
<LI><a href="#[c4]">&gt;&gt;</a>&nbsp;&nbsp;&nbsp;UART3_Init
<LI><a href="#[c3]">&gt;&gt;</a>&nbsp;&nbsp;&nbsp;UART2_Init
<LI><a href="#[c1]">&gt;&gt;</a>&nbsp;&nbsp;&nbsp;UART1_Init
<LI><a href="#[bb]">&gt;&gt;</a>&nbsp;&nbsp;&nbsp;UART0_Init
<LI><a href="#[71]">&gt;&gt;</a>&nbsp;&nbsp;&nbsp;OLED_GPIO_Init
<LI><a href="#[6e]">&gt;&gt;</a>&nbsp;&nbsp;&nbsp;KEY_Init
<LI><a href="#[6d]">&gt;&gt;</a>&nbsp;&nbsp;&nbsp;BEEP_Init
<LI><a href="#[6a]">&gt;&gt;</a>&nbsp;&nbsp;&nbsp;LED_Init
<LI><a href="#[68]">&gt;&gt;</a>&nbsp;&nbsp;&nbsp;LED_GPIO_Config
<LI><a href="#[f9]">&gt;&gt;</a>&nbsp;&nbsp;&nbsp;EEPROM_Init
<LI><a href="#[e5]">&gt;&gt;</a>&nbsp;&nbsp;&nbsp;Encoder_Init
<LI><a href="#[e4]">&gt;&gt;</a>&nbsp;&nbsp;&nbsp;Motor_Init
<LI><a href="#[e1]">&gt;&gt;</a>&nbsp;&nbsp;&nbsp;ButtonsInit
</UL>

<P><STRONG><a name="[16e]"></a>SysCtlPeripheralDisable</STRONG> (Thumb, 46 bytes, Stack size 8 bytes, sysctl.o(.text), UNUSED)

<P><STRONG><a name="[16f]"></a>SysCtlPeripheralSleepEnable</STRONG> (Thumb, 46 bytes, Stack size 8 bytes, sysctl.o(.text), UNUSED)

<P><STRONG><a name="[170]"></a>SysCtlPeripheralSleepDisable</STRONG> (Thumb, 46 bytes, Stack size 8 bytes, sysctl.o(.text), UNUSED)

<P><STRONG><a name="[171]"></a>SysCtlPeripheralDeepSleepEnable</STRONG> (Thumb, 46 bytes, Stack size 8 bytes, sysctl.o(.text), UNUSED)

<P><STRONG><a name="[172]"></a>SysCtlPeripheralDeepSleepDisable</STRONG> (Thumb, 46 bytes, Stack size 8 bytes, sysctl.o(.text), UNUSED)

<P><STRONG><a name="[173]"></a>SysCtlPeripheralClockGating</STRONG> (Thumb, 82 bytes, Stack size 0 bytes, sysctl.o(.text), UNUSED)

<P><STRONG><a name="[53]"></a>SysCtlIntRegister</STRONG> (Thumb, 20 bytes, Stack size 8 bytes, sysctl.o(.text), UNUSED)
<BR><BR>[Calls]<UL><LI><a href="#[21]">&gt;&gt;</a>&nbsp;&nbsp;&nbsp;IntRegister
<LI><a href="#[22]">&gt;&gt;</a>&nbsp;&nbsp;&nbsp;IntEnable
</UL>

<P><STRONG><a name="[54]"></a>SysCtlIntUnregister</STRONG> (Thumb, 16 bytes, Stack size 8 bytes, sysctl.o(.text), UNUSED)
<BR><BR>[Calls]<UL><LI><a href="#[25]">&gt;&gt;</a>&nbsp;&nbsp;&nbsp;IntUnregister
<LI><a href="#[24]">&gt;&gt;</a>&nbsp;&nbsp;&nbsp;IntDisable
</UL>

<P><STRONG><a name="[174]"></a>SysCtlIntEnable</STRONG> (Thumb, 12 bytes, Stack size 0 bytes, sysctl.o(.text), UNUSED)

<P><STRONG><a name="[175]"></a>SysCtlIntDisable</STRONG> (Thumb, 12 bytes, Stack size 0 bytes, sysctl.o(.text), UNUSED)

<P><STRONG><a name="[176]"></a>SysCtlIntClear</STRONG> (Thumb, 6 bytes, Stack size 0 bytes, sysctl.o(.text), UNUSED)

<P><STRONG><a name="[177]"></a>SysCtlIntStatus</STRONG> (Thumb, 16 bytes, Stack size 0 bytes, sysctl.o(.text), UNUSED)

<P><STRONG><a name="[178]"></a>SysCtlLDOSleepSet</STRONG> (Thumb, 6 bytes, Stack size 0 bytes, sysctl.o(.text), UNUSED)

<P><STRONG><a name="[179]"></a>SysCtlLDOSleepGet</STRONG> (Thumb, 6 bytes, Stack size 0 bytes, sysctl.o(.text), UNUSED)

<P><STRONG><a name="[17a]"></a>SysCtlLDODeepSleepSet</STRONG> (Thumb, 8 bytes, Stack size 0 bytes, sysctl.o(.text), UNUSED)

<P><STRONG><a name="[17b]"></a>SysCtlLDODeepSleepGet</STRONG> (Thumb, 60 bytes, Stack size 0 bytes, sysctl.o(.text), UNUSED)

<P><STRONG><a name="[17c]"></a>SysCtlSleepPowerSet</STRONG> (Thumb, 6 bytes, Stack size 0 bytes, sysctl.o(.text), UNUSED)

<P><STRONG><a name="[17d]"></a>SysCtlDeepSleepPowerSet</STRONG> (Thumb, 8 bytes, Stack size 0 bytes, sysctl.o(.text), UNUSED)

<P><STRONG><a name="[17e]"></a>SysCtlReset</STRONG> (Thumb, 10 bytes, Stack size 0 bytes, sysctl.o(.text), UNUSED)

<P><STRONG><a name="[55]"></a>SysCtlSleep</STRONG> (Thumb, 8 bytes, Stack size 8 bytes, sysctl.o(.text), UNUSED)
<BR><BR>[Calls]<UL><LI><a href="#[56]">&gt;&gt;</a>&nbsp;&nbsp;&nbsp;CPUwfi
</UL>

<P><STRONG><a name="[57]"></a>SysCtlDeepSleep</STRONG> (Thumb, 40 bytes, Stack size 8 bytes, sysctl.o(.text), UNUSED)
<BR><BR>[Calls]<UL><LI><a href="#[56]">&gt;&gt;</a>&nbsp;&nbsp;&nbsp;CPUwfi
</UL>

<P><STRONG><a name="[17f]"></a>SysCtlResetCauseGet</STRONG> (Thumb, 6 bytes, Stack size 0 bytes, sysctl.o(.text), UNUSED)

<P><STRONG><a name="[180]"></a>SysCtlResetCauseClear</STRONG> (Thumb, 12 bytes, Stack size 0 bytes, sysctl.o(.text), UNUSED)

<P><STRONG><a name="[181]"></a>SysCtlMOSCConfigSet</STRONG> (Thumb, 6 bytes, Stack size 0 bytes, sysctl.o(.text), UNUSED)

<P><STRONG><a name="[182]"></a>SysCtlPIOSCCalibrate</STRONG> (Thumb, 82 bytes, Stack size 0 bytes, sysctl.o(.text), UNUSED)

<P><STRONG><a name="[183]"></a>SysCtlResetBehaviorSet</STRONG> (Thumb, 8 bytes, Stack size 0 bytes, sysctl.o(.text), UNUSED)

<P><STRONG><a name="[184]"></a>SysCtlResetBehaviorGet</STRONG> (Thumb, 8 bytes, Stack size 0 bytes, sysctl.o(.text), UNUSED)

<P><STRONG><a name="[58]"></a>SysCtlClockFreqSet</STRONG> (Thumb, 646 bytes, Stack size 48 bytes, sysctl.o(.text), UNUSED)
<BR><BR>[Calls]<UL><LI><a href="#[5a]">&gt;&gt;</a>&nbsp;&nbsp;&nbsp;_SysCtlFrequencyGet
<LI><a href="#[59]">&gt;&gt;</a>&nbsp;&nbsp;&nbsp;_SysCtlMemTimingGet
</UL>

<P><STRONG><a name="[5b]"></a>SysCtlClockSet</STRONG> (Thumb, 362 bytes, Stack size 24 bytes, sysctl.o(.text))
<BR><BR>[Stack]<UL><LI>Max Depth = 24<LI>Call Chain = SysCtlClockSet
</UL>
<BR>[Calls]<UL><LI><a href="#[15]">&gt;&gt;</a>&nbsp;&nbsp;&nbsp;SysCtlDelay
</UL>
<BR>[Called By]<UL><LI><a href="#[5]">&gt;&gt;</a>&nbsp;&nbsp;&nbsp;main
</UL>

<P><STRONG><a name="[ac]"></a>SysCtlClockGet</STRONG> (Thumb, 244 bytes, Stack size 16 bytes, sysctl.o(.text))
<BR><BR>[Stack]<UL><LI>Max Depth = 16<LI>Call Chain = SysCtlClockGet
</UL>
<BR>[Called By]<UL><LI><a href="#[cf]">&gt;&gt;</a>&nbsp;&nbsp;&nbsp;Timer1_init
<LI><a href="#[ce]">&gt;&gt;</a>&nbsp;&nbsp;&nbsp;Timer_init
<LI><a href="#[c8]">&gt;&gt;</a>&nbsp;&nbsp;&nbsp;UART7_Init
<LI><a href="#[c7]">&gt;&gt;</a>&nbsp;&nbsp;&nbsp;UART6_Init
<LI><a href="#[c6]">&gt;&gt;</a>&nbsp;&nbsp;&nbsp;UART5_Init
<LI><a href="#[c5]">&gt;&gt;</a>&nbsp;&nbsp;&nbsp;UART4_Init
<LI><a href="#[c4]">&gt;&gt;</a>&nbsp;&nbsp;&nbsp;UART3_Init
<LI><a href="#[c3]">&gt;&gt;</a>&nbsp;&nbsp;&nbsp;UART2_Init
<LI><a href="#[c1]">&gt;&gt;</a>&nbsp;&nbsp;&nbsp;UART1_Init
<LI><a href="#[bb]">&gt;&gt;</a>&nbsp;&nbsp;&nbsp;UART0_Init
<LI><a href="#[b6]">&gt;&gt;</a>&nbsp;&nbsp;&nbsp;ROM_UART7_Init
<LI><a href="#[b4]">&gt;&gt;</a>&nbsp;&nbsp;&nbsp;ROM_UART6_Init
<LI><a href="#[b3]">&gt;&gt;</a>&nbsp;&nbsp;&nbsp;ROM_UART5_Init
<LI><a href="#[b2]">&gt;&gt;</a>&nbsp;&nbsp;&nbsp;ROM_UART4_Init
<LI><a href="#[b0]">&gt;&gt;</a>&nbsp;&nbsp;&nbsp;ROM_UART3_Init
<LI><a href="#[af]">&gt;&gt;</a>&nbsp;&nbsp;&nbsp;ROM_UART2_Init
<LI><a href="#[ad]">&gt;&gt;</a>&nbsp;&nbsp;&nbsp;ROM_UART1_Init
<LI><a href="#[ab]">&gt;&gt;</a>&nbsp;&nbsp;&nbsp;ROM_UART0_Init
<LI><a href="#[101]">&gt;&gt;</a>&nbsp;&nbsp;&nbsp;initTime
<LI><a href="#[e5]">&gt;&gt;</a>&nbsp;&nbsp;&nbsp;Encoder_Init
</UL>

<P><STRONG><a name="[185]"></a>SysCtlDeepSleepClockSet</STRONG> (Thumb, 8 bytes, Stack size 0 bytes, sysctl.o(.text), UNUSED)

<P><STRONG><a name="[5c]"></a>SysCtlDeepSleepClockConfigSet</STRONG> (Thumb, 140 bytes, Stack size 24 bytes, sysctl.o(.text), UNUSED)
<BR><BR>[Calls]<UL><LI><a href="#[59]">&gt;&gt;</a>&nbsp;&nbsp;&nbsp;_SysCtlMemTimingGet
</UL>

<P><STRONG><a name="[d3]"></a>SysCtlPWMClockSet</STRONG> (Thumb, 16 bytes, Stack size 0 bytes, sysctl.o(.text))
<BR><BR>[Called By]<UL><LI><a href="#[d2]">&gt;&gt;</a>&nbsp;&nbsp;&nbsp;PWM_Init
</UL>

<P><STRONG><a name="[186]"></a>SysCtlPWMClockGet</STRONG> (Thumb, 24 bytes, Stack size 0 bytes, sysctl.o(.text), UNUSED)

<P><STRONG><a name="[187]"></a>SysCtlADCSpeedSet</STRONG> (Thumb, 36 bytes, Stack size 0 bytes, sysctl.o(.text), UNUSED)

<P><STRONG><a name="[188]"></a>SysCtlADCSpeedGet</STRONG> (Thumb, 12 bytes, Stack size 0 bytes, sysctl.o(.text), UNUSED)

<P><STRONG><a name="[189]"></a>SysCtlGPIOAHBEnable</STRONG> (Thumb, 20 bytes, Stack size 0 bytes, sysctl.o(.text), UNUSED)

<P><STRONG><a name="[18a]"></a>SysCtlGPIOAHBDisable</STRONG> (Thumb, 20 bytes, Stack size 0 bytes, sysctl.o(.text), UNUSED)

<P><STRONG><a name="[18b]"></a>SysCtlUSBPLLEnable</STRONG> (Thumb, 14 bytes, Stack size 0 bytes, sysctl.o(.text), UNUSED)

<P><STRONG><a name="[18c]"></a>SysCtlUSBPLLDisable</STRONG> (Thumb, 14 bytes, Stack size 0 bytes, sysctl.o(.text), UNUSED)

<P><STRONG><a name="[18d]"></a>SysCtlVoltageEventConfig</STRONG> (Thumb, 6 bytes, Stack size 0 bytes, sysctl.o(.text), UNUSED)

<P><STRONG><a name="[18e]"></a>SysCtlVoltageEventStatus</STRONG> (Thumb, 6 bytes, Stack size 0 bytes, sysctl.o(.text), UNUSED)

<P><STRONG><a name="[18f]"></a>SysCtlVoltageEventClear</STRONG> (Thumb, 12 bytes, Stack size 0 bytes, sysctl.o(.text), UNUSED)

<P><STRONG><a name="[190]"></a>SysCtlNMIStatus</STRONG> (Thumb, 6 bytes, Stack size 0 bytes, sysctl.o(.text), UNUSED)

<P><STRONG><a name="[191]"></a>SysCtlNMIClear</STRONG> (Thumb, 12 bytes, Stack size 0 bytes, sysctl.o(.text), UNUSED)

<P><STRONG><a name="[192]"></a>SysCtlClockOutConfig</STRONG> (Thumb, 14 bytes, Stack size 0 bytes, sysctl.o(.text), UNUSED)

<P><STRONG><a name="[193]"></a>SysCtlAltClkConfig</STRONG> (Thumb, 8 bytes, Stack size 0 bytes, sysctl.o(.text), UNUSED)

<P><STRONG><a name="[10c]"></a>SysTickEnable</STRONG> (Thumb, 18 bytes, Stack size 0 bytes, systick.o(.text))
<BR><BR>[Called By]<UL><LI><a href="#[101]">&gt;&gt;</a>&nbsp;&nbsp;&nbsp;initTime
</UL>

<P><STRONG><a name="[194]"></a>SysTickDisable</STRONG> (Thumb, 18 bytes, Stack size 0 bytes, systick.o(.text), UNUSED)

<P><STRONG><a name="[5d]"></a>SysTickIntRegister</STRONG> (Thumb, 30 bytes, Stack size 8 bytes, systick.o(.text))
<BR><BR>[Stack]<UL><LI>Max Depth = 20<LI>Call Chain = SysTickIntRegister &rArr; IntRegister
</UL>
<BR>[Calls]<UL><LI><a href="#[21]">&gt;&gt;</a>&nbsp;&nbsp;&nbsp;IntRegister
</UL>
<BR>[Called By]<UL><LI><a href="#[101]">&gt;&gt;</a>&nbsp;&nbsp;&nbsp;initTime
</UL>

<P><STRONG><a name="[5e]"></a>SysTickIntUnregister</STRONG> (Thumb, 26 bytes, Stack size 8 bytes, systick.o(.text), UNUSED)
<BR><BR>[Calls]<UL><LI><a href="#[25]">&gt;&gt;</a>&nbsp;&nbsp;&nbsp;IntUnregister
</UL>

<P><STRONG><a name="[10b]"></a>SysTickIntEnable</STRONG> (Thumb, 18 bytes, Stack size 0 bytes, systick.o(.text))
<BR><BR>[Called By]<UL><LI><a href="#[101]">&gt;&gt;</a>&nbsp;&nbsp;&nbsp;initTime
</UL>

<P><STRONG><a name="[195]"></a>SysTickIntDisable</STRONG> (Thumb, 18 bytes, Stack size 0 bytes, systick.o(.text), UNUSED)

<P><STRONG><a name="[10a]"></a>SysTickPeriodSet</STRONG> (Thumb, 10 bytes, Stack size 0 bytes, systick.o(.text))
<BR><BR>[Called By]<UL><LI><a href="#[101]">&gt;&gt;</a>&nbsp;&nbsp;&nbsp;initTime
</UL>

<P><STRONG><a name="[196]"></a>SysTickPeriodGet</STRONG> (Thumb, 10 bytes, Stack size 0 bytes, systick.o(.text), UNUSED)

<P><STRONG><a name="[197]"></a>SysTickValueGet</STRONG> (Thumb, 8 bytes, Stack size 0 bytes, systick.o(.text), UNUSED)

<P><STRONG><a name="[e9]"></a>TimerEnable</STRONG> (Thumb, 14 bytes, Stack size 0 bytes, timer.o(.text), UNUSED)
<BR><BR>[Called By]<UL><LI><a href="#[e5]">&gt;&gt;</a>&nbsp;&nbsp;&nbsp;Encoder_Init
</UL>

<P><STRONG><a name="[198]"></a>TimerDisable</STRONG> (Thumb, 14 bytes, Stack size 0 bytes, timer.o(.text), UNUSED)

<P><STRONG><a name="[e6]"></a>TimerConfigure</STRONG> (Thumb, 84 bytes, Stack size 0 bytes, timer.o(.text), UNUSED)
<BR><BR>[Called By]<UL><LI><a href="#[e5]">&gt;&gt;</a>&nbsp;&nbsp;&nbsp;Encoder_Init
</UL>

<P><STRONG><a name="[199]"></a>TimerControlLevel</STRONG> (Thumb, 22 bytes, Stack size 0 bytes, timer.o(.text), UNUSED)

<P><STRONG><a name="[19a]"></a>TimerControlTrigger</STRONG> (Thumb, 60 bytes, Stack size 8 bytes, timer.o(.text), UNUSED)

<P><STRONG><a name="[ea]"></a>TimerControlEvent</STRONG> (Thumb, 22 bytes, Stack size 8 bytes, timer.o(.text))
<BR><BR>[Stack]<UL><LI>Max Depth = 8<LI>Call Chain = TimerControlEvent
</UL>
<BR>[Called By]<UL><LI><a href="#[e]">&gt;&gt;</a>&nbsp;&nbsp;&nbsp;TIMER4_WID_IRQHandler
<LI><a href="#[d]">&gt;&gt;</a>&nbsp;&nbsp;&nbsp;TIMER3_WID_IRQHandler
<LI><a href="#[e5]">&gt;&gt;</a>&nbsp;&nbsp;&nbsp;Encoder_Init
</UL>

<P><STRONG><a name="[19b]"></a>TimerControlStall</STRONG> (Thumb, 22 bytes, Stack size 0 bytes, timer.o(.text), UNUSED)

<P><STRONG><a name="[19c]"></a>TimerControlWaitOnTrigger</STRONG> (Thumb, 52 bytes, Stack size 0 bytes, timer.o(.text), UNUSED)

<P><STRONG><a name="[19d]"></a>TimerRTCEnable</STRONG> (Thumb, 10 bytes, Stack size 0 bytes, timer.o(.text), UNUSED)

<P><STRONG><a name="[19e]"></a>TimerRTCDisable</STRONG> (Thumb, 10 bytes, Stack size 0 bytes, timer.o(.text), UNUSED)

<P><STRONG><a name="[19f]"></a>TimerClockSourceSet</STRONG> (Thumb, 6 bytes, Stack size 0 bytes, timer.o(.text), UNUSED)

<P><STRONG><a name="[1a0]"></a>TimerClockSourceGet</STRONG> (Thumb, 8 bytes, Stack size 0 bytes, timer.o(.text), UNUSED)

<P><STRONG><a name="[1a1]"></a>TimerPrescaleSet</STRONG> (Thumb, 16 bytes, Stack size 0 bytes, timer.o(.text), UNUSED)

<P><STRONG><a name="[1a2]"></a>TimerPrescaleGet</STRONG> (Thumb, 14 bytes, Stack size 0 bytes, timer.o(.text), UNUSED)

<P><STRONG><a name="[1a3]"></a>TimerPrescaleMatchSet</STRONG> (Thumb, 16 bytes, Stack size 0 bytes, timer.o(.text), UNUSED)

<P><STRONG><a name="[1a4]"></a>TimerPrescaleMatchGet</STRONG> (Thumb, 14 bytes, Stack size 0 bytes, timer.o(.text), UNUSED)

<P><STRONG><a name="[1a5]"></a>TimerLoadSet</STRONG> (Thumb, 16 bytes, Stack size 0 bytes, timer.o(.text), UNUSED)

<P><STRONG><a name="[1a6]"></a>TimerLoadGet</STRONG> (Thumb, 14 bytes, Stack size 0 bytes, timer.o(.text), UNUSED)

<P><STRONG><a name="[e7]"></a>TimerLoadSet64</STRONG> (Thumb, 6 bytes, Stack size 0 bytes, timer.o(.text), UNUSED)
<BR><BR>[Called By]<UL><LI><a href="#[e5]">&gt;&gt;</a>&nbsp;&nbsp;&nbsp;Encoder_Init
</UL>

<P><STRONG><a name="[1a7]"></a>TimerLoadGet64</STRONG> (Thumb, 26 bytes, Stack size 12 bytes, timer.o(.text), UNUSED)

<P><STRONG><a name="[109]"></a>TimerValueGet</STRONG> (Thumb, 14 bytes, Stack size 0 bytes, timer.o(.text))
<BR><BR>[Called By]<UL><LI><a href="#[e]">&gt;&gt;</a>&nbsp;&nbsp;&nbsp;TIMER4_WID_IRQHandler
<LI><a href="#[d]">&gt;&gt;</a>&nbsp;&nbsp;&nbsp;TIMER3_WID_IRQHandler
</UL>

<P><STRONG><a name="[1a8]"></a>TimerValueGet64</STRONG> (Thumb, 26 bytes, Stack size 12 bytes, timer.o(.text), UNUSED)

<P><STRONG><a name="[1a9]"></a>TimerMatchSet</STRONG> (Thumb, 16 bytes, Stack size 0 bytes, timer.o(.text), UNUSED)

<P><STRONG><a name="[1aa]"></a>TimerMatchGet</STRONG> (Thumb, 14 bytes, Stack size 0 bytes, timer.o(.text), UNUSED)

<P><STRONG><a name="[1ab]"></a>TimerMatchSet64</STRONG> (Thumb, 6 bytes, Stack size 0 bytes, timer.o(.text), UNUSED)

<P><STRONG><a name="[1ac]"></a>TimerMatchGet64</STRONG> (Thumb, 26 bytes, Stack size 12 bytes, timer.o(.text), UNUSED)

<P><STRONG><a name="[5f]"></a>TimerIntRegister</STRONG> (Thumb, 38 bytes, Stack size 24 bytes, timer.o(.text))
<BR><BR>[Stack]<UL><LI>Max Depth = 44<LI>Call Chain = TimerIntRegister &rArr; _TimerIntNumberGet
</UL>
<BR>[Calls]<UL><LI><a href="#[21]">&gt;&gt;</a>&nbsp;&nbsp;&nbsp;IntRegister
<LI><a href="#[22]">&gt;&gt;</a>&nbsp;&nbsp;&nbsp;IntEnable
<LI><a href="#[60]">&gt;&gt;</a>&nbsp;&nbsp;&nbsp;_TimerIntNumberGet
</UL>
<BR>[Called By]<UL><LI><a href="#[cf]">&gt;&gt;</a>&nbsp;&nbsp;&nbsp;Timer1_init
<LI><a href="#[ce]">&gt;&gt;</a>&nbsp;&nbsp;&nbsp;Timer_init
<LI><a href="#[e5]">&gt;&gt;</a>&nbsp;&nbsp;&nbsp;Encoder_Init
</UL>

<P><STRONG><a name="[61]"></a>TimerIntUnregister</STRONG> (Thumb, 30 bytes, Stack size 16 bytes, timer.o(.text), UNUSED)
<BR><BR>[Calls]<UL><LI><a href="#[25]">&gt;&gt;</a>&nbsp;&nbsp;&nbsp;IntUnregister
<LI><a href="#[24]">&gt;&gt;</a>&nbsp;&nbsp;&nbsp;IntDisable
<LI><a href="#[60]">&gt;&gt;</a>&nbsp;&nbsp;&nbsp;_TimerIntNumberGet
</UL>

<P><STRONG><a name="[e8]"></a>TimerIntEnable</STRONG> (Thumb, 8 bytes, Stack size 0 bytes, timer.o(.text), UNUSED)
<BR><BR>[Called By]<UL><LI><a href="#[e5]">&gt;&gt;</a>&nbsp;&nbsp;&nbsp;Encoder_Init
</UL>

<P><STRONG><a name="[1ad]"></a>TimerIntDisable</STRONG> (Thumb, 8 bytes, Stack size 0 bytes, timer.o(.text), UNUSED)

<P><STRONG><a name="[107]"></a>TimerIntStatus</STRONG> (Thumb, 12 bytes, Stack size 0 bytes, timer.o(.text))
<BR><BR>[Called By]<UL><LI><a href="#[e]">&gt;&gt;</a>&nbsp;&nbsp;&nbsp;TIMER4_WID_IRQHandler
<LI><a href="#[d]">&gt;&gt;</a>&nbsp;&nbsp;&nbsp;TIMER3_WID_IRQHandler
</UL>

<P><STRONG><a name="[108]"></a>TimerIntClear</STRONG> (Thumb, 4 bytes, Stack size 0 bytes, timer.o(.text))
<BR><BR>[Called By]<UL><LI><a href="#[e]">&gt;&gt;</a>&nbsp;&nbsp;&nbsp;TIMER4_WID_IRQHandler
<LI><a href="#[d]">&gt;&gt;</a>&nbsp;&nbsp;&nbsp;TIMER3_WID_IRQHandler
</UL>

<P><STRONG><a name="[1ae]"></a>TimerSynchronize</STRONG> (Thumb, 4 bytes, Stack size 0 bytes, timer.o(.text), UNUSED)

<P><STRONG><a name="[1af]"></a>TimerADCEventSet</STRONG> (Thumb, 4 bytes, Stack size 0 bytes, timer.o(.text), UNUSED)

<P><STRONG><a name="[1b0]"></a>TimerADCEventGet</STRONG> (Thumb, 6 bytes, Stack size 0 bytes, timer.o(.text), UNUSED)

<P><STRONG><a name="[1b1]"></a>TimerDMAEventSet</STRONG> (Thumb, 4 bytes, Stack size 0 bytes, timer.o(.text), UNUSED)

<P><STRONG><a name="[1b2]"></a>TimerDMAEventGet</STRONG> (Thumb, 6 bytes, Stack size 0 bytes, timer.o(.text), UNUSED)

<P><STRONG><a name="[1b3]"></a>UARTParityModeSet</STRONG> (Thumb, 12 bytes, Stack size 0 bytes, uart.o(.text), UNUSED)

<P><STRONG><a name="[1b4]"></a>UARTParityModeGet</STRONG> (Thumb, 10 bytes, Stack size 0 bytes, uart.o(.text), UNUSED)

<P><STRONG><a name="[1b5]"></a>UARTFIFOLevelSet</STRONG> (Thumb, 8 bytes, Stack size 0 bytes, uart.o(.text), UNUSED)

<P><STRONG><a name="[1b6]"></a>UARTFIFOLevelGet</STRONG> (Thumb, 18 bytes, Stack size 8 bytes, uart.o(.text), UNUSED)

<P><STRONG><a name="[64]"></a>UARTEnable</STRONG> (Thumb, 20 bytes, Stack size 0 bytes, uart.o(.text), UNUSED)
<BR><BR>[Called By]<UL><LI><a href="#[62]">&gt;&gt;</a>&nbsp;&nbsp;&nbsp;UARTConfigSetExpClk
</UL>

<P><STRONG><a name="[63]"></a>UARTDisable</STRONG> (Thumb, 32 bytes, Stack size 0 bytes, uart.o(.text), UNUSED)
<BR><BR>[Called By]<UL><LI><a href="#[62]">&gt;&gt;</a>&nbsp;&nbsp;&nbsp;UARTConfigSetExpClk
</UL>

<P><STRONG><a name="[62]"></a>UARTConfigSetExpClk</STRONG> (Thumb, 76 bytes, Stack size 20 bytes, uart.o(.text), UNUSED)
<BR><BR>[Calls]<UL><LI><a href="#[63]">&gt;&gt;</a>&nbsp;&nbsp;&nbsp;UARTDisable
<LI><a href="#[64]">&gt;&gt;</a>&nbsp;&nbsp;&nbsp;UARTEnable
</UL>
<BR>[Called By]<UL><LI><a href="#[c8]">&gt;&gt;</a>&nbsp;&nbsp;&nbsp;UART7_Init
<LI><a href="#[c7]">&gt;&gt;</a>&nbsp;&nbsp;&nbsp;UART6_Init
<LI><a href="#[c6]">&gt;&gt;</a>&nbsp;&nbsp;&nbsp;UART5_Init
<LI><a href="#[c5]">&gt;&gt;</a>&nbsp;&nbsp;&nbsp;UART4_Init
<LI><a href="#[c4]">&gt;&gt;</a>&nbsp;&nbsp;&nbsp;UART3_Init
<LI><a href="#[c3]">&gt;&gt;</a>&nbsp;&nbsp;&nbsp;UART2_Init
<LI><a href="#[c1]">&gt;&gt;</a>&nbsp;&nbsp;&nbsp;UART1_Init
<LI><a href="#[bb]">&gt;&gt;</a>&nbsp;&nbsp;&nbsp;UART0_Init
</UL>

<P><STRONG><a name="[1b7]"></a>UARTConfigGetExpClk</STRONG> (Thumb, 44 bytes, Stack size 20 bytes, uart.o(.text), UNUSED)

<P><STRONG><a name="[1b8]"></a>UARTFIFOEnable</STRONG> (Thumb, 10 bytes, Stack size 0 bytes, uart.o(.text), UNUSED)

<P><STRONG><a name="[bd]"></a>UARTFIFODisable</STRONG> (Thumb, 10 bytes, Stack size 0 bytes, uart.o(.text), UNUSED)
<BR><BR>[Called By]<UL><LI><a href="#[c8]">&gt;&gt;</a>&nbsp;&nbsp;&nbsp;UART7_Init
<LI><a href="#[c7]">&gt;&gt;</a>&nbsp;&nbsp;&nbsp;UART6_Init
<LI><a href="#[c6]">&gt;&gt;</a>&nbsp;&nbsp;&nbsp;UART5_Init
<LI><a href="#[c5]">&gt;&gt;</a>&nbsp;&nbsp;&nbsp;UART4_Init
<LI><a href="#[c4]">&gt;&gt;</a>&nbsp;&nbsp;&nbsp;UART3_Init
<LI><a href="#[c3]">&gt;&gt;</a>&nbsp;&nbsp;&nbsp;UART2_Init
<LI><a href="#[c1]">&gt;&gt;</a>&nbsp;&nbsp;&nbsp;UART1_Init
<LI><a href="#[bb]">&gt;&gt;</a>&nbsp;&nbsp;&nbsp;UART0_Init
</UL>

<P><STRONG><a name="[1b9]"></a>UARTEnableSIR</STRONG> (Thumb, 22 bytes, Stack size 0 bytes, uart.o(.text), UNUSED)

<P><STRONG><a name="[1ba]"></a>UARTDisableSIR</STRONG> (Thumb, 10 bytes, Stack size 0 bytes, uart.o(.text), UNUSED)

<P><STRONG><a name="[1bb]"></a>UARTSmartCardEnable</STRONG> (Thumb, 22 bytes, Stack size 0 bytes, uart.o(.text), UNUSED)

<P><STRONG><a name="[1bc]"></a>UARTSmartCardDisable</STRONG> (Thumb, 10 bytes, Stack size 0 bytes, uart.o(.text), UNUSED)

<P><STRONG><a name="[1bd]"></a>UARTModemControlSet</STRONG> (Thumb, 12 bytes, Stack size 0 bytes, uart.o(.text), UNUSED)

<P><STRONG><a name="[1be]"></a>UARTModemControlClear</STRONG> (Thumb, 12 bytes, Stack size 0 bytes, uart.o(.text), UNUSED)

<P><STRONG><a name="[1bf]"></a>UARTModemControlGet</STRONG> (Thumb, 10 bytes, Stack size 0 bytes, uart.o(.text), UNUSED)

<P><STRONG><a name="[1c0]"></a>UARTModemStatusGet</STRONG> (Thumb, 12 bytes, Stack size 0 bytes, uart.o(.text), UNUSED)

<P><STRONG><a name="[1c1]"></a>UARTFlowControlSet</STRONG> (Thumb, 12 bytes, Stack size 0 bytes, uart.o(.text), UNUSED)

<P><STRONG><a name="[1c2]"></a>UARTFlowControlGet</STRONG> (Thumb, 10 bytes, Stack size 0 bytes, uart.o(.text), UNUSED)

<P><STRONG><a name="[1c3]"></a>UARTTxIntModeSet</STRONG> (Thumb, 12 bytes, Stack size 0 bytes, uart.o(.text), UNUSED)

<P><STRONG><a name="[1c4]"></a>UARTTxIntModeGet</STRONG> (Thumb, 10 bytes, Stack size 0 bytes, uart.o(.text), UNUSED)

<P><STRONG><a name="[b9]"></a>UARTCharsAvail</STRONG> (Thumb, 12 bytes, Stack size 0 bytes, uart.o(.text))
<BR><BR>[Called By]<UL><LI><a href="#[cd]">&gt;&gt;</a>&nbsp;&nbsp;&nbsp;UART7IntHandler
<LI><a href="#[cc]">&gt;&gt;</a>&nbsp;&nbsp;&nbsp;UART6IntHandler
<LI><a href="#[cb]">&gt;&gt;</a>&nbsp;&nbsp;&nbsp;UART5IntHandler
<LI><a href="#[ca]">&gt;&gt;</a>&nbsp;&nbsp;&nbsp;UART4IntHandler
<LI><a href="#[c9]">&gt;&gt;</a>&nbsp;&nbsp;&nbsp;UART3IntHandler
<LI><a href="#[c2]">&gt;&gt;</a>&nbsp;&nbsp;&nbsp;UART2IntHandler
<LI><a href="#[c0]">&gt;&gt;</a>&nbsp;&nbsp;&nbsp;UART1IntHandler
<LI><a href="#[b7]">&gt;&gt;</a>&nbsp;&nbsp;&nbsp;UART0IntHandler
</UL>

<P><STRONG><a name="[1c5]"></a>UARTSpaceAvail</STRONG> (Thumb, 12 bytes, Stack size 0 bytes, uart.o(.text), UNUSED)

<P><STRONG><a name="[ba]"></a>UARTCharGetNonBlocking</STRONG> (Thumb, 20 bytes, Stack size 0 bytes, uart.o(.text))
<BR><BR>[Called By]<UL><LI><a href="#[cd]">&gt;&gt;</a>&nbsp;&nbsp;&nbsp;UART7IntHandler
<LI><a href="#[cc]">&gt;&gt;</a>&nbsp;&nbsp;&nbsp;UART6IntHandler
<LI><a href="#[cb]">&gt;&gt;</a>&nbsp;&nbsp;&nbsp;UART5IntHandler
<LI><a href="#[ca]">&gt;&gt;</a>&nbsp;&nbsp;&nbsp;UART4IntHandler
<LI><a href="#[c9]">&gt;&gt;</a>&nbsp;&nbsp;&nbsp;UART3IntHandler
<LI><a href="#[c2]">&gt;&gt;</a>&nbsp;&nbsp;&nbsp;UART2IntHandler
<LI><a href="#[c0]">&gt;&gt;</a>&nbsp;&nbsp;&nbsp;UART1IntHandler
<LI><a href="#[b7]">&gt;&gt;</a>&nbsp;&nbsp;&nbsp;UART0IntHandler
</UL>

<P><STRONG><a name="[a3]"></a>UARTCharGet</STRONG> (Thumb, 18 bytes, Stack size 0 bytes, uart.o(.text), UNUSED)
<BR><BR>[Called By]<UL><LI><a href="#[a2]">&gt;&gt;</a>&nbsp;&nbsp;&nbsp;fgetc
</UL>

<P><STRONG><a name="[1c6]"></a>UARTCharPutNonBlocking</STRONG> (Thumb, 20 bytes, Stack size 0 bytes, uart.o(.text), UNUSED)

<P><STRONG><a name="[a1]"></a>UARTCharPut</STRONG> (Thumb, 16 bytes, Stack size 0 bytes, uart.o(.text))
<BR><BR>[Called By]<UL><LI><a href="#[a4]">&gt;&gt;</a>&nbsp;&nbsp;&nbsp;Serial_SendByte
<LI><a href="#[10]">&gt;&gt;</a>&nbsp;&nbsp;&nbsp;fputc
</UL>

<P><STRONG><a name="[1c7]"></a>UARTBreakCtl</STRONG> (Thumb, 20 bytes, Stack size 0 bytes, uart.o(.text), UNUSED)

<P><STRONG><a name="[1c8]"></a>UARTBusy</STRONG> (Thumb, 10 bytes, Stack size 0 bytes, uart.o(.text), UNUSED)

<P><STRONG><a name="[65]"></a>UARTIntRegister</STRONG> (Thumb, 30 bytes, Stack size 16 bytes, uart.o(.text))
<BR><BR>[Stack]<UL><LI>Max Depth = 28<LI>Call Chain = UARTIntRegister &rArr; IntRegister
</UL>
<BR>[Calls]<UL><LI><a href="#[21]">&gt;&gt;</a>&nbsp;&nbsp;&nbsp;IntRegister
<LI><a href="#[22]">&gt;&gt;</a>&nbsp;&nbsp;&nbsp;IntEnable
<LI><a href="#[66]">&gt;&gt;</a>&nbsp;&nbsp;&nbsp;_UARTIntNumberGet
</UL>
<BR>[Called By]<UL><LI><a href="#[c8]">&gt;&gt;</a>&nbsp;&nbsp;&nbsp;UART7_Init
<LI><a href="#[c7]">&gt;&gt;</a>&nbsp;&nbsp;&nbsp;UART6_Init
<LI><a href="#[c6]">&gt;&gt;</a>&nbsp;&nbsp;&nbsp;UART5_Init
<LI><a href="#[c5]">&gt;&gt;</a>&nbsp;&nbsp;&nbsp;UART4_Init
<LI><a href="#[c4]">&gt;&gt;</a>&nbsp;&nbsp;&nbsp;UART3_Init
<LI><a href="#[c3]">&gt;&gt;</a>&nbsp;&nbsp;&nbsp;UART2_Init
<LI><a href="#[c1]">&gt;&gt;</a>&nbsp;&nbsp;&nbsp;UART1_Init
<LI><a href="#[bb]">&gt;&gt;</a>&nbsp;&nbsp;&nbsp;UART0_Init
<LI><a href="#[b6]">&gt;&gt;</a>&nbsp;&nbsp;&nbsp;ROM_UART7_Init
<LI><a href="#[b4]">&gt;&gt;</a>&nbsp;&nbsp;&nbsp;ROM_UART6_Init
<LI><a href="#[b3]">&gt;&gt;</a>&nbsp;&nbsp;&nbsp;ROM_UART5_Init
<LI><a href="#[b2]">&gt;&gt;</a>&nbsp;&nbsp;&nbsp;ROM_UART4_Init
<LI><a href="#[b0]">&gt;&gt;</a>&nbsp;&nbsp;&nbsp;ROM_UART3_Init
<LI><a href="#[af]">&gt;&gt;</a>&nbsp;&nbsp;&nbsp;ROM_UART2_Init
<LI><a href="#[ad]">&gt;&gt;</a>&nbsp;&nbsp;&nbsp;ROM_UART1_Init
<LI><a href="#[ab]">&gt;&gt;</a>&nbsp;&nbsp;&nbsp;ROM_UART0_Init
</UL>

<P><STRONG><a name="[67]"></a>UARTIntUnregister</STRONG> (Thumb, 26 bytes, Stack size 16 bytes, uart.o(.text), UNUSED)
<BR><BR>[Calls]<UL><LI><a href="#[25]">&gt;&gt;</a>&nbsp;&nbsp;&nbsp;IntUnregister
<LI><a href="#[24]">&gt;&gt;</a>&nbsp;&nbsp;&nbsp;IntDisable
<LI><a href="#[66]">&gt;&gt;</a>&nbsp;&nbsp;&nbsp;_UARTIntNumberGet
</UL>

<P><STRONG><a name="[be]"></a>UARTIntEnable</STRONG> (Thumb, 8 bytes, Stack size 0 bytes, uart.o(.text), UNUSED)
<BR><BR>[Called By]<UL><LI><a href="#[c8]">&gt;&gt;</a>&nbsp;&nbsp;&nbsp;UART7_Init
<LI><a href="#[c7]">&gt;&gt;</a>&nbsp;&nbsp;&nbsp;UART6_Init
<LI><a href="#[c6]">&gt;&gt;</a>&nbsp;&nbsp;&nbsp;UART5_Init
<LI><a href="#[c5]">&gt;&gt;</a>&nbsp;&nbsp;&nbsp;UART4_Init
<LI><a href="#[c4]">&gt;&gt;</a>&nbsp;&nbsp;&nbsp;UART3_Init
<LI><a href="#[c3]">&gt;&gt;</a>&nbsp;&nbsp;&nbsp;UART2_Init
<LI><a href="#[c1]">&gt;&gt;</a>&nbsp;&nbsp;&nbsp;UART1_Init
<LI><a href="#[bb]">&gt;&gt;</a>&nbsp;&nbsp;&nbsp;UART0_Init
</UL>

<P><STRONG><a name="[1c9]"></a>UARTIntDisable</STRONG> (Thumb, 8 bytes, Stack size 0 bytes, uart.o(.text), UNUSED)

<P><STRONG><a name="[aa]"></a>UARTIntStatus</STRONG> (Thumb, 12 bytes, Stack size 0 bytes, uart.o(.text))
<BR><BR>[Called By]<UL><LI><a href="#[a]">&gt;&gt;</a>&nbsp;&nbsp;&nbsp;ROM_UART6IntHandler
<LI><a href="#[9]">&gt;&gt;</a>&nbsp;&nbsp;&nbsp;ROM_UART5IntHandler
<LI><a href="#[8]">&gt;&gt;</a>&nbsp;&nbsp;&nbsp;ROM_UART3IntHandler
<LI><a href="#[7]">&gt;&gt;</a>&nbsp;&nbsp;&nbsp;ROM_UART1IntHandler
<LI><a href="#[cd]">&gt;&gt;</a>&nbsp;&nbsp;&nbsp;UART7IntHandler
<LI><a href="#[cc]">&gt;&gt;</a>&nbsp;&nbsp;&nbsp;UART6IntHandler
<LI><a href="#[cb]">&gt;&gt;</a>&nbsp;&nbsp;&nbsp;UART5IntHandler
<LI><a href="#[ca]">&gt;&gt;</a>&nbsp;&nbsp;&nbsp;UART4IntHandler
<LI><a href="#[c9]">&gt;&gt;</a>&nbsp;&nbsp;&nbsp;UART3IntHandler
<LI><a href="#[c2]">&gt;&gt;</a>&nbsp;&nbsp;&nbsp;UART2IntHandler
<LI><a href="#[c0]">&gt;&gt;</a>&nbsp;&nbsp;&nbsp;UART1IntHandler
<LI><a href="#[b7]">&gt;&gt;</a>&nbsp;&nbsp;&nbsp;UART0IntHandler
<LI><a href="#[b5]">&gt;&gt;</a>&nbsp;&nbsp;&nbsp;ROM_UART7IntHandler
<LI><a href="#[b1]">&gt;&gt;</a>&nbsp;&nbsp;&nbsp;ROM_UART4IntHandler
<LI><a href="#[ae]">&gt;&gt;</a>&nbsp;&nbsp;&nbsp;ROM_UART2IntHandler
<LI><a href="#[a9]">&gt;&gt;</a>&nbsp;&nbsp;&nbsp;ROM_UART0IntHandler
</UL>

<P><STRONG><a name="[b8]"></a>UARTIntClear</STRONG> (Thumb, 4 bytes, Stack size 0 bytes, uart.o(.text))
<BR><BR>[Called By]<UL><LI><a href="#[cd]">&gt;&gt;</a>&nbsp;&nbsp;&nbsp;UART7IntHandler
<LI><a href="#[cc]">&gt;&gt;</a>&nbsp;&nbsp;&nbsp;UART6IntHandler
<LI><a href="#[cb]">&gt;&gt;</a>&nbsp;&nbsp;&nbsp;UART5IntHandler
<LI><a href="#[ca]">&gt;&gt;</a>&nbsp;&nbsp;&nbsp;UART4IntHandler
<LI><a href="#[c9]">&gt;&gt;</a>&nbsp;&nbsp;&nbsp;UART3IntHandler
<LI><a href="#[c2]">&gt;&gt;</a>&nbsp;&nbsp;&nbsp;UART2IntHandler
<LI><a href="#[c0]">&gt;&gt;</a>&nbsp;&nbsp;&nbsp;UART1IntHandler
<LI><a href="#[b7]">&gt;&gt;</a>&nbsp;&nbsp;&nbsp;UART0IntHandler
</UL>

<P><STRONG><a name="[1ca]"></a>UARTDMAEnable</STRONG> (Thumb, 8 bytes, Stack size 0 bytes, uart.o(.text), UNUSED)

<P><STRONG><a name="[1cb]"></a>UARTDMADisable</STRONG> (Thumb, 8 bytes, Stack size 0 bytes, uart.o(.text), UNUSED)

<P><STRONG><a name="[1cc]"></a>UARTRxErrorGet</STRONG> (Thumb, 10 bytes, Stack size 0 bytes, uart.o(.text), UNUSED)

<P><STRONG><a name="[1cd]"></a>UARTRxErrorClear</STRONG> (Thumb, 6 bytes, Stack size 0 bytes, uart.o(.text), UNUSED)

<P><STRONG><a name="[1ce]"></a>UARTClockSourceSet</STRONG> (Thumb, 6 bytes, Stack size 0 bytes, uart.o(.text), UNUSED)

<P><STRONG><a name="[1cf]"></a>UARTClockSourceGet</STRONG> (Thumb, 8 bytes, Stack size 0 bytes, uart.o(.text), UNUSED)

<P><STRONG><a name="[1d0]"></a>UART9BitEnable</STRONG> (Thumb, 14 bytes, Stack size 0 bytes, uart.o(.text), UNUSED)

<P><STRONG><a name="[1d1]"></a>UART9BitDisable</STRONG> (Thumb, 14 bytes, Stack size 0 bytes, uart.o(.text), UNUSED)

<P><STRONG><a name="[1d2]"></a>UART9BitAddrSet</STRONG> (Thumb, 10 bytes, Stack size 0 bytes, uart.o(.text), UNUSED)

<P><STRONG><a name="[1d3]"></a>UART9BitAddrSend</STRONG> (Thumb, 44 bytes, Stack size 0 bytes, uart.o(.text), UNUSED)

<P><STRONG><a name="[68]"></a>LED_GPIO_Config</STRONG> (Thumb, 18 bytes, Stack size 8 bytes, led.o(.text))
<BR><BR>[Stack]<UL><LI>Max Depth = 40<LI>Call Chain = LED_GPIO_Config &rArr; GPIOPinTypeGPIOOutput &rArr; GPIOPadConfigSet
</UL>
<BR>[Calls]<UL><LI><a href="#[30]">&gt;&gt;</a>&nbsp;&nbsp;&nbsp;GPIOPinTypeGPIOOutput
<LI><a href="#[69]">&gt;&gt;</a>&nbsp;&nbsp;&nbsp;SysCtlPeripheralEnable
</UL>
<BR>[Called By]<UL><LI><a href="#[5]">&gt;&gt;</a>&nbsp;&nbsp;&nbsp;main
</UL>

<P><STRONG><a name="[6a]"></a>LED_Init</STRONG> (Thumb, 94 bytes, Stack size 8 bytes, led.o(.text))
<BR><BR>[Stack]<UL><LI>Max Depth = 40<LI>Call Chain = LED_Init &rArr; GPIOPinTypeGPIOOutput &rArr; GPIOPadConfigSet
</UL>
<BR>[Calls]<UL><LI><a href="#[30]">&gt;&gt;</a>&nbsp;&nbsp;&nbsp;GPIOPinTypeGPIOOutput
<LI><a href="#[6c]">&gt;&gt;</a>&nbsp;&nbsp;&nbsp;GPIOPinWrite
<LI><a href="#[6b]">&gt;&gt;</a>&nbsp;&nbsp;&nbsp;SysCtlPeripheralReady
<LI><a href="#[69]">&gt;&gt;</a>&nbsp;&nbsp;&nbsp;SysCtlPeripheralEnable
</UL>
<BR>[Called By]<UL><LI><a href="#[5]">&gt;&gt;</a>&nbsp;&nbsp;&nbsp;main
</UL>

<P><STRONG><a name="[6d]"></a>BEEP_Init</STRONG> (Thumb, 44 bytes, Stack size 8 bytes, led.o(.text), UNUSED)
<BR><BR>[Calls]<UL><LI><a href="#[30]">&gt;&gt;</a>&nbsp;&nbsp;&nbsp;GPIOPinTypeGPIOOutput
<LI><a href="#[6c]">&gt;&gt;</a>&nbsp;&nbsp;&nbsp;GPIOPinWrite
<LI><a href="#[6b]">&gt;&gt;</a>&nbsp;&nbsp;&nbsp;SysCtlPeripheralReady
<LI><a href="#[69]">&gt;&gt;</a>&nbsp;&nbsp;&nbsp;SysCtlPeripheralEnable
</UL>

<P><STRONG><a name="[6e]"></a>KEY_Init</STRONG> (Thumb, 64 bytes, Stack size 8 bytes, led.o(.text))
<BR><BR>[Stack]<UL><LI>Max Depth = 28<LI>Call Chain = KEY_Init &rArr; GPIOPadConfigSet
</UL>
<BR>[Calls]<UL><LI><a href="#[28]">&gt;&gt;</a>&nbsp;&nbsp;&nbsp;GPIOPadConfigSet
<LI><a href="#[27]">&gt;&gt;</a>&nbsp;&nbsp;&nbsp;GPIODirModeSet
<LI><a href="#[69]">&gt;&gt;</a>&nbsp;&nbsp;&nbsp;SysCtlPeripheralEnable
</UL>
<BR>[Called By]<UL><LI><a href="#[5]">&gt;&gt;</a>&nbsp;&nbsp;&nbsp;main
</UL>

<P><STRONG><a name="[6f]"></a>OLED_W_SCL</STRONG> (Thumb, 36 bytes, Stack size 8 bytes, oled.o(.text))
<BR><BR>[Stack]<UL><LI>Max Depth = 8<LI>Call Chain = OLED_W_SCL
</UL>
<BR>[Calls]<UL><LI><a href="#[6c]">&gt;&gt;</a>&nbsp;&nbsp;&nbsp;GPIOPinWrite
</UL>
<BR>[Called By]<UL><LI><a href="#[74]">&gt;&gt;</a>&nbsp;&nbsp;&nbsp;OLED_I2C_SendByte
<LI><a href="#[73]">&gt;&gt;</a>&nbsp;&nbsp;&nbsp;OLED_I2C_Stop
<LI><a href="#[72]">&gt;&gt;</a>&nbsp;&nbsp;&nbsp;OLED_I2C_Start
<LI><a href="#[71]">&gt;&gt;</a>&nbsp;&nbsp;&nbsp;OLED_GPIO_Init
</UL>

<P><STRONG><a name="[70]"></a>OLED_W_SDA</STRONG> (Thumb, 36 bytes, Stack size 8 bytes, oled.o(.text))
<BR><BR>[Stack]<UL><LI>Max Depth = 8<LI>Call Chain = OLED_W_SDA
</UL>
<BR>[Calls]<UL><LI><a href="#[6c]">&gt;&gt;</a>&nbsp;&nbsp;&nbsp;GPIOPinWrite
</UL>
<BR>[Called By]<UL><LI><a href="#[74]">&gt;&gt;</a>&nbsp;&nbsp;&nbsp;OLED_I2C_SendByte
<LI><a href="#[73]">&gt;&gt;</a>&nbsp;&nbsp;&nbsp;OLED_I2C_Stop
<LI><a href="#[72]">&gt;&gt;</a>&nbsp;&nbsp;&nbsp;OLED_I2C_Start
<LI><a href="#[71]">&gt;&gt;</a>&nbsp;&nbsp;&nbsp;OLED_GPIO_Init
</UL>

<P><STRONG><a name="[71]"></a>OLED_GPIO_Init</STRONG> (Thumb, 66 bytes, Stack size 16 bytes, oled.o(.text))
<BR><BR>[Stack]<UL><LI>Max Depth = 48<LI>Call Chain = OLED_GPIO_Init &rArr; GPIOPinTypeGPIOOutput &rArr; GPIOPadConfigSet
</UL>
<BR>[Calls]<UL><LI><a href="#[30]">&gt;&gt;</a>&nbsp;&nbsp;&nbsp;GPIOPinTypeGPIOOutput
<LI><a href="#[70]">&gt;&gt;</a>&nbsp;&nbsp;&nbsp;OLED_W_SDA
<LI><a href="#[6f]">&gt;&gt;</a>&nbsp;&nbsp;&nbsp;OLED_W_SCL
<LI><a href="#[69]">&gt;&gt;</a>&nbsp;&nbsp;&nbsp;SysCtlPeripheralEnable
</UL>
<BR>[Called By]<UL><LI><a href="#[79]">&gt;&gt;</a>&nbsp;&nbsp;&nbsp;OLED_Init
</UL>

<P><STRONG><a name="[72]"></a>OLED_I2C_Start</STRONG> (Thumb, 28 bytes, Stack size 8 bytes, oled.o(.text))
<BR><BR>[Stack]<UL><LI>Max Depth = 16<LI>Call Chain = OLED_I2C_Start &rArr; OLED_W_SDA
</UL>
<BR>[Calls]<UL><LI><a href="#[70]">&gt;&gt;</a>&nbsp;&nbsp;&nbsp;OLED_W_SDA
<LI><a href="#[6f]">&gt;&gt;</a>&nbsp;&nbsp;&nbsp;OLED_W_SCL
</UL>
<BR>[Called By]<UL><LI><a href="#[76]">&gt;&gt;</a>&nbsp;&nbsp;&nbsp;OLED_WriteData
<LI><a href="#[75]">&gt;&gt;</a>&nbsp;&nbsp;&nbsp;OLED_WriteCommand
</UL>

<P><STRONG><a name="[73]"></a>OLED_I2C_Stop</STRONG> (Thumb, 22 bytes, Stack size 8 bytes, oled.o(.text))
<BR><BR>[Stack]<UL><LI>Max Depth = 16<LI>Call Chain = OLED_I2C_Stop &rArr; OLED_W_SDA
</UL>
<BR>[Calls]<UL><LI><a href="#[70]">&gt;&gt;</a>&nbsp;&nbsp;&nbsp;OLED_W_SDA
<LI><a href="#[6f]">&gt;&gt;</a>&nbsp;&nbsp;&nbsp;OLED_W_SCL
</UL>
<BR>[Called By]<UL><LI><a href="#[76]">&gt;&gt;</a>&nbsp;&nbsp;&nbsp;OLED_WriteData
<LI><a href="#[75]">&gt;&gt;</a>&nbsp;&nbsp;&nbsp;OLED_WriteCommand
</UL>

<P><STRONG><a name="[74]"></a>OLED_I2C_SendByte</STRONG> (Thumb, 62 bytes, Stack size 16 bytes, oled.o(.text))
<BR><BR>[Stack]<UL><LI>Max Depth = 24<LI>Call Chain = OLED_I2C_SendByte &rArr; OLED_W_SDA
</UL>
<BR>[Calls]<UL><LI><a href="#[70]">&gt;&gt;</a>&nbsp;&nbsp;&nbsp;OLED_W_SDA
<LI><a href="#[6f]">&gt;&gt;</a>&nbsp;&nbsp;&nbsp;OLED_W_SCL
</UL>
<BR>[Called By]<UL><LI><a href="#[76]">&gt;&gt;</a>&nbsp;&nbsp;&nbsp;OLED_WriteData
<LI><a href="#[75]">&gt;&gt;</a>&nbsp;&nbsp;&nbsp;OLED_WriteCommand
</UL>

<P><STRONG><a name="[75]"></a>OLED_WriteCommand</STRONG> (Thumb, 32 bytes, Stack size 8 bytes, oled.o(.text))
<BR><BR>[Stack]<UL><LI>Max Depth = 32<LI>Call Chain = OLED_WriteCommand &rArr; OLED_I2C_SendByte &rArr; OLED_W_SDA
</UL>
<BR>[Calls]<UL><LI><a href="#[74]">&gt;&gt;</a>&nbsp;&nbsp;&nbsp;OLED_I2C_SendByte
<LI><a href="#[73]">&gt;&gt;</a>&nbsp;&nbsp;&nbsp;OLED_I2C_Stop
<LI><a href="#[72]">&gt;&gt;</a>&nbsp;&nbsp;&nbsp;OLED_I2C_Start
</UL>
<BR>[Called By]<UL><LI><a href="#[79]">&gt;&gt;</a>&nbsp;&nbsp;&nbsp;OLED_Init
<LI><a href="#[77]">&gt;&gt;</a>&nbsp;&nbsp;&nbsp;OLED_SetCursor
</UL>

<P><STRONG><a name="[76]"></a>OLED_WriteData</STRONG> (Thumb, 46 bytes, Stack size 16 bytes, oled.o(.text))
<BR><BR>[Stack]<UL><LI>Max Depth = 40<LI>Call Chain = OLED_WriteData &rArr; OLED_I2C_SendByte &rArr; OLED_W_SDA
</UL>
<BR>[Calls]<UL><LI><a href="#[74]">&gt;&gt;</a>&nbsp;&nbsp;&nbsp;OLED_I2C_SendByte
<LI><a href="#[73]">&gt;&gt;</a>&nbsp;&nbsp;&nbsp;OLED_I2C_Stop
<LI><a href="#[72]">&gt;&gt;</a>&nbsp;&nbsp;&nbsp;OLED_I2C_Start
</UL>
<BR>[Called By]<UL><LI><a href="#[81]">&gt;&gt;</a>&nbsp;&nbsp;&nbsp;OLED_UpdateArea
<LI><a href="#[78]">&gt;&gt;</a>&nbsp;&nbsp;&nbsp;OLED_Update
</UL>

<P><STRONG><a name="[77]"></a>OLED_SetCursor</STRONG> (Thumb, 34 bytes, Stack size 16 bytes, oled.o(.text))
<BR><BR>[Stack]<UL><LI>Max Depth = 48<LI>Call Chain = OLED_SetCursor &rArr; OLED_WriteCommand &rArr; OLED_I2C_SendByte &rArr; OLED_W_SDA
</UL>
<BR>[Calls]<UL><LI><a href="#[75]">&gt;&gt;</a>&nbsp;&nbsp;&nbsp;OLED_WriteCommand
</UL>
<BR>[Called By]<UL><LI><a href="#[81]">&gt;&gt;</a>&nbsp;&nbsp;&nbsp;OLED_UpdateArea
<LI><a href="#[78]">&gt;&gt;</a>&nbsp;&nbsp;&nbsp;OLED_Update
</UL>

<P><STRONG><a name="[78]"></a>OLED_Update</STRONG> (Thumb, 36 bytes, Stack size 8 bytes, oled.o(.text))
[...]
</UL>
<BR>[Called By]<UL><LI><a href="#[c]">&gt;&gt;</a>&nbsp;&nbsp;&nbsp;TIMER1A_Handler
<LI><a href="#[b]">&gt;&gt;</a>&nbsp;&nbsp;&nbsp;TIMER0A_Handler
<LI><a href="#[9b]">&gt;&gt;</a>&nbsp;&nbsp;&nbsp;OLED_DrawEllipse
<LI><a href="#[e]">&gt;&gt;</a>&nbsp;&nbsp;&nbsp;TIMER4_WID_IRQHandler
<LI><a href="#[d]">&gt;&gt;</a>&nbsp;&nbsp;&nbsp;TIMER3_WID_IRQHandler
</UL>

<P><STRONG><a name="[1e2]"></a>__aeabi_uidiv</STRONG> (Thumb, 0 bytes, Stack size 12 bytes, uidiv.o(.text), UNUSED)

<P><STRONG><a name="[12a]"></a>__aeabi_uidivmod</STRONG> (Thumb, 44 bytes, Stack size 12 bytes, uidiv.o(.text), UNUSED)
<BR><BR>[Called By]<UL><LI><a href="#[11d]">&gt;&gt;</a>&nbsp;&nbsp;&nbsp;_printf_core
</UL>

<P><STRONG><a name="[118]"></a>__aeabi_uldivmod</STRONG> (Thumb, 98 bytes, Stack size 40 bytes, uldiv.o(.text), UNUSED)
<BR><BR>[Calls]<UL><LI><a href="#[116]">&gt;&gt;</a>&nbsp;&nbsp;&nbsp;__aeabi_llsr
<LI><a href="#[112]">&gt;&gt;</a>&nbsp;&nbsp;&nbsp;__aeabi_llsl
</UL>
<BR>[Called By]<UL><LI><a href="#[11d]">&gt;&gt;</a>&nbsp;&nbsp;&nbsp;_printf_core
<LI><a href="#[127]">&gt;&gt;</a>&nbsp;&nbsp;&nbsp;_fp_digits
</UL>

<P><STRONG><a name="[112]"></a>__aeabi_llsl</STRONG> (Thumb, 30 bytes, Stack size 0 bytes, llshl.o(.text))
<BR><BR>[Called By]<UL><LI><a href="#[9c]">&gt;&gt;</a>&nbsp;&nbsp;&nbsp;__aeabi_dadd
<LI><a href="#[119]">&gt;&gt;</a>&nbsp;&nbsp;&nbsp;_drnd
<LI><a href="#[118]">&gt;&gt;</a>&nbsp;&nbsp;&nbsp;__aeabi_uldivmod
<LI><a href="#[114]">&gt;&gt;</a>&nbsp;&nbsp;&nbsp;_double_epilogue
<LI><a href="#[11a]">&gt;&gt;</a>&nbsp;&nbsp;&nbsp;__aeabi_d2ulz
</UL>

<P><STRONG><a name="[1e3]"></a>_ll_shift_l</STRONG> (Thumb, 0 bytes, Stack size 0 bytes, llshl.o(.text), UNUSED)

<P><STRONG><a name="[116]"></a>__aeabi_llsr</STRONG> (Thumb, 32 bytes, Stack size 0 bytes, llushr.o(.text))
<BR><BR>[Called By]<UL><LI><a href="#[8d]">&gt;&gt;</a>&nbsp;&nbsp;&nbsp;__aeabi_d2uiz
<LI><a href="#[80]">&gt;&gt;</a>&nbsp;&nbsp;&nbsp;__aeabi_d2iz
<LI><a href="#[119]">&gt;&gt;</a>&nbsp;&nbsp;&nbsp;_drnd
<LI><a href="#[118]">&gt;&gt;</a>&nbsp;&nbsp;&nbsp;__aeabi_uldivmod
<LI><a href="#[114]">&gt;&gt;</a>&nbsp;&nbsp;&nbsp;_double_epilogue
<LI><a href="#[11a]">&gt;&gt;</a>&nbsp;&nbsp;&nbsp;__aeabi_d2ulz
</UL>

<P><STRONG><a name="[1e4]"></a>_ll_ushift_r</STRONG> (Thumb, 0 bytes, Stack size 0 bytes, llushr.o(.text), UNUSED)

<P><STRONG><a name="[113]"></a>__aeabi_lasr</STRONG> (Thumb, 36 bytes, Stack size 0 bytes, llsshr.o(.text))
<BR><BR>[Called By]<UL><LI><a href="#[9c]">&gt;&gt;</a>&nbsp;&nbsp;&nbsp;__aeabi_dadd
</UL>

<P><STRONG><a name="[1e5]"></a>_ll_sshift_r</STRONG> (Thumb, 0 bytes, Stack size 0 bytes, llsshr.o(.text), UNUSED)

<P><STRONG><a name="[1e6]"></a>__I$use$fp</STRONG> (Thumb, 0 bytes, Stack size 0 bytes, iusefp.o(.text), UNUSED)

<P><STRONG><a name="[117]"></a>_float_round</STRONG> (Thumb, 18 bytes, Stack size 0 bytes, fepilogue.o(.text))
<BR><BR>[Called By]<UL><LI><a href="#[9d]">&gt;&gt;</a>&nbsp;&nbsp;&nbsp;__aeabi_d2f
</UL>

<P><STRONG><a name="[1e7]"></a>_float_epilogue</STRONG> (Thumb, 92 bytes, Stack size 4 bytes, fepilogue.o(.text), UNUSED)

<P><STRONG><a name="[115]"></a>_double_round</STRONG> (Thumb, 30 bytes, Stack size 8 bytes, depilogue.o(.text))
<BR><BR>[Stack]<UL><LI>Max Depth = 8<LI>Call Chain = _double_round
</UL>
<BR>[Called By]<UL><LI><a href="#[7e]">&gt;&gt;</a>&nbsp;&nbsp;&nbsp;__aeabi_ddiv
<LI><a href="#[9c]">&gt;&gt;</a>&nbsp;&nbsp;&nbsp;__aeabi_dadd
<LI><a href="#[119]">&gt;&gt;</a>&nbsp;&nbsp;&nbsp;_drnd
<LI><a href="#[114]">&gt;&gt;</a>&nbsp;&nbsp;&nbsp;_double_epilogue
</UL>

<P><STRONG><a name="[114]"></a>_double_epilogue</STRONG> (Thumb, 156 bytes, Stack size 32 bytes, depilogue.o(.text))
<BR><BR>[Stack]<UL><LI>Max Depth = 40<LI>Call Chain = _double_epilogue &rArr; _double_round
</UL>
<BR>[Calls]<UL><LI><a href="#[116]">&gt;&gt;</a>&nbsp;&nbsp;&nbsp;__aeabi_llsr
<LI><a href="#[112]">&gt;&gt;</a>&nbsp;&nbsp;&nbsp;__aeabi_llsl
<LI><a href="#[115]">&gt;&gt;</a>&nbsp;&nbsp;&nbsp;_double_round
</UL>
<BR>[Called By]<UL><LI><a href="#[8e]">&gt;&gt;</a>&nbsp;&nbsp;&nbsp;__aeabi_ui2d
<LI><a href="#[7c]">&gt;&gt;</a>&nbsp;&nbsp;&nbsp;__aeabi_i2d
<LI><a href="#[7f]">&gt;&gt;</a>&nbsp;&nbsp;&nbsp;__aeabi_dmul
<LI><a href="#[9c]">&gt;&gt;</a>&nbsp;&nbsp;&nbsp;__aeabi_dadd
</UL>

<P><STRONG><a name="[119]"></a>_drnd</STRONG> (Thumb, 132 bytes, Stack size 24 bytes, drnd.o(.text), UNUSED)
<BR><BR>[Calls]<UL><LI><a href="#[116]">&gt;&gt;</a>&nbsp;&nbsp;&nbsp;__aeabi_llsr
<LI><a href="#[112]">&gt;&gt;</a>&nbsp;&nbsp;&nbsp;__aeabi_llsl
<LI><a href="#[115]">&gt;&gt;</a>&nbsp;&nbsp;&nbsp;_double_round
</UL>
<BR>[Called By]<UL><LI><a href="#[90]">&gt;&gt;</a>&nbsp;&nbsp;&nbsp;__hardfp_round
</UL>

<P><STRONG><a name="[11a]"></a>__aeabi_d2ulz</STRONG> (Thumb, 48 bytes, Stack size 0 bytes, dfixul.o(.text), UNUSED)
<BR><BR>[Calls]<UL><LI><a href="#[116]">&gt;&gt;</a>&nbsp;&nbsp;&nbsp;__aeabi_llsr
<LI><a href="#[112]">&gt;&gt;</a>&nbsp;&nbsp;&nbsp;__aeabi_llsl
</UL>
<BR>[Called By]<UL><LI><a href="#[127]">&gt;&gt;</a>&nbsp;&nbsp;&nbsp;_fp_digits
</UL>

<P><STRONG><a name="[14]"></a>__scatterload</STRONG> (Thumb, 28 bytes, Stack size 0 bytes, init.o(.text))
<BR><BR>[Calls]<UL><LI><a href="#[11b]">&gt;&gt;</a>&nbsp;&nbsp;&nbsp;__main_after_scatterload
</UL>
<BR>[Called By]<UL><LI><a href="#[13]">&gt;&gt;</a>&nbsp;&nbsp;&nbsp;_main_scatterload
</UL>

<P><STRONG><a name="[1e8]"></a>__scatterload_rt2</STRONG> (Thumb, 0 bytes, Stack size 0 bytes, init.o(.text), UNUSED)

<P><STRONG><a name="[1e9]"></a>__decompress</STRONG> (Thumb, 0 bytes, Stack size unknown bytes, __dczerorl.o(.text), UNUSED)

<P><STRONG><a name="[1ea]"></a>__decompress0</STRONG> (Thumb, 58 bytes, Stack size unknown bytes, __dczerorl.o(.text), UNUSED)

<P><STRONG><a name="[11c]"></a>__0printf</STRONG> (Thumb, 22 bytes, Stack size 24 bytes, printfa.o(i.__0printf), UNUSED)
<BR><BR>[Calls]<UL><LI><a href="#[11d]">&gt;&gt;</a>&nbsp;&nbsp;&nbsp;_printf_core
</UL>

<P><STRONG><a name="[1eb]"></a>__1printf</STRONG> (Thumb, 0 bytes, Stack size 24 bytes, printfa.o(i.__0printf), UNUSED)

<P><STRONG><a name="[103]"></a>__2printf</STRONG> (Thumb, 0 bytes, Stack size 24 bytes, printfa.o(i.__0printf))
<BR><BR>[Stack]<UL><LI>Max Depth = 24<LI>Call Chain = __2printf
</UL>
<BR>[Called By]<UL><LI><a href="#[5]">&gt;&gt;</a>&nbsp;&nbsp;&nbsp;main
</UL>

<P><STRONG><a name="[1ec]"></a>__c89printf</STRONG> (Thumb, 0 bytes, Stack size 24 bytes, printfa.o(i.__0printf), UNUSED)

<P><STRONG><a name="[1ed]"></a>printf</STRONG> (Thumb, 0 bytes, Stack size 24 bytes, printfa.o(i.__0printf), UNUSED)

<P><STRONG><a name="[11e]"></a>__0vsprintf</STRONG> (Thumb, 30 bytes, Stack size 24 bytes, printfa.o(i.__0vsprintf), UNUSED)
<BR><BR>[Calls]<UL><LI><a href="#[11]">&gt;&gt;</a>&nbsp;&nbsp;&nbsp;_sputc
<LI><a href="#[11d]">&gt;&gt;</a>&nbsp;&nbsp;&nbsp;_printf_core
</UL>

<P><STRONG><a name="[1ee]"></a>__1vsprintf</STRONG> (Thumb, 0 bytes, Stack size 24 bytes, printfa.o(i.__0vsprintf), UNUSED)

<P><STRONG><a name="[1ef]"></a>__2vsprintf</STRONG> (Thumb, 0 bytes, Stack size 24 bytes, printfa.o(i.__0vsprintf), UNUSED)

<P><STRONG><a name="[1f0]"></a>__c89vsprintf</STRONG> (Thumb, 0 bytes, Stack size 24 bytes, printfa.o(i.__0vsprintf), UNUSED)

<P><STRONG><a name="[94]"></a>vsprintf</STRONG> (Thumb, 0 bytes, Stack size 24 bytes, printfa.o(i.__0vsprintf), UNUSED)
<BR><BR>[Called By]<UL><LI><a href="#[93]">&gt;&gt;</a>&nbsp;&nbsp;&nbsp;OLED_Printf
</UL>

<P><STRONG><a name="[121]"></a>__ARM_fpclassify</STRONG> (Thumb, 48 bytes, Stack size 8 bytes, fpclassify.o(i.__ARM_fpclassify), UNUSED)
<BR><BR>[Called By]<UL><LI><a href="#[11f]">&gt;&gt;</a>&nbsp;&nbsp;&nbsp;__hardfp_atan
</UL>

<P><STRONG><a name="[11f]"></a>__hardfp_atan</STRONG> (Thumb, 622 bytes, Stack size 48 bytes, atan.o(i.__hardfp_atan), UNUSED)
<BR><BR>[Calls]<UL><LI><a href="#[9e]">&gt;&gt;</a>&nbsp;&nbsp;&nbsp;__aeabi_dsub
<LI><a href="#[8f]">&gt;&gt;</a>&nbsp;&nbsp;&nbsp;__aeabi_drsub
<LI><a href="#[7f]">&gt;&gt;</a>&nbsp;&nbsp;&nbsp;__aeabi_dmul
<LI><a href="#[7e]">&gt;&gt;</a>&nbsp;&nbsp;&nbsp;__aeabi_ddiv
<LI><a href="#[9c]">&gt;&gt;</a>&nbsp;&nbsp;&nbsp;__aeabi_dadd
<LI><a href="#[124]">&gt;&gt;</a>&nbsp;&nbsp;&nbsp;__kernel_poly
<LI><a href="#[121]">&gt;&gt;</a>&nbsp;&nbsp;&nbsp;__ARM_fpclassify
<LI><a href="#[123]">&gt;&gt;</a>&nbsp;&nbsp;&nbsp;fabs
<LI><a href="#[122]">&gt;&gt;</a>&nbsp;&nbsp;&nbsp;__mathlib_dbl_underflow
<LI><a href="#[120]">&gt;&gt;</a>&nbsp;&nbsp;&nbsp;__mathlib_dbl_infnan
</UL>
<BR>[Called By]<UL><LI><a href="#[126]">&gt;&gt;</a>&nbsp;&nbsp;&nbsp;atan
</UL>

<P><STRONG><a name="[7d]"></a>__hardfp_atan2</STRONG> (Thumb, 432 bytes, Stack size 48 bytes, atan2.o(i.__hardfp_atan2), UNUSED)
<BR><BR>[Calls]<UL><LI><a href="#[9e]">&gt;&gt;</a>&nbsp;&nbsp;&nbsp;__aeabi_dsub
<LI><a href="#[8f]">&gt;&gt;</a>&nbsp;&nbsp;&nbsp;__aeabi_drsub
<LI><a href="#[7e]">&gt;&gt;</a>&nbsp;&nbsp;&nbsp;__aeabi_ddiv
<LI><a href="#[123]">&gt;&gt;</a>&nbsp;&nbsp;&nbsp;fabs
<LI><a href="#[125]">&gt;&gt;</a>&nbsp;&nbsp;&nbsp;__mathlib_dbl_infnan2
<LI><a href="#[126]">&gt;&gt;</a>&nbsp;&nbsp;&nbsp;atan
</UL>
<BR>[Called By]<UL><LI><a href="#[7b]">&gt;&gt;</a>&nbsp;&nbsp;&nbsp;OLED_IsInAngle
</UL>

<P><STRONG><a name="[90]"></a>__hardfp_round</STRONG> (Thumb, 194 bytes, Stack size 64 bytes, round.o(i.__hardfp_round), UNUSED)
<BR><BR>[Calls]<UL><LI><a href="#[9e]">&gt;&gt;</a>&nbsp;&nbsp;&nbsp;__aeabi_dsub
<LI><a href="#[9c]">&gt;&gt;</a>&nbsp;&nbsp;&nbsp;__aeabi_dadd
<LI><a href="#[8c]">&gt;&gt;</a>&nbsp;&nbsp;&nbsp;__aeabi_cdrcmple
<LI><a href="#[9f]">&gt;&gt;</a>&nbsp;&nbsp;&nbsp;__aeabi_cdcmple
<LI><a href="#[119]">&gt;&gt;</a>&nbsp;&nbsp;&nbsp;_drnd
</UL>
<BR>[Called By]<UL><LI><a href="#[8b]">&gt;&gt;</a>&nbsp;&nbsp;&nbsp;OLED_ShowFloatNum
</UL>

<P><STRONG><a name="[124]"></a>__kernel_poly</STRONG> (Thumb, 248 bytes, Stack size 24 bytes, poly.o(i.__kernel_poly), UNUSED)
<BR><BR>[Calls]<UL><LI><a href="#[7f]">&gt;&gt;</a>&nbsp;&nbsp;&nbsp;__aeabi_dmul
<LI><a href="#[9c]">&gt;&gt;</a>&nbsp;&nbsp;&nbsp;__aeabi_dadd
</UL>
<BR>[Called By]<UL><LI><a href="#[11f]">&gt;&gt;</a>&nbsp;&nbsp;&nbsp;__hardfp_atan
</UL>

<P><STRONG><a name="[120]"></a>__mathlib_dbl_infnan</STRONG> (Thumb, 20 bytes, Stack size 8 bytes, dunder.o(i.__mathlib_dbl_infnan), UNUSED)
<BR><BR>[Calls]<UL><LI><a href="#[9c]">&gt;&gt;</a>&nbsp;&nbsp;&nbsp;__aeabi_dadd
</UL>
<BR>[Called By]<UL><LI><a href="#[11f]">&gt;&gt;</a>&nbsp;&nbsp;&nbsp;__hardfp_atan
</UL>

<P><STRONG><a name="[125]"></a>__mathlib_dbl_infnan2</STRONG> (Thumb, 20 bytes, Stack size 8 bytes, dunder.o(i.__mathlib_dbl_infnan2), UNUSED)
<BR><BR>[Calls]<UL><LI><a href="#[9c]">&gt;&gt;</a>&nbsp;&nbsp;&nbsp;__aeabi_dadd
</UL>
<BR>[Called By]<UL><LI><a href="#[7d]">&gt;&gt;</a>&nbsp;&nbsp;&nbsp;__hardfp_atan2
</UL>

<P><STRONG><a name="[122]"></a>__mathlib_dbl_underflow</STRONG> (Thumb, 24 bytes, Stack size 8 bytes, dunder.o(i.__mathlib_dbl_underflow), UNUSED)
<BR><BR>[Calls]<UL><LI><a href="#[7f]">&gt;&gt;</a>&nbsp;&nbsp;&nbsp;__aeabi_dmul
</UL>
<BR>[Called By]<UL><LI><a href="#[11f]">&gt;&gt;</a>&nbsp;&nbsp;&nbsp;__hardfp_atan
</UL>

<P><STRONG><a name="[1f1]"></a>__scatterload_copy</STRONG> (Thumb, 14 bytes, Stack size unknown bytes, handlers.o(i.__scatterload_copy), UNUSED)

<P><STRONG><a name="[1f2]"></a>__scatterload_null</STRONG> (Thumb, 2 bytes, Stack size unknown bytes, handlers.o(i.__scatterload_null), UNUSED)

<P><STRONG><a name="[1f3]"></a>__scatterload_zeroinit</STRONG> (Thumb, 14 bytes, Stack size unknown bytes, handlers.o(i.__scatterload_zeroinit), UNUSED)

<P><STRONG><a name="[126]"></a>atan</STRONG> (Thumb, 16 bytes, Stack size 8 bytes, atan.o(i.atan), UNUSED)
<BR><BR>[Calls]<UL><LI><a href="#[11f]">&gt;&gt;</a>&nbsp;&nbsp;&nbsp;__hardfp_atan
</UL>
<BR>[Called By]<UL><LI><a href="#[7d]">&gt;&gt;</a>&nbsp;&nbsp;&nbsp;__hardfp_atan2
</UL>

<P><STRONG><a name="[123]"></a>fabs</STRONG> (Thumb, 24 bytes, Stack size 8 bytes, fabs.o(i.fabs), UNUSED)
<BR><BR>[Called By]<UL><LI><a href="#[7d]">&gt;&gt;</a>&nbsp;&nbsp;&nbsp;__hardfp_atan2
<LI><a href="#[11f]">&gt;&gt;</a>&nbsp;&nbsp;&nbsp;__hardfp_atan
</UL>

<P><STRONG><a name="[f3]"></a>free</STRONG> (Thumb, 76 bytes, Stack size 8 bytes, malloc.o(i.free), UNUSED)
<BR><BR>[Called By]<UL><LI><a href="#[f1]">&gt;&gt;</a>&nbsp;&nbsp;&nbsp;BLE_Send
</UL>

<P><STRONG><a name="[f2]"></a>malloc</STRONG> (Thumb, 92 bytes, Stack size 20 bytes, malloc.o(i.malloc), UNUSED)
<BR><BR>[Called By]<UL><LI><a href="#[f1]">&gt;&gt;</a>&nbsp;&nbsp;&nbsp;BLE_Send
</UL>
<P>
<H3>
Local Symbols
</H3>
<P><STRONG><a name="[16]"></a>_EEPROMSectorMaskSet</STRONG> (Thumb, 56 bytes, Stack size 16 bytes, eeprom.o(.text))
<BR><BR>[Stack]<UL><LI>Max Depth = 16<LI>Call Chain = _EEPROMSectorMaskSet
</UL>
<BR>[Calls]<UL><LI><a href="#[15]">&gt;&gt;</a>&nbsp;&nbsp;&nbsp;SysCtlDelay
</UL>
<BR>[Called By]<UL><LI><a href="#[1c]">&gt;&gt;</a>&nbsp;&nbsp;&nbsp;EEPROMProgramNonBlocking
<LI><a href="#[1b]">&gt;&gt;</a>&nbsp;&nbsp;&nbsp;EEPROMProgram
</UL>

<P><STRONG><a name="[17]"></a>_EEPROMSectorMaskClear</STRONG> (Thumb, 48 bytes, Stack size 8 bytes, eeprom.o(.text))
<BR><BR>[Stack]<UL><LI>Max Depth = 8<LI>Call Chain = _EEPROMSectorMaskClear
</UL>
<BR>[Calls]<UL><LI><a href="#[15]">&gt;&gt;</a>&nbsp;&nbsp;&nbsp;SysCtlDelay
</UL>
<BR>[Called By]<UL><LI><a href="#[1e]">&gt;&gt;</a>&nbsp;&nbsp;&nbsp;EEPROMIntClear
<LI><a href="#[1d]">&gt;&gt;</a>&nbsp;&nbsp;&nbsp;EEPROMMassErase
<LI><a href="#[1b]">&gt;&gt;</a>&nbsp;&nbsp;&nbsp;EEPROMProgram
</UL>

<P><STRONG><a name="[19]"></a>_EEPROMWaitForDone</STRONG> (Thumb, 16 bytes, Stack size 0 bytes, eeprom.o(.text))
<BR><BR>[Called By]<UL><LI><a href="#[1d]">&gt;&gt;</a>&nbsp;&nbsp;&nbsp;EEPROMMassErase
<LI><a href="#[18]">&gt;&gt;</a>&nbsp;&nbsp;&nbsp;EEPROMInit
</UL>

<P><STRONG><a name="[20]"></a>_GPIOIntNumberGet</STRONG> (Thumb, 56 bytes, Stack size 12 bytes, gpio.o(.text))
<BR><BR>[Stack]<UL><LI>Max Depth = 12<LI>Call Chain = _GPIOIntNumberGet
</UL>
<BR>[Called By]<UL><LI><a href="#[23]">&gt;&gt;</a>&nbsp;&nbsp;&nbsp;GPIOIntUnregister
<LI><a href="#[1f]">&gt;&gt;</a>&nbsp;&nbsp;&nbsp;GPIOIntRegister
</UL>

<P><STRONG><a name="[6]"></a>_IntDefaultHandler</STRONG> (Thumb, 4 bytes, Stack size 0 bytes, interrupt.o(.text))
<BR>[Address Reference Count : 1]<UL><LI> interrupt.o(.text)
</UL>
<P><STRONG><a name="[4e]"></a>_PWMGenIntNumberGet</STRONG> (Thumb, 248 bytes, Stack size 8 bytes, pwm.o(.text), UNUSED)
<BR><BR>[Called By]<UL><LI><a href="#[4f]">&gt;&gt;</a>&nbsp;&nbsp;&nbsp;PWMGenIntUnregister
<LI><a href="#[4d]">&gt;&gt;</a>&nbsp;&nbsp;&nbsp;PWMGenIntRegister
</UL>

<P><STRONG><a name="[51]"></a>_PWMFaultIntNumberGet</STRONG> (Thumb, 62 bytes, Stack size 0 bytes, pwm.o(.text), UNUSED)
<BR><BR>[Called By]<UL><LI><a href="#[52]">&gt;&gt;</a>&nbsp;&nbsp;&nbsp;PWMFaultIntUnregister
<LI><a href="#[50]">&gt;&gt;</a>&nbsp;&nbsp;&nbsp;PWMFaultIntRegister
</UL>

<P><STRONG><a name="[59]"></a>_SysCtlMemTimingGet</STRONG> (Thumb, 36 bytes, Stack size 0 bytes, sysctl.o(.text), UNUSED)
<BR><BR>[Called By]<UL><LI><a href="#[5c]">&gt;&gt;</a>&nbsp;&nbsp;&nbsp;SysCtlDeepSleepClockConfigSet
<LI><a href="#[58]">&gt;&gt;</a>&nbsp;&nbsp;&nbsp;SysCtlClockFreqSet
</UL>

<P><STRONG><a name="[5a]"></a>_SysCtlFrequencyGet</STRONG> (Thumb, 96 bytes, Stack size 20 bytes, sysctl.o(.text), UNUSED)
<BR><BR>[Called By]<UL><LI><a href="#[58]">&gt;&gt;</a>&nbsp;&nbsp;&nbsp;SysCtlClockFreqSet
</UL>

<P><STRONG><a name="[60]"></a>_TimerIntNumberGet</STRONG> (Thumb, 68 bytes, Stack size 20 bytes, timer.o(.text))
<BR><BR>[Stack]<UL><LI>Max Depth = 20<LI>Call Chain = _TimerIntNumberGet
</UL>
<BR>[Called By]<UL><LI><a href="#[61]">&gt;&gt;</a>&nbsp;&nbsp;&nbsp;TimerIntUnregister
<LI><a href="#[5f]">&gt;&gt;</a>&nbsp;&nbsp;&nbsp;TimerIntRegister
</UL>

<P><STRONG><a name="[66]"></a>_UARTIntNumberGet</STRONG> (Thumb, 56 bytes, Stack size 12 bytes, uart.o(.text))
<BR><BR>[Stack]<UL><LI>Max Depth = 12<LI>Call Chain = _UARTIntNumberGet
</UL>
<BR>[Called By]<UL><LI><a href="#[67]">&gt;&gt;</a>&nbsp;&nbsp;&nbsp;UARTIntUnregister
<LI><a href="#[65]">&gt;&gt;</a>&nbsp;&nbsp;&nbsp;UARTIntRegister
</UL>

<P><STRONG><a name="[f4]"></a>CopeWitData</STRONG> (Thumb, 212 bytes, Stack size 40 bytes, mpu9050.o(.text))
<BR><BR>[Stack]<UL><LI>Max Depth = 40<LI>Call Chain = CopeWitData
</UL>
<BR>[Calls]<UL><LI><a href="#[f5]">&gt;&gt;</a>&nbsp;&nbsp;&nbsp;__aeabi_memcpy
</UL>
<BR>[Called By]<UL><LI><a href="#[f6]">&gt;&gt;</a>&nbsp;&nbsp;&nbsp;WitSerialDataIn
</UL>

<P><STRONG><a name="[f7]"></a>__CaliSum</STRONG> (Thumb, 26 bytes, Stack size 8 bytes, mpu9050.o(.text))
<BR><BR>[Stack]<UL><LI>Max Depth = 8<LI>Call Chain = __CaliSum
</UL>
<BR>[Called By]<UL><LI><a href="#[f6]">&gt;&gt;</a>&nbsp;&nbsp;&nbsp;WitSerialDataIn
</UL>

<P><STRONG><a name="[2]"></a>NmiSR</STRONG> (Thumb, 0 bytes, Stack size unknown bytes, startup_rvmdk.o(RESET))
<BR><BR>[Calls]<UL><LI><a href="#[2]">&gt;&gt;</a>&nbsp;&nbsp;&nbsp;NmiSR
</UL>
<BR>[Called By]<UL><LI><a href="#[2]">&gt;&gt;</a>&nbsp;&nbsp;&nbsp;NmiSR
</UL>
<BR>[Address Reference Count : 1]<UL><LI> startup_rvmdk.o(RESET)
</UL>
<P><STRONG><a name="[3]"></a>FaultISR</STRONG> (Thumb, 0 bytes, Stack size unknown bytes, startup_rvmdk.o(RESET))
<BR><BR>[Calls]<UL><LI><a href="#[3]">&gt;&gt;</a>&nbsp;&nbsp;&nbsp;FaultISR
</UL>
<BR>[Called By]<UL><LI><a href="#[3]">&gt;&gt;</a>&nbsp;&nbsp;&nbsp;FaultISR
</UL>
<BR>[Address Reference Count : 1]<UL><LI> startup_rvmdk.o(RESET)
</UL>
<P><STRONG><a name="[4]"></a>IntDefaultHandler</STRONG> (Thumb, 0 bytes, Stack size unknown bytes, startup_rvmdk.o(RESET))
<BR><BR>[Calls]<UL><LI><a href="#[4]">&gt;&gt;</a>&nbsp;&nbsp;&nbsp;IntDefaultHandler
</UL>
<BR>[Called By]<UL><LI><a href="#[4]">&gt;&gt;</a>&nbsp;&nbsp;&nbsp;IntDefaultHandler
</UL>
<BR>[Address Reference Count : 1]<UL><LI> startup_rvmdk.o(RESET)
</UL>
<P><STRONG><a name="[f]"></a>SycTickHandler</STRONG> (Thumb, 12 bytes, Stack size 0 bytes, systicktime.o(.text))
<BR>[Address Reference Count : 1]<UL><LI> systicktime.o(.text)
</UL>
<P><STRONG><a name="[127]"></a>_fp_digits</STRONG> (Thumb, 366 bytes, Stack size 64 bytes, printfa.o(i._fp_digits), UNUSED)
<BR><BR>[Calls]<UL><LI><a href="#[7f]">&gt;&gt;</a>&nbsp;&nbsp;&nbsp;__aeabi_dmul
<LI><a href="#[7e]">&gt;&gt;</a>&nbsp;&nbsp;&nbsp;__aeabi_ddiv
<LI><a href="#[9c]">&gt;&gt;</a>&nbsp;&nbsp;&nbsp;__aeabi_dadd
<LI><a href="#[8c]">&gt;&gt;</a>&nbsp;&nbsp;&nbsp;__aeabi_cdrcmple
<LI><a href="#[118]">&gt;&gt;</a>&nbsp;&nbsp;&nbsp;__aeabi_uldivmod
<LI><a href="#[11a]">&gt;&gt;</a>&nbsp;&nbsp;&nbsp;__aeabi_d2ulz
</UL>
<BR>[Called By]<UL><LI><a href="#[11d]">&gt;&gt;</a>&nbsp;&nbsp;&nbsp;_printf_core
</UL>

<P><STRONG><a name="[11d]"></a>_printf_core</STRONG> (Thumb, 1744 bytes, Stack size 136 bytes, printfa.o(i._printf_core), UNUSED)
<BR><BR>[Calls]<UL><LI><a href="#[118]">&gt;&gt;</a>&nbsp;&nbsp;&nbsp;__aeabi_uldivmod
<LI><a href="#[12a]">&gt;&gt;</a>&nbsp;&nbsp;&nbsp;__aeabi_uidivmod
<LI><a href="#[128]">&gt;&gt;</a>&nbsp;&nbsp;&nbsp;_printf_pre_padding
<LI><a href="#[129]">&gt;&gt;</a>&nbsp;&nbsp;&nbsp;_printf_post_padding
<LI><a href="#[127]">&gt;&gt;</a>&nbsp;&nbsp;&nbsp;_fp_digits
</UL>
<BR>[Called By]<UL><LI><a href="#[11e]">&gt;&gt;</a>&nbsp;&nbsp;&nbsp;__0vsprintf
<LI><a href="#[11c]">&gt;&gt;</a>&nbsp;&nbsp;&nbsp;__0printf
</UL>

<P><STRONG><a name="[129]"></a>_printf_post_padding</STRONG> (Thumb, 36 bytes, Stack size 24 bytes, printfa.o(i._printf_post_padding), UNUSED)
<BR><BR>[Called By]<UL><LI><a href="#[11d]">&gt;&gt;</a>&nbsp;&nbsp;&nbsp;_printf_core
</UL>

<P><STRONG><a name="[128]"></a>_printf_pre_padding</STRONG> (Thumb, 46 bytes, Stack size 24 bytes, printfa.o(i._printf_pre_padding), UNUSED)
<BR><BR>[Called By]<UL><LI><a href="#[11d]">&gt;&gt;</a>&nbsp;&nbsp;&nbsp;_printf_core
</UL>

<P><STRONG><a name="[11]"></a>_sputc</STRONG> (Thumb, 10 bytes, Stack size 0 bytes, printfa.o(i._sputc))
<BR><BR>[Called By]<UL><LI><a href="#[11e]">&gt;&gt;</a>&nbsp;&nbsp;&nbsp;__0vsprintf
</UL>
<BR>[Address Reference Count : 1]<UL><LI> printfa.o(i.__0vsprintf)
</UL><P>
<H3>
Undefined Global Symbols
</H3><HR></body></html>
