<html>
<body>
<pre>
<h1>礦ision Build Log</h1>
<h2>Tool Versions:</h2>
IDE-Version: μVision V5.39.0.0
Copyright (C) 2023 ARM Ltd and ARM Germany GmbH. All rights reserved.
License Information: 1 1, 1, LIC=HN0AE-5FRTH-AREXW-QZDT2-BKKDB-I3BE2
 
Tool Versions:
Toolchain:       MDK-ARM Plus  Version: 5.39.0.0
Toolchain Path:  D:\BaiduNetdiskDownload\Keil5 MDK\ARM\ARMCC\Bin
C Compiler:      Armcc.exe V5.06 update 5 (build 528)
Assembler:       Armasm.exe V5.06 update 5 (build 528)
Linker/Locator:  ArmLink.exe V5.06 update 5 (build 528)
Library Manager: ArmAr.exe V5.06 update 5 (build 528)
Hex Converter:   FromElf.exe V5.06 update 5 (build 528)
CPU DLL:         SARMCM3.DLL V5.39.0.0
Dialog DLL:      DCM.DLL V1.17.5.0
Target DLL:      STLink\ST-LINKIII-KEIL_SWO.dll V3.2.0.0
Dialog DLL:      TCM.DLL V1.56.4.0
 
<h2>Project:</h2>
D:\电赛\智能送药小车\Project\RVMDK（uv4）\TM4C123G.uvprojx
Project File Date:  07/30/2024

<h2>Output:</h2>
*** Using Compiler 'V5.06 update 5 (build 528)', folder: 'D:\BaiduNetdiskDownload\Keil5 MDK\ARM\ARMCC\Bin'
Build target 'TIVA'
compiling des.c...
compiling eeprom.c...
compiling flash.c...
compiling gpio.c...
compiling can.c...
compiling crc.c...
compiling fpu.c...
compiling epi.c...
compiling comp.c...
compiling adc.c...
compiling emac.c...
compiling aes.c...
compiling cpu.c...
compiling hibernate.c...
compiling mpu.c...
compiling interrupt.c...
compiling lcd.c...
compiling i2c.c...
compiling qei.c...
compiling pwm.c...
compiling shamd5.c...
compiling sw_crc.c...
compiling ssi.c...
compiling systick.c...
compiling sysexc.c...
compiling uart.c...
compiling timer.c...
compiling udma.c...
compiling sysctl.c...
compiling watchdog.c...
compiling OLED_Data.c...
compiling LED.c...
..\..\Hardware\LED.h(17): warning:  #1295-D: Deprecated declaration LED_Init - give arg types
  void LED_Init();
..\..\Hardware\LED.h(18): warning:  #1295-D: Deprecated declaration BEEP_Init - give arg types
  void BEEP_Init();
..\..\Hardware\LED.h(19): warning:  #1295-D: Deprecated declaration KEY_Init - give arg types
  void KEY_Init();
..\..\Hardware\PID.h(17): warning:  #1295-D: Deprecated declaration PID_Init - give arg types
  void PID_Init();
..\..\Hardware\BLEUART.h(10): warning:  #1295-D: Deprecated declaration BLE_GetNumber - give arg types
  uint32_t BLE_GetNumber();       //返回蓝牙串口接收的数据
..\..\Hardware\MPU9050.h(292): warning:  #1295-D: Deprecated declaration MPU9050_Init - give arg types
  void MPU9050_Init();
..\..\Hardware\LED.c: 6 warnings, 0 errors
compiling usb.c...
compiling Timer_user.c...
..\..\Hardware\LED.h(17): warning:  #1295-D: Deprecated declaration LED_Init - give arg types
  void LED_Init();
..\..\Hardware\LED.h(18): warning:  #1295-D: Deprecated declaration BEEP_Init - give arg types
  void BEEP_Init();
..\..\Hardware\LED.h(19): warning:  #1295-D: Deprecated declaration KEY_Init - give arg types
  void KEY_Init();
..\..\Hardware\PID.h(17): warning:  #1295-D: Deprecated declaration PID_Init - give arg types
  void PID_Init();
..\..\Hardware\BLEUART.h(10): warning:  #1295-D: Deprecated declaration BLE_GetNumber - give arg types
  uint32_t BLE_GetNumber();       //返回蓝牙串口接收的数据
..\..\Hardware\MPU9050.h(292): warning:  #1295-D: Deprecated declaration MPU9050_Init - give arg types
  void MPU9050_Init();
..\..\Hardware\Timer_user.c: 6 warnings, 0 errors
compiling PWM_user.c...
..\..\Hardware\LED.h(17): warning:  #1295-D: Deprecated declaration LED_Init - give arg types
  void LED_Init();
..\..\Hardware\LED.h(18): warning:  #1295-D: Deprecated declaration BEEP_Init - give arg types
  void BEEP_Init();
..\..\Hardware\LED.h(19): warning:  #1295-D: Deprecated declaration KEY_Init - give arg types
  void KEY_Init();
..\..\Hardware\PID.h(17): warning:  #1295-D: Deprecated declaration PID_Init - give arg types
  void PID_Init();
..\..\Hardware\BLEUART.h(10): warning:  #1295-D: Deprecated declaration BLE_GetNumber - give arg types
  uint32_t BLE_GetNumber();       //返回蓝牙串口接收的数据
..\..\Hardware\MPU9050.h(292): warning:  #1295-D: Deprecated declaration MPU9050_Init - give arg types
  void MPU9050_Init();
..\..\Hardware\PWM_user.c: 6 warnings, 0 errors
compiling OLED.c...
..\..\Hardware\LED.h(17): warning:  #1295-D: Deprecated declaration LED_Init - give arg types
  void LED_Init();
..\..\Hardware\LED.h(18): warning:  #1295-D: Deprecated declaration BEEP_Init - give arg types
  void BEEP_Init();
..\..\Hardware\LED.h(19): warning:  #1295-D: Deprecated declaration KEY_Init - give arg types
  void KEY_Init();
..\..\Hardware\PID.h(17): warning:  #1295-D: Deprecated declaration PID_Init - give arg types
  void PID_Init();
..\..\Hardware\BLEUART.h(10): warning:  #1295-D: Deprecated declaration BLE_GetNumber - give arg types
  uint32_t BLE_GetNumber();       //返回蓝牙串口接收的数据
..\..\Hardware\MPU9050.h(292): warning:  #1295-D: Deprecated declaration MPU9050_Init - give arg types
  void MPU9050_Init();
..\..\Hardware\OLED.c: 6 warnings, 0 errors
compiling ButtonsInterrupt.c...
..\..\Hardware\LED.h(17): warning:  #1295-D: Deprecated declaration LED_Init - give arg types
  void LED_Init();
..\..\Hardware\LED.h(18): warning:  #1295-D: Deprecated declaration BEEP_Init - give arg types
  void BEEP_Init();
..\..\Hardware\LED.h(19): warning:  #1295-D: Deprecated declaration KEY_Init - give arg types
  void KEY_Init();
..\..\Hardware\PID.h(17): warning:  #1295-D: Deprecated declaration PID_Init - give arg types
  void PID_Init();
..\..\Hardware\BLEUART.h(10): warning:  #1295-D: Deprecated declaration BLE_GetNumber - give arg types
  uint32_t BLE_GetNumber();       //返回蓝牙串口接收的数据
..\..\Hardware\MPU9050.h(292): warning:  #1295-D: Deprecated declaration MPU9050_Init - give arg types
  void MPU9050_Init();
..\..\Hardware\ButtonsInterrupt.c(53): warning:  #177-D: variable "trigger"  was declared but never referenced
  	static uint8_t trigger=0;
..\..\Hardware\ButtonsInterrupt.c: 7 warnings, 0 errors
compiling ADC_user.c...
..\..\Hardware\LED.h(17): warning:  #1295-D: Deprecated declaration LED_Init - give arg types
  void LED_Init();
..\..\Hardware\LED.h(18): warning:  #1295-D: Deprecated declaration BEEP_Init - give arg types
  void BEEP_Init();
..\..\Hardware\LED.h(19): warning:  #1295-D: Deprecated declaration KEY_Init - give arg types
  void KEY_Init();
..\..\Hardware\PID.h(17): warning:  #1295-D: Deprecated declaration PID_Init - give arg types
  void PID_Init();
..\..\Hardware\BLEUART.h(10): warning:  #1295-D: Deprecated declaration BLE_GetNumber - give arg types
  uint32_t BLE_GetNumber();       //返回蓝牙串口接收的数据
..\..\Hardware\MPU9050.h(292): warning:  #1295-D: Deprecated declaration MPU9050_Init - give arg types
  void MPU9050_Init();
..\..\Hardware\ADC_user.c: 6 warnings, 0 errors
compiling Serial.c...
..\..\Hardware\LED.h(17): warning:  #1295-D: Deprecated declaration LED_Init - give arg types
  void LED_Init();
..\..\Hardware\LED.h(18): warning:  #1295-D: Deprecated declaration BEEP_Init - give arg types
  void BEEP_Init();
..\..\Hardware\LED.h(19): warning:  #1295-D: Deprecated declaration KEY_Init - give arg types
  void KEY_Init();
..\..\Hardware\PID.h(17): warning:  #1295-D: Deprecated declaration PID_Init - give arg types
  void PID_Init();
..\..\Hardware\BLEUART.h(10): warning:  #1295-D: Deprecated declaration BLE_GetNumber - give arg types
  uint32_t BLE_GetNumber();       //返回蓝牙串口接收的数据
..\..\Hardware\MPU9050.h(292): warning:  #1295-D: Deprecated declaration MPU9050_Init - give arg types
  void MPU9050_Init();
..\..\Hardware\Serial.c(172): warning:  #550-D: variable "ui8RxBuffer"  was set but never used
  	uint8_t ui8RxBuffer;
..\..\Hardware\Serial.c(291): warning:  #550-D: variable "ui8RxBuffer"  was set but never used
  	uint8_t ui8RxBuffer;
..\..\Hardware\Serial.c(404): warning:  #550-D: variable "ui8RxBuffer"  was set but never used
  	uint8_t ui8RxBuffer;
..\..\Hardware\Serial.c(574): warning:  #550-D: variable "ui8RxBuffer"  was set but never used
  	uint8_t ui8RxBuffer;
..\..\Hardware\Serial.c(812): warning:  #550-D: variable "ui8RxBuffer"  was set but never used
  	uint8_t ui8RxBuffer;
..\..\Hardware\Serial.c(838): warning:  #550-D: variable "ui8RxBuffer"  was set but never used
  	uint8_t ui8RxBuffer;
..\..\Hardware\Serial.c(866): warning:  #550-D: variable "ui8RxBuffer"  was set but never used
  	uint8_t ui8RxBuffer;
..\..\Hardware\Serial.c(894): warning:  #550-D: variable "ui8RxBuffer"  was set but never used
  	uint8_t ui8RxBuffer;
..\..\Hardware\Serial.c(922): warning:  #550-D: variable "ui8RxBuffer"  was set but never used
  	uint8_t ui8RxBuffer;
..\..\Hardware\Serial.c(950): warning:  #550-D: variable "ui8RxBuffer"  was set but never used
  	uint8_t ui8RxBuffer;
..\..\Hardware\Serial.c(978): warning:  #550-D: variable "ui8RxBuffer"  was set but never used
  	uint8_t ui8RxBuffer;
..\..\Hardware\Serial.c(1006): warning:  #550-D: variable "ui8RxBuffer"  was set but never used
  	uint8_t ui8RxBuffer;
..\..\Hardware\Serial.c: 18 warnings, 0 errors
compiling Motor.c...
..\..\Hardware\LED.h(17): warning:  #1295-D: Deprecated declaration LED_Init - give arg types
  void LED_Init();
..\..\Hardware\LED.h(18): warning:  #1295-D: Deprecated declaration BEEP_Init - give arg types
  void BEEP_Init();
..\..\Hardware\LED.h(19): warning:  #1295-D: Deprecated declaration KEY_Init - give arg types
  void KEY_Init();
..\..\Hardware\PID.h(17): warning:  #1295-D: Deprecated declaration PID_Init - give arg types
  void PID_Init();
..\..\Hardware\BLEUART.h(10): warning:  #1295-D: Deprecated declaration BLE_GetNumber - give arg types
  uint32_t BLE_GetNumber();       //返回蓝牙串口接收的数据
..\..\Hardware\MPU9050.h(292): warning:  #1295-D: Deprecated declaration MPU9050_Init - give arg types
  void MPU9050_Init();
..\..\Hardware\Motor.c: 6 warnings, 0 errors
compiling PID.c...
..\..\Hardware\LED.h(17): warning:  #1295-D: Deprecated declaration LED_Init - give arg types
  void LED_Init();
..\..\Hardware\LED.h(18): warning:  #1295-D: Deprecated declaration BEEP_Init - give arg types
  void BEEP_Init();
..\..\Hardware\LED.h(19): warning:  #1295-D: Deprecated declaration KEY_Init - give arg types
  void KEY_Init();
..\..\Hardware\PID.h(17): warning:  #1295-D: Deprecated declaration PID_Init - give arg types
  void PID_Init();
..\..\Hardware\BLEUART.h(10): warning:  #1295-D: Deprecated declaration BLE_GetNumber - give arg types
  uint32_t BLE_GetNumber();       //返回蓝牙串口接收的数据
..\..\Hardware\MPU9050.h(292): warning:  #1295-D: Deprecated declaration MPU9050_Init - give arg types
  void MPU9050_Init();
..\..\Hardware\PID.c: 6 warnings, 0 errors
compiling VOFA.c...
..\..\Hardware\LED.h(17): warning:  #1295-D: Deprecated declaration LED_Init - give arg types
  void LED_Init();
..\..\Hardware\LED.h(18): warning:  #1295-D: Deprecated declaration BEEP_Init - give arg types
  void BEEP_Init();
..\..\Hardware\LED.h(19): warning:  #1295-D: Deprecated declaration KEY_Init - give arg types
  void KEY_Init();
..\..\Hardware\PID.h(17): warning:  #1295-D: Deprecated declaration PID_Init - give arg types
  void PID_Init();
..\..\Hardware\BLEUART.h(10): warning:  #1295-D: Deprecated declaration BLE_GetNumber - give arg types
  uint32_t BLE_GetNumber();       //返回蓝牙串口接收的数据
..\..\Hardware\MPU9050.h(292): warning:  #1295-D: Deprecated declaration MPU9050_Init - give arg types
  void MPU9050_Init();
..\..\Hardware\VOFA.c: 6 warnings, 0 errors
compiling RedSensor.c...
..\..\Hardware\LED.h(17): warning:  #1295-D: Deprecated declaration LED_Init - give arg types
  void LED_Init();
..\..\Hardware\LED.h(18): warning:  #1295-D: Deprecated declaration BEEP_Init - give arg types
  void BEEP_Init();
..\..\Hardware\LED.h(19): warning:  #1295-D: Deprecated declaration KEY_Init - give arg types
  void KEY_Init();
..\..\Hardware\PID.h(17): warning:  #1295-D: Deprecated declaration PID_Init - give arg types
  void PID_Init();
..\..\Hardware\BLEUART.h(10): warning:  #1295-D: Deprecated declaration BLE_GetNumber - give arg types
  uint32_t BLE_GetNumber();       //返回蓝牙串口接收的数据
..\..\Hardware\MPU9050.h(292): warning:  #1295-D: Deprecated declaration MPU9050_Init - give arg types
  void MPU9050_Init();
..\..\Hardware\RedSensor.c: 6 warnings, 0 errors
compiling Task.c...
compiling Tof.c...
..\..\Hardware\LED.h(17): warning:  #1295-D: Deprecated declaration LED_Init - give arg types
  void LED_Init();
..\..\Hardware\LED.h(18): warning:  #1295-D: Deprecated declaration BEEP_Init - give arg types
  void BEEP_Init();
..\..\Hardware\LED.h(19): warning:  #1295-D: Deprecated declaration KEY_Init - give arg types
  void KEY_Init();
..\..\Hardware\PID.h(17): warning:  #1295-D: Deprecated declaration PID_Init - give arg types
  void PID_Init();
..\..\Hardware\BLEUART.h(10): warning:  #1295-D: Deprecated declaration BLE_GetNumber - give arg types
  uint32_t BLE_GetNumber();       //返回蓝牙串口接收的数据
..\..\Hardware\MPU9050.h(292): warning:  #1295-D: Deprecated declaration MPU9050_Init - give arg types
  void MPU9050_Init();
..\..\Hardware\Tof.c(245): warning:  #177-D: variable "cnt"  was declared but never referenced
  		static uint8_t cnt = 0;
..\..\Hardware\Tof.c(248): warning:  #177-D: variable "sum"  was declared but never referenced
  		static uint32_t sum = 0;
..\..\Hardware\Tof.c: 8 warnings, 0 errors
compiling BLEUART.c...
..\..\Hardware\LED.h(17): warning:  #1295-D: Deprecated declaration LED_Init - give arg types
  void LED_Init();
..\..\Hardware\LED.h(18): warning:  #1295-D: Deprecated declaration BEEP_Init - give arg types
  void BEEP_Init();
..\..\Hardware\LED.h(19): warning:  #1295-D: Deprecated declaration KEY_Init - give arg types
  void KEY_Init();
..\..\Hardware\PID.h(17): warning:  #1295-D: Deprecated declaration PID_Init - give arg types
  void PID_Init();
..\..\Hardware\BLEUART.h(10): warning:  #1295-D: Deprecated declaration BLE_GetNumber - give arg types
  uint32_t BLE_GetNumber();       //返回蓝牙串口接收的数据
..\..\Hardware\MPU9050.h(292): warning:  #1295-D: Deprecated declaration MPU9050_Init - give arg types
  void MPU9050_Init();
..\..\Hardware\BLEUART.c(81): warning:  #177-D: variable "data"  was declared but never referenced
  	uint32_t data[BLE_Sendlength];
..\..\Hardware\BLEUART.c: 7 warnings, 0 errors
compiling Buzzer.c...
..\..\Hardware\LED.h(17): warning:  #1295-D: Deprecated declaration LED_Init - give arg types
  void LED_Init();
..\..\Hardware\LED.h(18): warning:  #1295-D: Deprecated declaration BEEP_Init - give arg types
  void BEEP_Init();
..\..\Hardware\LED.h(19): warning:  #1295-D: Deprecated declaration KEY_Init - give arg types
  void KEY_Init();
..\..\Hardware\PID.h(17): warning:  #1295-D: Deprecated declaration PID_Init - give arg types
  void PID_Init();
..\..\Hardware\BLEUART.h(10): warning:  #1295-D: Deprecated declaration BLE_GetNumber - give arg types
  uint32_t BLE_GetNumber();       //返回蓝牙串口接收的数据
..\..\Hardware\MPU9050.h(292): warning:  #1295-D: Deprecated declaration MPU9050_Init - give arg types
  void MPU9050_Init();
..\..\Hardware\Buzzer.c: 6 warnings, 0 errors
compiling MPU9050.c...
..\..\Hardware\LED.h(17): warning:  #1295-D: Deprecated declaration LED_Init - give arg types
  void LED_Init();
..\..\Hardware\LED.h(18): warning:  #1295-D: Deprecated declaration BEEP_Init - give arg types
  void BEEP_Init();
..\..\Hardware\LED.h(19): warning:  #1295-D: Deprecated declaration KEY_Init - give arg types
  void KEY_Init();
..\..\Hardware\PID.h(17): warning:  #1295-D: Deprecated declaration PID_Init - give arg types
  void PID_Init();
..\..\Hardware\BLEUART.h(10): warning:  #1295-D: Deprecated declaration BLE_GetNumber - give arg types
  uint32_t BLE_GetNumber();       //返回蓝牙串口接收的数据
..\..\Hardware\MPU9050.h(292): warning:  #1295-D: Deprecated declaration MPU9050_Init - give arg types
  void MPU9050_Init();
..\..\Hardware\MPU9050.c: 6 warnings, 0 errors
compiling neeprom.c...
..\..\Hardware\LED.h(17): warning:  #1295-D: Deprecated declaration LED_Init - give arg types
  void LED_Init();
..\..\Hardware\LED.h(18): warning:  #1295-D: Deprecated declaration BEEP_Init - give arg types
  void BEEP_Init();
..\..\Hardware\LED.h(19): warning:  #1295-D: Deprecated declaration KEY_Init - give arg types
  void KEY_Init();
..\..\Hardware\PID.h(17): warning:  #1295-D: Deprecated declaration PID_Init - give arg types
  void PID_Init();
..\..\Hardware\BLEUART.h(10): warning:  #1295-D: Deprecated declaration BLE_GetNumber - give arg types
  uint32_t BLE_GetNumber();       //返回蓝牙串口接收的数据
..\..\Hardware\MPU9050.h(292): warning:  #1295-D: Deprecated declaration MPU9050_Init - give arg types
  void MPU9050_Init();
..\..\Hardware\neeprom.c: 6 warnings, 0 errors
compiling main.c...
..\..\Hardware\LED.h(17): warning:  #1295-D: Deprecated declaration LED_Init - give arg types
  void LED_Init();
..\..\Hardware\LED.h(18): warning:  #1295-D: Deprecated declaration BEEP_Init - give arg types
  void BEEP_Init();
..\..\Hardware\LED.h(19): warning:  #1295-D: Deprecated declaration KEY_Init - give arg types
  void KEY_Init();
..\..\Hardware\PID.h(17): warning:  #1295-D: Deprecated declaration PID_Init - give arg types
  void PID_Init();
..\..\Hardware\BLEUART.h(10): warning:  #1295-D: Deprecated declaration BLE_GetNumber - give arg types
  uint32_t BLE_GetNumber();       //返回蓝牙串口接收的数据
..\..\Hardware\MPU9050.h(292): warning:  #1295-D: Deprecated declaration MPU9050_Init - give arg types
  void MPU9050_Init();
..\..\User\main.c(467): warning:  #1035-D: single-precision operand implicitly converted to double-precision
  	 s=(s1+s2)*0.5;
..\..\User\main.c(813): warning:  #1035-D: single-precision operand implicitly converted to double-precision
  				if(s>0.1)
..\..\User\main.c(855): warning:  #1035-D: single-precision operand implicitly converted to double-precision
  		Angle+=fGyro[2]*0.1;
..\..\User\main.c(1077): warning:  #177-D: variable "RxState"  was declared but never referenced
  	static uint8_t RxState = 0;		//定义表示当前状态机状态的静态变量
..\..\User\main.c(1078): warning:  #177-D: variable "pRxPacket"  was declared but never referenced
  	static uint8_t pRxPacket = 0;	//定义表示当前接收数据位置的静态变量
..\..\User\main.c: 11 warnings, 0 errors
compiling uartstdio.c...
assembling startup_rvmdk.S...
compiling SystickTime.c...
linking...
Program Size: Code=36176 RO-data=4104 RW-data=1644 ZI-data=2500  
FromELF: creating hex file...
"..\..\Output\TM4C123G.axf" - 0 Error(s), 123 Warning(s).

<h2>Software Packages used:</h2>

Package Vendor: ARM
                http://www.keil.com/pack/ARM.CMSIS.5.9.0.pack
                ARM::CMSIS@5.9.0
                CMSIS (Common Microcontroller Software Interface Standard)
   * Component: CORE Version: 5.6.0

Package Vendor: Keil
                http://www.keil.com/pack/Keil.TM4C_DFP.1.1.0.pack
                Keil::TM4C_DFP@1.1.0
                Texas Instruments Tiva C Series Device Support and Examples

<h2>Collection of Component include folders:</h2>
  ./RTE/_TIVA
  D:/BaiduNetdiskDownload/Keil5 MDK/ARM/PACK/ARM/CMSIS/5.9.0/CMSIS/Core/Include
  D:/BaiduNetdiskDownload/Keil5 MDK/ARM/PACK/Keil/TM4C_DFP/1.1.0/Device/Include/TM4C123

<h2>Collection of Component Files used:</h2>

   * Component: ARM::CMSIS:CORE@5.6.0
Build Time Elapsed:  00:00:02
</pre>
</body>
</html>
