Component: ARM Compiler 5.06 update 5 (build 528) Tool: armlink [4d35e2]

==============================================================================

Section Cross References

    adc.o(.text) refers to interrupt.o(.text) for IntRegister
    adc.o(.text) refers to adc.o(.data) for g_pui8OversampleFactor
    aes.o(.text) refers to interrupt.o(.text) for IntRegister
    can.o(.text) refers to interrupt.o(.text) for IntRegister
    can.o(.text) refers to can.o(.constdata) for g_ui16CANBitValues
    comp.o(.text) refers to interrupt.o(.text) for IntRegister
    des.o(.text) refers to interrupt.o(.text) for IntRegister
    eeprom.o(.text) refers to sysctl.o(.emb_text) for SysCtlDelay
    eeprom.o(.text) refers to sysctl.o(.text) for SysCtlPeripheralReset
    emac.o(.text) refers to sysctl.o(.text) for SysCtlPeripheralReset
    emac.o(.text) refers to sysctl.o(.emb_text) for SysCtlDelay
    emac.o(.text) refers to sw_crc.o(.text) for Crc32
    emac.o(.text) refers to interrupt.o(.text) for IntRegister
    emac.o(.text) refers to emac.o(.constdata) for g_pi16MIIClockDiv
    epi.o(.text) refers to interrupt.o(.text) for IntRegister
    flash.o(.text) refers to interrupt.o(.text) for IntRegister
    flash.o(.text) refers to flash.o(.constdata) for g_pui32FMPRERegs
    gpio.o(.text) refers to interrupt.o(.text) for IntRegister
    gpio.o(.text) refers to gpio.o(.constdata) for g_ppui32GPIOIntMapBlizzard
    hibernate.o(.text) refers to interrupt.o(.text) for IntRegister
    i2c.o(.text) refers to interrupt.o(.text) for IntRegister
    i2c.o(.text) refers to i2c.o(.constdata) for g_ppui32I2CIntMap
    interrupt.o(.text) refers to cpu.o(.emb_text) for CPUcpsie
    interrupt.o(.text) refers to interrupt.o(vtable) for g_pfnRAMVectors
    interrupt.o(.text) refers to interrupt.o(.constdata) for g_pui32Priority
    lcd.o(.text) refers to sysctl.o(.emb_text) for SysCtlDelay
    lcd.o(.text) refers to interrupt.o(.text) for IntRegister
    mpu.o(.text) refers to interrupt.o(.text) for IntRegister
    pwm.o(.text) refers to interrupt.o(.text) for IntRegister
    qei.o(.text) refers to interrupt.o(.text) for IntRegister
    shamd5.o(.text) refers to interrupt.o(.text) for IntRegister
    ssi.o(.text) refers to interrupt.o(.text) for IntRegister
    ssi.o(.text) refers to ssi.o(.constdata) for g_ppui32SSIIntMap
    sw_crc.o(.text) refers to sw_crc.o(.constdata) for g_pui8Crc8CCITT
    sysctl.o(.text) refers to interrupt.o(.text) for IntRegister
    sysctl.o(.text) refers to sysctl.o(.constdata) for g_sXTALtoMEMTIM
    sysctl.o(.text) refers to cpu.o(.emb_text) for CPUwfi
    sysctl.o(.text) refers to sysctl.o(.emb_text) for SysCtlDelay
    sysexc.o(.text) refers to interrupt.o(.text) for IntRegister
    systick.o(.text) refers to interrupt.o(.text) for IntRegister
    timer.o(.text) refers to interrupt.o(.text) for IntRegister
    timer.o(.text) refers to timer.o(.constdata) for g_ppui32TimerIntMap
    uart.o(.text) refers to interrupt.o(.text) for IntRegister
    uart.o(.text) refers to uart.o(.constdata) for g_ppui32UARTIntMap
    udma.o(.text) refers to interrupt.o(.text) for IntRegister
    usb.o(.text) refers to interrupt.o(.text) for IntRegister
    watchdog.o(.text) refers to interrupt.o(.text) for IntRegister
    led.o(.text) refers to sysctl.o(.text) for SysCtlPeripheralEnable
    led.o(.text) refers to gpio.o(.text) for GPIOPinTypeGPIOOutput
    oled.o(.text) refers to gpio.o(.text) for GPIOPinWrite
    oled.o(.text) refers to sysctl.o(.text) for SysCtlPeripheralEnable
    oled.o(.text) refers to dflti.o(.text) for __aeabi_i2d
    oled.o(.text) refers to atan2.o(i.__hardfp_atan2) for __hardfp_atan2
    oled.o(.text) refers to ddiv.o(.text) for __aeabi_ddiv
    oled.o(.text) refers to dmul.o(.text) for __aeabi_dmul
    oled.o(.text) refers to dfixi.o(.text) for __aeabi_d2iz
    oled.o(.text) refers to oled.o(.bss) for OLED_DisplayBuf
    oled.o(.text) refers to cdrcmple.o(.text) for __aeabi_cdrcmple
    oled.o(.text) refers to dfixui.o(.text) for __aeabi_d2uiz
    oled.o(.text) refers to dfltui.o(.text) for __aeabi_ui2d
    oled.o(.text) refers to dadd.o(.text) for __aeabi_drsub
    oled.o(.text) refers to oled_data.o(.constdata) for OLED_F8x16
    oled.o(.text) refers to round.o(i.__hardfp_round) for __hardfp_round
    oled.o(.text) refers to strcmp.o(.text) for strcmp
    oled.o(.text) refers to printfa.o(i.__0vsprintf) for vsprintf
    oled.o(.text) refers to d2f.o(.text) for __aeabi_d2f
    oled.o(.text) refers to cdcmple.o(.text) for __aeabi_cdcmple
    serial.o(.text) refers to uart.o(.text) for UARTCharPut
    serial.o(.text) refers to sysctl.o(.text) for SysCtlClockGet
    serial.o(.text) refers to main.o(.text) for ROM_UART1IntHandler
    serial.o(.text) refers to mpu9050.o(.text) for ROM_UART3IntHandler
    serial.o(.text) refers to gpio.o(.text) for GPIOPinConfigure
    serial.o(.text) refers to interrupt.o(.text) for IntPrioritySet
    timer_user.o(.text) refers to sysctl.o(.text) for SysCtlClockGet
[...]
    _PWMFaultIntNumberGet                    0x000013df   Thumb Code    62  pwm.o(.text)
    .text                                    0x000015d0   Section        0  sysctl.o(.text)
    _SysCtlMemTimingGet                      0x000015d1   Thumb Code    36  sysctl.o(.text)
    _SysCtlFrequencyGet                      0x000015f5   Thumb Code    96  sysctl.o(.text)
    .text                                    0x00002128   Section        0  systick.o(.text)
    .text                                    0x000021c4   Section        0  timer.o(.text)
    _TimerIntNumberGet                       0x000021c5   Thumb Code    68  timer.o(.text)
    .text                                    0x000024bc   Section        0  uart.o(.text)
    _UARTIntNumberGet                        0x000024bd   Thumb Code    56  uart.o(.text)
    .text                                    0x000027ec   Section        0  led.o(.text)
    .text                                    0x000028dc   Section        0  oled.o(.text)
    .text                                    0x00003d8c   Section        0  serial.o(.text)
    .text                                    0x00004be0   Section        0  timer_user.o(.text)
    .text                                    0x00004d44   Section        0  pwm_user.o(.text)
    .text                                    0x00004f64   Section        0  buttonsinterrupt.o(.text)
    .text                                    0x00004fec   Section        0  motor.o(.text)
    .text                                    0x00005470   Section        0  pid.o(.text)
    .text                                    0x00005698   Section        0  bleuart.o(.text)
    .text                                    0x0000570c   Section        0  mpu9050.o(.text)
    CopeWitData                              0x0000570d   Thumb Code   212  mpu9050.o(.text)
    __CaliSum                                0x000057e1   Thumb Code    26  mpu9050.o(.text)
    .text                                    0x00005968   Section        0  neeprom.o(.text)
    .text                                    0x00005a88   Section        0  main.o(.text)
    .text                                    0x0000739c   Section        0  systicktime.o(.text)
    SycTickHandler                           0x0000739d   Thumb Code    12  systicktime.o(.text)
    .text                                    0x00007444   Section        0  memcpya.o(.text)
    .text                                    0x00007468   Section        0  strcmp.o(.text)
    .text                                    0x00007484   Section        0  dadd.o(.text)
    .text                                    0x000075d2   Section        0  dmul.o(.text)
    .text                                    0x000076b6   Section        0  ddiv.o(.text)
    .text                                    0x00007794   Section        0  dflti.o(.text)
    .text                                    0x000077b6   Section        0  dfltui.o(.text)
    .text                                    0x000077d0   Section        0  dfixi.o(.text)
    .text                                    0x0000780e   Section        0  dfixui.o(.text)
    .text                                    0x00007840   Section        0  f2d.o(.text)
    .text                                    0x00007868   Section       48  cdcmple.o(.text)
    .text                                    0x00007898   Section       48  cdrcmple.o(.text)
    .text                                    0x000078c8   Section        0  d2f.o(.text)
    .text                                    0x00007900   Section        0  uidiv.o(.text)
    .text                                    0x0000792c   Section        0  uldiv.o(.text)
    .text                                    0x0000798e   Section        0  llshl.o(.text)
    .text                                    0x000079ac   Section        0  llushr.o(.text)
    .text                                    0x000079cc   Section        0  llsshr.o(.text)
    .text                                    0x000079f0   Section        0  iusefp.o(.text)
    .text                                    0x000079f0   Section        0  fepilogue.o(.text)
    .text                                    0x00007a5e   Section        0  depilogue.o(.text)
    .text                                    0x00007b18   Section        0  drnd.o(.text)
    .text                                    0x00007ba0   Section        0  dfixul.o(.text)
    .text                                    0x00007bd0   Section       36  init.o(.text)
    .text                                    0x00007bf4   Section        0  __dczerorl.o(.text)
    i.__0printf                              0x00007c30   Section        0  printfa.o(i.__0printf)
    i.__0vsprintf                            0x00007c50   Section        0  printfa.o(i.__0vsprintf)
    i.__ARM_fpclassify                       0x00007c74   Section        0  fpclassify.o(i.__ARM_fpclassify)
    i.__hardfp_atan                          0x00007ca8   Section        0  atan.o(i.__hardfp_atan)
    i.__hardfp_atan2                         0x00007f80   Section        0  atan2.o(i.__hardfp_atan2)
    i.__hardfp_round                         0x00008170   Section        0  round.o(i.__hardfp_round)
    i.__kernel_poly                          0x00008250   Section        0  poly.o(i.__kernel_poly)
    i.__mathlib_dbl_infnan                   0x00008348   Section        0  dunder.o(i.__mathlib_dbl_infnan)
    i.__mathlib_dbl_infnan2                  0x0000835c   Section        0  dunder.o(i.__mathlib_dbl_infnan2)
    i.__mathlib_dbl_underflow                0x00008370   Section        0  dunder.o(i.__mathlib_dbl_underflow)
    i.__scatterload_copy                     0x00008390   Section       14  handlers.o(i.__scatterload_copy)
    i.__scatterload_null                     0x0000839e   Section        2  handlers.o(i.__scatterload_null)
    i.__scatterload_zeroinit                 0x000083a0   Section       14  handlers.o(i.__scatterload_zeroinit)
    i._fp_digits                             0x000083b0   Section        0  printfa.o(i._fp_digits)
    _fp_digits                               0x000083b1   Thumb Code   366  printfa.o(i._fp_digits)
    i._printf_core                           0x00008534   Section        0  printfa.o(i._printf_core)
    _printf_core                             0x00008535   Thumb Code  1744  printfa.o(i._printf_core)
    i._printf_post_padding                   0x00008c10   Section        0  printfa.o(i._printf_post_padding)
    _printf_post_padding                     0x00008c11   Thumb Code    36  printfa.o(i._printf_post_padding)
    i._printf_pre_padding                    0x00008c34   Section        0  printfa.o(i._printf_pre_padding)
    _printf_pre_padding                      0x00008c35   Thumb Code    46  printfa.o(i._printf_pre_padding)
    i._sputc                                 0x00008c62   Section        0  printfa.o(i._sputc)
    _sputc                                   0x00008c63   Thumb Code    10  printfa.o(i._sputc)
    i.atan                                   0x00008c6c   Section        0  atan.o(i.atan)
    i.fabs                                   0x00008c7c   Section        0  fabs.o(i.fabs)
    i.free                                   0x00008c94   Section        0  malloc.o(i.free)
    i.malloc                                 0x00008ce4   Section        0  malloc.o(i.malloc)
    .constdata                               0x00008d50   Section      528  gpio.o(.constdata)
    g_ppui32GPIOIntMapBlizzard               0x00008d50   Data         192  gpio.o(.constdata)
    g_ppui32GPIOIntMapSnowflake              0x00008e10   Data         192  gpio.o(.constdata)
    g_pui32GPIOBaseAddrs                     0x00008ed0   Data         144  gpio.o(.constdata)
    .constdata                               0x00008f60   Section      268  interrupt.o(.constdata)
    g_pui32Priority                          0x00008f60   Data          32  interrupt.o(.constdata)
    g_pui32Regs                              0x00008f80   Data         156  interrupt.o(.constdata)
    g_pui32EnRegs                            0x0000901c   Data          20  interrupt.o(.constdata)
    g_pui32Dii16Regs                         0x00009030   Data          20  interrupt.o(.constdata)
    g_pui32PendRegs                          0x00009044   Data          20  interrupt.o(.constdata)
    g_pui32UnpendRegs                        0x00009058   Data          20  interrupt.o(.constdata)
    .constdata                               0x0000906c   Section      460  sysctl.o(.constdata)
    g_pui32Xtals                             0x0000906c   Data         108  sysctl.o(.constdata)
    g_pppui32XTALtoVCO                       0x000090d8   Data         288  sysctl.o(.constdata)
    g_sXTALtoMEMTIM                          0x000091f8   Data          56  sysctl.o(.constdata)
    g_pui32VCOFrequencies                    0x00009230   Data           8  sysctl.o(.constdata)
    .constdata                               0x00009238   Section      160  timer.o(.constdata)
    g_ppui32TimerIntMap                      0x00009238   Data          96  timer.o(.constdata)
    g_ppui32TimerIntMapSnowflake             0x00009298   Data          64  timer.o(.constdata)
    .constdata                               0x000092d8   Section      128  uart.o(.constdata)
    g_ppui32UARTIntMap                       0x000092d8   Data          64  uart.o(.constdata)
    g_ppui32UARTIntMapSnowflake              0x00009318   Data          64  uart.o(.constdata)
    .constdata                               0x00009358   Section     2367  oled_data.o(.constdata)
    .constdata                               0x00009c98   Section      152  atan.o(.constdata)
    atanhi                                   0x00009c98   Data          32  atan.o(.constdata)
    atanlo                                   0x00009cb8   Data          32  atan.o(.constdata)
    aTodd                                    0x00009cd8   Data          40  atan.o(.constdata)
    aTeven                                   0x00009d00   Data          48  atan.o(.constdata)
    .constdata                               0x00009d30   Section        8  qnan.o(.constdata)
    .data                                    0x20000000   Section       20  motor.o(.data)
    .data                                    0x20000014   Section        7  pid.o(.data)
    .data                                    0x2000001c   Section       12  bleuart.o(.data)
    .data                                    0x20000028   Section        8  mpu9050.o(.data)
    s_uiWitDataCnt                           0x20000028   Data           4  mpu9050.o(.data)
    s_uiReadRegIndex                         0x2000002c   Data           4  mpu9050.o(.data)
    .data                                    0x20000030   Section      414  main.o(.data)
    s_cDataUpdate                            0x20000030   Data           1  main.o(.data)
    s_cCmd                                   0x20000031   Data           1  main.o(.data)
    time3_count                              0x200001c4   Data           4  main.o(.data)
    time4_count                              0x200001c8   Data           4  main.o(.data)
    RxState                                  0x200001cc   Data           1  main.o(.data)
    pRxPacket                                0x200001cd   Data           1  main.o(.data)
    .data                                    0x200001d0   Section        4  systicktime.o(.data)
    counter                                  0x200001d0   Data           4  systicktime.o(.data)
    .data                                    0x200001d4   Section        4  stdout.o(.data)
    .data                                    0x200001d8   Section        4  mvars.o(.data)
    .data                                    0x200001dc   Section        4  mvars.o(.data)
    vtable                                   0x20000400   Section      620  interrupt.o(vtable)
    g_pfnRAMVectors                          0x20000400   Data         620  interrupt.o(vtable)
    .bss                                     0x2000066c   Section     1024  oled.o(.bss)
    .bss                                     0x20000a6c   Section      120  pid.o(.bss)
    .bss                                     0x20000ae4   Section      544  mpu9050.o(.bss)
    s_ucWitDataBuff                          0x20000ae4   Data         256  mpu9050.o(.bss)
    .bss                                     0x20000d04   Section      300  main.o(.bss)
    HEAP                                     0x20000e30   Section        0  startup_rvmdk.o(HEAP)
    STACK                                    0x20000e30   Section      512  startup_rvmdk.o(STACK)
    StackMem                                 0x20000e30   Data           0  startup_rvmdk.o(STACK)

    Global Symbols

    Symbol Name                              Value     Ov Type        Size  Object(Section)

    BuildAttributes$$THM_ISAv4$E$P$D$K$B$S$7EM$VFPi3$EXTD16$VFPS$VFMA$PE$A:L22UL41UL21$X:L11$S22US41US21$IEEE1$IW$USESV6$~STKCKD$USESV7$~SHL$OTIME$ROPI$IEEEX$EBA8$MICROLIB$REQ8$PRES8$EABIv2 0x00000000   Number         0  anon$$obj.o ABSOLUTE
    __ARM_use_no_argv                        0x00000000   Number         0  main.o ABSOLUTE
    __Vectors                                0x00000000   Data           0  startup_rvmdk.o(RESET)
    _printf_a                                0x00000000   Number         0  stubs.o ABSOLUTE
    _printf_c                                0x00000000   Number         0  stubs.o ABSOLUTE
    _printf_charcount                        0x00000000   Number         0  stubs.o ABSOLUTE
    _printf_d                                0x00000000   Number         0  stubs.o ABSOLUTE
    _printf_e                                0x00000000   Number         0  stubs.o ABSOLUTE
    _printf_f                                0x00000000   Number         0  stubs.o ABSOLUTE
    _printf_flags                            0x00000000   Number         0  stubs.o ABSOLUTE
    _printf_fp_dec                           0x00000000   Number         0  stubs.o ABSOLUTE
    _printf_fp_hex                           0x00000000   Number         0  stubs.o ABSOLUTE
    _printf_g                                0x00000000   Number         0  stubs.o ABSOLUTE
    _printf_i                                0x00000000   Number         0  stubs.o ABSOLUTE
    _printf_int_dec                          0x00000000   Number         0  stubs.o ABSOLUTE
    _printf_l                                0x00000000   Number         0  stubs.o ABSOLUTE
    _printf_lc                               0x00000000   Number         0  stubs.o ABSOLUTE
    _printf_ll                               0x00000000   Number         0  stubs.o ABSOLUTE
    _printf_lld                              0x00000000   Number         0  stubs.o ABSOLUTE
    _printf_lli                              0x00000000   Number         0  stubs.o ABSOLUTE
    _printf_llo                              0x00000000   Number         0  stubs.o ABSOLUTE
    _printf_llu                              0x00000000   Number         0  stubs.o ABSOLUTE
    _printf_llx                              0x00000000   Number         0  stubs.o ABSOLUTE
    _printf_longlong_dec                     0x00000000   Number         0  stubs.o ABSOLUTE
    _printf_longlong_hex                     0x00000000   Number         0  stubs.o ABSOLUTE
    _printf_longlong_oct                     0x00000000   Number         0  stubs.o ABSOLUTE
    _printf_ls                               0x00000000   Number         0  stubs.o ABSOLUTE
    _printf_mbtowc                           0x00000000   Number         0  stubs.o ABSOLUTE
    _printf_n                                0x00000000   Number         0  stubs.o ABSOLUTE
    _printf_o                                0x00000000   Number         0  stubs.o ABSOLUTE
    _printf_p                                0x00000000   Number         0  stubs.o ABSOLUTE
    _printf_percent                          0x00000000   Number         0  stubs.o ABSOLUTE
    _printf_pre_padding                      0x00000000   Number         0  stubs.o ABSOLUTE
    _printf_return_value                     0x00000000   Number         0  stubs.o ABSOLUTE
    _printf_s                                0x00000000   Number         0  stubs.o ABSOLUTE
    _printf_sizespec                         0x00000000   Number         0  stubs.o ABSOLUTE
    _printf_str                              0x00000000   Number         0  stubs.o ABSOLUTE
    _printf_truncate_signed                  0x00000000   Number         0  stubs.o ABSOLUTE
    _printf_truncate_unsigned                0x00000000   Number         0  stubs.o ABSOLUTE
    _printf_u                                0x00000000   Number         0  stubs.o ABSOLUTE
    _printf_wc                               0x00000000   Number         0  stubs.o ABSOLUTE
    _printf_wctomb                           0x00000000   Number         0  stubs.o ABSOLUTE
    _printf_widthprec                        0x00000000   Number         0  stubs.o ABSOLUTE
    _printf_x                                0x00000000   Number         0  stubs.o ABSOLUTE
    __cpp_initialize__aeabi_                  - Undefined Weak Reference
    __cxa_finalize                            - Undefined Weak Reference
    _clock_init                               - Undefined Weak Reference
    _microlib_exit                            - Undefined Weak Reference
    Reset_Handler                            0x0000026d   Thumb Code     0  startup_rvmdk.o(RESET)
    __main                                   0x00000289   Thumb Code     0  entry.o(.ARM.Collect$$$$00000000)
    _main_stk                                0x00000289   Thumb Code     0  entry2.o(.ARM.Collect$$$$00000001)
    _main_scatterload                        0x0000028d   Thumb Code     0  entry5.o(.ARM.Collect$$$$00000004)
    __main_after_scatterload                 0x00000291   Thumb Code     0  entry5.o(.ARM.Collect$$$$00000004)
    _main_clock                              0x00000291   Thumb Code     0  entry7b.o(.ARM.Collect$$$$00000008)
    _main_cpp_init                           0x00000291   Thumb Code     0  entry8b.o(.ARM.Collect$$$$0000000A)
    _main_init                               0x00000291   Thumb Code     0  entry9a.o(.ARM.Collect$$$$0000000B)
    __rt_final_cpp                           0x00000299   Thumb Code     0  entry10a.o(.ARM.Collect$$$$0000000D)
    __rt_final_exit                          0x00000299   Thumb Code     0  entry11a.o(.ARM.Collect$$$$0000000F)
    CPUcpsid                                 0x0000029d   Thumb Code     8  cpu.o(.emb_text)
    CPUprimask                               0x000002a5   Thumb Code     6  cpu.o(.emb_text)
    CPUcpsie                                 0x000002ab   Thumb Code     8  cpu.o(.emb_text)
    CPUwfi                                   0x000002b3   Thumb Code     4  cpu.o(.emb_text)
    CPUbasepriSet                            0x000002b7   Thumb Code     6  cpu.o(.emb_text)
    CPUbasepriGet                            0x000002bd   Thumb Code     6  cpu.o(.emb_text)
    SysCtlDelay                              0x000002c5   Thumb Code     6  sysctl.o(.emb_text)
    EEPROMInit                               0x00000345   Thumb Code    60  eeprom.o(.text)
    EEPROMSizeGet                            0x00000381   Thumb Code    10  eeprom.o(.text)
    EEPROMBlockCountGet                      0x0000038b   Thumb Code    10  eeprom.o(.text)
    EEPROMRead                               0x00000395   Thumb Code    52  eeprom.o(.text)
    EEPROMProgram                            0x000003c9   Thumb Code   184  eeprom.o(.text)
    EEPROMProgramNonBlocking                 0x00000481   Thumb Code    54  eeprom.o(.text)
    EEPROMMassErase                          0x000004b7   Thumb Code    62  eeprom.o(.text)
    EEPROMBlockProtectGet                    0x000004f5   Thumb Code    10  eeprom.o(.text)
    EEPROMBlockProtectSet                    0x000004ff   Thumb Code    28  eeprom.o(.text)
    EEPROMBlockPasswordSet                   0x0000051b   Thumb Code    48  eeprom.o(.text)
    EEPROMBlockLock                          0x0000054b   Thumb Code    20  eeprom.o(.text)
    EEPROMBlockUnlock                        0x0000055f   Thumb Code    44  eeprom.o(.text)
    EEPROMBlockHide                          0x0000058b   Thumb Code    10  eeprom.o(.text)
    EEPROMIntEnable                          0x00000595   Thumb Code    30  eeprom.o(.text)
    EEPROMIntDisable                         0x000005b3   Thumb Code    30  eeprom.o(.text)
    EEPROMIntStatus                          0x000005d1   Thumb Code    42  eeprom.o(.text)
    EEPROMIntClear                           0x000005fb   Thumb Code    40  eeprom.o(.text)
    EEPROMStatusGet                          0x00000623   Thumb Code     6  eeprom.o(.text)
    GPIODirModeSet                           0x00000681   Thumb Code    50  gpio.o(.text)
    GPIODirModeGet                           0x000006b3   Thumb Code    46  gpio.o(.text)
    GPIOIntTypeSet                           0x000006e1   Thumb Code   102  gpio.o(.text)
    GPIOIntTypeGet                           0x00000747   Thumb Code    84  gpio.o(.text)
    GPIOPadConfigSet                         0x0000079b   Thumb Code   342  gpio.o(.text)
    GPIOPadConfigGet                         0x000008f1   Thumb Code   206  gpio.o(.text)
    GPIOIntEnable                            0x000009bf   Thumb Code    12  gpio.o(.text)
    GPIOIntDisable                           0x000009cb   Thumb Code    12  gpio.o(.text)
    GPIOIntStatus                            0x000009d7   Thumb Code    16  gpio.o(.text)
    GPIOIntClear                             0x000009e7   Thumb Code     6  gpio.o(.text)
    GPIOIntRegister                          0x000009ed   Thumb Code    30  gpio.o(.text)
    GPIOIntUnregister                        0x00000a0b   Thumb Code    26  gpio.o(.text)
    GPIOPinRead                              0x00000a25   Thumb Code    32  gpio.o(.text)
    GPIOPinWrite                             0x00000a45   Thumb Code    10  gpio.o(.text)
    GPIOPinTypeADC                           0x00000a4f   Thumb Code    30  gpio.o(.text)
    GPIOPinTypeCAN                           0x00000a6d   Thumb Code    30  gpio.o(.text)
    GPIOPinTypeComparator                    0x00000a8b   Thumb Code    30  gpio.o(.text)
    GPIOPinTypeEPI                           0x00000aa9   Thumb Code    30  gpio.o(.text)
    GPIOPinTypeEthernetLED                   0x00000ac7   Thumb Code    30  gpio.o(.text)
    GPIOPinTypeEthernetMII                   0x00000ae5   Thumb Code    30  gpio.o(.text)
    GPIOPinTypeFan                           0x00000b03   Thumb Code    30  gpio.o(.text)
    GPIOPinTypeGPIOInput                     0x00000b21   Thumb Code    30  gpio.o(.text)
    GPIOPinTypeGPIOOutput                    0x00000b3f   Thumb Code    30  gpio.o(.text)
    GPIOPinTypeGPIOOutputOD                  0x00000b5d   Thumb Code    30  gpio.o(.text)
    GPIOPinTypeI2C                           0x00000b7b   Thumb Code    30  gpio.o(.text)
    GPIOPinTypeI2CSCL                        0x00000b99   Thumb Code    30  gpio.o(.text)
    GPIOPinTypeLCD                           0x00000bb7   Thumb Code    30  gpio.o(.text)
    GPIOPinTypeLPC                           0x00000bd5   Thumb Code    30  gpio.o(.text)
    GPIOPinTypePECIRx                        0x00000bf3   Thumb Code    30  gpio.o(.text)
    GPIOPinTypePECITx                        0x00000c11   Thumb Code    30  gpio.o(.text)
    GPIOPinTypePWM                           0x00000c2f   Thumb Code    30  gpio.o(.text)
    GPIOPinTypeQEI                           0x00000c4d   Thumb Code    30  gpio.o(.text)
    GPIOPinTypeSSI                           0x00000c6b   Thumb Code    30  gpio.o(.text)
    GPIOPinTypeTimer                         0x00000c89   Thumb Code    30  gpio.o(.text)
    GPIOPinTypeUART                          0x00000ca7   Thumb Code    30  gpio.o(.text)
    GPIOPinTypeUSBAnalog                     0x00000cc5   Thumb Code    30  gpio.o(.text)
    GPIOPinTypeUSBDigital                    0x00000ce3   Thumb Code    30  gpio.o(.text)
    GPIOPinTypeWakeHigh                      0x00000d01   Thumb Code    32  gpio.o(.text)
    GPIOPinTypeWakeLow                       0x00000d21   Thumb Code    32  gpio.o(.text)
    GPIOPinTypeKBRow                         0x00000d41   Thumb Code    30  gpio.o(.text)
    GPIOPinTypeKBColumn                      0x00000d5f   Thumb Code    30  gpio.o(.text)
    GPIOPinTypeLEDSeq                        0x00000d7d   Thumb Code    30  gpio.o(.text)
    GPIOPinTypeCIR                           0x00000d9b   Thumb Code    30  gpio.o(.text)
    GPIOPinWakeStatus                        0x00000db9   Thumb Code     8  gpio.o(.text)
    GPIOPinConfigure                         0x00000dc1   Thumb Code    70  gpio.o(.text)
    GPIODMATriggerEnable                     0x00000e07   Thumb Code    12  gpio.o(.text)
    GPIODMATriggerDisable                    0x00000e13   Thumb Code    12  gpio.o(.text)
    GPIOADCTriggerEnable                     0x00000e1f   Thumb Code    12  gpio.o(.text)
    GPIOADCTriggerDisable                    0x00000e2b   Thumb Code    12  gpio.o(.text)
    IntMasterEnable                          0x00000e45   Thumb Code    16  interrupt.o(.text)
    IntMasterDisable                         0x00000e55   Thumb Code    16  interrupt.o(.text)
    IntRegister                              0x00000e65   Thumb Code    52  interrupt.o(.text)
    IntUnregister                            0x00000e99   Thumb Code    10  interrupt.o(.text)
    IntPriorityGroupingSet                   0x00000ea3   Thumb Code    18  interrupt.o(.text)
    IntPriorityGroupingGet                   0x00000eb5   Thumb Code    36  interrupt.o(.text)
    IntPrioritySet                           0x00000ed9   Thumb Code    46  interrupt.o(.text)
    IntPriorityGet                           0x00000f07   Thumb Code    22  interrupt.o(.text)
    IntEnable                                0x00000f1d   Thumb Code   120  interrupt.o(.text)
    IntDisable                               0x00000f95   Thumb Code   120  interrupt.o(.text)
    IntIsEnabled                             0x0000100d   Thumb Code   106  interrupt.o(.text)
    IntPendSet                               0x00001077   Thumb Code    98  interrupt.o(.text)
    IntPendClear                             0x000010d9   Thumb Code    76  interrupt.o(.text)
    IntPriorityMaskSet                       0x00001125   Thumb Code    12  interrupt.o(.text)
    IntPriorityMaskGet                       0x00001131   Thumb Code     8  interrupt.o(.text)
    IntTrigger                               0x00001139   Thumb Code    10  interrupt.o(.text)
    PWMGenConfigure                          0x00001171   Thumb Code    42  pwm.o(.text)
    PWMGenPeriodSet                          0x0000119b   Thumb Code    22  pwm.o(.text)
    PWMGenPeriodGet                          0x000011b1   Thumb Code    24  pwm.o(.text)
    PWMGenEnable                             0x000011c9   Thumb Code    10  pwm.o(.text)
    PWMGenDisable                            0x000011d3   Thumb Code    10  pwm.o(.text)
    PWMPulseWidthSet                         0x000011dd   Thumb Code    38  pwm.o(.text)
    PWMPulseWidthGet                         0x00001203   Thumb Code    40  pwm.o(.text)
    PWMDeadBandEnable                        0x0000122b   Thumb Code    18  pwm.o(.text)
    PWMDeadBandDisable                       0x0000123d   Thumb Code    14  pwm.o(.text)
    PWMSyncUpdate                            0x0000124b   Thumb Code     4  pwm.o(.text)
    PWMSyncTimeBase                          0x0000124f   Thumb Code     4  pwm.o(.text)
    PWMOutputState                           0x00001253   Thumb Code    20  pwm.o(.text)
    PWMOutputInvert                          0x00001267   Thumb Code    20  pwm.o(.text)
    PWMOutputFaultLevel                      0x0000127b   Thumb Code    20  pwm.o(.text)
    PWMOutputFault                           0x0000128f   Thumb Code    20  pwm.o(.text)
    PWMGenIntRegister                        0x0000139b   Thumb Code    38  pwm.o(.text)
    PWMGenIntUnregister                      0x000013c1   Thumb Code    30  pwm.o(.text)
    PWMFaultIntRegister                      0x0000141d   Thumb Code    30  pwm.o(.text)
    PWMFaultIntUnregister                    0x0000143b   Thumb Code    26  pwm.o(.text)
    PWMGenIntTrigEnable                      0x00001455   Thumb Code    14  pwm.o(.text)
    PWMGenIntTrigDisable                     0x00001463   Thumb Code    14  pwm.o(.text)
    PWMGenIntStatus                          0x00001471   Thumb Code    16  pwm.o(.text)
    PWMGenIntClear                           0x00001481   Thumb Code     6  pwm.o(.text)
    PWMIntEnable                             0x00001487   Thumb Code     8  pwm.o(.text)
    PWMIntDisable                            0x0000148f   Thumb Code     8  pwm.o(.text)
    PWMFaultIntClear                         0x00001497   Thumb Code     8  pwm.o(.text)
    PWMIntStatus                             0x0000149f   Thumb Code    14  pwm.o(.text)
    PWMFaultIntClearExt                      0x000014ad   Thumb Code     4  pwm.o(.text)
    PWMGenFaultConfigure                     0x000014b1   Thumb Code    20  pwm.o(.text)
    PWMGenFaultTriggerSet                    0x000014c5   Thumb Code    16  pwm.o(.text)
    PWMGenFaultTriggerGet                    0x000014d5   Thumb Code    16  pwm.o(.text)
    PWMGenFaultStatus                        0x000014e5   Thumb Code    38  pwm.o(.text)
    PWMGenFaultClear                         0x0000150b   Thumb Code    36  pwm.o(.text)
    PWMClockSet                              0x0000152f   Thumb Code    18  pwm.o(.text)
    PWMClockGet                              0x00001541   Thumb Code    60  pwm.o(.text)
    PWMOutputUpdateMode                      0x0000157d   Thumb Code    82  pwm.o(.text)
    SysCtlSRAMSizeGet                        0x00001655   Thumb Code    12  sysctl.o(.text)
    SysCtlFlashSizeGet                       0x00001661   Thumb Code    42  sysctl.o(.text)
    SysCtlFlashSectorSizeGet                 0x0000168b   Thumb Code    40  sysctl.o(.text)
    SysCtlPeripheralPresent                  0x000016b3   Thumb Code    52  sysctl.o(.text)
    SysCtlPeripheralReady                    0x000016e7   Thumb Code    52  sysctl.o(.text)
    SysCtlPeripheralPowerOn                  0x0000171b   Thumb Code    46  sysctl.o(.text)
    SysCtlPeripheralPowerOff                 0x00001749   Thumb Code    46  sysctl.o(.text)
    SysCtlPeripheralReset                    0x00001777   Thumb Code   106  sysctl.o(.text)
    SysCtlPeripheralEnable                   0x000017e1   Thumb Code    46  sysctl.o(.text)
    SysCtlPeripheralDisable                  0x0000180f   Thumb Code    46  sysctl.o(.text)
    SysCtlPeripheralSleepEnable              0x0000183d   Thumb Code    46  sysctl.o(.text)
    SysCtlPeripheralSleepDisable             0x0000186b   Thumb Code    46  sysctl.o(.text)
    SysCtlPeripheralDeepSleepEnable          0x00001899   Thumb Code    46  sysctl.o(.text)
    SysCtlPeripheralDeepSleepDisable         0x000018c7   Thumb Code    46  sysctl.o(.text)
    SysCtlPeripheralClockGating              0x000018f5   Thumb Code    82  sysctl.o(.text)
    SysCtlIntRegister                        0x00001947   Thumb Code    20  sysctl.o(.text)
    SysCtlIntUnregister                      0x0000195b   Thumb Code    16  sysctl.o(.text)
    SysCtlIntEnable                          0x0000196b   Thumb Code    12  sysctl.o(.text)
    SysCtlIntDisable                         0x00001977   Thumb Code    12  sysctl.o(.text)
    SysCtlIntClear                           0x00001983   Thumb Code     6  sysctl.o(.text)
    SysCtlIntStatus                          0x00001989   Thumb Code    16  sysctl.o(.text)
    SysCtlLDOSleepSet                        0x00001999   Thumb Code     6  sysctl.o(.text)
    SysCtlLDOSleepGet                        0x0000199f   Thumb Code     6  sysctl.o(.text)
    SysCtlLDODeepSleepSet                    0x000019a5   Thumb Code     8  sysctl.o(.text)
    SysCtlLDODeepSleepGet                    0x000019ad   Thumb Code    60  sysctl.o(.text)
    SysCtlSleepPowerSet                      0x000019e9   Thumb Code     6  sysctl.o(.text)
    SysCtlDeepSleepPowerSet                  0x000019ef   Thumb Code     8  sysctl.o(.text)
    SysCtlReset                              0x000019f7   Thumb Code    10  sysctl.o(.text)
    SysCtlSleep                              0x00001a01   Thumb Code     8  sysctl.o(.text)
    SysCtlDeepSleep                          0x00001a09   Thumb Code    40  sysctl.o(.text)
    SysCtlResetCauseGet                      0x00001a31   Thumb Code     6  sysctl.o(.text)
    SysCtlResetCauseClear                    0x00001a37   Thumb Code    12  sysctl.o(.text)
    SysCtlMOSCConfigSet                      0x00001a43   Thumb Code     6  sysctl.o(.text)
    SysCtlPIOSCCalibrate                     0x00001a49   Thumb Code    82  sysctl.o(.text)
    SysCtlResetBehaviorSet                   0x00001a9b   Thumb Code     8  sysctl.o(.text)
    SysCtlResetBehaviorGet                   0x00001aa3   Thumb Code     8  sysctl.o(.text)
    SysCtlClockFreqSet                       0x00001aab   Thumb Code   646  sysctl.o(.text)
    SysCtlClockSet                           0x00001d31   Thumb Code   362  sysctl.o(.text)
    SysCtlClockGet                           0x00001e9b   Thumb Code   244  sysctl.o(.text)
    SysCtlDeepSleepClockSet                  0x00001f8f   Thumb Code     8  sysctl.o(.text)
    SysCtlDeepSleepClockConfigSet            0x00001f97   Thumb Code   140  sysctl.o(.text)
    SysCtlPWMClockSet                        0x00002023   Thumb Code    16  sysctl.o(.text)
    SysCtlPWMClockGet                        0x00002033   Thumb Code    24  sysctl.o(.text)
    SysCtlADCSpeedSet                        0x0000204b   Thumb Code    36  sysctl.o(.text)
    SysCtlADCSpeedGet                        0x0000206f   Thumb Code    12  sysctl.o(.text)
    SysCtlGPIOAHBEnable                      0x0000207b   Thumb Code    20  sysctl.o(.text)
    SysCtlGPIOAHBDisable                     0x0000208f   Thumb Code    20  sysctl.o(.text)
    SysCtlUSBPLLEnable                       0x000020a3   Thumb Code    14  sysctl.o(.text)
    SysCtlUSBPLLDisable                      0x000020b1   Thumb Code    14  sysctl.o(.text)
    SysCtlVoltageEventConfig                 0x000020bf   Thumb Code     6  sysctl.o(.text)
    SysCtlVoltageEventStatus                 0x000020c5   Thumb Code     6  sysctl.o(.text)
    SysCtlVoltageEventClear                  0x000020cb   Thumb Code    12  sysctl.o(.text)
    SysCtlNMIStatus                          0x000020d7   Thumb Code     6  sysctl.o(.text)
    SysCtlNMIClear                           0x000020dd   Thumb Code    12  sysctl.o(.text)
    SysCtlClockOutConfig                     0x000020e9   Thumb Code    14  sysctl.o(.text)
    SysCtlAltClkConfig                       0x000020f7   Thumb Code     8  sysctl.o(.text)
    SysTickEnable                            0x00002129   Thumb Code    18  systick.o(.text)
    SysTickDisable                           0x0000213b   Thumb Code    18  systick.o(.text)
    SysTickIntRegister                       0x0000214d   Thumb Code    30  systick.o(.text)
    SysTickIntUnregister                     0x0000216b   Thumb Code    26  systick.o(.text)
    SysTickIntEnable                         0x00002185   Thumb Code    18  systick.o(.text)
    SysTickIntDisable                        0x00002197   Thumb Code    18  systick.o(.text)
    SysTickPeriodSet                         0x000021a9   Thumb Code    10  systick.o(.text)
    SysTickPeriodGet                         0x000021b3   Thumb Code    10  systick.o(.text)
    SysTickValueGet                          0x000021bd   Thumb Code     8  systick.o(.text)
    TimerEnable                              0x00002209   Thumb Code    14  timer.o(.text)
    TimerDisable                             0x00002217   Thumb Code    14  timer.o(.text)
    TimerConfigure                           0x00002225   Thumb Code    84  timer.o(.text)
    TimerControlLevel                        0x00002279   Thumb Code    22  timer.o(.text)
    TimerControlTrigger                      0x0000228f   Thumb Code    60  timer.o(.text)
    TimerControlEvent                        0x000022cb   Thumb Code    22  timer.o(.text)
    TimerControlStall                        0x000022e1   Thumb Code    22  timer.o(.text)
    TimerControlWaitOnTrigger                0x000022f7   Thumb Code    52  timer.o(.text)
    TimerRTCEnable                           0x0000232b   Thumb Code    10  timer.o(.text)
    TimerRTCDisable                          0x00002335   Thumb Code    10  timer.o(.text)
    TimerClockSourceSet                      0x0000233f   Thumb Code     6  timer.o(.text)
    TimerClockSourceGet                      0x00002345   Thumb Code     8  timer.o(.text)
    TimerPrescaleSet                         0x0000234d   Thumb Code    16  timer.o(.text)
    TimerPrescaleGet                         0x0000235d   Thumb Code    14  timer.o(.text)
    TimerPrescaleMatchSet                    0x0000236b   Thumb Code    16  timer.o(.text)
    TimerPrescaleMatchGet                    0x0000237b   Thumb Code    14  timer.o(.text)
    TimerLoadSet                             0x00002389   Thumb Code    16  timer.o(.text)
    TimerLoadGet                             0x00002399   Thumb Code    14  timer.o(.text)
    TimerLoadSet64                           0x000023a7   Thumb Code     6  timer.o(.text)
    TimerLoadGet64                           0x000023ad   Thumb Code    26  timer.o(.text)
    TimerValueGet                            0x000023c7   Thumb Code    14  timer.o(.text)
    TimerValueGet64                          0x000023d5   Thumb Code    26  timer.o(.text)
    TimerMatchSet                            0x000023ef   Thumb Code    16  timer.o(.text)
    TimerMatchGet                            0x000023ff   Thumb Code    14  timer.o(.text)
    TimerMatchSet64                          0x0000240d   Thumb Code     6  timer.o(.text)
    TimerMatchGet64                          0x00002413   Thumb Code    26  timer.o(.text)
    TimerIntRegister                         0x0000242d   Thumb Code    38  timer.o(.text)
    TimerIntUnregister                       0x00002453   Thumb Code    30  timer.o(.text)
    TimerIntEnable                           0x00002471   Thumb Code     8  timer.o(.text)
    TimerIntDisable                          0x00002479   Thumb Code     8  timer.o(.text)
    TimerIntStatus                           0x00002481   Thumb Code    12  timer.o(.text)
    TimerIntClear                            0x0000248d   Thumb Code     4  timer.o(.text)
    TimerSynchronize                         0x00002491   Thumb Code     4  timer.o(.text)
    TimerADCEventSet                         0x00002495   Thumb Code     4  timer.o(.text)
    TimerADCEventGet                         0x00002499   Thumb Code     6  timer.o(.text)
    TimerDMAEventSet                         0x0000249f   Thumb Code     4  timer.o(.text)
    TimerDMAEventGet                         0x000024a3   Thumb Code     6  timer.o(.text)
    UARTParityModeSet                        0x000024f5   Thumb Code    12  uart.o(.text)
    UARTParityModeGet                        0x00002501   Thumb Code    10  uart.o(.text)
    UARTFIFOLevelSet                         0x0000250b   Thumb Code     8  uart.o(.text)
    UARTFIFOLevelGet                         0x00002513   Thumb Code    18  uart.o(.text)
    UARTEnable                               0x00002525   Thumb Code    20  uart.o(.text)
    UARTDisable                              0x00002539   Thumb Code    32  uart.o(.text)
    UARTConfigSetExpClk                      0x00002559   Thumb Code    76  uart.o(.text)
    UARTConfigGetExpClk                      0x000025a5   Thumb Code    44  uart.o(.text)
    UARTFIFOEnable                           0x000025d1   Thumb Code    10  uart.o(.text)
    UARTFIFODisable                          0x000025db   Thumb Code    10  uart.o(.text)
    UARTEnableSIR                            0x000025e5   Thumb Code    22  uart.o(.text)
    UARTDisableSIR                           0x000025fb   Thumb Code    10  uart.o(.text)
    UARTSmartCardEnable                      0x00002605   Thumb Code    22  uart.o(.text)
    UARTSmartCardDisable                     0x0000261b   Thumb Code    10  uart.o(.text)
    UARTModemControlSet                      0x00002625   Thumb Code    12  uart.o(.text)
    UARTModemControlClear                    0x00002631   Thumb Code    12  uart.o(.text)
    UARTModemControlGet                      0x0000263d   Thumb Code    10  uart.o(.text)
    UARTModemStatusGet                       0x00002647   Thumb Code    12  uart.o(.text)
    UARTFlowControlSet                       0x00002653   Thumb Code    12  uart.o(.text)
    UARTFlowControlGet                       0x0000265f   Thumb Code    10  uart.o(.text)
    UARTTxIntModeSet                         0x00002669   Thumb Code    12  uart.o(.text)
    UARTTxIntModeGet                         0x00002675   Thumb Code    10  uart.o(.text)
    UARTCharsAvail                           0x0000267f   Thumb Code    12  uart.o(.text)
    UARTSpaceAvail                           0x0000268b   Thumb Code    12  uart.o(.text)
    UARTCharGetNonBlocking                   0x00002697   Thumb Code    20  uart.o(.text)
    UARTCharGet                              0x000026ab   Thumb Code    18  uart.o(.text)
    UARTCharPutNonBlocking                   0x000026bd   Thumb Code    20  uart.o(.text)
    UARTCharPut                              0x000026d1   Thumb Code    16  uart.o(.text)
    UARTBreakCtl                             0x000026e1   Thumb Code    20  uart.o(.text)
    UARTBusy                                 0x000026f5   Thumb Code    10  uart.o(.text)
    UARTIntRegister                          0x000026ff   Thumb Code    30  uart.o(.text)
    UARTIntUnregister                        0x0000271d   Thumb Code    26  uart.o(.text)
    UARTIntEnable                            0x00002737   Thumb Code     8  uart.o(.text)
    UARTIntDisable                           0x0000273f   Thumb Code     8  uart.o(.text)
    UARTIntStatus                            0x00002747   Thumb Code    12  uart.o(.text)
    UARTIntClear                             0x00002753   Thumb Code     4  uart.o(.text)
    UARTDMAEnable                            0x00002757   Thumb Code     8  uart.o(.text)
    UARTDMADisable                           0x0000275f   Thumb Code     8  uart.o(.text)
    UARTRxErrorGet                           0x00002767   Thumb Code    10  uart.o(.text)
    UARTRxErrorClear                         0x00002771   Thumb Code     6  uart.o(.text)
    UARTClockSourceSet                       0x00002777   Thumb Code     6  uart.o(.text)
    UARTClockSourceGet                       0x0000277d   Thumb Code     8  uart.o(.text)
    UART9BitEnable                           0x00002785   Thumb Code    14  uart.o(.text)
    UART9BitDisable                          0x00002793   Thumb Code    14  uart.o(.text)
    UART9BitAddrSet                          0x000027a1   Thumb Code    10  uart.o(.text)
    UART9BitAddrSend                         0x000027ab   Thumb Code    44  uart.o(.text)
    LED_GPIO_Config                          0x000027ed   Thumb Code    18  led.o(.text)
    LED_Init                                 0x000027ff   Thumb Code    94  led.o(.text)
    BEEP_Init                                0x0000285d   Thumb Code    44  led.o(.text)
    KEY_Init                                 0x00002889   Thumb Code    64  led.o(.text)
    OLED_W_SCL                               0x000028dd   Thumb Code    36  oled.o(.text)
    OLED_W_SDA                               0x00002901   Thumb Code    36  oled.o(.text)
    OLED_GPIO_Init                           0x00002925   Thumb Code    66  oled.o(.text)
    OLED_I2C_Start                           0x00002967   Thumb Code    28  oled.o(.text)
    OLED_I2C_Stop                            0x00002983   Thumb Code    22  oled.o(.text)
    OLED_I2C_SendByte                        0x00002999   Thumb Code    62  oled.o(.text)
    OLED_WriteCommand                        0x000029d7   Thumb Code    32  oled.o(.text)
    OLED_WriteData                           0x000029f7   Thumb Code    46  oled.o(.text)
    OLED_SetCursor                           0x00002a25   Thumb Code    34  oled.o(.text)
    OLED_Update                              0x00002a47   Thumb Code    36  oled.o(.text)
    OLED_Clear                               0x00002a6b   Thumb Code    36  oled.o(.text)
    OLED_Init                                0x00002a8f   Thumb Code   154  oled.o(.text)
    OLED_Pow                                 0x00002b29   Thumb Code    20  oled.o(.text)
    OLED_pnpoly                              0x00002b3d   Thumb Code   140  oled.o(.text)
    OLED_IsInAngle                           0x00002bc9   Thumb Code   144  oled.o(.text)
    OLED_UpdateArea                          0x00002c59   Thumb Code   120  oled.o(.text)
    OLED_ClearArea                           0x00002cd1   Thumb Code   168  oled.o(.text)
    OLED_Reverse                             0x00002d79   Thumb Code    46  oled.o(.text)
    OLED_ReverseArea                         0x00002da7   Thumb Code   140  oled.o(.text)
    OLED_ShowImage                           0x00002e33   Thumb Code   248  oled.o(.text)
    OLED_ShowChar                            0x00002f2b   Thumb Code    74  oled.o(.text)
    OLED_ShowString                          0x00002f75   Thumb Code    46  oled.o(.text)
    OLED_ShowNum                             0x00002fa3   Thumb Code    76  oled.o(.text)
    OLED_ShowSignedNum                       0x00002fef   Thumb Code   112  oled.o(.text)
    OLED_ShowHexNum                          0x0000305f   Thumb Code    96  oled.o(.text)
    OLED_ShowBinNum                          0x000030bf   Thumb Code    70  oled.o(.text)
    OLED_ShowFloatNum                        0x00003105   Thumb Code   270  oled.o(.text)
    OLED_ShowChinese                         0x00003213   Thumb Code   148  oled.o(.text)
    OLED_Printf                              0x000032a7   Thumb Code    50  oled.o(.text)
    OLED_DrawPoint                           0x000032d9   Thumb Code    76  oled.o(.text)
    OLED_GetPoint                            0x00003325   Thumb Code    64  oled.o(.text)
    OLED_DrawLine                            0x00003365   Thumb Code   374  oled.o(.text)
    OLED_DrawRectangle                       0x000034db   Thumb Code   142  oled.o(.text)
    OLED_DrawTriangle                        0x00003569   Thumb Code   246  oled.o(.text)
    OLED_DrawCircle                          0x0000365f   Thumb Code   352  oled.o(.text)
    OLED_DrawEllipse                         0x000037bf   Thumb Code   858  oled.o(.text)
    OLED_DrawArc                             0x00003b19   Thumb Code   626  oled.o(.text)
    fputc                                    0x00003d8d   Thumb Code    18  serial.o(.text)
    fgetc                                    0x00003d9f   Thumb Code    16  serial.o(.text)
    Serial_SendByte                          0x00003daf   Thumb Code   122  serial.o(.text)
    Serial_SendArray                         0x00003e29   Thumb Code    34  serial.o(.text)
    Serial_SendString                        0x00003e4b   Thumb Code    30  serial.o(.text)
    Serial_Pow                               0x00003e69   Thumb Code    20  serial.o(.text)
    Serial_SendNumber                        0x00003e7d   Thumb Code    62  serial.o(.text)
    ROM_UART0IntHandler                      0x00003ebb   Thumb Code    78  serial.o(.text)
    ROM_UART0_Init                           0x00003f09   Thumb Code   184  serial.o(.text)
    ROM_UART1_Init                           0x00003fc1   Thumb Code   182  serial.o(.text)
    ROM_UART2IntHandler                      0x00004077   Thumb Code    78  serial.o(.text)
    ROM_UART2_Init                           0x000040c5   Thumb Code   248  serial.o(.text)
    ROM_UART3_Init                           0x000041bd   Thumb Code   176  serial.o(.text)
    ROM_UART4IntHandler                      0x0000426d   Thumb Code    78  serial.o(.text)
    ROM_UART4_Init                           0x000042bb   Thumb Code   180  serial.o(.text)
    ROM_UART5_Init                           0x0000436f   Thumb Code   180  serial.o(.text)
    ROM_UART6_Init                           0x00004423   Thumb Code   180  serial.o(.text)
    ROM_UART7IntHandler                      0x000044d7   Thumb Code    78  serial.o(.text)
    ROM_UART7_Init                           0x00004525   Thumb Code   276  serial.o(.text)
    UART0IntHandler                          0x00004639   Thumb Code    54  serial.o(.text)
    UART0_Init                               0x0000466f   Thumb Code   112  serial.o(.text)
    UART1IntHandler                          0x000046df   Thumb Code    54  serial.o(.text)
    UART1_Init                               0x00004715   Thumb Code   112  serial.o(.text)
    UART2IntHandler                          0x00004785   Thumb Code    54  serial.o(.text)
    UART2_Init                               0x000047bb   Thumb Code   110  serial.o(.text)
    UART3_Init                               0x00004829   Thumb Code   110  serial.o(.text)
    UART4_Init                               0x00004897   Thumb Code   110  serial.o(.text)
    UART5_Init                               0x00004905   Thumb Code   110  serial.o(.text)
    UART6_Init                               0x00004973   Thumb Code   110  serial.o(.text)
    UART7_Init                               0x000049e1   Thumb Code   222  serial.o(.text)
    UART3IntHandler                          0x00004abf   Thumb Code    54  serial.o(.text)
    UART4IntHandler                          0x00004af5   Thumb Code    54  serial.o(.text)
    UART5IntHandler                          0x00004b2b   Thumb Code    54  serial.o(.text)
    UART6IntHandler                          0x00004b61   Thumb Code    54  serial.o(.text)
    UART7IntHandler                          0x00004b97   Thumb Code    54  serial.o(.text)
    Timer_init                               0x00004be1   Thumb Code   132  timer_user.o(.text)
    Timer1_init                              0x00004c65   Thumb Code   132  timer_user.o(.text)
    Test_Period                              0x00004ce9   Thumb Code    68  timer_user.o(.text)
    PWM_Init                                 0x00004d45   Thumb Code   186  pwm_user.o(.text)
    SetCycle                                 0x00004dff   Thumb Code   146  pwm_user.o(.text)
    SetDuty                                  0x00004e91   Thumb Code   176  pwm_user.o(.text)
    GPIO_interrupt                           0x00004f65   Thumb Code    50  buttonsinterrupt.o(.text)
    ButtonsInit                              0x00004f97   Thumb Code    78  buttonsinterrupt.o(.text)
    Motor_Init                               0x00004fed   Thumb Code   152  motor.o(.text)
    Encoder_Init                             0x00005085   Thumb Code   364  motor.o(.text)
    Motor_SetPwm1                            0x000051f1   Thumb Code   168  motor.o(.text)
    Motor_SetPwm2                            0x00005299   Thumb Code   168  motor.o(.text)
    Motor_SetSpeed                           0x00005341   Thumb Code   298  motor.o(.text)
    Set_P                                    0x00005471   Thumb Code     6  pid.o(.text)
    Set_I                                    0x00005477   Thumb Code     6  pid.o(.text)
    Set_D                                    0x0000547d   Thumb Code     6  pid.o(.text)
    PID_Init                                 0x00005483   Thumb Code   246  pid.o(.text)
    P_realize                                0x00005579   Thumb Code    46  pid.o(.text)
    PI_realize                               0x000055a7   Thumb Code    74  pid.o(.text)
    PID_realize                              0x000055f1   Thumb Code   130  pid.o(.text)
    BLEUART_Init                             0x00005699   Thumb Code     8  bleuart.o(.text)
    Serial_NumberChange                      0x000056a1   Thumb Code    44  bleuart.o(.text)
    BLE_Send                                 0x000056cd   Thumb Code    54  bleuart.o(.text)
    BLE_GetNumber                            0x00005703   Thumb Code     6  bleuart.o(.text)
    WitSerialDataIn                          0x000057fb   Thumb Code   206  mpu9050.o(.text)
    MPU9050_Init                             0x000058c9   Thumb Code     8  mpu9050.o(.text)
    ROM_UART3IntHandler                      0x000058d1   Thumb Code   120  mpu9050.o(.text)
    EEPROM_Init                              0x00005969   Thumb Code    14  neeprom.o(.text)
    ReadFlashParameterALL                    0x00005977   Thumb Code    18  neeprom.o(.text)
    ReadFlashParameterOne                    0x00005989   Thumb Code    18  neeprom.o(.text)
    ReadFlashParameterThree                  0x0000599b   Thumb Code    52  neeprom.o(.text)
    WriteFlashParameter                      0x000059cf   Thumb Code    46  neeprom.o(.text)
    WriteFlashParameter_Two                  0x000059fd   Thumb Code    60  neeprom.o(.text)
    WriteFlashParameter_Three                0x00005a39   Thumb Code    74  neeprom.o(.text)
    menu                                     0x00005a89   Thumb Code   924  main.o(.text)
    main                                     0x00005e25   Thumb Code   792  main.o(.text)
    abss                                     0x0000613d   Thumb Code    26  main.o(.text)
    IMU_pid                                  0x00006157   Thumb Code   698  main.o(.text)
    TIMER0A_Handler                          0x00006411   Thumb Code  2450  main.o(.text)
    TIMER1A_Handler                          0x00006da3   Thumb Code   102  main.o(.text)
    TIMER3_WID_IRQHandler                    0x00006e09   Thumb Code   254  main.o(.text)
    TIMER4_WID_IRQHandler                    0x00006f07   Thumb Code   254  main.o(.text)
    ROM_UART5IntHandler                      0x00007005   Thumb Code   516  main.o(.text)
    ROM_UART6IntHandler                      0x00007209   Thumb Code   254  main.o(.text)
    ROM_UART1IntHandler                      0x00007307   Thumb Code    92  main.o(.text)
    initTime                                 0x000073a9   Thumb Code    34  systicktime.o(.text)
    micros                                   0x000073cb   Thumb Code     6  systicktime.o(.text)
    delayMicroseconds                        0x000073d1   Thumb Code    24  systicktime.o(.text)
    delay                                    0x000073e9   Thumb Code    18  systicktime.o(.text)
    millis                                   0x000073fb   Thumb Code    14  systicktime.o(.text)
    Delay_Ms                                 0x00007409   Thumb Code    12  systicktime.o(.text)
    delay_ms                                 0x00007415   Thumb Code    12  systicktime.o(.text)
    delay_us                                 0x00007421   Thumb Code    12  systicktime.o(.text)
    Delay_Us                                 0x0000742d   Thumb Code    12  systicktime.o(.text)
    __aeabi_memcpy                           0x00007445   Thumb Code    36  memcpya.o(.text)
    __aeabi_memcpy4                          0x00007445   Thumb Code     0  memcpya.o(.text)
    __aeabi_memcpy8                          0x00007445   Thumb Code     0  memcpya.o(.text)
    strcmp                                   0x00007469   Thumb Code    28  strcmp.o(.text)
    __aeabi_dadd                             0x00007485   Thumb Code   322  dadd.o(.text)
    __aeabi_dsub                             0x000075c7   Thumb Code     6  dadd.o(.text)
    __aeabi_drsub                            0x000075cd   Thumb Code     6  dadd.o(.text)
    __aeabi_dmul                             0x000075d3   Thumb Code   228  dmul.o(.text)
    __aeabi_ddiv                             0x000076b7   Thumb Code   222  ddiv.o(.text)
    __aeabi_i2d                              0x00007795   Thumb Code    34  dflti.o(.text)
    __aeabi_ui2d                             0x000077b7   Thumb Code    26  dfltui.o(.text)
    __aeabi_d2iz                             0x000077d1   Thumb Code    62  dfixi.o(.text)
    __aeabi_d2uiz                            0x0000780f   Thumb Code    50  dfixui.o(.text)
    __aeabi_f2d                              0x00007841   Thumb Code    38  f2d.o(.text)
    __aeabi_cdcmpeq                          0x00007869   Thumb Code     0  cdcmple.o(.text)
    __aeabi_cdcmple                          0x00007869   Thumb Code    48  cdcmple.o(.text)
    __aeabi_cdrcmple                         0x00007899   Thumb Code    48  cdrcmple.o(.text)
    __aeabi_d2f                              0x000078c9   Thumb Code    56  d2f.o(.text)
    __aeabi_uidiv                            0x00007901   Thumb Code     0  uidiv.o(.text)
    __aeabi_uidivmod                         0x00007901   Thumb Code    44  uidiv.o(.text)
    __aeabi_uldivmod                         0x0000792d   Thumb Code    98  uldiv.o(.text)
    __aeabi_llsl                             0x0000798f   Thumb Code    30  llshl.o(.text)
    _ll_shift_l                              0x0000798f   Thumb Code     0  llshl.o(.text)
    __aeabi_llsr                             0x000079ad   Thumb Code    32  llushr.o(.text)
    _ll_ushift_r                             0x000079ad   Thumb Code     0  llushr.o(.text)
    __aeabi_lasr                             0x000079cd   Thumb Code    36  llsshr.o(.text)
    _ll_sshift_r                             0x000079cd   Thumb Code     0  llsshr.o(.text)
    __I$use$fp                               0x000079f1   Thumb Code     0  iusefp.o(.text)
    _float_round                             0x000079f1   Thumb Code    18  fepilogue.o(.text)
    _float_epilogue                          0x00007a03   Thumb Code    92  fepilogue.o(.text)
    _double_round                            0x00007a5f   Thumb Code    30  depilogue.o(.text)
    _double_epilogue                         0x00007a7d   Thumb Code   156  depilogue.o(.text)
    _drnd                                    0x00007b19   Thumb Code   132  drnd.o(.text)
    __aeabi_d2ulz                            0x00007ba1   Thumb Code    48  dfixul.o(.text)
    __scatterload                            0x00007bd1   Thumb Code    28  init.o(.text)
    __scatterload_rt2                        0x00007bd1   Thumb Code     0  init.o(.text)
    __decompress                             0x00007bf5   Thumb Code     0  __dczerorl.o(.text)
    __decompress0                            0x00007bf5   Thumb Code    58  __dczerorl.o(.text)
    __0printf                                0x00007c31   Thumb Code    22  printfa.o(i.__0printf)
    __1printf                                0x00007c31   Thumb Code     0  printfa.o(i.__0printf)
    __2printf                                0x00007c31   Thumb Code     0  printfa.o(i.__0printf)
    __c89printf                              0x00007c31   Thumb Code     0  printfa.o(i.__0printf)
    printf                                   0x00007c31   Thumb Code     0  printfa.o(i.__0printf)
    __0vsprintf                              0x00007c51   Thumb Code    30  printfa.o(i.__0vsprintf)
    __1vsprintf                              0x00007c51   Thumb Code     0  printfa.o(i.__0vsprintf)
    __2vsprintf                              0x00007c51   Thumb Code     0  printfa.o(i.__0vsprintf)
    __c89vsprintf                            0x00007c51   Thumb Code     0  printfa.o(i.__0vsprintf)
    vsprintf                                 0x00007c51   Thumb Code     0  printfa.o(i.__0vsprintf)
    __ARM_fpclassify                         0x00007c75   Thumb Code    48  fpclassify.o(i.__ARM_fpclassify)
    __hardfp_atan                            0x00007ca9   Thumb Code   622  atan.o(i.__hardfp_atan)
    __hardfp_atan2                           0x00007f81   Thumb Code   432  atan2.o(i.__hardfp_atan2)
    __hardfp_round                           0x00008171   Thumb Code   194  round.o(i.__hardfp_round)
    __kernel_poly                            0x00008251   Thumb Code   248  poly.o(i.__kernel_poly)
    __mathlib_dbl_infnan                     0x00008349   Thumb Code    20  dunder.o(i.__mathlib_dbl_infnan)
    __mathlib_dbl_infnan2                    0x0000835d   Thumb Code    20  dunder.o(i.__mathlib_dbl_infnan2)
    __mathlib_dbl_underflow                  0x00008371   Thumb Code    24  dunder.o(i.__mathlib_dbl_underflow)
    __scatterload_copy                       0x00008391   Thumb Code    14  handlers.o(i.__scatterload_copy)
    __scatterload_null                       0x0000839f   Thumb Code     2  handlers.o(i.__scatterload_null)
    __scatterload_zeroinit                   0x000083a1   Thumb Code    14  handlers.o(i.__scatterload_zeroinit)
    atan                                     0x00008c6d   Thumb Code    16  atan.o(i.atan)
    fabs                                     0x00008c7d   Thumb Code    24  fabs.o(i.fabs)
    free                                     0x00008c95   Thumb Code    76  malloc.o(i.free)
    malloc                                   0x00008ce5   Thumb Code    92  malloc.o(i.malloc)
    OLED_F8x16                               0x00009358   Data        1520  oled_data.o(.constdata)
    OLED_F6x8                                0x00009948   Data         570  oled_data.o(.constdata)
    OLED_CF16x16                             0x00009b82   Data         245  oled_data.o(.constdata)
    Diode                                    0x00009c77   Data          32  oled_data.o(.constdata)
    __mathlib_zero                           0x00009d30   Data           8  qnan.o(.constdata)
    Region$$Table$$Base                      0x00009d38   Number         0  anon$$obj.o(Region$$Table)
    Region$$Table$$Limit                     0x00009d58   Number         0  anon$$obj.o(Region$$Table)
    PWM1                                     0x20000000   Data           4  motor.o(.data)
    PWM2                                     0x20000004   Data           4  motor.o(.data)
    PWM_SET                                  0x20000008   Data           4  motor.o(.data)
    Speed1_Set                               0x2000000c   Data           4  motor.o(.data)
    Speed2_Set                               0x20000010   Data           4  motor.o(.data)
    PID_Speed1_Kp                            0x20000014   Data           1  pid.o(.data)
    PID_Speed1_Ki                            0x20000015   Data           1  pid.o(.data)
    PID_Speed1_Kd                            0x20000016   Data           1  pid.o(.data)
    PID_Speed2_Kp                            0x20000017   Data           1  pid.o(.data)
    PID_Speed2_Ki                            0x20000018   Data           1  pid.o(.data)
    PID_Speed2_Kd                            0x20000019   Data           1  pid.o(.data)
    PIDSpeed_Kd                              0x2000001a   Data           1  pid.o(.data)
    Serial_RxFlag                            0x2000001c   Data           1  bleuart.o(.data)
    Serial_RxPacket                          0x2000001d   Data           4  bleuart.o(.data)
    UARTnumber                               0x20000024   Data           4  bleuart.o(.data)
    RxBu                                     0x20000032   Data           1  main.o(.data)
    RxBuffer                                 0x20000033   Data           1  main.o(.data)
    RxLine                                   0x20000034   Data           2  main.o(.data)
    Speed1                                   0x20000038   Data           4  main.o(.data)
    Speed2                                   0x2000003c   Data           4  main.o(.data)
    s1                                       0x20000040   Data           4  main.o(.data)
    s2                                       0x20000044   Data           4  main.o(.data)
    s3                                       0x20000048   Data           4  main.o(.data)
    s5                                       0x2000004c   Data           4  main.o(.data)
    s4                                       0x20000050   Data           4  main.o(.data)
    timer0_cont                              0x20000054   Data           2  main.o(.data)
    i                                        0x20000056   Data           1  main.o(.data)
    Wtimer0A_cnt                             0x20000058   Data           4  main.o(.data)
    last_motor                               0x2000005c   Data           4  main.o(.data)
    motors                                   0x20000060   Data           4  main.o(.data)
    motor                                    0x20000064   Data           4  main.o(.data)
    receive_cnt                              0x20000068   Data           2  main.o(.data)
    confidence                               0x2000006a   Data           1  main.o(.data)
    distance                                 0x2000006c   Data           2  main.o(.data)
    noise                                    0x2000006e   Data           2  main.o(.data)
    reftof                                   0x20000070   Data           2  main.o(.data)
    peak                                     0x20000074   Data           4  main.o(.data)
    intg                                     0x20000078   Data           4  main.o(.data)
    dis                                      0x2000007c   Data           1  main.o(.data)
    Angle_p                                  0x20000080   Data           4  main.o(.data)
    Angle_d                                  0x20000084   Data           4  main.o(.data)
    Angle_error                              0x20000088   Data           4  main.o(.data)
    Angle_lasterror                          0x2000008c   Data           4  main.o(.data)
    Angle_out                                0x20000090   Data           4  main.o(.data)
    Angle_target                             0x20000094   Data           4  main.o(.data)
    Angle_actual                             0x20000098   Data           4  main.o(.data)
    IMU_start                                0x2000009c   Data           4  main.o(.data)
    Angle                                    0x200000a0   Data           4  main.o(.data)
    IMU_p                                    0x200000a4   Data           4  main.o(.data)
    IMU_d                                    0x200000a8   Data           4  main.o(.data)
    IMU_error                                0x200000ac   Data           4  main.o(.data)
    IMU_lasterror                            0x200000b0   Data           4  main.o(.data)
    IMU_out                                  0x200000b4   Data           4  main.o(.data)
    IMU_target                               0x200000b8   Data           4  main.o(.data)
    IMU_actual                               0x200000bc   Data           4  main.o(.data)
    key1_num                                 0x200000c0   Data           1  main.o(.data)
    key2_num                                 0x200000c1   Data           1  main.o(.data)
    key3_num                                 0x200000c2   Data           1  main.o(.data)
    key4_num                                 0x200000c3   Data           1  main.o(.data)
    Line_p                                   0x200000c4   Data           4  main.o(.data)
    Line_i                                   0x200000c8   Data           4  main.o(.data)
    Line_d                                   0x200000cc   Data           4  main.o(.data)
    Line_err                                 0x200000d0   Data           4  main.o(.data)
    Line_lasterr                             0x200000d4   Data           4  main.o(.data)
    Line_out                                 0x200000d8   Data           4  main.o(.data)
    center_pos                               0x200000dc   Data           4  main.o(.data)
    Crossing_flag                            0x200000e0   Data           4  main.o(.data)
    Card                                     0x200000e4   Data           2  main.o(.data)
    stop_flag                                0x200000e8   Data           4  main.o(.data)
    Encoder_flag                             0x200000ec   Data           4  main.o(.data)
    s                                        0x200000f0   Data           4  main.o(.data)
    Run_flag                                 0x200000f4   Data           1  main.o(.data)
    timeing                                  0x200000f8   Data           4  main.o(.data)
    crosscnt                                 0x200000fc   Data           4  main.o(.data)
    Card_Num                                 0x20000100   Data           2  main.o(.data)
    Card_Num2                                0x20000102   Data           2  main.o(.data)
    start                                    0x20000104   Data           4  main.o(.data)
    start1                                   0x20000108   Data           4  main.o(.data)
    send_flag                                0x2000010c   Data           4  main.o(.data)
    flag6                                    0x20000110   Data           4  main.o(.data)
    flag7                                    0x20000114   Data           4  main.o(.data)
    flag8                                    0x20000118   Data           4  main.o(.data)
    flag9                                    0x2000011c   Data           4  main.o(.data)
    LED_flag                                 0x20000120   Data           4  main.o(.data)
    once_flag                                0x20000124   Data           1  main.o(.data)
    cnt                                      0x20000125   Data           1  main.o(.data)
    Time_flag                                0x20000128   Data           4  main.o(.data)
    flag11                                   0x2000012c   Data           4  main.o(.data)
    j                                        0x20000130   Data           4  main.o(.data)
    flag_uart                                0x20000134   Data           4  main.o(.data)
    flag_uart1                               0x20000138   Data           4  main.o(.data)
    a                                        0x2000013c   Data           4  main.o(.data)
    b                                        0x20000140   Data           4  main.o(.data)
    c                                        0x20000144   Data           4  main.o(.data)
    d                                        0x20000148   Data           4  main.o(.data)
    e                                        0x2000014c   Data           4  main.o(.data)
    f                                        0x20000150   Data           4  main.o(.data)
    a1                                       0x20000154   Data           4  main.o(.data)
    b1                                       0x20000158   Data           4  main.o(.data)
    c1                                       0x2000015c   Data           4  main.o(.data)
    d1                                       0x20000160   Data           4  main.o(.data)
    e1                                       0x20000164   Data           4  main.o(.data)
    f1                                       0x20000168   Data           4  main.o(.data)
    a_flag                                   0x2000016c   Data           4  main.o(.data)
    b_flag                                   0x20000170   Data           4  main.o(.data)
    c_flag                                   0x20000174   Data           4  main.o(.data)
    d_flag                                   0x20000178   Data           4  main.o(.data)
    e_flag                                   0x2000017c   Data           4  main.o(.data)
    f_flag                                   0x20000180   Data           4  main.o(.data)
    Add                                      0x20000184   Data           4  main.o(.data)
    Inc                                      0x20000188   Data           4  main.o(.data)
    Add10                                    0x2000018c   Data           4  main.o(.data)
    Inc10                                    0x20000190   Data           4  main.o(.data)
    change                                   0x20000194   Data           4  main.o(.data)
    zhouqi                                   0x20000198   Data           4  main.o(.data)
    freq1                                    0x2000019c   Data           4  main.o(.data)
    freq2                                    0x200001a0   Data           4  main.o(.data)
    timer3_flag                              0x200001a4   Data           4  main.o(.data)
    timer4_flag                              0x200001a8   Data           4  main.o(.data)
    Speed1_capture_1                         0x200001ac   Data           4  main.o(.data)
    Speed1_capture_2                         0x200001b0   Data           4  main.o(.data)
    Speed1_capture_3                         0x200001b4   Data           4  main.o(.data)
    Speed2_capture_1                         0x200001b8   Data           4  main.o(.data)
    Speed2_capture_2                         0x200001bc   Data           4  main.o(.data)
    Speed2_capture_3                         0x200001c0   Data           4  main.o(.data)
    __stdout                                 0x200001d4   Data           4  stdout.o(.data)
    __microlib_freelist                      0x200001d8   Data           4  mvars.o(.data)
    __microlib_freelist_initialised          0x200001dc   Data           4  mvars.o(.data)
    OLED_DisplayBuf                          0x2000066c   Data        1024  oled.o(.bss)
    PID_Motor1_Speed                         0x20000a6c   Data          40  pid.o(.bss)
    PID_Motor2_Speed                         0x20000a94   Data          40  pid.o(.bss)
    PID_RedSensor_Speed                      0x20000abc   Data          40  pid.o(.bss)
    sReg                                     0x20000be4   Data         288  mpu9050.o(.bss)
    fAcc                                     0x20000d04   Data          12  main.o(.bss)
    fGyro                                    0x20000d10   Data          12  main.o(.bss)
    fAngle                                   0x20000d1c   Data          12  main.o(.bss)
    DataBuff                                 0x20000d28   Data         200  main.o(.bss)
    Cards                                    0x20000df0   Data          40  main.o(.bss)
    arr                                      0x20000e18   Data          24  main.o(.bss)
    __heap_base                              0x20000e30   Data           0  startup_rvmdk.o(HEAP)
    __heap_limit                             0x20000e30   Data           0  startup_rvmdk.o(HEAP)
    __initial_sp                             0x20001030   Data           0  startup_rvmdk.o(STACK)



==============================================================================

Memory Map of the image

  Image Entry point : 0x00000289

  Load Region LR_IROM1 (Base: 0x00000000, Size: 0x0000a3c4, Max: 0x00040000, ABSOLUTE, COMPRESSED[0x00009d90])

    Execution Region ER_IROM1 (Exec base: 0x00000000, Load base: 0x00000000, Size: 0x00009d58, Max: 0x00040000, ABSOLUTE)

    Exec Addr    Load Addr    Size         Type   Attr      Idx    E Section Name        Object

    0x00000000   0x00000000   0x00000288   Code   RO         1010    RESET               startup_rvmdk.o
    0x00000288   0x00000288   0x00000000   Code   RO         1047  * .ARM.Collect$$$$00000000  mc_w.l(entry.o)
    0x00000288   0x00000288   0x00000004   Code   RO         1408    .ARM.Collect$$$$00000001  mc_w.l(entry2.o)
    0x0000028c   0x0000028c   0x00000004   Code   RO         1411    .ARM.Collect$$$$00000004  mc_w.l(entry5.o)
    0x00000290   0x00000290   0x00000000   Code   RO         1413    .ARM.Collect$$$$00000008  mc_w.l(entry7b.o)
    0x00000290   0x00000290   0x00000000   Code   RO         1415    .ARM.Collect$$$$0000000A  mc_w.l(entry8b.o)
    0x00000290   0x00000290   0x00000008   Code   RO         1416    .ARM.Collect$$$$0000000B  mc_w.l(entry9a.o)
    0x00000298   0x00000298   0x00000000   Code   RO         1418    .ARM.Collect$$$$0000000D  mc_w.l(entry10a.o)
    0x00000298   0x00000298   0x00000000   Code   RO         1420    .ARM.Collect$$$$0000000F  mc_w.l(entry11a.o)
    0x00000298   0x00000298   0x00000004   Code   RO         1409    .ARM.Collect$$$$00002712  mc_w.l(entry2.o)
    0x0000029c   0x0000029c   0x00000026   Code   RO          109    .emb_text           cpu.o
    0x000002c2   0x000002c2   0x00000002   PAD
    0x000002c4   0x000002c4   0x00000006   Code   RO          481    .emb_text           sysctl.o
    0x000002ca   0x000002ca   0x00000002   PAD
    0x000002cc   0x000002cc   0x0000037c   Code   RO          156    .text               eeprom.o
    0x00000648   0x00000648   0x000007f8   Code   RO          284    .text               gpio.o
    0x00000e40   0x00000e40   0x00000330   Code   RO          345    .text               interrupt.o
    0x00001170   0x00001170   0x0000045e   Code   RO          393    .text               pwm.o
    0x000015ce   0x000015ce   0x00000002   PAD
    0x000015d0   0x000015d0   0x00000b58   Code   RO          482    .text               sysctl.o
    0x00002128   0x00002128   0x0000009c   Code   RO          514    .text               systick.o
    0x000021c4   0x000021c4   0x000002f8   Code   RO          529    .text               timer.o
    0x000024bc   0x000024bc   0x00000330   Code   RO          549    .text               uart.o
    0x000027ec   0x000027ec   0x000000f0   Code   RO          623    .text               led.o
    0x000028dc   0x000028dc   0x000014ae   Code   RO          731    .text               oled.o
    0x00003d8a   0x00003d8a   0x00000002   PAD
    0x00003d8c   0x00003d8c   0x00000e54   Code   RO          746    .text               serial.o
    0x00004be0   0x00004be0   0x00000164   Code   RO          758    .text               timer_user.o
    0x00004d44   0x00004d44   0x00000220   Code   RO          773    .text               pwm_user.o
    0x00004f64   0x00004f64   0x00000088   Code   RO          785    .text               buttonsinterrupt.o
    0x00004fec   0x00004fec   0x00000484   Code   RO          817    .text               motor.o
    0x00005470   0x00005470   0x00000228   Code   RO          833    .text               pid.o
    0x00005698   0x00005698   0x00000074   Code   RO          895    .text               bleuart.o
    0x0000570c   0x0000570c   0x0000025c   Code   RO          931    .text               mpu9050.o
    0x00005968   0x00005968   0x00000120   Code   RO          951    .text               neeprom.o
    0x00005a88   0x00005a88   0x00001914   Code   RO          969    .text               main.o
    0x0000739c   0x0000739c   0x000000a8   Code   RO         1014    .text               systicktime.o
    0x00007444   0x00007444   0x00000024   Code   RO         1050    .text               mc_w.l(memcpya.o)
    0x00007468   0x00007468   0x0000001c   Code   RO         1056    .text               mc_w.l(strcmp.o)
    0x00007484   0x00007484   0x0000014e   Code   RO         1349    .text               mf_w.l(dadd.o)
    0x000075d2   0x000075d2   0x000000e4   Code   RO         1351    .text               mf_w.l(dmul.o)
    0x000076b6   0x000076b6   0x000000de   Code   RO         1353    .text               mf_w.l(ddiv.o)
    0x00007794   0x00007794   0x00000022   Code   RO         1357    .text               mf_w.l(dflti.o)
    0x000077b6   0x000077b6   0x0000001a   Code   RO         1359    .text               mf_w.l(dfltui.o)
    0x000077d0   0x000077d0   0x0000003e   Code   RO         1361    .text               mf_w.l(dfixi.o)
    0x0000780e   0x0000780e   0x00000032   Code   RO         1363    .text               mf_w.l(dfixui.o)
    0x00007840   0x00007840   0x00000026   Code   RO         1365    .text               mf_w.l(f2d.o)
    0x00007866   0x00007866   0x00000002   PAD
    0x00007868   0x00007868   0x00000030   Code   RO         1367    .text               mf_w.l(cdcmple.o)
    0x00007898   0x00007898   0x00000030   Code   RO         1369    .text               mf_w.l(cdrcmple.o)
    0x000078c8   0x000078c8   0x00000038   Code   RO         1371    .text               mf_w.l(d2f.o)
    0x00007900   0x00007900   0x0000002c   Code   RO         1423    .text               mc_w.l(uidiv.o)
    0x0000792c   0x0000792c   0x00000062   Code   RO         1425    .text               mc_w.l(uldiv.o)
    0x0000798e   0x0000798e   0x0000001e   Code   RO         1427    .text               mc_w.l(llshl.o)
    0x000079ac   0x000079ac   0x00000020   Code   RO         1429    .text               mc_w.l(llushr.o)
    0x000079cc   0x000079cc   0x00000024   Code   RO         1431    .text               mc_w.l(llsshr.o)
    0x000079f0   0x000079f0   0x00000000   Code   RO         1442    .text               mc_w.l(iusefp.o)
    0x000079f0   0x000079f0   0x0000006e   Code   RO         1443    .text               mf_w.l(fepilogue.o)
    0x00007a5e   0x00007a5e   0x000000ba   Code   RO         1445    .text               mf_w.l(depilogue.o)
    0x00007b18   0x00007b18   0x00000088   Code   RO         1447    .text               mf_w.l(drnd.o)
    0x00007ba0   0x00007ba0   0x00000030   Code   RO         1449    .text               mf_w.l(dfixul.o)
    0x00007bd0   0x00007bd0   0x00000024   Code   RO         1455    .text               mc_w.l(init.o)
    0x00007bf4   0x00007bf4   0x0000003a   Code   RO         1465    .text               mc_w.l(__dczerorl.o)
    0x00007c2e   0x00007c2e   0x00000002   PAD
    0x00007c30   0x00007c30   0x00000020   Code   RO         1293    i.__0printf         mc_w.l(printfa.o)
    0x00007c50   0x00007c50   0x00000024   Code   RO         1299    i.__0vsprintf       mc_w.l(printfa.o)
    0x00007c74   0x00007c74   0x00000030   Code   RO         1451    i.__ARM_fpclassify  m_wm.l(fpclassify.o)
    0x00007ca4   0x00007ca4   0x00000004   PAD
    0x00007ca8   0x00007ca8   0x000002d8   Code   RO         1373    i.__hardfp_atan     m_wm.l(atan.o)
    0x00007f80   0x00007f80   0x000001f0   Code   RO         1031    i.__hardfp_atan2    m_wm.l(atan2.o)
    0x00008170   0x00008170   0x000000e0   Code   RO         1043    i.__hardfp_round    m_wm.l(round.o)
    0x00008250   0x00008250   0x000000f8   Code   RO         1453    i.__kernel_poly     m_wm.l(poly.o)
    0x00008348   0x00008348   0x00000014   Code   RO         1388    i.__mathlib_dbl_infnan  m_wm.l(dunder.o)
    0x0000835c   0x0000835c   0x00000014   Code   RO         1389    i.__mathlib_dbl_infnan2  m_wm.l(dunder.o)
    0x00008370   0x00008370   0x00000020   Code   RO         1393    i.__mathlib_dbl_underflow  m_wm.l(dunder.o)
    0x00008390   0x00008390   0x0000000e   Code   RO         1459    i.__scatterload_copy  mc_w.l(handlers.o)
    0x0000839e   0x0000839e   0x00000002   Code   RO         1460    i.__scatterload_null  mc_w.l(handlers.o)
    0x000083a0   0x000083a0   0x0000000e   Code   RO         1461    i.__scatterload_zeroinit  mc_w.l(handlers.o)
    0x000083ae   0x000083ae   0x00000002   PAD
    0x000083b0   0x000083b0   0x00000184   Code   RO         1300    i._fp_digits        mc_w.l(printfa.o)
    0x00008534   0x00008534   0x000006dc   Code   RO         1301    i._printf_core      mc_w.l(printfa.o)
    0x00008c10   0x00008c10   0x00000024   Code   RO         1302    i._printf_post_padding  mc_w.l(printfa.o)
    0x00008c34   0x00008c34   0x0000002e   Code   RO         1303    i._printf_pre_padding  mc_w.l(printfa.o)
    0x00008c62   0x00008c62   0x0000000a   Code   RO         1305    i._sputc            mc_w.l(printfa.o)
    0x00008c6c   0x00008c6c   0x00000010   Code   RO         1375    i.atan              m_wm.l(atan.o)
    0x00008c7c   0x00008c7c   0x00000018   Code   RO         1403    i.fabs              m_wm.l(fabs.o)
    0x00008c94   0x00008c94   0x00000050   Code   RO         1321    i.free              mc_w.l(malloc.o)
    0x00008ce4   0x00008ce4   0x0000006c   Code   RO         1322    i.malloc            mc_w.l(malloc.o)
    0x00008d50   0x00008d50   0x00000210   Data   RO          285    .constdata          gpio.o
    0x00008f60   0x00008f60   0x0000010c   Data   RO          346    .constdata          interrupt.o
    0x0000906c   0x0000906c   0x000001cc   Data   RO          483    .constdata          sysctl.o
    0x00009238   0x00009238   0x000000a0   Data   RO          530    .constdata          timer.o
    0x000092d8   0x000092d8   0x00000080   Data   RO          550    .constdata          uart.o
    0x00009358   0x00009358   0x0000093f   Data   RO          719    .constdata          oled_data.o
    0x00009c97   0x00009c97   0x00000001   PAD
    0x00009c98   0x00009c98   0x00000098   Data   RO         1376    .constdata          m_wm.l(atan.o)
    0x00009d30   0x00009d30   0x00000008   Data   RO         1407    .constdata          m_wm.l(qnan.o)
    0x00009d38   0x00009d38   0x00000020   Data   RO         1457    Region$$Table       anon$$obj.o


    Execution Region RW_IRAM1 (Exec base: 0x20000000, Load base: 0x00009d58, Size: 0x00001030, Max: 0x00008000, ABSOLUTE, COMPRESSED[0x00000038])

    Exec Addr    Load Addr    Size         Type   Attr      Idx    E Section Name        Object

    0x20000000   COMPRESSED   0x00000014   Data   RW          818    .data               motor.o
    0x20000014   COMPRESSED   0x00000007   Data   RW          835    .data               pid.o
    0x2000001b   COMPRESSED   0x00000001   PAD
    0x2000001c   COMPRESSED   0x0000000c   Data   RW          896    .data               bleuart.o
    0x20000028   COMPRESSED   0x00000008   Data   RW          933    .data               mpu9050.o
    0x20000030   COMPRESSED   0x0000019e   Data   RW          971    .data               main.o
    0x200001ce   COMPRESSED   0x00000002   PAD
    0x200001d0   COMPRESSED   0x00000004   Data   RW         1015    .data               systicktime.o
    0x200001d4   COMPRESSED   0x00000004   Data   RW         1422    .data               mc_w.l(stdout.o)
    0x200001d8   COMPRESSED   0x00000004   Data   RW         1433    .data               mc_w.l(mvars.o)
    0x200001dc   COMPRESSED   0x00000004   Data   RW         1434    .data               mc_w.l(mvars.o)
    0x200001e0   COMPRESSED   0x00000220   PAD
    0x20000400   COMPRESSED   0x0000026c   Data   RW          347    vtable              interrupt.o
    0x2000066c        -       0x00000400   Zero   RW          732    .bss                oled.o
    0x20000a6c        -       0x00000078   Zero   RW          834    .bss                pid.o
    0x20000ae4        -       0x00000220   Zero   RW          932    .bss                mpu9050.o
    0x20000d04        -       0x0000012c   Zero   RW          970    .bss                main.o
    0x20000e30        -       0x00000000   Zero   RW         1009    HEAP                startup_rvmdk.o
    0x20000e30        -       0x00000200   Zero   RW         1008    STACK               startup_rvmdk.o


==============================================================================

Image component sizes


      Code (inc. data)   RO Data    RW Data    ZI Data      Debug   Object Name

         0          0          0          0          0       4548   adc.o
       116          4          0         12          0       1893   bleuart.o
       136          8          0          0          0        737   buttonsinterrupt.o
        38          0          0          0          0        636   cpu.o
       892         32          0          0          0       6254   eeprom.o
      2040         30        528          0          0      14276   gpio.o
       816         46        268        620          0       4792   interrupt.o
       240         20          0          0          0       3562   led.o
      6420        982          0        414        300      10572   main.o
      1156        120          0         20          0       2255   motor.o
       604         48          0          8        544       2794   mpu9050.o
       288          6          0          0          0       4752   neeprom.o
      5294         66          0          0       1024      15636   oled.o
         0          0       2367          0          0       1126   oled_data.o
       552         38          0          7        120       2846   pid.o
      1118         32          0          0          0      10333   pwm.o
       544         36          0          0          0       1456   pwm_user.o
      3668        288          0          0          0       8502   serial.o
       648        622          0          0        512        260   startup_rvmdk.o
      2910        154        460          0          0      14493   sysctl.o
       156          0          0          0          0       1844   systick.o
       168         12          0          4          0       2809   systicktime.o
       760         20        160          0          0      10346   timer.o
       356         24          0          0          0       1137   timer_user.o
       816         22        128          0          0      11036   uart.o

    ----------------------------------------------------------------------
     29744       2610       3944       1088       2500     138895   Object Totals
         0          0         32          0          0          0   (incl. Generated)
         8          0          1          3          0          0   (incl. Padding)

    ----------------------------------------------------------------------

      Code (inc. data)   RO Data    RW Data    ZI Data      Debug   Library Member Name

       744        106        152          0          0        352   atan.o
       496         64          0          0          0        192   atan2.o
        72          8          0          0          0        372   dunder.o
        24          0          0          0          0        124   fabs.o
        48          0          0          0          0        124   fpclassify.o
       248          0          0          0          0        152   poly.o
         0          0          8          0          0          0   qnan.o
       224         30          0          0          0        172   round.o
        58          0          0          0          0          0   __dczerorl.o
         0          0          0          0          0          0   entry.o
         0          0          0          0          0          0   entry10a.o
         0          0          0          0          0          0   entry11a.o
         8          4          0          0          0          0   entry2.o
         4          0          0          0          0          0   entry5.o
         0          0          0          0          0          0   entry7b.o
         0          0          0          0          0          0   entry8b.o
         8          4          0          0          0          0   entry9a.o
        30          0          0          0          0          0   handlers.o
        36          8          0          0          0         68   init.o
         0          0          0          0          0          0   iusefp.o
        30          0          0          0          0         68   llshl.o
        36          0          0          0          0         68   llsshr.o
        32          0          0          0          0         68   llushr.o
       188         20          0          0          0        160   malloc.o
        36          0          0          0          0         68   memcpya.o
         0          0          0          8          0          0   mvars.o
      2304         96          0          0          0        600   printfa.o
         0          0          0          4          0          0   stdout.o
        28          0          0          0          0         76   strcmp.o
        44          0          0          0          0         80   uidiv.o
        98          0          0          0          0         92   uldiv.o
        48          0          0          0          0         68   cdcmple.o
        48          0          0          0          0         68   cdrcmple.o
        56          0          0          0          0         88   d2f.o
       334          0          0          0          0        148   dadd.o
       222          0          0          0          0        100   ddiv.o
       186          0          0          0          0        176   depilogue.o
        62          0          0          0          0         80   dfixi.o
        50          0          0          0          0         76   dfixui.o
        48          0          0          0          0         68   dfixul.o
        34          0          0          0          0         76   dflti.o
        26          0          0          0          0         76   dfltui.o
       228          0          0          0          0         96   dmul.o
       136          4          0          0          0         92   drnd.o
        38          0          0          0          0         68   f2d.o
       110          0          0          0          0        168   fepilogue.o

    ----------------------------------------------------------------------
      6432        344        160        556          0       4284   Library Totals
        10          0          0        544          0          0   (incl. Padding)

    ----------------------------------------------------------------------

      Code (inc. data)   RO Data    RW Data    ZI Data      Debug   Library Name

      1856        208        160          0          0       1488   m_wm.l
      2940        132          0         12          0       1348   mc_w.l
      1626          4          0          0          0       1448   mf_w.l

    ----------------------------------------------------------------------
      6432        344        160        556          0       4284   Library Totals

    ----------------------------------------------------------------------

==============================================================================


      Code (inc. data)   RO Data    RW Data    ZI Data      Debug   

     36176       2954       4104       1644       2500     135855   Grand Totals
     36176       2954       4104         56       2500     135855   ELF Image Totals (compressed)
     36176       2954       4104         56          0          0   ROM Totals

==============================================================================

    Total RO  Size (Code + RO Data)                40280 (  39.34kB)
    Total RW  Size (RW Data + ZI Data)              4144 (   4.05kB)
    Total ROM Size (Code + RO Data + RW Data)      40336 (  39.39kB)

==============================================================================

